OpenJDK 64-Bit Server VM (25.131-b11) for linux-amd64 JRE (1.8.0_131-8u131-b11-0ubuntu1.16.04.2-b11), built on May  6 2017 02:45:27 by "buildd" with gcc 5.4.0 20160609
Memory: 4k page, physical 4955924k(1237732k free), swap 5117948k(5117948k free)
CommandLine flags: -XX:CMSInitiatingOccupancyFraction=50 -XX:CMSMaxAbortablePrecleanTime=6000 -XX:+CMSParallelRemarkEnabled -XX:+CMSScavengeBeforeRemark -XX:ConcGCThreads=4 -XX:GCLogFileSize=20971520 -XX:InitialHeapSize=536870912 -XX:MaxHeapSize=536870912 -XX:MaxTenuringThreshold=8 -XX:NewRatio=3 -XX:NumberOfGCLogFiles=9 -XX:OldPLABSize=16 -XX:-OmitStackTraceInFastThrow -XX:OnOutOfMemoryError=/opt/lampp/htdocs/playground/ojs-master/plugins/generic/solr/lib/solr-6.6.0/bin/oom_solr.sh 7574 /opt/lampp/htdocs/playground/ojs-master/plugins/generic/solr/lib/solr-6.6.0/example/cloud/node2/solr/../logs -XX:ParallelGCThreads=4 -XX:+ParallelRefProcEnabled -XX:PretenureSizeThreshold=67108864 -XX:+PrintGC -XX:+PrintGCApplicationStoppedTime -XX:+PrintGCDateStamps -XX:+PrintGCDetails -XX:+PrintGCTimeStamps -XX:+PrintHeapAtGC -XX:+PrintTenuringDistribution -XX:SurvivorRatio=4 -XX:TargetSurvivorRatio=90 -XX:ThreadStackSize=256 -XX:+UseCMSInitiatingOccupancyOnly -XX:+UseCompressedClassPointers -XX:+UseCompressedOops -XX:+UseConcMarkSweepGC -XX:+UseGCLogFileRotation -XX:+UseParNewGC 
2017-07-04T14:28:36.577+0200: 0,371: Total time for which application threads were stopped: 0,0000766 seconds, Stopping threads took: 0,0000151 seconds
2017-07-04T14:28:36.927+0200: 0,721: Total time for which application threads were stopped: 0,0001052 seconds, Stopping threads took: 0,0000166 seconds
2017-07-04T14:28:36.997+0200: 0,791: Total time for which application threads were stopped: 0,0000922 seconds, Stopping threads took: 0,0000181 seconds
2017-07-04T14:28:37.252+0200: 1,046: Total time for which application threads were stopped: 0,0001333 seconds, Stopping threads took: 0,0000171 seconds
2017-07-04T14:28:37.626+0200: 1,420: Total time for which application threads were stopped: 0,0001313 seconds, Stopping threads took: 0,0000161 seconds
2017-07-04T14:28:37.861+0200: 1,655: Total time for which application threads were stopped: 0,0001615 seconds, Stopping threads took: 0,0000188 seconds
2017-07-04T14:28:37.888+0200: 1,682: Total time for which application threads were stopped: 0,0002112 seconds, Stopping threads took: 0,0000192 seconds
2017-07-04T14:28:38.449+0200: 2,243: Total time for which application threads were stopped: 0,0002042 seconds, Stopping threads took: 0,0000209 seconds
2017-07-04T14:28:38.489+0200: 2,283: Total time for which application threads were stopped: 0,0001944 seconds, Stopping threads took: 0,0000200 seconds
2017-07-04T14:28:38.879+0200: 2,673: Total time for which application threads were stopped: 0,0002642 seconds, Stopping threads took: 0,0000199 seconds
2017-07-04T14:28:39.068+0200: 2,862: Total time for which application threads were stopped: 0,0002193 seconds, Stopping threads took: 0,0000198 seconds
2017-07-04T14:28:39.154+0200: 2,948: Total time for which application threads were stopped: 0,0002042 seconds, Stopping threads took: 0,0000177 seconds
2017-07-04T14:28:39.250+0200: 3,044: Total time for which application threads were stopped: 0,0002142 seconds, Stopping threads took: 0,0000197 seconds
2017-07-04T14:28:39.251+0200: 3,045: Total time for which application threads were stopped: 0,0001255 seconds, Stopping threads took: 0,0000129 seconds
2017-07-04T14:28:39.279+0200: 3,073: Total time for which application threads were stopped: 0,0002324 seconds, Stopping threads took: 0,0000266 seconds
2017-07-04T14:28:39.406+0200: 3,200: Total time for which application threads were stopped: 0,0002521 seconds, Stopping threads took: 0,0000205 seconds
{Heap before GC invocations=0 (full 0):
 par new generation   total 109248K, used 87424K [0x00000000e0000000, 0x00000000e8000000, 0x00000000e8000000)
  eden space 87424K, 100% used [0x00000000e0000000, 0x00000000e5560000, 0x00000000e5560000)
  from space 21824K,   0% used [0x00000000e5560000, 0x00000000e5560000, 0x00000000e6ab0000)
  to   space 21824K,   0% used [0x00000000e6ab0000, 0x00000000e6ab0000, 0x00000000e8000000)
 concurrent mark-sweep generation total 393216K, used 0K [0x00000000e8000000, 0x0000000100000000, 0x0000000100000000)
 Metaspace       used 18549K, capacity 18946K, committed 19200K, reserved 1067008K
  class space    used 2110K, capacity 2267K, committed 2304K, reserved 1048576K
2017-07-04T14:28:39.436+0200: 3,230: [GC (Allocation Failure) 2017-07-04T14:28:39.436+0200: 3,230: [ParNew
Desired survivor size 20112992 bytes, new threshold 8 (max 8)
- age   1:   11470352 bytes,   11470352 total
: 87424K->11326K(109248K), 0,0453097 secs] 87424K->11326K(502464K), 0,0453728 secs] [Times: user=0,03 sys=0,00, real=0,04 secs] 
Heap after GC invocations=1 (full 0):
 par new generation   total 109248K, used 11326K [0x00000000e0000000, 0x00000000e8000000, 0x00000000e8000000)
  eden space 87424K,   0% used [0x00000000e0000000, 0x00000000e0000000, 0x00000000e5560000)
  from space 21824K,  51% used [0x00000000e6ab0000, 0x00000000e75bf9e0, 0x00000000e8000000)
  to   space 21824K,   0% used [0x00000000e5560000, 0x00000000e5560000, 0x00000000e6ab0000)
 concurrent mark-sweep generation total 393216K, used 0K [0x00000000e8000000, 0x0000000100000000, 0x0000000100000000)
 Metaspace       used 18549K, capacity 18946K, committed 19200K, reserved 1067008K
  class space    used 2110K, capacity 2267K, committed 2304K, reserved 1048576K
}
2017-07-04T14:28:39.481+0200: 3,275: Total time for which application threads were stopped: 0,0455313 seconds, Stopping threads took: 0,0000215 seconds
2017-07-04T14:28:40.116+0200: 3,910: Total time for which application threads were stopped: 0,0002985 seconds, Stopping threads took: 0,0000267 seconds
2017-07-04T14:28:40.403+0200: 4,197: Total time for which application threads were stopped: 0,0162043 seconds, Stopping threads took: 0,0160030 seconds
2017-07-04T14:28:40.501+0200: 4,295: Total time for which application threads were stopped: 0,0003823 seconds, Stopping threads took: 0,0000467 seconds
2017-07-04T14:28:40.768+0200: 4,562: Total time for which application threads were stopped: 0,0000831 seconds, Stopping threads took: 0,0000198 seconds
2017-07-04T14:28:41.036+0200: 4,830: Total time for which application threads were stopped: 0,0077650 seconds, Stopping threads took: 0,0076606 seconds
2017-07-04T14:28:41.053+0200: 4,847: Total time for which application threads were stopped: 0,0062485 seconds, Stopping threads took: 0,0061591 seconds
2017-07-04T14:28:41.060+0200: 4,854: Total time for which application threads were stopped: 0,0000766 seconds, Stopping threads took: 0,0000237 seconds
2017-07-04T14:28:41.069+0200: 4,863: Total time for which application threads were stopped: 0,0000932 seconds, Stopping threads took: 0,0000282 seconds
2017-07-04T14:28:41.079+0200: 4,872: Total time for which application threads were stopped: 0,0001132 seconds, Stopping threads took: 0,0000255 seconds
2017-07-04T14:28:41.152+0200: 4,946: Total time for which application threads were stopped: 0,0001113 seconds, Stopping threads took: 0,0000287 seconds
2017-07-04T14:28:41.174+0200: 4,968: Total time for which application threads were stopped: 0,0001178 seconds, Stopping threads took: 0,0000500 seconds
2017-07-04T14:28:41.174+0200: 4,968: Total time for which application threads were stopped: 0,0000294 seconds, Stopping threads took: 0,0000042 seconds
2017-07-04T14:28:41.261+0200: 5,055: Total time for which application threads were stopped: 0,0012339 seconds, Stopping threads took: 0,0011653 seconds
2017-07-04T14:28:41.269+0200: 5,063: Total time for which application threads were stopped: 0,0001668 seconds, Stopping threads took: 0,0000260 seconds
2017-07-04T14:28:41.284+0200: 5,078: Total time for which application threads were stopped: 0,0003161 seconds, Stopping threads took: 0,0000260 seconds
2017-07-04T14:28:41.401+0200: 5,195: Total time for which application threads were stopped: 0,0001912 seconds, Stopping threads took: 0,0000283 seconds
2017-07-04T14:28:41.503+0200: 5,297: [GC (CMS Initial Mark) [1 CMS-initial-mark: 0K(393216K)] 42904K(502464K), 0,0253258 secs] [Times: user=0,02 sys=0,00, real=0,03 secs] 
2017-07-04T14:28:41.529+0200: 5,323: Total time for which application threads were stopped: 0,0376008 seconds, Stopping threads took: 0,0121664 seconds
2017-07-04T14:28:41.536+0200: 5,330: [CMS-concurrent-mark-start]
2017-07-04T14:28:41.540+0200: 5,334: [CMS-concurrent-mark: 0,004/0,004 secs] [Times: user=0,00 sys=0,00, real=0,00 secs] 
2017-07-04T14:28:41.540+0200: 5,334: [CMS-concurrent-preclean-start]
2017-07-04T14:28:41.541+0200: 5,335: [CMS-concurrent-preclean: 0,001/0,001 secs] [Times: user=0,00 sys=0,00, real=0,00 secs] 
2017-07-04T14:28:41.541+0200: 5,335: [CMS-concurrent-abortable-preclean-start]
2017-07-04T14:28:41.704+0200: 5,498: Total time for which application threads were stopped: 0,0003831 seconds, Stopping threads took: 0,0003101 seconds
2017-07-04T14:28:41.713+0200: 5,507: Total time for which application threads were stopped: 0,0000808 seconds, Stopping threads took: 0,0000153 seconds
2017-07-04T14:28:41.743+0200: 5,537: Total time for which application threads were stopped: 0,0030864 seconds, Stopping threads took: 0,0030149 seconds
2017-07-04T14:28:41.822+0200: 5,616: Total time for which application threads were stopped: 0,0003157 seconds, Stopping threads took: 0,0000211 seconds
2017-07-04T14:28:41.864+0200: 5,658: Total time for which application threads were stopped: 0,0000965 seconds, Stopping threads took: 0,0000261 seconds
2017-07-04T14:28:41.909+0200: 5,703: Total time for which application threads were stopped: 0,0001027 seconds, Stopping threads took: 0,0000221 seconds
2017-07-04T14:28:41.909+0200: 5,703: Total time for which application threads were stopped: 0,0000402 seconds, Stopping threads took: 0,0000061 seconds
2017-07-04T14:28:41.916+0200: 5,710: Total time for which application threads were stopped: 0,0000687 seconds, Stopping threads took: 0,0000116 seconds
2017-07-04T14:28:41.917+0200: 5,711: Total time for which application threads were stopped: 0,0000458 seconds, Stopping threads took: 0,0000077 seconds
2017-07-04T14:28:41.917+0200: 5,711: Total time for which application threads were stopped: 0,0000596 seconds, Stopping threads took: 0,0000152 seconds
2017-07-04T14:28:41.917+0200: 5,711: Total time for which application threads were stopped: 0,0000356 seconds, Stopping threads took: 0,0000059 seconds
2017-07-04T14:28:41.917+0200: 5,711: Total time for which application threads were stopped: 0,0000333 seconds, Stopping threads took: 0,0000055 seconds
2017-07-04T14:28:41.917+0200: 5,711: Total time for which application threads were stopped: 0,0000313 seconds, Stopping threads took: 0,0000051 seconds
2017-07-04T14:28:41.918+0200: 5,712: Total time for which application threads were stopped: 0,0000304 seconds, Stopping threads took: 0,0000049 seconds
2017-07-04T14:28:41.918+0200: 5,712: Total time for which application threads were stopped: 0,0000324 seconds, Stopping threads took: 0,0000056 seconds
2017-07-04T14:28:41.918+0200: 5,712: Total time for which application threads were stopped: 0,0000376 seconds, Stopping threads took: 0,0000047 seconds
2017-07-04T14:28:41.918+0200: 5,712: Total time for which application threads were stopped: 0,0000285 seconds, Stopping threads took: 0,0000045 seconds
2017-07-04T14:28:41.918+0200: 5,712: Total time for which application threads were stopped: 0,0000296 seconds, Stopping threads took: 0,0000047 seconds
2017-07-04T14:28:41.918+0200: 5,712: Total time for which application threads were stopped: 0,0000300 seconds, Stopping threads took: 0,0000051 seconds
2017-07-04T14:28:41.924+0200: 5,718: Total time for which application threads were stopped: 0,0000788 seconds, Stopping threads took: 0,0000187 seconds
2017-07-04T14:28:41.924+0200: 5,718: Total time for which application threads were stopped: 0,0000394 seconds, Stopping threads took: 0,0000089 seconds
2017-07-04T14:28:41.925+0200: 5,719: Total time for which application threads were stopped: 0,0000579 seconds, Stopping threads took: 0,0000237 seconds
2017-07-04T14:28:41.925+0200: 5,719: Total time for which application threads were stopped: 0,0000371 seconds, Stopping threads took: 0,0000087 seconds
2017-07-04T14:28:41.938+0200: 5,732: Total time for which application threads were stopped: 0,0001150 seconds, Stopping threads took: 0,0000265 seconds
2017-07-04T14:28:41.938+0200: 5,732: Total time for which application threads were stopped: 0,0000475 seconds, Stopping threads took: 0,0000124 seconds
2017-07-04T14:28:41.938+0200: 5,732: Total time for which application threads were stopped: 0,0000389 seconds, Stopping threads took: 0,0000097 seconds
2017-07-04T14:28:41.939+0200: 5,732: Total time for which application threads were stopped: 0,0000379 seconds, Stopping threads took: 0,0000094 seconds
2017-07-04T14:28:41.939+0200: 5,733: Total time for which application threads were stopped: 0,0000400 seconds, Stopping threads took: 0,0000103 seconds
2017-07-04T14:28:41.939+0200: 5,733: Total time for which application threads were stopped: 0,0000367 seconds, Stopping threads took: 0,0000085 seconds
2017-07-04T14:28:41.939+0200: 5,733: Total time for which application threads were stopped: 0,0000368 seconds, Stopping threads took: 0,0000096 seconds
2017-07-04T14:28:41.939+0200: 5,733: Total time for which application threads were stopped: 0,0000900 seconds, Stopping threads took: 0,0000080 seconds
2017-07-04T14:28:41.939+0200: 5,733: Total time for which application threads were stopped: 0,0000368 seconds, Stopping threads took: 0,0000083 seconds
2017-07-04T14:28:41.939+0200: 5,733: Total time for which application threads were stopped: 0,0000408 seconds, Stopping threads took: 0,0000108 seconds
2017-07-04T14:28:42.085+0200: 5,879: Total time for which application threads were stopped: 0,0000823 seconds, Stopping threads took: 0,0000230 seconds
2017-07-04T14:28:42.093+0200: 5,887: Total time for which application threads were stopped: 0,0000790 seconds, Stopping threads took: 0,0000126 seconds
2017-07-04T14:28:42.094+0200: 5,888: Total time for which application threads were stopped: 0,0000546 seconds, Stopping threads took: 0,0000198 seconds
2017-07-04T14:28:42.094+0200: 5,888: Total time for which application threads were stopped: 0,0000321 seconds, Stopping threads took: 0,0000065 seconds
2017-07-04T14:28:42.094+0200: 5,888: Total time for which application threads were stopped: 0,0000301 seconds, Stopping threads took: 0,0000057 seconds
2017-07-04T14:28:42.094+0200: 5,888: Total time for which application threads were stopped: 0,0000282 seconds, Stopping threads took: 0,0000050 seconds
2017-07-04T14:28:42.100+0200: 5,894: Total time for which application threads were stopped: 0,0000755 seconds, Stopping threads took: 0,0000192 seconds
2017-07-04T14:28:42.116+0200: 5,910: Total time for which application threads were stopped: 0,0001150 seconds, Stopping threads took: 0,0000274 seconds
2017-07-04T14:28:42.117+0200: 5,910: Total time for which application threads were stopped: 0,0000453 seconds, Stopping threads took: 0,0000092 seconds
2017-07-04T14:28:42.128+0200: 5,922: Total time for which application threads were stopped: 0,0001191 seconds, Stopping threads took: 0,0000204 seconds
2017-07-04T14:28:42.128+0200: 5,922: Total time for which application threads were stopped: 0,0000471 seconds, Stopping threads took: 0,0000102 seconds
2017-07-04T14:28:42.129+0200: 5,923: Total time for which application threads were stopped: 0,0000489 seconds, Stopping threads took: 0,0000116 seconds
2017-07-04T14:28:42.129+0200: 5,923: Total time for which application threads were stopped: 0,0000446 seconds, Stopping threads took: 0,0000104 seconds
2017-07-04T14:28:42.129+0200: 5,923: Total time for which application threads were stopped: 0,0000401 seconds, Stopping threads took: 0,0000087 seconds
2017-07-04T14:28:42.239+0200: 6,033: Total time for which application threads were stopped: 0,0000875 seconds, Stopping threads took: 0,0000193 seconds
2017-07-04T14:28:42.248+0200: 6,042: Total time for which application threads were stopped: 0,0000994 seconds, Stopping threads took: 0,0000213 seconds
2017-07-04T14:28:42.321+0200: 6,115: Total time for which application threads were stopped: 0,0000952 seconds, Stopping threads took: 0,0000201 seconds
2017-07-04T14:28:42.321+0200: 6,115: Total time for which application threads were stopped: 0,0000364 seconds, Stopping threads took: 0,0000065 seconds
2017-07-04T14:28:42.321+0200: 6,115: Total time for which application threads were stopped: 0,0000351 seconds, Stopping threads took: 0,0000061 seconds
2017-07-04T14:28:42.321+0200: 6,115: Total time for which application threads were stopped: 0,0000316 seconds, Stopping threads took: 0,0000050 seconds
2017-07-04T14:28:42.324+0200: 6,118: Total time for which application threads were stopped: 0,0000562 seconds, Stopping threads took: 0,0000086 seconds
2017-07-04T14:28:42.324+0200: 6,118: Total time for which application threads were stopped: 0,0000403 seconds, Stopping threads took: 0,0000059 seconds
2017-07-04T14:28:42.325+0200: 6,119: Total time for which application threads were stopped: 0,0000486 seconds, Stopping threads took: 0,0000065 seconds
2017-07-04T14:28:42.325+0200: 6,119: Total time for which application threads were stopped: 0,0000346 seconds, Stopping threads took: 0,0000054 seconds
2017-07-04T14:28:42.325+0200: 6,119: Total time for which application threads were stopped: 0,0000343 seconds, Stopping threads took: 0,0000058 seconds
2017-07-04T14:28:42.325+0200: 6,119: Total time for which application threads were stopped: 0,0000287 seconds, Stopping threads took: 0,0000038 seconds
2017-07-04T14:28:42.337+0200: 6,131: Total time for which application threads were stopped: 0,0062538 seconds, Stopping threads took: 0,0061357 seconds
2017-07-04T14:28:42.340+0200: 6,134: Total time for which application threads were stopped: 0,0001426 seconds, Stopping threads took: 0,0000114 seconds
2017-07-04T14:28:42.346+0200: 6,140: Total time for which application threads were stopped: 0,0001782 seconds, Stopping threads took: 0,0000537 seconds
2017-07-04T14:28:42.366+0200: 6,160: Total time for which application threads were stopped: 0,0000926 seconds, Stopping threads took: 0,0000206 seconds
2017-07-04T14:28:42.377+0200: 6,171: Total time for which application threads were stopped: 0,0000993 seconds, Stopping threads took: 0,0000182 seconds
2017-07-04T14:28:42.377+0200: 6,171: Total time for which application threads were stopped: 0,0000408 seconds, Stopping threads took: 0,0000064 seconds
2017-07-04T14:28:42.377+0200: 6,171: Total time for which application threads were stopped: 0,0000360 seconds, Stopping threads took: 0,0000055 seconds
2017-07-04T14:28:42.377+0200: 6,171: Total time for which application threads were stopped: 0,0000306 seconds, Stopping threads took: 0,0000040 seconds
2017-07-04T14:28:42.377+0200: 6,171: Total time for which application threads were stopped: 0,0000472 seconds, Stopping threads took: 0,0000049 seconds
2017-07-04T14:28:42.377+0200: 6,171: Total time for which application threads were stopped: 0,0000947 seconds, Stopping threads took: 0,0000040 seconds
2017-07-04T14:28:42.391+0200: 6,185: Total time for which application threads were stopped: 0,0000756 seconds, Stopping threads took: 0,0000158 seconds
2017-07-04T14:28:42.441+0200: 6,235: Total time for which application threads were stopped: 0,0000838 seconds, Stopping threads took: 0,0000166 seconds
2017-07-04T14:28:42.441+0200: 6,235: Total time for which application threads were stopped: 0,0000341 seconds, Stopping threads took: 0,0000074 seconds
2017-07-04T14:28:42.493+0200: 6,287: Total time for which application threads were stopped: 0,0000937 seconds, Stopping threads took: 0,0000190 seconds
2017-07-04T14:28:42.493+0200: 6,287: Total time for which application threads were stopped: 0,0000319 seconds, Stopping threads took: 0,0000091 seconds
2017-07-04T14:28:42.548+0200: 6,342: Total time for which application threads were stopped: 0,0123185 seconds, Stopping threads took: 0,0122247 seconds
2017-07-04T14:28:42.549+0200: 6,343: Total time for which application threads were stopped: 0,0000409 seconds, Stopping threads took: 0,0000090 seconds
2017-07-04T14:28:42.549+0200: 6,343: Total time for which application threads were stopped: 0,0000315 seconds, Stopping threads took: 0,0000050 seconds
2017-07-04T14:28:42.549+0200: 6,343: Total time for which application threads were stopped: 0,0000293 seconds, Stopping threads took: 0,0000047 seconds
2017-07-04T14:28:42.549+0200: 6,343: Total time for which application threads were stopped: 0,0000269 seconds, Stopping threads took: 0,0000040 seconds
2017-07-04T14:28:42.549+0200: 6,343: Total time for which application threads were stopped: 0,0000281 seconds, Stopping threads took: 0,0000046 seconds
2017-07-04T14:28:42.549+0200: 6,343: Total time for which application threads were stopped: 0,0000324 seconds, Stopping threads took: 0,0000053 seconds
2017-07-04T14:28:42.549+0200: 6,343: Total time for which application threads were stopped: 0,0000317 seconds, Stopping threads took: 0,0000059 seconds
2017-07-04T14:28:42.549+0200: 6,343: Total time for which application threads were stopped: 0,0000281 seconds, Stopping threads took: 0,0000049 seconds
2017-07-04T14:28:42.549+0200: 6,343: Total time for which application threads were stopped: 0,0000267 seconds, Stopping threads took: 0,0000040 seconds
2017-07-04T14:28:42.549+0200: 6,343: Total time for which application threads were stopped: 0,0000281 seconds, Stopping threads took: 0,0000050 seconds
2017-07-04T14:28:42.550+0200: 6,344: Total time for which application threads were stopped: 0,0000319 seconds, Stopping threads took: 0,0000065 seconds
2017-07-04T14:28:42.550+0200: 6,344: Total time for which application threads were stopped: 0,0000282 seconds, Stopping threads took: 0,0000049 seconds
2017-07-04T14:28:42.550+0200: 6,344: Total time for which application threads were stopped: 0,0000262 seconds, Stopping threads took: 0,0000039 seconds
2017-07-04T14:28:42.550+0200: 6,344: Total time for which application threads were stopped: 0,0000280 seconds, Stopping threads took: 0,0000049 seconds
2017-07-04T14:28:42.550+0200: 6,344: Total time for which application threads were stopped: 0,0000279 seconds, Stopping threads took: 0,0000048 seconds
2017-07-04T14:28:42.550+0200: 6,344: Total time for which application threads were stopped: 0,0000671 seconds, Stopping threads took: 0,0000039 seconds
2017-07-04T14:28:42.550+0200: 6,344: Total time for which application threads were stopped: 0,0000287 seconds, Stopping threads took: 0,0000048 seconds
2017-07-04T14:28:42.550+0200: 6,344: Total time for which application threads were stopped: 0,0001224 seconds, Stopping threads took: 0,0000048 seconds
2017-07-04T14:28:42.566+0200: 6,360: Total time for which application threads were stopped: 0,0000981 seconds, Stopping threads took: 0,0000345 seconds
2017-07-04T14:28:42.897+0200: 6,691: Total time for which application threads were stopped: 0,0107901 seconds, Stopping threads took: 0,0106908 seconds
2017-07-04T14:28:42.919+0200: 6,713: Total time for which application threads were stopped: 0,0000902 seconds, Stopping threads took: 0,0000244 seconds
2017-07-04T14:28:43.012+0200: 6,806: Total time for which application threads were stopped: 0,0393457 seconds, Stopping threads took: 0,0392785 seconds
2017-07-04T14:28:43.162+0200: 6,955: Total time for which application threads were stopped: 0,0001029 seconds, Stopping threads took: 0,0000267 seconds
2017-07-04T14:28:43.351+0200: 7,145: Total time for which application threads were stopped: 0,0000702 seconds, Stopping threads took: 0,0000192 seconds
2017-07-04T14:28:43.356+0200: 7,150: Total time for which application threads were stopped: 0,0002788 seconds, Stopping threads took: 0,0000209 seconds
2017-07-04T14:28:43.401+0200: 7,195: Total time for which application threads were stopped: 0,0001084 seconds, Stopping threads took: 0,0000438 seconds
2017-07-04T14:28:43.401+0200: 7,195: Total time for which application threads were stopped: 0,0000287 seconds, Stopping threads took: 0,0000041 seconds
2017-07-04T14:28:43.468+0200: 7,262: Total time for which application threads were stopped: 0,0083359 seconds, Stopping threads took: 0,0082574 seconds
{Heap before GC invocations=1 (full 1):
 par new generation   total 109248K, used 98750K [0x00000000e0000000, 0x00000000e8000000, 0x00000000e8000000)
  eden space 87424K, 100% used [0x00000000e0000000, 0x00000000e5560000, 0x00000000e5560000)
  from space 21824K,  51% used [0x00000000e6ab0000, 0x00000000e75bf9e0, 0x00000000e8000000)
  to   space 21824K,   0% used [0x00000000e5560000, 0x00000000e5560000, 0x00000000e6ab0000)
 concurrent mark-sweep generation total 393216K, used 0K [0x00000000e8000000, 0x0000000100000000, 0x0000000100000000)
 Metaspace       used 23701K, capacity 24323K, committed 24540K, reserved 1071104K
  class space    used 2750K, capacity 2955K, committed 2964K, reserved 1048576K
2017-07-04T14:28:43.486+0200: 7,280: [GC (Allocation Failure) 2017-07-04T14:28:43.486+0200: 7,280: [ParNew
Desired survivor size 20112992 bytes, new threshold 8 (max 8)
- age   1:    6844296 bytes,    6844296 total
- age   2:    5784120 bytes,   12628416 total
: 98750K->16800K(109248K), 0,0906766 secs] 98750K->16800K(502464K), 0,0907366 secs] [Times: user=0,03 sys=0,00, real=0,09 secs] 
Heap after GC invocations=2 (full 1):
 par new generation   total 109248K, used 16800K [0x00000000e0000000, 0x00000000e8000000, 0x00000000e8000000)
  eden space 87424K,   0% used [0x00000000e0000000, 0x00000000e0000000, 0x00000000e5560000)
  from space 21824K,  76% used [0x00000000e5560000, 0x00000000e65c83d8, 0x00000000e6ab0000)
  to   space 21824K,   0% used [0x00000000e6ab0000, 0x00000000e6ab0000, 0x00000000e8000000)
 concurrent mark-sweep generation total 393216K, used 0K [0x00000000e8000000, 0x0000000100000000, 0x0000000100000000)
 Metaspace       used 23701K, capacity 24323K, committed 24540K, reserved 1071104K
  class space    used 2750K, capacity 2955K, committed 2964K, reserved 1048576K
}
2017-07-04T14:28:43.576+0200: 7,370: Total time for which application threads were stopped: 0,0909062 seconds, Stopping threads took: 0,0000192 seconds
2017-07-04T14:28:43.604+0200: 7,398: Total time for which application threads were stopped: 0,0039023 seconds, Stopping threads took: 0,0038256 seconds
2017-07-04T14:28:43.705+0200: 7,498: Total time for which application threads were stopped: 0,0286767 seconds, Stopping threads took: 0,0285719 seconds
2017-07-04T14:28:43.729+0200: 7,523: Total time for which application threads were stopped: 0,0004060 seconds, Stopping threads took: 0,0000269 seconds
2017-07-04T14:28:43.729+0200: 7,523: Total time for which application threads were stopped: 0,0000435 seconds, Stopping threads took: 0,0000048 seconds
2017-07-04T14:28:43.794+0200: 7,588: Total time for which application threads were stopped: 0,0104540 seconds, Stopping threads took: 0,0103620 seconds
2017-07-04T14:28:43.877+0200: 7,671: Total time for which application threads were stopped: 0,0003054 seconds, Stopping threads took: 0,0000183 seconds
2017-07-04T14:28:43.891+0200: 7,685: Total time for which application threads were stopped: 0,0068535 seconds, Stopping threads took: 0,0067475 seconds
2017-07-04T14:28:44.008+0200: 7,802: Total time for which application threads were stopped: 0,0003012 seconds, Stopping threads took: 0,0002202 seconds
2017-07-04T14:28:44.009+0200: 7,803: Total time for which application threads were stopped: 0,0001027 seconds, Stopping threads took: 0,0000078 seconds
2017-07-04T14:28:44.073+0200: 7,867: Total time for which application threads were stopped: 0,0000987 seconds, Stopping threads took: 0,0000304 seconds
2017-07-04T14:28:44.433+0200: 8,227: Total time for which application threads were stopped: 0,0363654 seconds, Stopping threads took: 0,0362356 seconds
2017-07-04T14:28:44.572+0200: 8,366: Total time for which application threads were stopped: 0,0001362 seconds, Stopping threads took: 0,0000219 seconds
2017-07-04T14:28:44.588+0200: 8,382: Total time for which application threads were stopped: 0,0002413 seconds, Stopping threads took: 0,0001629 seconds
2017-07-04T14:28:44.625+0200: 8,419: Total time for which application threads were stopped: 0,0108859 seconds, Stopping threads took: 0,0108098 seconds
2017-07-04T14:28:44.640+0200: 8,434: Total time for which application threads were stopped: 0,0001882 seconds, Stopping threads took: 0,0001355 seconds
2017-07-04T14:28:44.640+0200: 8,434: Total time for which application threads were stopped: 0,0000259 seconds, Stopping threads took: 0,0000049 seconds
2017-07-04T14:28:44.640+0200: 8,434: Total time for which application threads were stopped: 0,0000240 seconds, Stopping threads took: 0,0000043 seconds
2017-07-04T14:28:44.640+0200: 8,434: Total time for which application threads were stopped: 0,0000241 seconds, Stopping threads took: 0,0000047 seconds
2017-07-04T14:28:44.641+0200: 8,435: Total time for which application threads were stopped: 0,0000280 seconds, Stopping threads took: 0,0000061 seconds
2017-07-04T14:28:44.641+0200: 8,435: Total time for which application threads were stopped: 0,0000246 seconds, Stopping threads took: 0,0000044 seconds
2017-07-04T14:28:44.641+0200: 8,435: Total time for which application threads were stopped: 0,0000239 seconds, Stopping threads took: 0,0000043 seconds
2017-07-04T14:28:44.641+0200: 8,435: Total time for which application threads were stopped: 0,0000234 seconds, Stopping threads took: 0,0000043 seconds
2017-07-04T14:28:44.641+0200: 8,435: Total time for which application threads were stopped: 0,0000240 seconds, Stopping threads took: 0,0000045 seconds
2017-07-04T14:28:44.641+0200: 8,435: Total time for which application threads were stopped: 0,0000231 seconds, Stopping threads took: 0,0000043 seconds
2017-07-04T14:28:44.641+0200: 8,435: Total time for which application threads were stopped: 0,0000252 seconds, Stopping threads took: 0,0000053 seconds
2017-07-04T14:28:44.642+0200: 8,435: Total time for which application threads were stopped: 0,0000231 seconds, Stopping threads took: 0,0000042 seconds
2017-07-04T14:28:44.648+0200: 8,442: Total time for which application threads were stopped: 0,0001000 seconds, Stopping threads took: 0,0000597 seconds
2017-07-04T14:28:44.648+0200: 8,442: Total time for which application threads were stopped: 0,0000253 seconds, Stopping threads took: 0,0000049 seconds
2017-07-04T14:28:44.665+0200: 8,459: Total time for which application threads were stopped: 0,0002828 seconds, Stopping threads took: 0,0000145 seconds
2017-07-04T14:28:44.692+0200: 8,486: Total time for which application threads were stopped: 0,0075989 seconds, Stopping threads took: 0,0075186 seconds
2017-07-04T14:28:44.694+0200: 8,488: [CMS-concurrent-abortable-preclean: 2,534/3,153 secs] [Times: user=1,29 sys=0,02, real=3,15 secs] 
2017-07-04T14:28:44.720+0200: 8,514: [GC (CMS Final Remark) [YG occupancy: 70938 K (109248 K)]{Heap before GC invocations=2 (full 1):
 par new generation   total 109248K, used 70938K [0x00000000e0000000, 0x00000000e8000000, 0x00000000e8000000)
  eden space 87424K,  61% used [0x00000000e0000000, 0x00000000e34de6b8, 0x00000000e5560000)
  from space 21824K,  76% used [0x00000000e5560000, 0x00000000e65c83d8, 0x00000000e6ab0000)
  to   space 21824K,   0% used [0x00000000e6ab0000, 0x00000000e6ab0000, 0x00000000e8000000)
 concurrent mark-sweep generation total 393216K, used 0K [0x00000000e8000000, 0x0000000100000000, 0x0000000100000000)
 Metaspace       used 25367K, capacity 26019K, committed 26276K, reserved 1073152K
  class space    used 2962K, capacity 3199K, committed 3320K, reserved 1048576K
2017-07-04T14:28:44.720+0200: 8,514: [GC (CMS Final Remark) 2017-07-04T14:28:44.720+0200: 8,514: [ParNew
Desired survivor size 20112992 bytes, new threshold 8 (max 8)
- age   1:    3521952 bytes,    3521952 total
- age   2:    2461584 bytes,    5983536 total
- age   3:    5774872 bytes,   11758408 total
: 70938K->12982K(109248K), 0,0602432 secs] 70938K->12982K(502464K), 0,0602925 secs] [Times: user=0,03 sys=0,00, real=0,06 secs] 
Heap after GC invocations=3 (full 1):
 par new generation   total 109248K, used 12982K [0x00000000e0000000, 0x00000000e8000000, 0x00000000e8000000)
  eden space 87424K,   0% used [0x00000000e0000000, 0x00000000e0000000, 0x00000000e5560000)
  from space 21824K,  59% used [0x00000000e6ab0000, 0x00000000e775db80, 0x00000000e8000000)
  to   space 21824K,   0% used [0x00000000e5560000, 0x00000000e5560000, 0x00000000e6ab0000)
 concurrent mark-sweep generation total 393216K, used 0K [0x00000000e8000000, 0x0000000100000000, 0x0000000100000000)
 Metaspace       used 25367K, capacity 26019K, committed 26276K, reserved 1073152K
  class space    used 2962K, capacity 3199K, committed 3320K, reserved 1048576K
}
2017-07-04T14:28:44.780+0200: 8,574: [Rescan (parallel) , 0,0154687 secs]2017-07-04T14:28:44.796+0200: 8,590: [weak refs processing, 0,0030997 secs]2017-07-04T14:28:44.799+0200: 8,593: [class unloading, 0,0030670 secs]2017-07-04T14:28:44.802+0200: 8,596: [scrub symbol table, 0,0038504 secs]2017-07-04T14:28:44.806+0200: 8,600: [scrub string table, 0,0004043 secs][1 CMS-remark: 0K(393216K)] 12982K(502464K), 0,0868701 secs] [Times: user=0,06 sys=0,00, real=0,09 secs] 
2017-07-04T14:28:44.807+0200: 8,601: Total time for which application threads were stopped: 0,0937981 seconds, Stopping threads took: 0,0067663 seconds
2017-07-04T14:28:44.828+0200: 8,622: [CMS-concurrent-sweep-start]
2017-07-04T14:28:44.828+0200: 8,622: [CMS-concurrent-sweep: 0,000/0,000 secs] [Times: user=0,00 sys=0,00, real=0,00 secs] 
2017-07-04T14:28:44.828+0200: 8,622: [CMS-concurrent-reset-start]
2017-07-04T14:28:44.831+0200: 8,625: [CMS-concurrent-reset: 0,003/0,003 secs] [Times: user=0,00 sys=0,00, real=0,00 secs] 
2017-07-04T14:28:44.831+0200: 8,625: Total time for which application threads were stopped: 0,0002369 seconds, Stopping threads took: 0,0001146 seconds
2017-07-04T14:28:44.832+0200: 8,626: Total time for which application threads were stopped: 0,0000407 seconds, Stopping threads took: 0,0000053 seconds
2017-07-04T14:28:44.832+0200: 8,626: Total time for which application threads were stopped: 0,0000271 seconds, Stopping threads took: 0,0000049 seconds
2017-07-04T14:28:44.832+0200: 8,626: Total time for which application threads were stopped: 0,0000249 seconds, Stopping threads took: 0,0000041 seconds
2017-07-04T14:28:44.832+0200: 8,626: Total time for which application threads were stopped: 0,0000243 seconds, Stopping threads took: 0,0000039 seconds
2017-07-04T14:28:44.832+0200: 8,626: Total time for which application threads were stopped: 0,0000241 seconds, Stopping threads took: 0,0000038 seconds
2017-07-04T14:28:44.832+0200: 8,626: Total time for which application threads were stopped: 0,0000240 seconds, Stopping threads took: 0,0000038 seconds
2017-07-04T14:28:44.839+0200: 8,633: Total time for which application threads were stopped: 0,0031991 seconds, Stopping threads took: 0,0031530 seconds
2017-07-04T14:28:44.858+0200: 8,652: Total time for which application threads were stopped: 0,0010012 seconds, Stopping threads took: 0,0009423 seconds
2017-07-04T14:28:44.858+0200: 8,652: Total time for which application threads were stopped: 0,0000264 seconds, Stopping threads took: 0,0000051 seconds
2017-07-04T14:28:44.858+0200: 8,652: Total time for which application threads were stopped: 0,0000241 seconds, Stopping threads took: 0,0000040 seconds
2017-07-04T14:28:44.858+0200: 8,652: Total time for which application threads were stopped: 0,0001120 seconds, Stopping threads took: 0,0000038 seconds
2017-07-04T14:28:44.889+0200: 8,683: Total time for which application threads were stopped: 0,0006547 seconds, Stopping threads took: 0,0005582 seconds
2017-07-04T14:28:44.938+0200: 8,732: Total time for which application threads were stopped: 0,0001014 seconds, Stopping threads took: 0,0000247 seconds
{Heap before GC invocations=3 (full 1):
 par new generation   total 109248K, used 100406K [0x00000000e0000000, 0x00000000e8000000, 0x00000000e8000000)
  eden space 87424K, 100% used [0x00000000e0000000, 0x00000000e5560000, 0x00000000e5560000)
  from space 21824K,  59% used [0x00000000e6ab0000, 0x00000000e775db80, 0x00000000e8000000)
  to   space 21824K,   0% used [0x00000000e5560000, 0x00000000e5560000, 0x00000000e6ab0000)
 concurrent mark-sweep generation total 393216K, used 0K [0x00000000e8000000, 0x0000000100000000, 0x0000000100000000)
 Metaspace       used 25727K, capacity 26315K, committed 26532K, reserved 1073152K
  class space    used 3016K, capacity 3233K, committed 3320K, reserved 1048576K
2017-07-04T14:28:45.123+0200: 8,917: [GC (Allocation Failure) 2017-07-04T14:28:45.123+0200: 8,917: [ParNew
Desired survivor size 20112992 bytes, new threshold 8 (max 8)
- age   1:    1186528 bytes,    1186528 total
- age   2:    2319128 bytes,    3505656 total
- age   3:    2309568 bytes,    5815224 total
- age   4:    5773112 bytes,   11588336 total
: 100406K->15352K(109248K), 0,0325869 secs] 100406K->15352K(502464K), 0,0326549 secs] [Times: user=0,03 sys=0,00, real=0,03 secs] 
Heap after GC invocations=4 (full 1):
 par new generation   total 109248K, used 15352K [0x00000000e0000000, 0x00000000e8000000, 0x00000000e8000000)
  eden space 87424K,   0% used [0x00000000e0000000, 0x00000000e0000000, 0x00000000e5560000)
  from space 21824K,  70% used [0x00000000e5560000, 0x00000000e645e200, 0x00000000e6ab0000)
  to   space 21824K,   0% used [0x00000000e6ab0000, 0x00000000e6ab0000, 0x00000000e8000000)
 concurrent mark-sweep generation total 393216K, used 0K [0x00000000e8000000, 0x0000000100000000, 0x0000000100000000)
 Metaspace       used 25727K, capacity 26315K, committed 26532K, reserved 1073152K
  class space    used 3016K, capacity 3233K, committed 3320K, reserved 1048576K
}
2017-07-04T14:28:45.155+0200: 8,949: Total time for which application threads were stopped: 0,0328240 seconds, Stopping threads took: 0,0000270 seconds
2017-07-04T14:28:45.475+0200: 9,269: Total time for which application threads were stopped: 0,0001176 seconds, Stopping threads took: 0,0000287 seconds
2017-07-04T14:28:45.475+0200: 9,269: Total time for which application threads were stopped: 0,0000432 seconds, Stopping threads took: 0,0000123 seconds
2017-07-04T14:28:45.475+0200: 9,269: Total time for which application threads were stopped: 0,0000392 seconds, Stopping threads took: 0,0000094 seconds
{Heap before GC invocations=4 (full 1):
 par new generation   total 109248K, used 102776K [0x00000000e0000000, 0x00000000e8000000, 0x00000000e8000000)
  eden space 87424K, 100% used [0x00000000e0000000, 0x00000000e5560000, 0x00000000e5560000)
  from space 21824K,  70% used [0x00000000e5560000, 0x00000000e645e200, 0x00000000e6ab0000)
  to   space 21824K,   0% used [0x00000000e6ab0000, 0x00000000e6ab0000, 0x00000000e8000000)
 concurrent mark-sweep generation total 393216K, used 0K [0x00000000e8000000, 0x0000000100000000, 0x0000000100000000)
 Metaspace       used 26707K, capacity 27363K, committed 27684K, reserved 1073152K
  class space    used 3134K, capacity 3365K, committed 3448K, reserved 1048576K
2017-07-04T14:28:45.676+0200: 9,470: [GC (Allocation Failure) 2017-07-04T14:28:45.676+0200: 9,470: [ParNew
Desired survivor size 20112992 bytes, new threshold 8 (max 8)
- age   1:    1102264 bytes,    1102264 total
- age   2:     113368 bytes,    1215632 total
- age   3:    2314832 bytes,    3530464 total
- age   4:    2308712 bytes,    5839176 total
- age   5:    5772984 bytes,   11612160 total
: 102776K->15305K(109248K), 0,1039961 secs] 102776K->15305K(502464K), 0,1040686 secs] [Times: user=0,04 sys=0,00, real=0,10 secs] 
Heap after GC invocations=5 (full 1):
 par new generation   total 109248K, used 15305K [0x00000000e0000000, 0x00000000e8000000, 0x00000000e8000000)
  eden space 87424K,   0% used [0x00000000e0000000, 0x00000000e0000000, 0x00000000e5560000)
  from space 21824K,  70% used [0x00000000e6ab0000, 0x00000000e79a26c8, 0x00000000e8000000)
  to   space 21824K,   0% used [0x00000000e5560000, 0x00000000e5560000, 0x00000000e6ab0000)
 concurrent mark-sweep generation total 393216K, used 0K [0x00000000e8000000, 0x0000000100000000, 0x0000000100000000)
 Metaspace       used 26707K, capacity 27363K, committed 27684K, reserved 1073152K
  class space    used 3134K, capacity 3365K, committed 3448K, reserved 1048576K
}
2017-07-04T14:28:45.780+0200: 9,574: Total time for which application threads were stopped: 0,1042470 seconds, Stopping threads took: 0,0000318 seconds
{Heap before GC invocations=5 (full 1):
 par new generation   total 109248K, used 102729K [0x00000000e0000000, 0x00000000e8000000, 0x00000000e8000000)
  eden space 87424K, 100% used [0x00000000e0000000, 0x00000000e5560000, 0x00000000e5560000)
  from space 21824K,  70% used [0x00000000e6ab0000, 0x00000000e79a26c8, 0x00000000e8000000)
  to   space 21824K,   0% used [0x00000000e5560000, 0x00000000e5560000, 0x00000000e6ab0000)
 concurrent mark-sweep generation total 393216K, used 0K [0x00000000e8000000, 0x0000000100000000, 0x0000000100000000)
 Metaspace       used 26804K, capacity 27433K, committed 27684K, reserved 1073152K
  class space    used 3147K, capacity 3366K, committed 3448K, reserved 1048576K
2017-07-04T14:28:46.141+0200: 9,935: [GC (Allocation Failure) 2017-07-04T14:28:46.141+0200: 9,935: [ParNew
Desired survivor size 20112992 bytes, new threshold 8 (max 8)
- age   1:     772320 bytes,     772320 total
- age   2:     364088 bytes,    1136408 total
- age   3:     113232 bytes,    1249640 total
- age   4:    2314776 bytes,    3564416 total
- age   5:    2308024 bytes,    5872440 total
- age   6:    5772984 bytes,   11645424 total
: 102729K->14882K(109248K), 0,0374057 secs] 102729K->14882K(502464K), 0,0374820 secs] [Times: user=0,02 sys=0,00, real=0,04 secs] 
Heap after GC invocations=6 (full 1):
 par new generation   total 109248K, used 14882K [0x00000000e0000000, 0x00000000e8000000, 0x00000000e8000000)
  eden space 87424K,   0% used [0x00000000e0000000, 0x00000000e0000000, 0x00000000e5560000)
  from space 21824K,  68% used [0x00000000e5560000, 0x00000000e63e8b90, 0x00000000e6ab0000)
  to   space 21824K,   0% used [0x00000000e6ab0000, 0x00000000e6ab0000, 0x00000000e8000000)
 concurrent mark-sweep generation total 393216K, used 0K [0x00000000e8000000, 0x0000000100000000, 0x0000000100000000)
 Metaspace       used 26804K, capacity 27433K, committed 27684K, reserved 1073152K
  class space    used 3147K, capacity 3366K, committed 3448K, reserved 1048576K
}
2017-07-04T14:28:46.178+0200: 9,972: Total time for which application threads were stopped: 0,0420365 seconds, Stopping threads took: 0,0044040 seconds
2017-07-04T14:28:46.256+0200: 10,050: Total time for which application threads were stopped: 0,0049279 seconds, Stopping threads took: 0,0048263 seconds
2017-07-04T14:28:46.297+0200: 10,091: Total time for which application threads were stopped: 0,0085785 seconds, Stopping threads took: 0,0084849 seconds
2017-07-04T14:28:46.341+0200: 10,135: Total time for which application threads were stopped: 0,0044535 seconds, Stopping threads took: 0,0043760 seconds
2017-07-04T14:28:46.380+0200: 10,174: Total time for which application threads were stopped: 0,0119508 seconds, Stopping threads took: 0,0118551 seconds
2017-07-04T14:28:46.418+0200: 10,212: Total time for which application threads were stopped: 0,0020911 seconds, Stopping threads took: 0,0020211 seconds
2017-07-04T14:28:46.419+0200: 10,213: Total time for which application threads were stopped: 0,0000376 seconds, Stopping threads took: 0,0000048 seconds
2017-07-04T14:28:46.419+0200: 10,213: Total time for which application threads were stopped: 0,0000394 seconds, Stopping threads took: 0,0000060 seconds
2017-07-04T14:28:46.477+0200: 10,271: Total time for which application threads were stopped: 0,0003812 seconds, Stopping threads took: 0,0000368 seconds
2017-07-04T14:28:46.496+0200: 10,290: Total time for which application threads were stopped: 0,0011319 seconds, Stopping threads took: 0,0010582 seconds
2017-07-04T14:28:46.503+0200: 10,297: Total time for which application threads were stopped: 0,0018526 seconds, Stopping threads took: 0,0017907 seconds
2017-07-04T14:28:46.576+0200: 10,370: Total time for which application threads were stopped: 0,0097321 seconds, Stopping threads took: 0,0096061 seconds
{Heap before GC invocations=6 (full 1):
 par new generation   total 109248K, used 102306K [0x00000000e0000000, 0x00000000e8000000, 0x00000000e8000000)
  eden space 87424K, 100% used [0x00000000e0000000, 0x00000000e5560000, 0x00000000e5560000)
  from space 21824K,  68% used [0x00000000e5560000, 0x00000000e63e8b90, 0x00000000e6ab0000)
  to   space 21824K,   0% used [0x00000000e6ab0000, 0x00000000e6ab0000, 0x00000000e8000000)
 concurrent mark-sweep generation total 393216K, used 0K [0x00000000e8000000, 0x0000000100000000, 0x0000000100000000)
 Metaspace       used 28110K, capacity 28731K, committed 28920K, reserved 1075200K
  class space    used 3327K, capacity 3561K, committed 3576K, reserved 1048576K
2017-07-04T14:28:46.583+0200: 10,377: [GC (Allocation Failure) 2017-07-04T14:28:46.583+0200: 10,377: [ParNew
Desired survivor size 20112992 bytes, new threshold 8 (max 8)
- age   1:    2213664 bytes,    2213664 total
- age   2:     103224 bytes,    2316888 total
- age   3:     355680 bytes,    2672568 total
- age   4:     111320 bytes,    2783888 total
- age   5:    2313792 bytes,    5097680 total
- age   6:    2307448 bytes,    7405128 total
- age   7:    5772640 bytes,   13177768 total
: 102306K->17258K(109248K), 0,0444523 secs] 102306K->17258K(502464K), 0,0445374 secs] [Times: user=0,04 sys=0,00, real=0,05 secs] 
Heap after GC invocations=7 (full 1):
 par new generation   total 109248K, used 17258K [0x00000000e0000000, 0x00000000e8000000, 0x00000000e8000000)
  eden space 87424K,   0% used [0x00000000e0000000, 0x00000000e0000000, 0x00000000e5560000)
  from space 21824K,  79% used [0x00000000e6ab0000, 0x00000000e7b8aba0, 0x00000000e8000000)
  to   space 21824K,   0% used [0x00000000e5560000, 0x00000000e5560000, 0x00000000e6ab0000)
 concurrent mark-sweep generation total 393216K, used 0K [0x00000000e8000000, 0x0000000100000000, 0x0000000100000000)
 Metaspace       used 28110K, capacity 28731K, committed 28920K, reserved 1075200K
  class space    used 3327K, capacity 3561K, committed 3576K, reserved 1048576K
}
2017-07-04T14:28:46.628+0200: 10,422: Total time for which application threads were stopped: 0,0447267 seconds, Stopping threads took: 0,0000200 seconds
2017-07-04T14:28:46.646+0200: 10,440: Total time for which application threads were stopped: 0,0022060 seconds, Stopping threads took: 0,0020872 seconds
2017-07-04T14:28:46.720+0200: 10,514: Total time for which application threads were stopped: 0,0025226 seconds, Stopping threads took: 0,0020317 seconds
2017-07-04T14:28:46.769+0200: 10,563: Total time for which application threads were stopped: 0,0189202 seconds, Stopping threads took: 0,0181689 seconds
2017-07-04T14:28:46.971+0200: 10,765: Total time for which application threads were stopped: 0,0032694 seconds, Stopping threads took: 0,0023377 seconds
2017-07-04T14:28:46.988+0200: 10,782: Total time for which application threads were stopped: 0,0007308 seconds, Stopping threads took: 0,0005802 seconds
2017-07-04T14:28:46.996+0200: 10,790: Total time for which application threads were stopped: 0,0040398 seconds, Stopping threads took: 0,0031331 seconds
2017-07-04T14:28:47.891+0200: 11,685: Total time for which application threads were stopped: 0,0087473 seconds, Stopping threads took: 0,0082850 seconds
2017-07-04T14:28:47.897+0200: 11,691: Total time for which application threads were stopped: 0,0009138 seconds, Stopping threads took: 0,0000463 seconds
2017-07-04T14:28:47.903+0200: 11,697: Total time for which application threads were stopped: 0,0037823 seconds, Stopping threads took: 0,0034206 seconds
2017-07-04T14:28:47.945+0200: 11,739: Total time for which application threads were stopped: 0,0031097 seconds, Stopping threads took: 0,0022108 seconds
2017-07-04T14:28:48.068+0200: 11,862: Total time for which application threads were stopped: 0,0024666 seconds, Stopping threads took: 0,0020296 seconds
2017-07-04T14:28:48.091+0200: 11,885: Total time for which application threads were stopped: 0,0024558 seconds, Stopping threads took: 0,0020329 seconds
2017-07-04T14:28:48.096+0200: 11,890: Total time for which application threads were stopped: 0,0008504 seconds, Stopping threads took: 0,0004319 seconds
{Heap before GC invocations=7 (full 1):
 par new generation   total 109248K, used 104682K [0x00000000e0000000, 0x00000000e8000000, 0x00000000e8000000)
  eden space 87424K, 100% used [0x00000000e0000000, 0x00000000e5560000, 0x00000000e5560000)
  from space 21824K,  79% used [0x00000000e6ab0000, 0x00000000e7b8aba0, 0x00000000e8000000)
  to   space 21824K,   0% used [0x00000000e5560000, 0x00000000e5560000, 0x00000000e6ab0000)
 concurrent mark-sweep generation total 393216K, used 0K [0x00000000e8000000, 0x0000000100000000, 0x0000000100000000)
 Metaspace       used 31274K, capacity 32029K, committed 32120K, reserved 1077248K
  class space    used 3715K, capacity 3946K, committed 3960K, reserved 1048576K
2017-07-04T14:28:48.545+0200: 12,339: [GC (Allocation Failure) 2017-07-04T14:28:48.545+0200: 12,339: [ParNew
Desired survivor size 20112992 bytes, new threshold 8 (max 8)
- age   1:   12459200 bytes,   12459200 total
- age   2:     904416 bytes,   13363616 total
- age   3:     100920 bytes,   13464536 total
- age   4:     338864 bytes,   13803400 total
- age   5:     102888 bytes,   13906288 total
- age   6:     687824 bytes,   14594112 total
- age   7:    2207800 bytes,   16801912 total
- age   8:    5349648 bytes,   22151560 total
: 104682K->21824K(109248K), 0,0743509 secs] 104682K->23664K(502464K), 0,0745272 secs] [Times: user=0,05 sys=0,03, real=0,07 secs] 
Heap after GC invocations=8 (full 1):
 par new generation   total 109248K, used 21824K [0x00000000e0000000, 0x00000000e8000000, 0x00000000e8000000)
  eden space 87424K,   0% used [0x00000000e0000000, 0x00000000e0000000, 0x00000000e5560000)
  from space 21824K, 100% used [0x00000000e5560000, 0x00000000e6ab0000, 0x00000000e6ab0000)
  to   space 21824K,   0% used [0x00000000e6ab0000, 0x00000000e6ab0000, 0x00000000e8000000)
 concurrent mark-sweep generation total 393216K, used 1840K [0x00000000e8000000, 0x0000000100000000, 0x0000000100000000)
 Metaspace       used 31274K, capacity 32029K, committed 32120K, reserved 1077248K
  class space    used 3715K, capacity 3946K, committed 3960K, reserved 1048576K
}
2017-07-04T14:28:48.619+0200: 12,413: Total time for which application threads were stopped: 0,0774581 seconds, Stopping threads took: 0,0022336 seconds
2017-07-04T14:28:48.763+0200: 12,556: Total time for which application threads were stopped: 0,0065337 seconds, Stopping threads took: 0,0059043 seconds
2017-07-04T14:28:48.953+0200: 12,747: Total time for which application threads were stopped: 0,0168425 seconds, Stopping threads took: 0,0161545 seconds
2017-07-04T14:28:49.329+0200: 13,123: Total time for which application threads were stopped: 0,0120304 seconds, Stopping threads took: 0,0112808 seconds
2017-07-04T14:28:49.358+0200: 13,152: Total time for which application threads were stopped: 0,0072028 seconds, Stopping threads took: 0,0062104 seconds
2017-07-04T14:28:49.541+0200: 13,335: Total time for which application threads were stopped: 0,0027281 seconds, Stopping threads took: 0,0020799 seconds
2017-07-04T14:28:50.551+0200: 14,345: Total time for which application threads were stopped: 0,0063825 seconds, Stopping threads took: 0,0053840 seconds
2017-07-04T14:28:50.593+0200: 14,387: Total time for which application threads were stopped: 0,0046755 seconds, Stopping threads took: 0,0036791 seconds
2017-07-04T14:28:50.594+0200: 14,388: Total time for which application threads were stopped: 0,0008360 seconds, Stopping threads took: 0,0000590 seconds
2017-07-04T14:28:50.637+0200: 14,431: Total time for which application threads were stopped: 0,0057057 seconds, Stopping threads took: 0,0047369 seconds
2017-07-04T14:28:50.702+0200: 14,496: Total time for which application threads were stopped: 0,0066412 seconds, Stopping threads took: 0,0056503 seconds
2017-07-04T14:28:50.721+0200: 14,515: Total time for which application threads were stopped: 0,0045825 seconds, Stopping threads took: 0,0019963 seconds
2017-07-04T14:28:50.808+0200: 14,602: Total time for which application threads were stopped: 0,0031224 seconds, Stopping threads took: 0,0020612 seconds
{Heap before GC invocations=8 (full 1):
 par new generation   total 109248K, used 109248K [0x00000000e0000000, 0x00000000e8000000, 0x00000000e8000000)
  eden space 87424K, 100% used [0x00000000e0000000, 0x00000000e5560000, 0x00000000e5560000)
  from space 21824K, 100% used [0x00000000e5560000, 0x00000000e6ab0000, 0x00000000e6ab0000)
  to   space 21824K,   0% used [0x00000000e6ab0000, 0x00000000e6ab0000, 0x00000000e8000000)
 concurrent mark-sweep generation total 393216K, used 1840K [0x00000000e8000000, 0x0000000100000000, 0x0000000100000000)
 Metaspace       used 33238K, capacity 34021K, committed 34168K, reserved 1079296K
  class space    used 3892K, capacity 4122K, committed 4216K, reserved 1048576K
2017-07-04T14:28:50.811+0200: 14,605: [GC (Allocation Failure) 2017-07-04T14:28:50.811+0200: 14,605: [ParNew
Desired survivor size 20112992 bytes, new threshold 5 (max 8)
- age   1:   10953392 bytes,   10953392 total
- age   2:    8260736 bytes,   19214128 total
- age   3:     610416 bytes,   19824544 total
- age   4:      97840 bytes,   19922384 total
- age   5:     327536 bytes,   20249920 total
- age   6:      78104 bytes,   20328024 total
- age   7:     637056 bytes,   20965080 total
- age   8:    1368448 bytes,   22333528 total
: 109248K->21824K(109248K), 0,1179839 secs] 111088K->38823K(502464K), 0,1182257 secs] [Times: user=0,08 sys=0,02, real=0,12 secs] 
Heap after GC invocations=9 (full 1):
 par new generation   total 109248K, used 21824K [0x00000000e0000000, 0x00000000e8000000, 0x00000000e8000000)
  eden space 87424K,   0% used [0x00000000e0000000, 0x00000000e0000000, 0x00000000e5560000)
  from space 21824K, 100% used [0x00000000e6ab0000, 0x00000000e8000000, 0x00000000e8000000)
  to   space 21824K,   0% used [0x00000000e5560000, 0x00000000e5560000, 0x00000000e6ab0000)
 concurrent mark-sweep generation total 393216K, used 16999K [0x00000000e8000000, 0x0000000100000000, 0x0000000100000000)
 Metaspace       used 33238K, capacity 34021K, committed 34168K, reserved 1079296K
  class space    used 3892K, capacity 4122K, committed 4216K, reserved 1048576K
}
2017-07-04T14:28:50.929+0200: 14,723: Total time for which application threads were stopped: 0,1194499 seconds, Stopping threads took: 0,0000798 seconds
2017-07-04T14:28:50.976+0200: 14,770: Total time for which application threads were stopped: 0,0117013 seconds, Stopping threads took: 0,0070814 seconds
2017-07-04T14:28:51.028+0200: 14,822: Total time for which application threads were stopped: 0,0157941 seconds, Stopping threads took: 0,0105307 seconds
2017-07-04T14:28:51.064+0200: 14,858: Total time for which application threads were stopped: 0,0080824 seconds, Stopping threads took: 0,0068150 seconds
2017-07-04T14:28:51.088+0200: 14,882: Total time for which application threads were stopped: 0,0026925 seconds, Stopping threads took: 0,0016415 seconds
2017-07-04T14:28:51.176+0200: 14,970: Total time for which application threads were stopped: 0,0199397 seconds, Stopping threads took: 0,0186789 seconds
2017-07-04T14:28:51.243+0200: 15,037: Total time for which application threads were stopped: 0,0094180 seconds, Stopping threads took: 0,0082122 seconds
2017-07-04T14:28:51.755+0200: 15,549: Total time for which application threads were stopped: 0,0014249 seconds, Stopping threads took: 0,0002306 seconds
2017-07-04T14:28:51.778+0200: 15,572: Total time for which application threads were stopped: 0,0066762 seconds, Stopping threads took: 0,0055068 seconds
2017-07-04T14:28:51.784+0200: 15,578: Total time for which application threads were stopped: 0,0053512 seconds, Stopping threads took: 0,0000731 seconds
2017-07-04T14:28:51.889+0200: 15,683: Total time for which application threads were stopped: 0,0094706 seconds, Stopping threads took: 0,0082437 seconds
2017-07-04T14:28:51.954+0200: 15,748: Total time for which application threads were stopped: 0,0088757 seconds, Stopping threads took: 0,0076664 seconds
2017-07-04T14:28:52.681+0200: 16,475: Total time for which application threads were stopped: 0,0115184 seconds, Stopping threads took: 0,0098843 seconds
2017-07-04T14:28:52.743+0200: 16,537: Total time for which application threads were stopped: 0,0077336 seconds, Stopping threads took: 0,0048399 seconds
2017-07-04T14:28:52.795+0200: 16,589: Total time for which application threads were stopped: 0,0063970 seconds, Stopping threads took: 0,0049969 seconds
2017-07-04T14:28:53.323+0200: 17,117: Total time for which application threads were stopped: 0,0055958 seconds, Stopping threads took: 0,0040668 seconds
2017-07-04T14:28:53.365+0200: 17,159: Total time for which application threads were stopped: 0,0035368 seconds, Stopping threads took: 0,0020596 seconds
2017-07-04T14:28:53.375+0200: 17,169: Total time for which application threads were stopped: 0,0021434 seconds, Stopping threads took: 0,0006381 seconds
2017-07-04T14:28:53.491+0200: 17,285: Total time for which application threads were stopped: 0,0018990 seconds, Stopping threads took: 0,0002700 seconds
2017-07-04T14:28:53.506+0200: 17,300: Total time for which application threads were stopped: 0,0058751 seconds, Stopping threads took: 0,0041709 seconds
2017-07-04T14:28:53.556+0200: 17,350: Total time for which application threads were stopped: 0,0018672 seconds, Stopping threads took: 0,0002771 seconds
2017-07-04T14:28:53.558+0200: 17,352: Total time for which application threads were stopped: 0,0013500 seconds, Stopping threads took: 0,0000877 seconds
2017-07-04T14:28:53.698+0200: 17,492: Total time for which application threads were stopped: 0,0019465 seconds, Stopping threads took: 0,0003149 seconds
2017-07-04T14:28:53.782+0200: 17,576: Total time for which application threads were stopped: 0,0018342 seconds, Stopping threads took: 0,0002752 seconds
{Heap before GC invocations=9 (full 1):
 par new generation   total 109248K, used 109236K [0x00000000e0000000, 0x00000000e8000000, 0x00000000e8000000)
  eden space 87424K,  99% used [0x00000000e0000000, 0x00000000e555d078, 0x00000000e5560000)
  from space 21824K, 100% used [0x00000000e6ab0000, 0x00000000e8000000, 0x00000000e8000000)
  to   space 21824K,   0% used [0x00000000e5560000, 0x00000000e5560000, 0x00000000e6ab0000)
 concurrent mark-sweep generation total 393216K, used 16999K [0x00000000e8000000, 0x0000000100000000, 0x0000000100000000)
 Metaspace       used 34887K, capacity 35727K, committed 35832K, reserved 1081344K
  class space    used 4069K, capacity 4337K, committed 4344K, reserved 1048576K
2017-07-04T14:28:54.174+0200: 17,968: [GC (Allocation Failure) 2017-07-04T14:28:54.174+0200: 17,968: [ParNew
Desired survivor size 20112992 bytes, new threshold 3 (max 8)
- age   1:    7679448 bytes,    7679448 total
- age   2:    8745576 bytes,   16425024 total
- age   3:    5461536 bytes,   21886560 total
- age   4:     395960 bytes,   22282520 total
- age   5:      57448 bytes,   22339968 total
: 109236K->21824K(109248K), 0,2010512 secs] 126236K->49954K(502464K), 0,2014153 secs] [Times: user=0,07 sys=0,01, real=0,20 secs] 
Heap after GC invocations=10 (full 1):
 par new generation   total 109248K, used 21824K [0x00000000e0000000, 0x00000000e8000000, 0x00000000e8000000)
  eden space 87424K,   0% used [0x00000000e0000000, 0x00000000e0000000, 0x00000000e5560000)
  from space 21824K, 100% used [0x00000000e5560000, 0x00000000e6ab0000, 0x00000000e6ab0000)
  to   space 21824K,   0% used [0x00000000e6ab0000, 0x00000000e6ab0000, 0x00000000e8000000)
 concurrent mark-sweep generation total 393216K, used 28130K [0x00000000e8000000, 0x0000000100000000, 0x0000000100000000)
 Metaspace       used 34887K, capacity 35727K, committed 35832K, reserved 1081344K
  class space    used 4069K, capacity 4337K, committed 4344K, reserved 1048576K
}
2017-07-04T14:28:54.376+0200: 18,170: Total time for which application threads were stopped: 0,2034908 seconds, Stopping threads took: 0,0002905 seconds
2017-07-04T14:28:54.491+0200: 18,285: Total time for which application threads were stopped: 0,0380366 seconds, Stopping threads took: 0,0324100 seconds
2017-07-04T14:28:54.559+0200: 18,353: Total time for which application threads were stopped: 0,0231972 seconds, Stopping threads took: 0,0201342 seconds
2017-07-04T14:28:54.594+0200: 18,388: Total time for which application threads were stopped: 0,0086036 seconds, Stopping threads took: 0,0070348 seconds
2017-07-04T14:28:54.614+0200: 18,408: Total time for which application threads were stopped: 0,0089059 seconds, Stopping threads took: 0,0072226 seconds
{Heap before GC invocations=10 (full 1):
 par new generation   total 109248K, used 109225K [0x00000000e0000000, 0x00000000e8000000, 0x00000000e8000000)
  eden space 87424K,  99% used [0x00000000e0000000, 0x00000000e555a7a8, 0x00000000e5560000)
  from space 21824K, 100% used [0x00000000e5560000, 0x00000000e6ab0000, 0x00000000e6ab0000)
  to   space 21824K,   0% used [0x00000000e6ab0000, 0x00000000e6ab0000, 0x00000000e8000000)
 concurrent mark-sweep generation total 393216K, used 28130K [0x00000000e8000000, 0x0000000100000000, 0x0000000100000000)
 Metaspace       used 35007K, capacity 35899K, committed 36216K, reserved 1081344K
  class space    used 4083K, capacity 4371K, committed 4472K, reserved 1048576K
2017-07-04T14:28:54.834+0200: 18,627: [GC (Allocation Failure) 2017-07-04T14:28:54.834+0200: 18,628: [ParNew
Desired survivor size 20112992 bytes, new threshold 8 (max 8)
- age   1:     140160 bytes,     140160 total
- age   2:    7219464 bytes,    7359624 total
- age   3:    8705592 bytes,   16065216 total
: 109225K->21824K(109248K), 0,1092448 secs] 137356K->56201K(502464K), 0,1095638 secs] [Times: user=0,05 sys=0,01, real=0,11 secs] 
Heap after GC invocations=11 (full 1):
 par new generation   total 109248K, used 21824K [0x00000000e0000000, 0x00000000e8000000, 0x00000000e8000000)
  eden space 87424K,   0% used [0x00000000e0000000, 0x00000000e0000000, 0x00000000e5560000)
  from space 21824K, 100% used [0x00000000e6ab0000, 0x00000000e8000000, 0x00000000e8000000)
  to   space 21824K,   0% used [0x00000000e5560000, 0x00000000e5560000, 0x00000000e6ab0000)
 concurrent mark-sweep generation total 393216K, used 34377K [0x00000000e8000000, 0x0000000100000000, 0x0000000100000000)
 Metaspace       used 35007K, capacity 35899K, committed 36216K, reserved 1081344K
  class space    used 4083K, capacity 4371K, committed 4472K, reserved 1048576K
}
2017-07-04T14:28:54.943+0200: 18,737: Total time for which application threads were stopped: 0,1115792 seconds, Stopping threads took: 0,0002842 seconds
2017-07-04T14:28:55.955+0200: 19,749: Total time for which application threads were stopped: 0,0035303 seconds, Stopping threads took: 0,0020428 seconds
2017-07-04T14:28:56.232+0200: 20,026: Total time for which application threads were stopped: 0,0021218 seconds, Stopping threads took: 0,0002780 seconds
2017-07-04T14:28:56.233+0200: 20,027: Total time for which application threads were stopped: 0,0014642 seconds, Stopping threads took: 0,0000919 seconds
2017-07-04T14:28:56.609+0200: 20,403: Total time for which application threads were stopped: 0,0021569 seconds, Stopping threads took: 0,0002815 seconds
2017-07-04T14:28:56.610+0200: 20,404: Total time for which application threads were stopped: 0,0017112 seconds, Stopping threads took: 0,0000940 seconds
2017-07-04T14:28:56.618+0200: 20,412: Total time for which application threads were stopped: 0,0017236 seconds, Stopping threads took: 0,0001882 seconds
2017-07-04T14:28:56.633+0200: 20,427: Total time for which application threads were stopped: 0,0043888 seconds, Stopping threads took: 0,0003079 seconds
2017-07-04T14:28:56.657+0200: 20,451: Total time for which application threads were stopped: 0,0176163 seconds, Stopping threads took: 0,0002522 seconds
2017-07-04T14:28:56.664+0200: 20,458: Total time for which application threads were stopped: 0,0018099 seconds, Stopping threads took: 0,0002094 seconds
2017-07-04T14:28:56.669+0200: 20,463: Total time for which application threads were stopped: 0,0016971 seconds, Stopping threads took: 0,0001725 seconds
2017-07-04T14:28:56.768+0200: 20,562: Total time for which application threads were stopped: 0,0019031 seconds, Stopping threads took: 0,0002911 seconds
2017-07-04T14:28:56.770+0200: 20,564: Total time for which application threads were stopped: 0,0013862 seconds, Stopping threads took: 0,0000803 seconds
2017-07-04T14:28:56.784+0200: 20,578: Total time for which application threads were stopped: 0,0073898 seconds, Stopping threads took: 0,0056073 seconds
2017-07-04T14:28:56.794+0200: 20,588: Total time for which application threads were stopped: 0,0100829 seconds, Stopping threads took: 0,0000897 seconds
2017-07-04T14:28:56.816+0200: 20,610: Total time for which application threads were stopped: 0,0169702 seconds, Stopping threads took: 0,0002318 seconds
2017-07-04T14:28:56.826+0200: 20,620: Total time for which application threads were stopped: 0,0018682 seconds, Stopping threads took: 0,0002515 seconds
2017-07-04T14:28:56.881+0200: 20,675: Total time for which application threads were stopped: 0,0061165 seconds, Stopping threads took: 0,0003038 seconds
2017-07-04T14:28:56.900+0200: 20,694: Total time for which application threads were stopped: 0,0019009 seconds, Stopping threads took: 0,0002900 seconds
2017-07-04T14:28:56.942+0200: 20,736: Total time for which application threads were stopped: 0,0017861 seconds, Stopping threads took: 0,0002655 seconds
2017-07-04T14:28:56.988+0200: 20,782: Total time for which application threads were stopped: 0,0382030 seconds, Stopping threads took: 0,0002607 seconds
2017-07-04T14:28:56.990+0200: 20,784: Total time for which application threads were stopped: 0,0016787 seconds, Stopping threads took: 0,0001439 seconds
2017-07-04T14:28:57.010+0200: 20,804: Total time for which application threads were stopped: 0,0019287 seconds, Stopping threads took: 0,0002652 seconds
2017-07-04T14:28:57.023+0200: 20,817: Total time for which application threads were stopped: 0,0018988 seconds, Stopping threads took: 0,0002679 seconds
2017-07-04T14:28:57.058+0200: 20,852: Total time for which application threads were stopped: 0,0277345 seconds, Stopping threads took: 0,0002822 seconds
2017-07-04T14:28:57.074+0200: 20,868: Total time for which application threads were stopped: 0,0089295 seconds, Stopping threads took: 0,0002593 seconds
2017-07-04T14:28:57.076+0200: 20,870: Total time for which application threads were stopped: 0,0014935 seconds, Stopping threads took: 0,0000920 seconds
2017-07-04T14:28:57.130+0200: 20,924: Total time for which application threads were stopped: 0,0076699 seconds, Stopping threads took: 0,0003680 seconds
2017-07-04T14:28:57.164+0200: 20,958: Total time for which application threads were stopped: 0,0036751 seconds, Stopping threads took: 0,0020417 seconds
2017-07-04T14:28:57.214+0200: 21,008: Total time for which application threads were stopped: 0,0344543 seconds, Stopping threads took: 0,0327429 seconds
2017-07-04T14:28:57.409+0200: 21,203: Total time for which application threads were stopped: 0,1896572 seconds, Stopping threads took: 0,0002387 seconds
2017-07-04T14:28:57.462+0200: 21,256: Total time for which application threads were stopped: 0,0019648 seconds, Stopping threads took: 0,0003298 seconds
2017-07-04T14:28:57.482+0200: 21,276: Total time for which application threads were stopped: 0,0018694 seconds, Stopping threads took: 0,0002620 seconds
2017-07-04T14:28:57.538+0200: 21,332: Total time for which application threads were stopped: 0,0019004 seconds, Stopping threads took: 0,0003350 seconds
2017-07-04T14:28:57.571+0200: 21,365: Total time for which application threads were stopped: 0,0018767 seconds, Stopping threads took: 0,0002892 seconds
2017-07-04T14:28:57.663+0200: 21,457: Total time for which application threads were stopped: 0,0783825 seconds, Stopping threads took: 0,0002813 seconds
2017-07-04T14:28:57.810+0200: 21,604: Total time for which application threads were stopped: 0,0641174 seconds, Stopping threads took: 0,0625159 seconds
2017-07-04T14:28:57.819+0200: 21,613: Total time for which application threads were stopped: 0,0019037 seconds, Stopping threads took: 0,0002385 seconds
2017-07-04T14:28:57.886+0200: 21,680: Total time for which application threads were stopped: 0,0136391 seconds, Stopping threads took: 0,0002580 seconds
2017-07-04T14:28:57.890+0200: 21,684: Total time for which application threads were stopped: 0,0017665 seconds, Stopping threads took: 0,0001442 seconds
2017-07-04T14:28:57.938+0200: 21,732: Total time for which application threads were stopped: 0,0260188 seconds, Stopping threads took: 0,0243421 seconds
2017-07-04T14:28:57.954+0200: 21,748: Total time for which application threads were stopped: 0,0018807 seconds, Stopping threads took: 0,0002647 seconds
2017-07-04T14:28:57.969+0200: 21,763: Total time for which application threads were stopped: 0,0060578 seconds, Stopping threads took: 0,0002932 seconds
2017-07-04T14:28:57.996+0200: 21,790: Total time for which application threads were stopped: 0,0018726 seconds, Stopping threads took: 0,0002730 seconds
2017-07-04T14:28:58.048+0200: 21,842: Total time for which application threads were stopped: 0,0289643 seconds, Stopping threads took: 0,0002590 seconds
{Heap before GC invocations=11 (full 1):
 par new generation   total 109248K, used 109248K [0x00000000e0000000, 0x00000000e8000000, 0x00000000e8000000)
  eden space 87424K, 100% used [0x00000000e0000000, 0x00000000e5560000, 0x00000000e5560000)
  from space 21824K, 100% used [0x00000000e6ab0000, 0x00000000e8000000, 0x00000000e8000000)
  to   space 21824K,   0% used [0x00000000e5560000, 0x00000000e5560000, 0x00000000e6ab0000)
 concurrent mark-sweep generation total 393216K, used 34377K [0x00000000e8000000, 0x0000000100000000, 0x0000000100000000)
 Metaspace       used 35459K, capacity 36429K, committed 36728K, reserved 1081344K
  class space    used 4110K, capacity 4390K, committed 4472K, reserved 1048576K
2017-07-04T14:28:58.721+0200: 22,515: [GC (Allocation Failure) 2017-07-04T14:28:58.721+0200: 22,515: [ParNew
Desired survivor size 20112992 bytes, new threshold 8 (max 8)
- age   1:    5643272 bytes,    5643272 total
- age   2:      82168 bytes,    5725440 total
- age   3:    6523600 bytes,   12249040 total
- age   4:    6061976 bytes,   18311016 total
: 109248K->21824K(109248K), 0,0480683 secs] 143625K->56201K(502464K), 0,0483992 secs] [Times: user=0,04 sys=0,00, real=0,05 secs] 
Heap after GC invocations=12 (full 1):
 par new generation   total 109248K, used 21824K [0x00000000e0000000, 0x00000000e8000000, 0x00000000e8000000)
  eden space 87424K,   0% used [0x00000000e0000000, 0x00000000e0000000, 0x00000000e5560000)
  from space 21824K, 100% used [0x00000000e5560000, 0x00000000e6ab0000, 0x00000000e6ab0000)
  to   space 21824K,   0% used [0x00000000e6ab0000, 0x00000000e6ab0000, 0x00000000e8000000)
 concurrent mark-sweep generation total 393216K, used 34377K [0x00000000e8000000, 0x0000000100000000, 0x0000000100000000)
 Metaspace       used 35459K, capacity 36429K, committed 36728K, reserved 1081344K
  class space    used 4110K, capacity 4390K, committed 4472K, reserved 1048576K
}
2017-07-04T14:28:58.770+0200: 22,564: Total time for which application threads were stopped: 0,0561258 seconds, Stopping threads took: 0,0065567 seconds
2017-07-04T14:28:58.949+0200: 22,743: Total time for which application threads were stopped: 0,0057446 seconds, Stopping threads took: 0,0049607 seconds
2017-07-04T14:28:58.969+0200: 22,763: Total time for which application threads were stopped: 0,0008003 seconds, Stopping threads took: 0,0001972 seconds
{Heap before GC invocations=12 (full 1):
 par new generation   total 109248K, used 109248K [0x00000000e0000000, 0x00000000e8000000, 0x00000000e8000000)
  eden space 87424K, 100% used [0x00000000e0000000, 0x00000000e5560000, 0x00000000e5560000)
  from space 21824K, 100% used [0x00000000e5560000, 0x00000000e6ab0000, 0x00000000e6ab0000)
  to   space 21824K,   0% used [0x00000000e6ab0000, 0x00000000e6ab0000, 0x00000000e8000000)
 concurrent mark-sweep generation total 393216K, used 34377K [0x00000000e8000000, 0x0000000100000000, 0x0000000100000000)
 Metaspace       used 35642K, capacity 36581K, committed 36728K, reserved 1081344K
  class space    used 4112K, capacity 4394K, committed 4472K, reserved 1048576K
2017-07-04T14:28:59.297+0200: 23,091: [GC (Allocation Failure) 2017-07-04T14:28:59.297+0200: 23,091: [ParNew
Desired survivor size 20112992 bytes, new threshold 8 (max 8)
- age   1:    2032976 bytes,    2032976 total
- age   2:    4892264 bytes,    6925240 total
- age   3:      81712 bytes,    7006952 total
- age   4:    6276408 bytes,   13283360 total
- age   5:    6054368 bytes,   19337728 total
: 109248K->21824K(109248K), 0,0419142 secs] 143625K->56851K(502464K), 0,0422596 secs] [Times: user=0,04 sys=0,00, real=0,04 secs] 
Heap after GC invocations=13 (full 1):
 par new generation   total 109248K, used 21824K [0x00000000e0000000, 0x00000000e8000000, 0x00000000e8000000)
  eden space 87424K,   0% used [0x00000000e0000000, 0x00000000e0000000, 0x00000000e5560000)
  from space 21824K, 100% used [0x00000000e6ab0000, 0x00000000e8000000, 0x00000000e8000000)
  to   space 21824K,   0% used [0x00000000e5560000, 0x00000000e5560000, 0x00000000e6ab0000)
 concurrent mark-sweep generation total 393216K, used 35027K [0x00000000e8000000, 0x0000000100000000, 0x0000000100000000)
 Metaspace       used 35642K, capacity 36581K, committed 36728K, reserved 1081344K
  class space    used 4112K, capacity 4394K, committed 4472K, reserved 1048576K
}
2017-07-04T14:28:59.339+0200: 23,133: Total time for which application threads were stopped: 0,0434976 seconds, Stopping threads took: 0,0002496 seconds
2017-07-04T14:28:59.343+0200: 23,137: Total time for which application threads were stopped: 0,0020840 seconds, Stopping threads took: 0,0015187 seconds
2017-07-04T14:28:59.346+0200: 23,140: Total time for which application threads were stopped: 0,0005645 seconds, Stopping threads took: 0,0000795 seconds
2017-07-04T14:28:59.353+0200: 23,147: Total time for which application threads were stopped: 0,0007692 seconds, Stopping threads took: 0,0001869 seconds
2017-07-04T14:28:59.353+0200: 23,147: Total time for which application threads were stopped: 0,0003884 seconds, Stopping threads took: 0,0000383 seconds
2017-07-04T14:28:59.354+0200: 23,148: Total time for which application threads were stopped: 0,0003002 seconds, Stopping threads took: 0,0000347 seconds
2017-07-04T14:28:59.354+0200: 23,148: Total time for which application threads were stopped: 0,0003046 seconds, Stopping threads took: 0,0000439 seconds
2017-07-04T14:28:59.354+0200: 23,148: Total time for which application threads were stopped: 0,0003058 seconds, Stopping threads took: 0,0000342 seconds
2017-07-04T14:28:59.356+0200: 23,150: Total time for which application threads were stopped: 0,0004142 seconds, Stopping threads took: 0,0000655 seconds
2017-07-04T14:28:59.356+0200: 23,150: Total time for which application threads were stopped: 0,0003311 seconds, Stopping threads took: 0,0000454 seconds
2017-07-04T14:28:59.358+0200: 23,152: Total time for which application threads were stopped: 0,0005147 seconds, Stopping threads took: 0,0000995 seconds
2017-07-04T14:28:59.369+0200: 23,163: Total time for which application threads were stopped: 0,0024553 seconds, Stopping threads took: 0,0018656 seconds
2017-07-04T14:28:59.370+0200: 23,164: Total time for which application threads were stopped: 0,0003113 seconds, Stopping threads took: 0,0000347 seconds
2017-07-04T14:28:59.370+0200: 23,164: Total time for which application threads were stopped: 0,0003218 seconds, Stopping threads took: 0,0000337 seconds
2017-07-04T14:28:59.377+0200: 23,171: Total time for which application threads were stopped: 0,0006374 seconds, Stopping threads took: 0,0001124 seconds
2017-07-04T14:28:59.381+0200: 23,175: Total time for which application threads were stopped: 0,0009337 seconds, Stopping threads took: 0,0002091 seconds
2017-07-04T14:28:59.389+0200: 23,183: Total time for which application threads were stopped: 0,0012620 seconds, Stopping threads took: 0,0004244 seconds
2017-07-04T14:28:59.394+0200: 23,188: Total time for which application threads were stopped: 0,0023347 seconds, Stopping threads took: 0,0017577 seconds
2017-07-04T14:28:59.396+0200: 23,190: Total time for which application threads were stopped: 0,0018589 seconds, Stopping threads took: 0,0000354 seconds
{Heap before GC invocations=13 (full 1):
 par new generation   total 109248K, used 109248K [0x00000000e0000000, 0x00000000e8000000, 0x00000000e8000000)
  eden space 87424K, 100% used [0x00000000e0000000, 0x00000000e5560000, 0x00000000e5560000)
  from space 21824K, 100% used [0x00000000e6ab0000, 0x00000000e8000000, 0x00000000e8000000)
  to   space 21824K,   0% used [0x00000000e5560000, 0x00000000e5560000, 0x00000000e6ab0000)
 concurrent mark-sweep generation total 393216K, used 35027K [0x00000000e8000000, 0x0000000100000000, 0x0000000100000000)
 Metaspace       used 35655K, capacity 36599K, committed 36728K, reserved 1081344K
  class space    used 4113K, capacity 4397K, committed 4472K, reserved 1048576K
2017-07-04T14:28:59.508+0200: 23,302: [GC (Allocation Failure) 2017-07-04T14:28:59.508+0200: 23,302: [ParNew
Desired survivor size 20112992 bytes, new threshold 8 (max 8)
- age   1:     473520 bytes,     473520 total
- age   2:    1632456 bytes,    2105976 total
- age   3:    4559496 bytes,    6665472 total
- age   4:      48592 bytes,    6714064 total
- age   5:    6152504 bytes,   12866568 total
- age   6:    6008768 bytes,   18875336 total
: 109248K->21824K(109248K), 0,0341331 secs] 144275K->57642K(502464K), 0,0344729 secs] [Times: user=0,03 sys=0,00, real=0,03 secs] 
Heap after GC invocations=14 (full 1):
 par new generation   total 109248K, used 21824K [0x00000000e0000000, 0x00000000e8000000, 0x00000000e8000000)
  eden space 87424K,   0% used [0x00000000e0000000, 0x00000000e0000000, 0x00000000e5560000)
  from space 21824K, 100% used [0x00000000e5560000, 0x00000000e6ab0000, 0x00000000e6ab0000)
  to   space 21824K,   0% used [0x00000000e6ab0000, 0x00000000e6ab0000, 0x00000000e8000000)
 concurrent mark-sweep generation total 393216K, used 35818K [0x00000000e8000000, 0x0000000100000000, 0x0000000100000000)
 Metaspace       used 35655K, capacity 36599K, committed 36728K, reserved 1081344K
  class space    used 4113K, capacity 4397K, committed 4472K, reserved 1048576K
}
2017-07-04T14:28:59.543+0200: 23,337: Total time for which application threads were stopped: 0,0355834 seconds, Stopping threads took: 0,0002065 seconds
2017-07-04T14:28:59.851+0200: 23,645: Total time for which application threads were stopped: 0,0026382 seconds, Stopping threads took: 0,0020566 seconds
2017-07-04T14:28:59.852+0200: 23,646: Total time for which application threads were stopped: 0,0003235 seconds, Stopping threads took: 0,0000354 seconds
2017-07-04T14:28:59.852+0200: 23,646: Total time for which application threads were stopped: 0,0003318 seconds, Stopping threads took: 0,0000334 seconds
2017-07-04T14:28:59.852+0200: 23,646: Total time for which application threads were stopped: 0,0003114 seconds, Stopping threads took: 0,0000354 seconds
2017-07-04T14:28:59.853+0200: 23,647: Total time for which application threads were stopped: 0,0002902 seconds, Stopping threads took: 0,0000347 seconds
2017-07-04T14:28:59.853+0200: 23,647: Total time for which application threads were stopped: 0,0002988 seconds, Stopping threads took: 0,0000343 seconds
2017-07-04T14:28:59.869+0200: 23,663: Total time for which application threads were stopped: 0,0007553 seconds, Stopping threads took: 0,0001899 seconds
2017-07-04T14:28:59.870+0200: 23,664: Total time for which application threads were stopped: 0,0003351 seconds, Stopping threads took: 0,0000598 seconds
2017-07-04T14:28:59.871+0200: 23,665: Total time for which application threads were stopped: 0,0004320 seconds, Stopping threads took: 0,0000589 seconds
2017-07-04T14:28:59.876+0200: 23,670: Total time for which application threads were stopped: 0,0006886 seconds, Stopping threads took: 0,0001475 seconds
2017-07-04T14:28:59.876+0200: 23,670: Total time for which application threads were stopped: 0,0003447 seconds, Stopping threads took: 0,0000420 seconds
2017-07-04T14:28:59.877+0200: 23,671: Total time for which application threads were stopped: 0,0003272 seconds, Stopping threads took: 0,0000458 seconds
2017-07-04T14:29:03.883+0200: 27,677: Total time for which application threads were stopped: 0,0008492 seconds, Stopping threads took: 0,0001795 seconds
2017-07-04T14:29:04.885+0200: 28,679: Total time for which application threads were stopped: 0,0010544 seconds, Stopping threads took: 0,0002158 seconds
2017-07-04T14:29:08.887+0200: 32,681: Total time for which application threads were stopped: 0,0007494 seconds, Stopping threads took: 0,0001582 seconds
2017-07-04T14:29:09.888+0200: 33,682: Total time for which application threads were stopped: 0,0008704 seconds, Stopping threads took: 0,0002052 seconds
2017-07-04T14:29:13.889+0200: 37,683: Total time for which application threads were stopped: 0,0008363 seconds, Stopping threads took: 0,0001973 seconds
2017-07-04T14:29:28.892+0200: 52,686: Total time for which application threads were stopped: 0,0008118 seconds, Stopping threads took: 0,0001966 seconds
2017-07-04T14:29:33.894+0200: 57,688: Total time for which application threads were stopped: 0,0008386 seconds, Stopping threads took: 0,0001948 seconds
2017-07-04T14:29:37.896+0200: 61,690: Total time for which application threads were stopped: 0,0008050 seconds, Stopping threads took: 0,0001980 seconds
2017-07-04T14:29:38.897+0200: 62,691: Total time for which application threads were stopped: 0,0007675 seconds, Stopping threads took: 0,0001577 seconds
2017-07-04T14:29:39.551+0200: 63,345: Total time for which application threads were stopped: 0,0013798 seconds, Stopping threads took: 0,0002828 seconds
2017-07-04T14:29:39.552+0200: 63,346: Total time for which application threads were stopped: 0,0008704 seconds, Stopping threads took: 0,0001086 seconds
2017-07-04T14:29:39.553+0200: 63,347: Total time for which application threads were stopped: 0,0008138 seconds, Stopping threads took: 0,0000804 seconds
2017-07-04T14:29:39.554+0200: 63,348: Total time for which application threads were stopped: 0,0007702 seconds, Stopping threads took: 0,0000775 seconds
2017-07-04T14:29:39.556+0200: 63,350: Total time for which application threads were stopped: 0,0007784 seconds, Stopping threads took: 0,0001029 seconds
2017-07-04T14:29:39.557+0200: 63,351: Total time for which application threads were stopped: 0,0007558 seconds, Stopping threads took: 0,0000780 seconds
2017-07-04T14:29:39.558+0200: 63,352: Total time for which application threads were stopped: 0,0007360 seconds, Stopping threads took: 0,0000769 seconds
2017-07-04T14:29:39.559+0200: 63,353: Total time for which application threads were stopped: 0,0007237 seconds, Stopping threads took: 0,0000771 seconds
2017-07-04T14:29:39.560+0200: 63,354: Total time for which application threads were stopped: 0,0007857 seconds, Stopping threads took: 0,0000769 seconds
2017-07-04T14:29:39.561+0200: 63,355: Total time for which application threads were stopped: 0,0007496 seconds, Stopping threads took: 0,0000774 seconds
2017-07-04T14:29:39.562+0200: 63,356: Total time for which application threads were stopped: 0,0008625 seconds, Stopping threads took: 0,0000997 seconds
2017-07-04T14:29:39.563+0200: 63,357: Total time for which application threads were stopped: 0,0007426 seconds, Stopping threads took: 0,0000770 seconds
2017-07-04T14:29:39.564+0200: 63,358: Total time for which application threads were stopped: 0,0008658 seconds, Stopping threads took: 0,0000773 seconds
2017-07-04T14:29:39.568+0200: 63,362: Total time for which application threads were stopped: 0,0036712 seconds, Stopping threads took: 0,0000770 seconds
2017-07-04T14:29:39.573+0200: 63,367: Total time for which application threads were stopped: 0,0010323 seconds, Stopping threads took: 0,0001526 seconds
2017-07-04T14:29:39.575+0200: 63,369: Total time for which application threads were stopped: 0,0007442 seconds, Stopping threads took: 0,0000730 seconds
2017-07-04T14:29:39.576+0200: 63,370: Total time for which application threads were stopped: 0,0007387 seconds, Stopping threads took: 0,0000738 seconds
2017-07-04T14:29:39.580+0200: 63,374: Total time for which application threads were stopped: 0,0033174 seconds, Stopping threads took: 0,0000991 seconds
2017-07-04T14:29:40.605+0200: 64,399: Total time for which application threads were stopped: 0,0010666 seconds, Stopping threads took: 0,0002214 seconds
2017-07-04T14:29:41.606+0200: 65,400: Total time for which application threads were stopped: 0,0008125 seconds, Stopping threads took: 0,0001945 seconds
2017-07-04T14:29:44.608+0200: 68,402: Total time for which application threads were stopped: 0,0011515 seconds, Stopping threads took: 0,0002687 seconds
2017-07-04T14:29:45.610+0200: 69,404: Total time for which application threads were stopped: 0,0012587 seconds, Stopping threads took: 0,0002377 seconds
2017-07-04T14:29:48.611+0200: 72,405: Total time for which application threads were stopped: 0,0012267 seconds, Stopping threads took: 0,0002304 seconds
2017-07-04T14:29:49.613+0200: 73,407: Total time for which application threads were stopped: 0,0050904 seconds, Stopping threads took: 0,0002533 seconds
2017-07-04T14:29:51.619+0200: 75,413: Total time for which application threads were stopped: 0,0012501 seconds, Stopping threads took: 0,0002583 seconds
2017-07-04T14:30:08.630+0200: 92,424: Total time for which application threads were stopped: 0,0011982 seconds, Stopping threads took: 0,0003084 seconds
2017-07-04T14:30:34.927+0200: 118,721: Total time for which application threads were stopped: 0,0186291 seconds, Stopping threads took: 0,0179687 seconds
2017-07-04T14:30:34.936+0200: 118,730: Total time for which application threads were stopped: 0,0069844 seconds, Stopping threads took: 0,0060857 seconds
2017-07-04T14:30:34.957+0200: 118,751: Total time for which application threads were stopped: 0,0016560 seconds, Stopping threads took: 0,0010336 seconds
2017-07-04T14:30:34.973+0200: 118,767: Total time for which application threads were stopped: 0,0008004 seconds, Stopping threads took: 0,0001674 seconds
2017-07-04T14:30:34.974+0200: 118,768: Total time for which application threads were stopped: 0,0003896 seconds, Stopping threads took: 0,0000366 seconds
2017-07-04T14:30:34.977+0200: 118,771: Total time for which application threads were stopped: 0,0005460 seconds, Stopping threads took: 0,0000683 seconds
{Heap before GC invocations=14 (full 1):
 par new generation   total 109248K, used 109242K [0x00000000e0000000, 0x00000000e8000000, 0x00000000e8000000)
  eden space 87424K,  99% used [0x00000000e0000000, 0x00000000e555ea30, 0x00000000e5560000)
  from space 21824K, 100% used [0x00000000e5560000, 0x00000000e6ab0000, 0x00000000e6ab0000)
  to   space 21824K,   0% used [0x00000000e6ab0000, 0x00000000e6ab0000, 0x00000000e8000000)
 concurrent mark-sweep generation total 393216K, used 35818K [0x00000000e8000000, 0x0000000100000000, 0x0000000100000000)
 Metaspace       used 35856K, capacity 36819K, committed 36984K, reserved 1081344K
  class space    used 4116K, capacity 4401K, committed 4472K, reserved 1048576K
2017-07-04T14:30:34.978+0200: 118,772: [GC (Allocation Failure) 2017-07-04T14:30:34.978+0200: 118,772: [ParNew
Desired survivor size 20112992 bytes, new threshold 8 (max 8)
- age   1:    2399392 bytes,    2399392 total
- age   2:      81912 bytes,    2481304 total
- age   3:     828000 bytes,    3309304 total
- age   4:    4191696 bytes,    7501000 total
- age   5:      48592 bytes,    7549592 total
- age   6:    5307312 bytes,   12856904 total
- age   7:    5987712 bytes,   18844616 total
: 109242K->21824K(109248K), 0,1060031 secs] 145060K->58950K(502464K), 0,1063377 secs] [Times: user=0,06 sys=0,00, real=0,11 secs] 
Heap after GC invocations=15 (full 1):
 par new generation   total 109248K, used 21824K [0x00000000e0000000, 0x00000000e8000000, 0x00000000e8000000)
  eden space 87424K,   0% used [0x00000000e0000000, 0x00000000e0000000, 0x00000000e5560000)
  from space 21824K, 100% used [0x00000000e6ab0000, 0x00000000e8000000, 0x00000000e8000000)
  to   space 21824K,   0% used [0x00000000e5560000, 0x00000000e5560000, 0x00000000e6ab0000)
 concurrent mark-sweep generation total 393216K, used 37126K [0x00000000e8000000, 0x0000000100000000, 0x0000000100000000)
 Metaspace       used 35856K, capacity 36819K, committed 36984K, reserved 1081344K
  class space    used 4116K, capacity 4401K, committed 4472K, reserved 1048576K
}
2017-07-04T14:30:35.084+0200: 118,878: Total time for which application threads were stopped: 0,1070247 seconds, Stopping threads took: 0,0000405 seconds
2017-07-04T14:30:35.086+0200: 118,880: Total time for which application threads were stopped: 0,0006721 seconds, Stopping threads took: 0,0000624 seconds
{Heap before GC invocations=15 (full 1):
 par new generation   total 109248K, used 109247K [0x00000000e0000000, 0x00000000e8000000, 0x00000000e8000000)
  eden space 87424K,  99% used [0x00000000e0000000, 0x00000000e555fd18, 0x00000000e5560000)
  from space 21824K, 100% used [0x00000000e6ab0000, 0x00000000e8000000, 0x00000000e8000000)
  to   space 21824K,   0% used [0x00000000e5560000, 0x00000000e5560000, 0x00000000e6ab0000)
 concurrent mark-sweep generation total 393216K, used 37126K [0x00000000e8000000, 0x0000000100000000, 0x0000000100000000)
 Metaspace       used 35868K, capacity 36831K, committed 36984K, reserved 1081344K
  class space    used 4117K, capacity 4403K, committed 4472K, reserved 1048576K
2017-07-04T14:30:35.420+0200: 119,214: [GC (Allocation Failure) 2017-07-04T14:30:35.420+0200: 119,214: [ParNew
Desired survivor size 20112992 bytes, new threshold 8 (max 8)
- age   1:     194960 bytes,     194960 total
- age   2:    1493480 bytes,    1688440 total
- age   3:      44808 bytes,    1733248 total
- age   4:     691048 bytes,    2424296 total
- age   5:    3644600 bytes,    6068896 total
- age   6:      48136 bytes,    6117032 total
- age   7:    5288000 bytes,   11405032 total
- age   8:    5907248 bytes,   17312280 total
: 109247K->21824K(109248K), 0,0721942 secs] 146373K->60522K(502464K), 0,0725084 secs] [Times: user=0,04 sys=0,01, real=0,07 secs] 
Heap after GC invocations=16 (full 1):
 par new generation   total 109248K, used 21824K [0x00000000e0000000, 0x00000000e8000000, 0x00000000e8000000)
  eden space 87424K,   0% used [0x00000000e0000000, 0x00000000e0000000, 0x00000000e5560000)
  from space 21824K, 100% used [0x00000000e5560000, 0x00000000e6ab0000, 0x00000000e6ab0000)
  to   space 21824K,   0% used [0x00000000e6ab0000, 0x00000000e6ab0000, 0x00000000e8000000)
 concurrent mark-sweep generation total 393216K, used 38698K [0x00000000e8000000, 0x0000000100000000, 0x0000000100000000)
 Metaspace       used 35868K, capacity 36831K, committed 36984K, reserved 1081344K
  class space    used 4117K, capacity 4403K, committed 4472K, reserved 1048576K
}
2017-07-04T14:30:35.493+0200: 119,287: Total time for which application threads were stopped: 0,0736027 seconds, Stopping threads took: 0,0001945 seconds
{Heap before GC invocations=16 (full 1):
 par new generation   total 109248K, used 109248K [0x00000000e0000000, 0x00000000e8000000, 0x00000000e8000000)
  eden space 87424K, 100% used [0x00000000e0000000, 0x00000000e5560000, 0x00000000e5560000)
  from space 21824K, 100% used [0x00000000e5560000, 0x00000000e6ab0000, 0x00000000e6ab0000)
  to   space 21824K,   0% used [0x00000000e6ab0000, 0x00000000e6ab0000, 0x00000000e8000000)
 concurrent mark-sweep generation total 393216K, used 38698K [0x00000000e8000000, 0x0000000100000000, 0x0000000100000000)
 Metaspace       used 36046K, capacity 37075K, committed 37240K, reserved 1081344K
  class space    used 4138K, capacity 4439K, committed 4472K, reserved 1048576K
2017-07-04T14:30:36.017+0200: 119,811: [GC (Allocation Failure) 2017-07-04T14:30:36.017+0200: 119,811: [ParNew
Desired survivor size 20112992 bytes, new threshold 8 (max 8)
- age   1:     508384 bytes,     508384 total
- age   2:      23856 bytes,     532240 total
- age   3:    1493416 bytes,    2025656 total
- age   4:      44808 bytes,    2070464 total
- age   5:     691048 bytes,    2761512 total
- age   6:    3644600 bytes,    6406112 total
- age   7:      48136 bytes,    6454248 total
- age   8:    5287968 bytes,   11742216 total
: 109248K->19143K(109248K), 0,0668332 secs] 147946K->63670K(502464K), 0,0671608 secs] [Times: user=0,05 sys=0,00, real=0,07 secs] 
Heap after GC invocations=17 (full 1):
 par new generation   total 109248K, used 19143K [0x00000000e0000000, 0x00000000e8000000, 0x00000000e8000000)
  eden space 87424K,   0% used [0x00000000e0000000, 0x00000000e0000000, 0x00000000e5560000)
  from space 21824K,  87% used [0x00000000e6ab0000, 0x00000000e7d61e88, 0x00000000e8000000)
  to   space 21824K,   0% used [0x00000000e5560000, 0x00000000e5560000, 0x00000000e6ab0000)
 concurrent mark-sweep generation total 393216K, used 44527K [0x00000000e8000000, 0x0000000100000000, 0x0000000100000000)
 Metaspace       used 36046K, capacity 37075K, committed 37240K, reserved 1081344K
  class space    used 4138K, capacity 4439K, committed 4472K, reserved 1048576K
}
2017-07-04T14:30:36.084+0200: 119,878: Total time for which application threads were stopped: 0,0682868 seconds, Stopping threads took: 0,0001870 seconds
{Heap before GC invocations=17 (full 1):
 par new generation   total 109248K, used 106567K [0x00000000e0000000, 0x00000000e8000000, 0x00000000e8000000)
  eden space 87424K, 100% used [0x00000000e0000000, 0x00000000e5560000, 0x00000000e5560000)
  from space 21824K,  87% used [0x00000000e6ab0000, 0x00000000e7d61e88, 0x00000000e8000000)
  to   space 21824K,   0% used [0x00000000e5560000, 0x00000000e5560000, 0x00000000e6ab0000)
 concurrent mark-sweep generation total 393216K, used 44527K [0x00000000e8000000, 0x0000000100000000, 0x0000000100000000)
 Metaspace       used 36049K, capacity 37075K, committed 37240K, reserved 1081344K
  class space    used 4138K, capacity 4439K, committed 4472K, reserved 1048576K
2017-07-04T14:30:36.413+0200: 120,207: [GC (Allocation Failure) 2017-07-04T14:30:36.414+0200: 120,207: [ParNew
Desired survivor size 20112992 bytes, new threshold 8 (max 8)
- age   1:     257504 bytes,     257504 total
- age   2:     194160 bytes,     451664 total
- age   3:      23856 bytes,     475520 total
- age   4:    1492320 bytes,    1967840 total
- age   5:      44808 bytes,    2012648 total
- age   6:     691048 bytes,    2703696 total
- age   7:    3644600 bytes,    6348296 total
- age   8:      48136 bytes,    6396432 total
: 106567K->9802K(109248K), 0,0899888 secs] 151094K->59515K(502464K), 0,0903465 secs] [Times: user=0,04 sys=0,00, real=0,09 secs] 
Heap after GC invocations=18 (full 1):
 par new generation   total 109248K, used 9802K [0x00000000e0000000, 0x00000000e8000000, 0x00000000e8000000)
  eden space 87424K,   0% used [0x00000000e0000000, 0x00000000e0000000, 0x00000000e5560000)
  from space 21824K,  44% used [0x00000000e5560000, 0x00000000e5ef2af0, 0x00000000e6ab0000)
  to   space 21824K,   0% used [0x00000000e6ab0000, 0x00000000e6ab0000, 0x00000000e8000000)
 concurrent mark-sweep generation total 393216K, used 49713K [0x00000000e8000000, 0x0000000100000000, 0x0000000100000000)
 Metaspace       used 36049K, capacity 37075K, committed 37240K, reserved 1081344K
  class space    used 4138K, capacity 4439K, committed 4472K, reserved 1048576K
}
2017-07-04T14:30:36.504+0200: 120,298: Total time for which application threads were stopped: 0,1139399 seconds, Stopping threads took: 0,0226651 seconds
2017-07-04T14:30:36.751+0200: 120,545: Total time for which application threads were stopped: 0,0027448 seconds, Stopping threads took: 0,0020628 seconds
2017-07-04T14:30:36.752+0200: 120,546: Total time for which application threads were stopped: 0,0004733 seconds, Stopping threads took: 0,0000789 seconds
2017-07-04T14:30:37.020+0200: 120,814: Total time for which application threads were stopped: 0,0009847 seconds, Stopping threads took: 0,0001799 seconds
2017-07-04T14:30:37.174+0200: 120,968: Total time for which application threads were stopped: 0,0008080 seconds, Stopping threads took: 0,0001753 seconds
2017-07-04T14:30:37.295+0200: 121,089: Total time for which application threads were stopped: 0,0019311 seconds, Stopping threads took: 0,0002616 seconds
2017-07-04T14:30:37.311+0200: 121,105: Total time for which application threads were stopped: 0,0018905 seconds, Stopping threads took: 0,0001992 seconds
2017-07-04T14:30:37.378+0200: 121,172: Total time for which application threads were stopped: 0,0018651 seconds, Stopping threads took: 0,0001734 seconds
2017-07-04T14:30:38.379+0200: 122,173: Total time for which application threads were stopped: 0,0008929 seconds, Stopping threads took: 0,0001977 seconds
2017-07-04T14:30:38.400+0200: 122,194: Total time for which application threads were stopped: 0,0023644 seconds, Stopping threads took: 0,0002003 seconds
2017-07-04T14:30:38.513+0200: 122,307: Total time for which application threads were stopped: 0,0360186 seconds, Stopping threads took: 0,0351870 seconds
{Heap before GC invocations=18 (full 1):
 par new generation   total 109248K, used 97226K [0x00000000e0000000, 0x00000000e8000000, 0x00000000e8000000)
  eden space 87424K, 100% used [0x00000000e0000000, 0x00000000e5560000, 0x00000000e5560000)
  from space 21824K,  44% used [0x00000000e5560000, 0x00000000e5ef2af0, 0x00000000e6ab0000)
  to   space 21824K,   0% used [0x00000000e6ab0000, 0x00000000e6ab0000, 0x00000000e8000000)
 concurrent mark-sweep generation total 393216K, used 49713K [0x00000000e8000000, 0x0000000100000000, 0x0000000100000000)
 Metaspace       used 36778K, capacity 37849K, committed 38136K, reserved 1083392K
  class space    used 4222K, capacity 4520K, committed 4600K, reserved 1048576K
2017-07-04T14:30:38.541+0200: 122,335: [GC (Allocation Failure) 2017-07-04T14:30:38.541+0200: 122,335: [ParNew
Desired survivor size 20112992 bytes, new threshold 8 (max 8)
- age   1:    8436368 bytes,    8436368 total
- age   2:      88944 bytes,    8525312 total
- age   3:     129808 bytes,    8655120 total
- age   4:      23136 bytes,    8678256 total
- age   5:     852392 bytes,    9530648 total
- age   6:      44808 bytes,    9575456 total
- age   7:     691048 bytes,   10266504 total
- age   8:    3327344 bytes,   13593848 total
: 97226K->14764K(109248K), 0,0674882 secs] 146939K->64525K(502464K), 0,0678124 secs] [Times: user=0,03 sys=0,00, real=0,07 secs] 
Heap after GC invocations=19 (full 1):
 par new generation   total 109248K, used 14764K [0x00000000e0000000, 0x00000000e8000000, 0x00000000e8000000)
  eden space 87424K,   0% used [0x00000000e0000000, 0x00000000e0000000, 0x00000000e5560000)
  from space 21824K,  67% used [0x00000000e6ab0000, 0x00000000e791b298, 0x00000000e8000000)
  to   space 21824K,   0% used [0x00000000e5560000, 0x00000000e5560000, 0x00000000e6ab0000)
 concurrent mark-sweep generation total 393216K, used 49760K [0x00000000e8000000, 0x0000000100000000, 0x0000000100000000)
 Metaspace       used 36778K, capacity 37849K, committed 38136K, reserved 1083392K
  class space    used 4222K, capacity 4520K, committed 4600K, reserved 1048576K
}
2017-07-04T14:30:38.609+0200: 122,403: Total time for which application threads were stopped: 0,0844941 seconds, Stopping threads took: 0,0157694 seconds
{Heap before GC invocations=19 (full 1):
 par new generation   total 109248K, used 102188K [0x00000000e0000000, 0x00000000e8000000, 0x00000000e8000000)
  eden space 87424K, 100% used [0x00000000e0000000, 0x00000000e5560000, 0x00000000e5560000)
  from space 21824K,  67% used [0x00000000e6ab0000, 0x00000000e791b298, 0x00000000e8000000)
  to   space 21824K,   0% used [0x00000000e5560000, 0x00000000e5560000, 0x00000000e6ab0000)
 concurrent mark-sweep generation total 393216K, used 49760K [0x00000000e8000000, 0x0000000100000000, 0x0000000100000000)
 Metaspace       used 36797K, capacity 37879K, committed 38136K, reserved 1083392K
  class space    used 4225K, capacity 4525K, committed 4600K, reserved 1048576K
2017-07-04T14:30:38.757+0200: 122,551: [GC (Allocation Failure) 2017-07-04T14:30:38.757+0200: 122,551: [ParNew
Desired survivor size 20112992 bytes, new threshold 8 (max 8)
- age   1:     276136 bytes,     276136 total
- age   2:    7887912 bytes,    8164048 total
- age   3:      88944 bytes,    8252992 total
- age   4:     129808 bytes,    8382800 total
- age   5:      23136 bytes,    8405936 total
- age   6:     845448 bytes,    9251384 total
- age   7:      44808 bytes,    9296192 total
- age   8:     691048 bytes,    9987240 total
: 102188K->13597K(109248K), 0,1685974 secs] 151949K->66929K(502464K), 0,1689276 secs] [Times: user=0,05 sys=0,00, real=0,17 secs] 
Heap after GC invocations=20 (full 1):
 par new generation   total 109248K, used 13597K [0x00000000e0000000, 0x00000000e8000000, 0x00000000e8000000)
  eden space 87424K,   0% used [0x00000000e0000000, 0x00000000e0000000, 0x00000000e5560000)
  from space 21824K,  62% used [0x00000000e5560000, 0x00000000e62a75d0, 0x00000000e6ab0000)
  to   space 21824K,   0% used [0x00000000e6ab0000, 0x00000000e6ab0000, 0x00000000e8000000)
 concurrent mark-sweep generation total 393216K, used 53331K [0x00000000e8000000, 0x0000000100000000, 0x0000000100000000)
 Metaspace       used 36797K, capacity 37879K, committed 38136K, reserved 1083392K
  class space    used 4225K, capacity 4525K, committed 4600K, reserved 1048576K
}
2017-07-04T14:30:38.926+0200: 122,720: Total time for which application threads were stopped: 0,1700890 seconds, Stopping threads took: 0,0002047 seconds
{Heap before GC invocations=20 (full 1):
 par new generation   total 109248K, used 101021K [0x00000000e0000000, 0x00000000e8000000, 0x00000000e8000000)
  eden space 87424K, 100% used [0x00000000e0000000, 0x00000000e5560000, 0x00000000e5560000)
  from space 21824K,  62% used [0x00000000e5560000, 0x00000000e62a75d0, 0x00000000e6ab0000)
  to   space 21824K,   0% used [0x00000000e6ab0000, 0x00000000e6ab0000, 0x00000000e8000000)
 concurrent mark-sweep generation total 393216K, used 53331K [0x00000000e8000000, 0x0000000100000000, 0x0000000100000000)
 Metaspace       used 36806K, capacity 37891K, committed 38136K, reserved 1083392K
  class space    used 4226K, capacity 4527K, committed 4600K, reserved 1048576K
2017-07-04T14:30:39.081+0200: 122,875: [GC (Allocation Failure) 2017-07-04T14:30:39.081+0200: 122,875: [ParNew
Desired survivor size 20112992 bytes, new threshold 8 (max 8)
- age   1:     121040 bytes,     121040 total
- age   2:      53024 bytes,     174064 total
- age   3:    7887912 bytes,    8061976 total
- age   4:      88944 bytes,    8150920 total
- age   5:     129808 bytes,    8280728 total
- age   6:      23136 bytes,    8303864 total
- age   7:     839816 bytes,    9143680 total
- age   8:      44808 bytes,    9188488 total
: 101021K->11061K(109248K), 0,0304338 secs] 154353K->65070K(502464K), 0,0307566 secs] [Times: user=0,03 sys=0,00, real=0,03 secs] 
Heap after GC invocations=21 (full 1):
 par new generation   total 109248K, used 11061K [0x00000000e0000000, 0x00000000e8000000, 0x00000000e8000000)
  eden space 87424K,   0% used [0x00000000e0000000, 0x00000000e0000000, 0x00000000e5560000)
  from space 21824K,  50% used [0x00000000e6ab0000, 0x00000000e757d630, 0x00000000e8000000)
  to   space 21824K,   0% used [0x00000000e5560000, 0x00000000e5560000, 0x00000000e6ab0000)
 concurrent mark-sweep generation total 393216K, used 54009K [0x00000000e8000000, 0x0000000100000000, 0x0000000100000000)
 Metaspace       used 36806K, capacity 37891K, committed 38136K, reserved 1083392K
  class space    used 4226K, capacity 4527K, committed 4600K, reserved 1048576K
}
2017-07-04T14:30:39.112+0200: 122,906: Total time for which application threads were stopped: 0,0318186 seconds, Stopping threads took: 0,0001912 seconds
{Heap before GC invocations=21 (full 1):
 par new generation   total 109248K, used 98485K [0x00000000e0000000, 0x00000000e8000000, 0x00000000e8000000)
  eden space 87424K, 100% used [0x00000000e0000000, 0x00000000e5560000, 0x00000000e5560000)
  from space 21824K,  50% used [0x00000000e6ab0000, 0x00000000e757d630, 0x00000000e8000000)
  to   space 21824K,   0% used [0x00000000e5560000, 0x00000000e5560000, 0x00000000e6ab0000)
 concurrent mark-sweep generation total 393216K, used 54009K [0x00000000e8000000, 0x0000000100000000, 0x0000000100000000)
 Metaspace       used 36828K, capacity 37921K, committed 38136K, reserved 1083392K
  class space    used 4229K, capacity 4532K, committed 4600K, reserved 1048576K
2017-07-04T14:30:39.262+0200: 123,056: [GC (Allocation Failure) 2017-07-04T14:30:39.262+0200: 123,056: [ParNew
Desired survivor size 20112992 bytes, new threshold 8 (max 8)
- age   1:     765632 bytes,     765632 total
- age   2:      93168 bytes,     858800 total
- age   3:      53024 bytes,     911824 total
- age   4:    7887912 bytes,    8799736 total
- age   5:      88944 bytes,    8888680 total
- age   6:     129808 bytes,    9018488 total
- age   7:      23136 bytes,    9041624 total
- age   8:     839816 bytes,    9881440 total
: 98485K->11243K(109248K), 0,0545811 secs] 152494K->65297K(502464K), 0,0548675 secs] [Times: user=0,03 sys=0,00, real=0,06 secs] 
Heap after GC invocations=22 (full 1):
 par new generation   total 109248K, used 11243K [0x00000000e0000000, 0x00000000e8000000, 0x00000000e8000000)
  eden space 87424K,   0% used [0x00000000e0000000, 0x00000000e0000000, 0x00000000e5560000)
  from space 21824K,  51% used [0x00000000e5560000, 0x00000000e605aca8, 0x00000000e6ab0000)
  to   space 21824K,   0% used [0x00000000e6ab0000, 0x00000000e6ab0000, 0x00000000e8000000)
 concurrent mark-sweep generation total 393216K, used 54054K [0x00000000e8000000, 0x0000000100000000, 0x0000000100000000)
 Metaspace       used 36828K, capacity 37921K, committed 38136K, reserved 1083392K
  class space    used 4229K, capacity 4532K, committed 4600K, reserved 1048576K
}
2017-07-04T14:30:39.317+0200: 123,111: Total time for which application threads were stopped: 0,0581457 seconds, Stopping threads took: 0,0023388 seconds
2017-07-04T14:30:40.005+0200: 123,799: Total time for which application threads were stopped: 0,0009070 seconds, Stopping threads took: 0,0001744 seconds
2017-07-04T14:30:40.015+0200: 123,809: Total time for which application threads were stopped: 0,0008792 seconds, Stopping threads took: 0,0002067 seconds
2017-07-04T14:30:40.040+0200: 123,834: Total time for which application threads were stopped: 0,0082551 seconds, Stopping threads took: 0,0001663 seconds
2017-07-04T14:30:40.048+0200: 123,842: Total time for which application threads were stopped: 0,0008404 seconds, Stopping threads took: 0,0001833 seconds
2017-07-04T14:30:40.065+0200: 123,859: Total time for which application threads were stopped: 0,0008450 seconds, Stopping threads took: 0,0002017 seconds
2017-07-04T14:30:40.088+0200: 123,882: Total time for which application threads were stopped: 0,0008294 seconds, Stopping threads took: 0,0001763 seconds
2017-07-04T14:30:40.108+0200: 123,902: Total time for which application threads were stopped: 0,0016006 seconds, Stopping threads took: 0,0009573 seconds
2017-07-04T14:30:40.389+0200: 124,183: Total time for which application threads were stopped: 0,0008326 seconds, Stopping threads took: 0,0001750 seconds
2017-07-04T14:30:40.397+0200: 124,191: Total time for which application threads were stopped: 0,0008758 seconds, Stopping threads took: 0,0001964 seconds
2017-07-04T14:30:40.462+0200: 124,256: Total time for which application threads were stopped: 0,0008654 seconds, Stopping threads took: 0,0002081 seconds
2017-07-04T14:30:40.462+0200: 124,256: Total time for which application threads were stopped: 0,0003510 seconds, Stopping threads took: 0,0000406 seconds
2017-07-04T14:30:40.555+0200: 124,349: Total time for which application threads were stopped: 0,0008895 seconds, Stopping threads took: 0,0002377 seconds
2017-07-04T14:30:40.558+0200: 124,351: Total time for which application threads were stopped: 0,0004803 seconds, Stopping threads took: 0,0000413 seconds
2017-07-04T14:30:40.558+0200: 124,352: Total time for which application threads were stopped: 0,0003956 seconds, Stopping threads took: 0,0000352 seconds
2017-07-04T14:30:40.641+0200: 124,435: Total time for which application threads were stopped: 0,0086417 seconds, Stopping threads took: 0,0077972 seconds
2017-07-04T14:30:40.642+0200: 124,436: Total time for which application threads were stopped: 0,0004262 seconds, Stopping threads took: 0,0000514 seconds
2017-07-04T14:30:40.653+0200: 124,447: Total time for which application threads were stopped: 0,0055704 seconds, Stopping threads took: 0,0048942 seconds
2017-07-04T14:30:40.654+0200: 124,448: Total time for which application threads were stopped: 0,0003408 seconds, Stopping threads took: 0,0000365 seconds
2017-07-04T14:30:40.660+0200: 124,454: Total time for which application threads were stopped: 0,0013783 seconds, Stopping threads took: 0,0001077 seconds
2017-07-04T14:30:40.787+0200: 124,580: Total time for which application threads were stopped: 0,0016905 seconds, Stopping threads took: 0,0002068 seconds
2017-07-04T14:30:40.936+0200: 124,730: Total time for which application threads were stopped: 0,0008418 seconds, Stopping threads took: 0,0001858 seconds
2017-07-04T14:30:41.937+0200: 125,731: Total time for which application threads were stopped: 0,0008135 seconds, Stopping threads took: 0,0001777 seconds
{Heap before GC invocations=22 (full 1):
 par new generation   total 109248K, used 98661K [0x00000000e0000000, 0x00000000e8000000, 0x00000000e8000000)
  eden space 87424K,  99% used [0x00000000e0000000, 0x00000000e555e7e8, 0x00000000e5560000)
  from space 21824K,  51% used [0x00000000e5560000, 0x00000000e605aca8, 0x00000000e6ab0000)
  to   space 21824K,   0% used [0x00000000e6ab0000, 0x00000000e6ab0000, 0x00000000e8000000)
 concurrent mark-sweep generation total 393216K, used 54054K [0x00000000e8000000, 0x0000000100000000, 0x0000000100000000)
 Metaspace       used 37511K, capacity 38567K, committed 38776K, reserved 1083392K
  class space    used 4305K, capacity 4607K, committed 4728K, reserved 1048576K
2017-07-04T14:30:42.265+0200: 126,059: [GC (Allocation Failure) 2017-07-04T14:30:42.265+0200: 126,059: [ParNew
Desired survivor size 20112992 bytes, new threshold 8 (max 8)
- age   1:    6529288 bytes,    6529288 total
- age   2:      95720 bytes,    6625008 total
- age   3:      91536 bytes,    6716544 total
- age   4:      51536 bytes,    6768080 total
- age   5:    3115408 bytes,    9883488 total
- age   6:      47856 bytes,    9931344 total
- age   7:      83728 bytes,   10015072 total
- age   8:       1808 bytes,   10016880 total
: 98661K->12095K(109248K), 0,0394737 secs] 152715K->66912K(502464K), 0,0397781 secs] [Times: user=0,03 sys=0,00, real=0,04 secs] 
Heap after GC invocations=23 (full 1):
 par new generation   total 109248K, used 12095K [0x00000000e0000000, 0x00000000e8000000, 0x00000000e8000000)
  eden space 87424K,   0% used [0x00000000e0000000, 0x00000000e0000000, 0x00000000e5560000)
  from space 21824K,  55% used [0x00000000e6ab0000, 0x00000000e767fd20, 0x00000000e8000000)
  to   space 21824K,   0% used [0x00000000e5560000, 0x00000000e5560000, 0x00000000e6ab0000)
 concurrent mark-sweep generation total 393216K, used 54816K [0x00000000e8000000, 0x0000000100000000, 0x0000000100000000)
 Metaspace       used 37511K, capacity 38567K, committed 38776K, reserved 1083392K
  class space    used 4305K, capacity 4607K, committed 4728K, reserved 1048576K
}
2017-07-04T14:30:42.305+0200: 126,099: Total time for which application threads were stopped: 0,0408361 seconds, Stopping threads took: 0,0001865 seconds
{Heap before GC invocations=23 (full 1):
 par new generation   total 109248K, used 99519K [0x00000000e0000000, 0x00000000e8000000, 0x00000000e8000000)
  eden space 87424K, 100% used [0x00000000e0000000, 0x00000000e5560000, 0x00000000e5560000)
  from space 21824K,  55% used [0x00000000e6ab0000, 0x00000000e767fd20, 0x00000000e8000000)
  to   space 21824K,   0% used [0x00000000e5560000, 0x00000000e5560000, 0x00000000e6ab0000)
 concurrent mark-sweep generation total 393216K, used 54816K [0x00000000e8000000, 0x0000000100000000, 0x0000000100000000)
 Metaspace       used 37512K, capacity 38567K, committed 38776K, reserved 1083392K
  class space    used 4305K, capacity 4607K, committed 4728K, reserved 1048576K
2017-07-04T14:30:42.430+0200: 126,224: [GC (Allocation Failure) 2017-07-04T14:30:42.430+0200: 126,224: [ParNew
Desired survivor size 20112992 bytes, new threshold 8 (max 8)
- age   1:     489168 bytes,     489168 total
- age   2:    5935832 bytes,    6425000 total
- age   3:      95720 bytes,    6520720 total
- age   4:      91536 bytes,    6612256 total
- age   5:      51536 bytes,    6663792 total
- age   6:    3115408 bytes,    9779200 total
- age   7:      47856 bytes,    9827056 total
- age   8:      83728 bytes,    9910784 total
: 99519K->11187K(109248K), 0,0505916 secs] 154336K->66005K(502464K), 0,0508697 secs] [Times: user=0,02 sys=0,00, real=0,05 secs] 
Heap after GC invocations=24 (full 1):
 par new generation   total 109248K, used 11187K [0x00000000e0000000, 0x00000000e8000000, 0x00000000e8000000)
  eden space 87424K,   0% used [0x00000000e0000000, 0x00000000e0000000, 0x00000000e5560000)
  from space 21824K,  51% used [0x00000000e5560000, 0x00000000e604cc10, 0x00000000e6ab0000)
  to   space 21824K,   0% used [0x00000000e6ab0000, 0x00000000e6ab0000, 0x00000000e8000000)
 concurrent mark-sweep generation total 393216K, used 54818K [0x00000000e8000000, 0x0000000100000000, 0x0000000100000000)
 Metaspace       used 37512K, capacity 38567K, committed 38776K, reserved 1083392K
  class space    used 4305K, capacity 4607K, committed 4728K, reserved 1048576K
}
2017-07-04T14:30:42.481+0200: 126,275: Total time for which application threads were stopped: 0,1113084 seconds, Stopping threads took: 0,0595373 seconds
{Heap before GC invocations=24 (full 1):
 par new generation   total 109248K, used 98611K [0x00000000e0000000, 0x00000000e8000000, 0x00000000e8000000)
  eden space 87424K, 100% used [0x00000000e0000000, 0x00000000e5560000, 0x00000000e5560000)
  from space 21824K,  51% used [0x00000000e5560000, 0x00000000e604cc10, 0x00000000e6ab0000)
  to   space 21824K,   0% used [0x00000000e6ab0000, 0x00000000e6ab0000, 0x00000000e8000000)
 concurrent mark-sweep generation total 393216K, used 54818K [0x00000000e8000000, 0x0000000100000000, 0x0000000100000000)
 Metaspace       used 37521K, capacity 38579K, committed 38776K, reserved 1083392K
  class space    used 4306K, capacity 4609K, committed 4728K, reserved 1048576K
2017-07-04T14:30:42.645+0200: 126,439: [GC (Allocation Failure) 2017-07-04T14:30:42.646+0200: 126,440: [ParNew
Desired survivor size 20112992 bytes, new threshold 8 (max 8)
- age   1:     411184 bytes,     411184 total
- age   2:     451808 bytes,     862992 total
- age   3:    5903048 bytes,    6766040 total
- age   4:      95720 bytes,    6861760 total
- age   5:      91536 bytes,    6953296 total
- age   6:      51536 bytes,    7004832 total
- age   7:    3115376 bytes,   10120208 total
- age   8:      47856 bytes,   10168064 total
: 98611K->13952K(109248K), 0,0488844 secs] 153429K->68854K(502464K), 0,0491826 secs] [Times: user=0,03 sys=0,00, real=0,04 secs] 
Heap after GC invocations=25 (full 1):
 par new generation   total 109248K, used 13952K [0x00000000e0000000, 0x00000000e8000000, 0x00000000e8000000)
  eden space 87424K,   0% used [0x00000000e0000000, 0x00000000e0000000, 0x00000000e5560000)
  from space 21824K,  63% used [0x00000000e6ab0000, 0x00000000e78500d0, 0x00000000e8000000)
  to   space 21824K,   0% used [0x00000000e5560000, 0x00000000e5560000, 0x00000000e6ab0000)
 concurrent mark-sweep generation total 393216K, used 54902K [0x00000000e8000000, 0x0000000100000000, 0x0000000100000000)
 Metaspace       used 37521K, capacity 38579K, committed 38776K, reserved 1083392K
  class space    used 4306K, capacity 4609K, committed 4728K, reserved 1048576K
}
2017-07-04T14:30:42.695+0200: 126,489: Total time for which application threads were stopped: 0,0549643 seconds, Stopping threads took: 0,0048687 seconds
{Heap before GC invocations=25 (full 1):
 par new generation   total 109248K, used 101376K [0x00000000e0000000, 0x00000000e8000000, 0x00000000e8000000)
  eden space 87424K, 100% used [0x00000000e0000000, 0x00000000e5560000, 0x00000000e5560000)
  from space 21824K,  63% used [0x00000000e6ab0000, 0x00000000e78500d0, 0x00000000e8000000)
  to   space 21824K,   0% used [0x00000000e5560000, 0x00000000e5560000, 0x00000000e6ab0000)
 concurrent mark-sweep generation total 393216K, used 54902K [0x00000000e8000000, 0x0000000100000000, 0x0000000100000000)
 Metaspace       used 37521K, capacity 38579K, committed 38776K, reserved 1083392K
  class space    used 4306K, capacity 4609K, committed 4728K, reserved 1048576K
2017-07-04T14:30:42.889+0200: 126,683: [GC (Allocation Failure) 2017-07-04T14:30:42.889+0200: 126,683: [ParNew
Desired survivor size 20112992 bytes, new threshold 8 (max 8)
- age   1:     168520 bytes,     168520 total
- age   2:      93528 bytes,     262048 total
- age   3:     451808 bytes,     713856 total
- age   4:    5903048 bytes,    6616904 total
- age   5:      95720 bytes,    6712624 total
- age   6:      91536 bytes,    6804160 total
- age   7:      51536 bytes,    6855696 total
- age   8:    5343616 bytes,   12199312 total
: 101376K->13403K(109248K), 0,0289212 secs] 156278K->68353K(502464K), 0,0292208 secs] [Times: user=0,02 sys=0,00, real=0,03 secs] 
Heap after GC invocations=26 (full 1):
 par new generation   total 109248K, used 13403K [0x00000000e0000000, 0x00000000e8000000, 0x00000000e8000000)
  eden space 87424K,   0% used [0x00000000e0000000, 0x00000000e0000000, 0x00000000e5560000)
  from space 21824K,  61% used [0x00000000e5560000, 0x00000000e6276fa0, 0x00000000e6ab0000)
  to   space 21824K,   0% used [0x00000000e6ab0000, 0x00000000e6ab0000, 0x00000000e8000000)
 concurrent mark-sweep generation total 393216K, used 54950K [0x00000000e8000000, 0x0000000100000000, 0x0000000100000000)
 Metaspace       used 37521K, capacity 38579K, committed 38776K, reserved 1083392K
  class space    used 4306K, capacity 4609K, committed 4728K, reserved 1048576K
}
2017-07-04T14:30:42.918+0200: 126,712: Total time for which application threads were stopped: 0,0302779 seconds, Stopping threads took: 0,0001803 seconds
2017-07-04T14:30:43.105+0200: 126,899: Total time for which application threads were stopped: 0,0016639 seconds, Stopping threads took: 0,0005026 seconds
2017-07-04T14:30:43.106+0200: 126,900: Total time for which application threads were stopped: 0,0007761 seconds, Stopping threads took: 0,0001523 seconds
2017-07-04T14:30:43.107+0200: 126,901: Total time for which application threads were stopped: 0,0003697 seconds, Stopping threads took: 0,0000682 seconds
2017-07-04T14:30:43.107+0200: 126,901: Total time for which application threads were stopped: 0,0003480 seconds, Stopping threads took: 0,0000336 seconds
2017-07-04T14:30:43.108+0200: 126,902: Total time for which application threads were stopped: 0,0003440 seconds, Stopping threads took: 0,0000363 seconds
2017-07-04T14:30:43.110+0200: 126,903: Total time for which application threads were stopped: 0,0004601 seconds, Stopping threads took: 0,0000454 seconds
2017-07-04T14:30:43.110+0200: 126,904: Total time for which application threads were stopped: 0,0004038 seconds, Stopping threads took: 0,0000334 seconds
2017-07-04T14:30:43.125+0200: 126,919: Total time for which application threads were stopped: 0,0063620 seconds, Stopping threads took: 0,0056972 seconds
2017-07-04T14:30:43.640+0200: 127,434: Total time for which application threads were stopped: 0,0008392 seconds, Stopping threads took: 0,0001758 seconds
2017-07-04T14:30:43.645+0200: 127,439: Total time for which application threads were stopped: 0,0026745 seconds, Stopping threads took: 0,0020941 seconds
2017-07-04T14:30:43.646+0200: 127,440: Total time for which application threads were stopped: 0,0004309 seconds, Stopping threads took: 0,0000396 seconds
2017-07-04T14:30:43.695+0200: 127,489: Total time for which application threads were stopped: 0,0010878 seconds, Stopping threads took: 0,0002596 seconds
2017-07-04T14:30:43.701+0200: 127,495: Total time for which application threads were stopped: 0,0043611 seconds, Stopping threads took: 0,0036898 seconds
2017-07-04T14:30:43.701+0200: 127,495: Total time for which application threads were stopped: 0,0004191 seconds, Stopping threads took: 0,0000384 seconds
2017-07-04T14:30:43.746+0200: 127,540: Total time for which application threads were stopped: 0,0087166 seconds, Stopping threads took: 0,0077337 seconds
2017-07-04T14:30:43.749+0200: 127,543: Total time for which application threads were stopped: 0,0010710 seconds, Stopping threads took: 0,0002694 seconds
2017-07-04T14:30:43.761+0200: 127,555: Total time for which application threads were stopped: 0,0079328 seconds, Stopping threads took: 0,0071791 seconds
2017-07-04T14:30:43.765+0200: 127,559: Total time for which application threads were stopped: 0,0008550 seconds, Stopping threads took: 0,0003033 seconds
2017-07-04T14:30:43.878+0200: 127,672: Total time for which application threads were stopped: 0,0008421 seconds, Stopping threads took: 0,0001762 seconds
2017-07-04T14:30:44.879+0200: 128,673: Total time for which application threads were stopped: 0,0008788 seconds, Stopping threads took: 0,0001766 seconds
{Heap before GC invocations=26 (full 1):
 par new generation   total 109248K, used 100827K [0x00000000e0000000, 0x00000000e8000000, 0x00000000e8000000)
  eden space 87424K, 100% used [0x00000000e0000000, 0x00000000e5560000, 0x00000000e5560000)
  from space 21824K,  61% used [0x00000000e5560000, 0x00000000e6276fa0, 0x00000000e6ab0000)
  to   space 21824K,   0% used [0x00000000e6ab0000, 0x00000000e6ab0000, 0x00000000e8000000)
 concurrent mark-sweep generation total 393216K, used 54950K [0x00000000e8000000, 0x0000000100000000, 0x0000000100000000)
 Metaspace       used 37725K, capacity 38857K, committed 39032K, reserved 1083392K
  class space    used 4323K, capacity 4624K, committed 4728K, reserved 1048576K
2017-07-04T14:30:45.797+0200: 129,591: [GC (Allocation Failure) 2017-07-04T14:30:45.797+0200: 129,591: [ParNew
Desired survivor size 20112992 bytes, new threshold 8 (max 8)
- age   1:    4837152 bytes,    4837152 total
- age   2:      90344 bytes,    4927496 total
- age   3:      91776 bytes,    5019272 total
- age   4:      42192 bytes,    5061464 total
- age   5:    1403600 bytes,    6465064 total
- age   6:      52824 bytes,    6517888 total
- age   7:      46352 bytes,    6564240 total
- age   8:      27176 bytes,    6591416 total
: 100827K->9864K(109248K), 0,0877819 secs] 155777K->67799K(502464K), 0,0881406 secs] [Times: user=0,04 sys=0,00, real=0,09 secs] 
Heap after GC invocations=27 (full 1):
 par new generation   total 109248K, used 9864K [0x00000000e0000000, 0x00000000e8000000, 0x00000000e8000000)
  eden space 87424K,   0% used [0x00000000e0000000, 0x00000000e0000000, 0x00000000e5560000)
  from space 21824K,  45% used [0x00000000e6ab0000, 0x00000000e7452150, 0x00000000e8000000)
  to   space 21824K,   0% used [0x00000000e5560000, 0x00000000e5560000, 0x00000000e6ab0000)
 concurrent mark-sweep generation total 393216K, used 57934K [0x00000000e8000000, 0x0000000100000000, 0x0000000100000000)
 Metaspace       used 37725K, capacity 38857K, committed 39032K, reserved 1083392K
  class space    used 4323K, capacity 4624K, committed 4728K, reserved 1048576K
}
2017-07-04T14:30:45.885+0200: 129,679: Total time for which application threads were stopped: 0,0893166 seconds, Stopping threads took: 0,0001931 seconds
{Heap before GC invocations=27 (full 1):
 par new generation   total 109248K, used 97288K [0x00000000e0000000, 0x00000000e8000000, 0x00000000e8000000)
  eden space 87424K, 100% used [0x00000000e0000000, 0x00000000e5560000, 0x00000000e5560000)
  from space 21824K,  45% used [0x00000000e6ab0000, 0x00000000e7452150, 0x00000000e8000000)
  to   space 21824K,   0% used [0x00000000e5560000, 0x00000000e5560000, 0x00000000e6ab0000)
 concurrent mark-sweep generation total 393216K, used 57934K [0x00000000e8000000, 0x0000000100000000, 0x0000000100000000)
 Metaspace       used 37725K, capacity 38857K, committed 39032K, reserved 1083392K
  class space    used 4323K, capacity 4624K, committed 4728K, reserved 1048576K
2017-07-04T14:30:45.983+0200: 129,777: [GC (Allocation Failure) 2017-07-04T14:30:45.984+0200: 129,778: [ParNew
Desired survivor size 20112992 bytes, new threshold 8 (max 8)
- age   1:     524936 bytes,     524936 total
- age   2:    4466104 bytes,    4991040 total
- age   3:      90344 bytes,    5081384 total
- age   4:      91776 bytes,    5173160 total
- age   5:      42192 bytes,    5215352 total
- age   6:    1402656 bytes,    6618008 total
- age   7:      52824 bytes,    6670832 total
- age   8:      46352 bytes,    6717184 total
: 97288K->8946K(109248K), 0,0528560 secs] 155223K->66909K(502464K), 0,0531387 secs] [Times: user=0,03 sys=0,00, real=0,06 secs] 
Heap after GC invocations=28 (full 1):
 par new generation   total 109248K, used 8946K [0x00000000e0000000, 0x00000000e8000000, 0x00000000e8000000)
  eden space 87424K,   0% used [0x00000000e0000000, 0x00000000e0000000, 0x00000000e5560000)
  from space 21824K,  40% used [0x00000000e5560000, 0x00000000e5e1ca18, 0x00000000e6ab0000)
  to   space 21824K,   0% used [0x00000000e6ab0000, 0x00000000e6ab0000, 0x00000000e8000000)
 concurrent mark-sweep generation total 393216K, used 57962K [0x00000000e8000000, 0x0000000100000000, 0x0000000100000000)
 Metaspace       used 37725K, capacity 38857K, committed 39032K, reserved 1083392K
  class space    used 4323K, capacity 4624K, committed 4728K, reserved 1048576K
}
2017-07-04T14:30:46.037+0200: 129,831: Total time for which application threads were stopped: 0,0609228 seconds, Stopping threads took: 0,0068555 seconds
{Heap before GC invocations=28 (full 1):
 par new generation   total 109248K, used 96370K [0x00000000e0000000, 0x00000000e8000000, 0x00000000e8000000)
  eden space 87424K, 100% used [0x00000000e0000000, 0x00000000e5560000, 0x00000000e5560000)
  from space 21824K,  40% used [0x00000000e5560000, 0x00000000e5e1ca18, 0x00000000e6ab0000)
  to   space 21824K,   0% used [0x00000000e6ab0000, 0x00000000e6ab0000, 0x00000000e8000000)
 concurrent mark-sweep generation total 393216K, used 57962K [0x00000000e8000000, 0x0000000100000000, 0x0000000100000000)
 Metaspace       used 37725K, capacity 38857K, committed 39032K, reserved 1083392K
  class space    used 4323K, capacity 4624K, committed 4728K, reserved 1048576K
2017-07-04T14:30:46.139+0200: 129,933: [GC (Allocation Failure) 2017-07-04T14:30:46.139+0200: 129,933: [ParNew
Desired survivor size 20112992 bytes, new threshold 8 (max 8)
- age   1:     334344 bytes,     334344 total
- age   2:      80664 bytes,     415008 total
- age   3:    4466104 bytes,    4881112 total
- age   4:      90344 bytes,    4971456 total
- age   5:      91776 bytes,    5063232 total
- age   6:      42192 bytes,    5105424 total
- age   7:    1402656 bytes,    6508080 total
- age   8:      52824 bytes,    6560904 total
: 96370K->8183K(109248K), 0,0486235 secs] 154333K->66192K(502464K), 0,0489142 secs] [Times: user=0,02 sys=0,00, real=0,05 secs] 
Heap after GC invocations=29 (full 1):
 par new generation   total 109248K, used 8183K [0x00000000e0000000, 0x00000000e8000000, 0x00000000e8000000)
  eden space 87424K,   0% used [0x00000000e0000000, 0x00000000e0000000, 0x00000000e5560000)
  from space 21824K,  37% used [0x00000000e6ab0000, 0x00000000e72adc80, 0x00000000e8000000)
  to   space 21824K,   0% used [0x00000000e5560000, 0x00000000e5560000, 0x00000000e6ab0000)
 concurrent mark-sweep generation total 393216K, used 58009K [0x00000000e8000000, 0x0000000100000000, 0x0000000100000000)
 Metaspace       used 37725K, capacity 38857K, committed 39032K, reserved 1083392K
  class space    used 4323K, capacity 4624K, committed 4728K, reserved 1048576K
}
2017-07-04T14:30:46.189+0200: 129,982: Total time for which application threads were stopped: 0,0500025 seconds, Stopping threads took: 0,0001724 seconds
{Heap before GC invocations=29 (full 1):
 par new generation   total 109248K, used 95607K [0x00000000e0000000, 0x00000000e8000000, 0x00000000e8000000)
  eden space 87424K, 100% used [0x00000000e0000000, 0x00000000e5560000, 0x00000000e5560000)
  from space 21824K,  37% used [0x00000000e6ab0000, 0x00000000e72adc80, 0x00000000e8000000)
  to   space 21824K,   0% used [0x00000000e5560000, 0x00000000e5560000, 0x00000000e6ab0000)
 concurrent mark-sweep generation total 393216K, used 58009K [0x00000000e8000000, 0x0000000100000000, 0x0000000100000000)
 Metaspace       used 37725K, capacity 38857K, committed 39032K, reserved 1083392K
  class space    used 4323K, capacity 4624K, committed 4728K, reserved 1048576K
2017-07-04T14:30:46.450+0200: 130,244: [GC (Allocation Failure) 2017-07-04T14:30:46.450+0200: 130,244: [ParNew
Desired survivor size 20112992 bytes, new threshold 8 (max 8)
- age   1:     324944 bytes,     324944 total
- age   2:      96664 bytes,     421608 total
- age   3:      80664 bytes,     502272 total
- age   4:    4466104 bytes,    4968376 total
- age   5:      90344 bytes,    5058720 total
- age   6:      91776 bytes,    5150496 total
- age   7:      42192 bytes,    5192688 total
- age   8:    1402112 bytes,    6594800 total
: 95607K->9841K(109248K), 0,0515197 secs] 153616K->67903K(502464K), 0,0518664 secs] [Times: user=0,02 sys=0,00, real=0,05 secs] 
Heap after GC invocations=30 (full 1):
 par new generation   total 109248K, used 9841K [0x00000000e0000000, 0x00000000e8000000, 0x00000000e8000000)
  eden space 87424K,   0% used [0x00000000e0000000, 0x00000000e0000000, 0x00000000e5560000)
  from space 21824K,  45% used [0x00000000e5560000, 0x00000000e5efc5d0, 0x00000000e6ab0000)
  to   space 21824K,   0% used [0x00000000e6ab0000, 0x00000000e6ab0000, 0x00000000e8000000)
 concurrent mark-sweep generation total 393216K, used 58062K [0x00000000e8000000, 0x0000000100000000, 0x0000000100000000)
 Metaspace       used 37725K, capacity 38857K, committed 39032K, reserved 1083392K
  class space    used 4323K, capacity 4624K, committed 4728K, reserved 1048576K
}
2017-07-04T14:30:46.502+0200: 130,296: Total time for which application threads were stopped: 0,0536434 seconds, Stopping threads took: 0,0008752 seconds
2017-07-04T14:30:46.756+0200: 130,550: Total time for which application threads were stopped: 0,0008431 seconds, Stopping threads took: 0,0001807 seconds
2017-07-04T14:30:46.760+0200: 130,554: Total time for which application threads were stopped: 0,0007197 seconds, Stopping threads took: 0,0001161 seconds
2017-07-04T14:30:46.760+0200: 130,554: Total time for which application threads were stopped: 0,0003879 seconds, Stopping threads took: 0,0000421 seconds
2017-07-04T14:30:47.060+0200: 130,854: Total time for which application threads were stopped: 0,0008598 seconds, Stopping threads took: 0,0001961 seconds
2017-07-04T14:30:47.995+0200: 131,789: Total time for which application threads were stopped: 0,0008234 seconds, Stopping threads took: 0,0001853 seconds
2017-07-04T14:30:48.372+0200: 132,166: Total time for which application threads were stopped: 0,0009078 seconds, Stopping threads took: 0,0001634 seconds
2017-07-04T14:30:48.378+0200: 132,172: Total time for which application threads were stopped: 0,0007641 seconds, Stopping threads took: 0,0001466 seconds
{Heap before GC invocations=30 (full 1):
 par new generation   total 109248K, used 97265K [0x00000000e0000000, 0x00000000e8000000, 0x00000000e8000000)
  eden space 87424K, 100% used [0x00000000e0000000, 0x00000000e5560000, 0x00000000e5560000)
  from space 21824K,  45% used [0x00000000e5560000, 0x00000000e5efc5d0, 0x00000000e6ab0000)
  to   space 21824K,   0% used [0x00000000e6ab0000, 0x00000000e6ab0000, 0x00000000e8000000)
 concurrent mark-sweep generation total 393216K, used 58062K [0x00000000e8000000, 0x0000000100000000, 0x0000000100000000)
 Metaspace       used 37812K, capacity 38937K, committed 39288K, reserved 1083392K
  class space    used 4324K, capacity 4624K, committed 4728K, reserved 1048576K
2017-07-04T14:30:48.489+0200: 132,283: [GC (Allocation Failure) 2017-07-04T14:30:48.489+0200: 132,283: [ParNew
Desired survivor size 20112992 bytes, new threshold 8 (max 8)
- age   1:    7816776 bytes,    7816776 total
- age   2:      89552 bytes,    7906328 total
- age   3:      95224 bytes,    8001552 total
- age   4:      43760 bytes,    8045312 total
- age   5:     464096 bytes,    8509408 total
- age   6:      49832 bytes,    8559240 total
- age   7:      45624 bytes,    8604864 total
- age   8:      22504 bytes,    8627368 total
: 97265K->9801K(109248K), 0,0597197 secs] 155327K->69176K(502464K), 0,0600916 secs] [Times: user=0,03 sys=0,00, real=0,06 secs] 
Heap after GC invocations=31 (full 1):
 par new generation   total 109248K, used 9801K [0x00000000e0000000, 0x00000000e8000000, 0x00000000e8000000)
  eden space 87424K,   0% used [0x00000000e0000000, 0x00000000e0000000, 0x00000000e5560000)
  from space 21824K,  44% used [0x00000000e6ab0000, 0x00000000e7442798, 0x00000000e8000000)
  to   space 21824K,   0% used [0x00000000e5560000, 0x00000000e5560000, 0x00000000e6ab0000)
 concurrent mark-sweep generation total 393216K, used 59374K [0x00000000e8000000, 0x0000000100000000, 0x0000000100000000)
 Metaspace       used 37812K, capacity 38937K, committed 39288K, reserved 1083392K
  class space    used 4324K, capacity 4624K, committed 4728K, reserved 1048576K
}
2017-07-04T14:30:48.549+0200: 132,343: Total time for which application threads were stopped: 0,0616849 seconds, Stopping threads took: 0,0006913 seconds
{Heap before GC invocations=31 (full 1):
 par new generation   total 109248K, used 97225K [0x00000000e0000000, 0x00000000e8000000, 0x00000000e8000000)
  eden space 87424K, 100% used [0x00000000e0000000, 0x00000000e5560000, 0x00000000e5560000)
  from space 21824K,  44% used [0x00000000e6ab0000, 0x00000000e7442798, 0x00000000e8000000)
  to   space 21824K,   0% used [0x00000000e5560000, 0x00000000e5560000, 0x00000000e6ab0000)
 concurrent mark-sweep generation total 393216K, used 59374K [0x00000000e8000000, 0x0000000100000000, 0x0000000100000000)
 Metaspace       used 37813K, capacity 38937K, committed 39288K, reserved 1083392K
  class space    used 4324K, capacity 4624K, committed 4728K, reserved 1048576K
2017-07-04T14:30:48.689+0200: 132,483: [GC (Allocation Failure) 2017-07-04T14:30:48.689+0200: 132,483: [ParNew
Desired survivor size 20112992 bytes, new threshold 8 (max 8)
- age   1:     359344 bytes,     359344 total
- age   2:    7478280 bytes,    7837624 total
- age   3:      89552 bytes,    7927176 total
- age   4:      95224 bytes,    8022400 total
- age   5:      43760 bytes,    8066160 total
- age   6:     458480 bytes,    8524640 total
- age   7:      49832 bytes,    8574472 total
- age   8:      45624 bytes,    8620096 total
: 97225K->12377K(109248K), 0,0499071 secs] 156600K->71775K(502464K), 0,0502059 secs] [Times: user=0,02 sys=0,00, real=0,05 secs] 
Heap after GC invocations=32 (full 1):
 par new generation   total 109248K, used 12377K [0x00000000e0000000, 0x00000000e8000000, 0x00000000e8000000)
  eden space 87424K,   0% used [0x00000000e0000000, 0x00000000e0000000, 0x00000000e5560000)
  from space 21824K,  56% used [0x00000000e5560000, 0x00000000e6176658, 0x00000000e6ab0000)
  to   space 21824K,   0% used [0x00000000e6ab0000, 0x00000000e6ab0000, 0x00000000e8000000)
 concurrent mark-sweep generation total 393216K, used 59398K [0x00000000e8000000, 0x0000000100000000, 0x0000000100000000)
 Metaspace       used 37813K, capacity 38937K, committed 39288K, reserved 1083392K
  class space    used 4324K, capacity 4624K, committed 4728K, reserved 1048576K
}
2017-07-04T14:30:48.739+0200: 132,533: Total time for which application threads were stopped: 0,0634054 seconds, Stopping threads took: 0,0122120 seconds
{Heap before GC invocations=32 (full 1):
 par new generation   total 109248K, used 99801K [0x00000000e0000000, 0x00000000e8000000, 0x00000000e8000000)
  eden space 87424K, 100% used [0x00000000e0000000, 0x00000000e5560000, 0x00000000e5560000)
  from space 21824K,  56% used [0x00000000e5560000, 0x00000000e6176658, 0x00000000e6ab0000)
  to   space 21824K,   0% used [0x00000000e6ab0000, 0x00000000e6ab0000, 0x00000000e8000000)
 concurrent mark-sweep generation total 393216K, used 59398K [0x00000000e8000000, 0x0000000100000000, 0x0000000100000000)
 Metaspace       used 37813K, capacity 38937K, committed 39288K, reserved 1083392K
  class space    used 4324K, capacity 4624K, committed 4728K, reserved 1048576K
2017-07-04T14:30:48.934+0200: 132,728: [GC (Allocation Failure) 2017-07-04T14:30:48.934+0200: 132,728: [ParNew
Desired survivor size 20112992 bytes, new threshold 8 (max 8)
- age   1:     327328 bytes,     327328 total
- age   2:      46784 bytes,     374112 total
- age   3:    7478280 bytes,    7852392 total
- age   4:      89552 bytes,    7941944 total
- age   5:      95224 bytes,    8037168 total
- age   6:      43760 bytes,    8080928 total
- age   7:     456368 bytes,    8537296 total
- age   8:      49832 bytes,    8587128 total
: 99801K->11081K(109248K), 0,0377205 secs] 159199K->70524K(502464K), 0,0380067 secs] [Times: user=0,03 sys=0,00, real=0,04 secs] 
Heap after GC invocations=33 (full 1):
 par new generation   total 109248K, used 11081K [0x00000000e0000000, 0x00000000e8000000, 0x00000000e8000000)
  eden space 87424K,   0% used [0x00000000e0000000, 0x00000000e0000000, 0x00000000e5560000)
  from space 21824K,  50% used [0x00000000e6ab0000, 0x00000000e7582500, 0x00000000e8000000)
  to   space 21824K,   0% used [0x00000000e5560000, 0x00000000e5560000, 0x00000000e6ab0000)
 concurrent mark-sweep generation total 393216K, used 59443K [0x00000000e8000000, 0x0000000100000000, 0x0000000100000000)
 Metaspace       used 37813K, capacity 38937K, committed 39288K, reserved 1083392K
  class space    used 4324K, capacity 4624K, committed 4728K, reserved 1048576K
}
2017-07-04T14:30:48.972+0200: 132,766: Total time for which application threads were stopped: 0,0413614 seconds, Stopping threads took: 0,0023958 seconds
{Heap before GC invocations=33 (full 1):
 par new generation   total 109248K, used 98505K [0x00000000e0000000, 0x00000000e8000000, 0x00000000e8000000)
  eden space 87424K, 100% used [0x00000000e0000000, 0x00000000e5560000, 0x00000000e5560000)
  from space 21824K,  50% used [0x00000000e6ab0000, 0x00000000e7582500, 0x00000000e8000000)
  to   space 21824K,   0% used [0x00000000e5560000, 0x00000000e5560000, 0x00000000e6ab0000)
 concurrent mark-sweep generation total 393216K, used 59443K [0x00000000e8000000, 0x0000000100000000, 0x0000000100000000)
 Metaspace       used 37813K, capacity 38937K, committed 39288K, reserved 1083392K
  class space    used 4324K, capacity 4624K, committed 4728K, reserved 1048576K
2017-07-04T14:30:49.171+0200: 132,965: [GC (Allocation Failure) 2017-07-04T14:30:49.171+0200: 132,965: [ParNew
Desired survivor size 20112992 bytes, new threshold 8 (max 8)
- age   1:     265512 bytes,     265512 total
- age   2:     102336 bytes,     367848 total
- age   3:      46784 bytes,     414632 total
- age   4:    7478280 bytes,    7892912 total
- age   5:      89552 bytes,    7982464 total
- age   6:      95224 bytes,    8077688 total
- age   7:      43760 bytes,    8121448 total
- age   8:     450736 bytes,    8572184 total
: 98505K->9845K(109248K), 0,0322024 secs] 157948K->69339K(502464K), 0,0325045 secs] [Times: user=0,02 sys=0,00, real=0,03 secs] 
Heap after GC invocations=34 (full 1):
 par new generation   total 109248K, used 9845K [0x00000000e0000000, 0x00000000e8000000, 0x00000000e8000000)
  eden space 87424K,   0% used [0x00000000e0000000, 0x00000000e0000000, 0x00000000e5560000)
  from space 21824K,  45% used [0x00000000e5560000, 0x00000000e5efd770, 0x00000000e6ab0000)
  to   space 21824K,   0% used [0x00000000e6ab0000, 0x00000000e6ab0000, 0x00000000e8000000)
 concurrent mark-sweep generation total 393216K, used 59493K [0x00000000e8000000, 0x0000000100000000, 0x0000000100000000)
 Metaspace       used 37813K, capacity 38937K, committed 39288K, reserved 1083392K
  class space    used 4324K, capacity 4624K, committed 4728K, reserved 1048576K
}
2017-07-04T14:30:49.204+0200: 132,998: Total time for which application threads were stopped: 0,0359306 seconds, Stopping threads took: 0,0025419 seconds
2017-07-04T14:30:49.689+0200: 133,483: Total time for which application threads were stopped: 0,0008365 seconds, Stopping threads took: 0,0001663 seconds
2017-07-04T14:30:49.709+0200: 133,503: Total time for which application threads were stopped: 0,0008659 seconds, Stopping threads took: 0,0001849 seconds
2017-07-04T14:30:49.928+0200: 133,722: Total time for which application threads were stopped: 0,0008589 seconds, Stopping threads took: 0,0001766 seconds
2017-07-04T14:30:49.940+0200: 133,734: Total time for which application threads were stopped: 0,0064292 seconds, Stopping threads took: 0,0001455 seconds
2017-07-04T14:30:50.085+0200: 133,879: Total time for which application threads were stopped: 0,0008226 seconds, Stopping threads took: 0,0001688 seconds
2017-07-04T14:30:50.095+0200: 133,889: Total time for which application threads were stopped: 0,0008430 seconds, Stopping threads took: 0,0001810 seconds
2017-07-04T14:30:50.167+0200: 133,961: Total time for which application threads were stopped: 0,0008072 seconds, Stopping threads took: 0,0001732 seconds
2017-07-04T14:30:50.173+0200: 133,966: Total time for which application threads were stopped: 0,0006583 seconds, Stopping threads took: 0,0000861 seconds
2017-07-04T14:30:50.293+0200: 134,087: Total time for which application threads were stopped: 0,0008918 seconds, Stopping threads took: 0,0002130 seconds
2017-07-04T14:30:50.811+0200: 134,605: Total time for which application threads were stopped: 0,0009625 seconds, Stopping threads took: 0,0001792 seconds
2017-07-04T14:30:51.002+0200: 134,796: Total time for which application threads were stopped: 0,0008712 seconds, Stopping threads took: 0,0002009 seconds
2017-07-04T14:30:51.018+0200: 134,812: Total time for which application threads were stopped: 0,0008846 seconds, Stopping threads took: 0,0002100 seconds
2017-07-04T14:30:51.024+0200: 134,818: Total time for which application threads were stopped: 0,0007709 seconds, Stopping threads took: 0,0001430 seconds
2017-07-04T14:30:51.144+0200: 134,938: Total time for which application threads were stopped: 0,0009664 seconds, Stopping threads took: 0,0002049 seconds
2017-07-04T14:30:51.179+0200: 134,973: Total time for which application threads were stopped: 0,0008334 seconds, Stopping threads took: 0,0001827 seconds
2017-07-04T14:30:51.209+0200: 135,003: Total time for which application threads were stopped: 0,0020154 seconds, Stopping threads took: 0,0012016 seconds
2017-07-04T14:30:51.390+0200: 135,184: Total time for which application threads were stopped: 0,0008297 seconds, Stopping threads took: 0,0001719 seconds
{Heap before GC invocations=34 (full 1):
 par new generation   total 109248K, used 97268K [0x00000000e0000000, 0x00000000e8000000, 0x00000000e8000000)
  eden space 87424K,  99% used [0x00000000e0000000, 0x00000000e555f918, 0x00000000e5560000)
  from space 21824K,  45% used [0x00000000e5560000, 0x00000000e5efd770, 0x00000000e6ab0000)
  to   space 21824K,   0% used [0x00000000e6ab0000, 0x00000000e6ab0000, 0x00000000e8000000)
 concurrent mark-sweep generation total 393216K, used 59493K [0x00000000e8000000, 0x0000000100000000, 0x0000000100000000)
 Metaspace       used 37938K, capacity 39065K, committed 39288K, reserved 1083392K
  class space    used 4325K, capacity 4624K, committed 4728K, reserved 1048576K
2017-07-04T14:30:51.413+0200: 135,207: [GC (Allocation Failure) 2017-07-04T14:30:51.413+0200: 135,207: [ParNew
Desired survivor size 20112992 bytes, new threshold 8 (max 8)
- age   1:    4965560 bytes,    4965560 total
- age   2:      89656 bytes,    5055216 total
- age   3:     100968 bytes,    5156184 total
- age   4:      45272 bytes,    5201456 total
- age   5:     750328 bytes,    5951784 total
- age   6:       6832 bytes,    5958616 total
- age   8:       3400 bytes,    5962016 total
: 97268K->9215K(109248K), 0,0527102 secs] 156761K->69002K(502464K), 0,0529754 secs] [Times: user=0,02 sys=0,00, real=0,06 secs] 
Heap after GC invocations=35 (full 1):
 par new generation   total 109248K, used 9215K [0x00000000e0000000, 0x00000000e8000000, 0x00000000e8000000)
  eden space 87424K,   0% used [0x00000000e0000000, 0x00000000e0000000, 0x00000000e5560000)
  from space 21824K,  42% used [0x00000000e6ab0000, 0x00000000e73afe58, 0x00000000e8000000)
  to   space 21824K,   0% used [0x00000000e5560000, 0x00000000e5560000, 0x00000000e6ab0000)
 concurrent mark-sweep generation total 393216K, used 59787K [0x00000000e8000000, 0x0000000100000000, 0x0000000100000000)
 Metaspace       used 37938K, capacity 39065K, committed 39288K, reserved 1083392K
  class space    used 4325K, capacity 4624K, committed 4728K, reserved 1048576K
}
2017-07-04T14:30:51.466+0200: 135,260: Total time for which application threads were stopped: 0,0541623 seconds, Stopping threads took: 0,0002146 seconds
2017-07-04T14:30:51.635+0200: 135,429: Total time for which application threads were stopped: 0,0008128 seconds, Stopping threads took: 0,0001771 seconds
2017-07-04T14:30:51.673+0200: 135,467: Total time for which application threads were stopped: 0,0008744 seconds, Stopping threads took: 0,0001935 seconds
2017-07-04T14:30:52.263+0200: 136,057: Total time for which application threads were stopped: 0,0008136 seconds, Stopping threads took: 0,0001583 seconds
2017-07-04T14:30:52.271+0200: 136,065: Total time for which application threads were stopped: 0,0008294 seconds, Stopping threads took: 0,0001779 seconds
2017-07-04T14:30:52.389+0200: 136,183: Total time for which application threads were stopped: 0,0058064 seconds, Stopping threads took: 0,0051538 seconds
2017-07-04T14:30:52.419+0200: 136,213: Total time for which application threads were stopped: 0,0172299 seconds, Stopping threads took: 0,0165591 seconds
2017-07-04T14:30:52.455+0200: 136,249: Total time for which application threads were stopped: 0,0224714 seconds, Stopping threads took: 0,0217819 seconds
{Heap before GC invocations=35 (full 1):
 par new generation   total 109248K, used 96639K [0x00000000e0000000, 0x00000000e8000000, 0x00000000e8000000)
  eden space 87424K, 100% used [0x00000000e0000000, 0x00000000e5560000, 0x00000000e5560000)
  from space 21824K,  42% used [0x00000000e6ab0000, 0x00000000e73afe58, 0x00000000e8000000)
  to   space 21824K,   0% used [0x00000000e5560000, 0x00000000e5560000, 0x00000000e6ab0000)
 concurrent mark-sweep generation total 393216K, used 59787K [0x00000000e8000000, 0x0000000100000000, 0x0000000100000000)
 Metaspace       used 38033K, capacity 39167K, committed 39288K, reserved 1083392K
  class space    used 4330K, capacity 4633K, committed 4728K, reserved 1048576K
2017-07-04T14:30:52.485+0200: 136,279: [GC (Allocation Failure) 2017-07-04T14:30:52.485+0200: 136,279: [ParNew
Desired survivor size 20112992 bytes, new threshold 8 (max 8)
- age   1:    3503976 bytes,    3503976 total
- age   2:    2777024 bytes,    6281000 total
- age   3:      89656 bytes,    6370656 total
- age   4:     100968 bytes,    6471624 total
- age   5:      45272 bytes,    6516896 total
- age   6:     746008 bytes,    7262904 total
- age   7:       6832 bytes,    7269736 total
: 96639K->8246K(109248K), 0,0350517 secs] 156426K->68036K(502464K), 0,0353519 secs] [Times: user=0,02 sys=0,00, real=0,03 secs] 
Heap after GC invocations=36 (full 1):
 par new generation   total 109248K, used 8246K [0x00000000e0000000, 0x00000000e8000000, 0x00000000e8000000)
  eden space 87424K,   0% used [0x00000000e0000000, 0x00000000e0000000, 0x00000000e5560000)
  from space 21824K,  37% used [0x00000000e5560000, 0x00000000e5d6dae0, 0x00000000e6ab0000)
  to   space 21824K,   0% used [0x00000000e6ab0000, 0x00000000e6ab0000, 0x00000000e8000000)
 concurrent mark-sweep generation total 393216K, used 59789K [0x00000000e8000000, 0x0000000100000000, 0x0000000100000000)
 Metaspace       used 38033K, capacity 39167K, committed 39288K, reserved 1083392K
  class space    used 4330K, capacity 4633K, committed 4728K, reserved 1048576K
}
2017-07-04T14:30:52.521+0200: 136,315: Total time for which application threads were stopped: 0,0406739 seconds, Stopping threads took: 0,0043915 seconds
2017-07-04T14:30:52.537+0200: 136,331: Total time for which application threads were stopped: 0,0045197 seconds, Stopping threads took: 0,0037727 seconds
2017-07-04T14:30:52.537+0200: 136,331: Total time for which application threads were stopped: 0,0003722 seconds, Stopping threads took: 0,0000372 seconds
2017-07-04T14:30:52.571+0200: 136,365: Total time for which application threads were stopped: 0,0266504 seconds, Stopping threads took: 0,0259936 seconds
2017-07-04T14:30:52.571+0200: 136,365: Total time for which application threads were stopped: 0,0003572 seconds, Stopping threads took: 0,0000379 seconds
2017-07-04T14:30:52.617+0200: 136,411: Total time for which application threads were stopped: 0,0291493 seconds, Stopping threads took: 0,0284717 seconds
2017-07-04T14:30:52.630+0200: 136,424: Total time for which application threads were stopped: 0,0093411 seconds, Stopping threads took: 0,0086629 seconds
2017-07-04T14:30:52.649+0200: 136,443: Total time for which application threads were stopped: 0,0073992 seconds, Stopping threads took: 0,0067103 seconds
2017-07-04T14:30:52.661+0200: 136,455: Total time for which application threads were stopped: 0,0031309 seconds, Stopping threads took: 0,0024549 seconds
2017-07-04T14:30:52.673+0200: 136,467: Total time for which application threads were stopped: 0,0090855 seconds, Stopping threads took: 0,0083684 seconds
{Heap before GC invocations=36 (full 1):
 par new generation   total 109248K, used 95670K [0x00000000e0000000, 0x00000000e8000000, 0x00000000e8000000)
  eden space 87424K, 100% used [0x00000000e0000000, 0x00000000e5560000, 0x00000000e5560000)
  from space 21824K,  37% used [0x00000000e5560000, 0x00000000e5d6dae0, 0x00000000e6ab0000)
  to   space 21824K,   0% used [0x00000000e6ab0000, 0x00000000e6ab0000, 0x00000000e8000000)
 concurrent mark-sweep generation total 393216K, used 59789K [0x00000000e8000000, 0x0000000100000000, 0x0000000100000000)
 Metaspace       used 38084K, capacity 39233K, committed 39544K, reserved 1083392K
  class space    used 4337K, capacity 4644K, committed 4728K, reserved 1048576K
2017-07-04T14:30:52.676+0200: 136,470: [GC (Allocation Failure) 2017-07-04T14:30:52.676+0200: 136,470: [ParNew
Desired survivor size 20112992 bytes, new threshold 8 (max 8)
- age   1:     476736 bytes,     476736 total
- age   2:    3329976 bytes,    3806712 total
- age   3:    2252528 bytes,    6059240 total
- age   4:      89656 bytes,    6148896 total
- age   5:     100968 bytes,    6249864 total
- age   6:      45272 bytes,    6295136 total
- age   7:     746008 bytes,    7041144 total
- age   8:       6832 bytes,    7047976 total
: 95670K->10719K(109248K), 0,0358005 secs] 155460K->70508K(502464K), 0,0360672 secs] [Times: user=0,02 sys=0,00, real=0,04 secs] 
Heap after GC invocations=37 (full 1):
 par new generation   total 109248K, used 10719K [0x00000000e0000000, 0x00000000e8000000, 0x00000000e8000000)
  eden space 87424K,   0% used [0x00000000e0000000, 0x00000000e0000000, 0x00000000e5560000)
  from space 21824K,  49% used [0x00000000e6ab0000, 0x00000000e7527c50, 0x00000000e8000000)
  to   space 21824K,   0% used [0x00000000e5560000, 0x00000000e5560000, 0x00000000e6ab0000)
 concurrent mark-sweep generation total 393216K, used 59789K [0x00000000e8000000, 0x0000000100000000, 0x0000000100000000)
 Metaspace       used 38084K, capacity 39233K, committed 39544K, reserved 1083392K
  class space    used 4337K, capacity 4644K, committed 4728K, reserved 1048576K
}
2017-07-04T14:30:52.712+0200: 136,506: Total time for which application threads were stopped: 0,0369999 seconds, Stopping threads took: 0,0000831 seconds
2017-07-04T14:30:52.732+0200: 136,526: Total time for which application threads were stopped: 0,0078084 seconds, Stopping threads took: 0,0014499 seconds
2017-07-04T14:30:53.029+0200: 136,823: Total time for which application threads were stopped: 0,0082565 seconds, Stopping threads took: 0,0075663 seconds
2017-07-04T14:30:53.050+0200: 136,844: Total time for which application threads were stopped: 0,0157347 seconds, Stopping threads took: 0,0150757 seconds
2017-07-04T14:30:53.052+0200: 136,846: Total time for which application threads were stopped: 0,0007100 seconds, Stopping threads took: 0,0001702 seconds
{Heap before GC invocations=37 (full 1):
 par new generation   total 109248K, used 98143K [0x00000000e0000000, 0x00000000e8000000, 0x00000000e8000000)
  eden space 87424K, 100% used [0x00000000e0000000, 0x00000000e5560000, 0x00000000e5560000)
  from space 21824K,  49% used [0x00000000e6ab0000, 0x00000000e7527c50, 0x00000000e8000000)
  to   space 21824K,   0% used [0x00000000e5560000, 0x00000000e5560000, 0x00000000e6ab0000)
 concurrent mark-sweep generation total 393216K, used 59789K [0x00000000e8000000, 0x0000000100000000, 0x0000000100000000)
 Metaspace       used 38137K, capacity 39287K, committed 39544K, reserved 1083392K
  class space    used 4344K, capacity 4653K, committed 4728K, reserved 1048576K
2017-07-04T14:30:53.073+0200: 136,867: [GC (Allocation Failure) 2017-07-04T14:30:53.073+0200: 136,867: [ParNew
Desired survivor size 20112992 bytes, new threshold 8 (max 8)
- age   1:     787336 bytes,     787336 total
- age   2:     142992 bytes,     930328 total
- age   3:    3322888 bytes,    4253216 total
- age   4:    2230088 bytes,    6483304 total
- age   5:      89656 bytes,    6572960 total
- age   6:     100968 bytes,    6673928 total
- age   7:      45272 bytes,    6719200 total
- age   8:     745976 bytes,    7465176 total
: 98143K->9755K(109248K), 0,0225905 secs] 157932K->69552K(502464K), 0,0228533 secs] [Times: user=0,02 sys=0,00, real=0,03 secs] 
Heap after GC invocations=38 (full 1):
 par new generation   total 109248K, used 9755K [0x00000000e0000000, 0x00000000e8000000, 0x00000000e8000000)
  eden space 87424K,   0% used [0x00000000e0000000, 0x00000000e0000000, 0x00000000e5560000)
  from space 21824K,  44% used [0x00000000e5560000, 0x00000000e5ee6fa0, 0x00000000e6ab0000)
  to   space 21824K,   0% used [0x00000000e6ab0000, 0x00000000e6ab0000, 0x00000000e8000000)
 concurrent mark-sweep generation total 393216K, used 59796K [0x00000000e8000000, 0x0000000100000000, 0x0000000100000000)
 Metaspace       used 38137K, capacity 39287K, committed 39544K, reserved 1083392K
  class space    used 4344K, capacity 4653K, committed 4728K, reserved 1048576K
}
2017-07-04T14:30:53.096+0200: 136,890: Total time for which application threads were stopped: 0,0401099 seconds, Stopping threads took: 0,0162616 seconds
2017-07-04T14:30:53.125+0200: 136,919: Total time for which application threads were stopped: 0,0172330 seconds, Stopping threads took: 0,0165776 seconds
2017-07-04T14:30:53.125+0200: 136,919: Total time for which application threads were stopped: 0,0003598 seconds, Stopping threads took: 0,0000384 seconds
2017-07-04T14:30:53.609+0200: 137,403: Total time for which application threads were stopped: 0,0036306 seconds, Stopping threads took: 0,0002241 seconds
2017-07-04T14:30:53.620+0200: 137,414: Total time for which application threads were stopped: 0,0008102 seconds, Stopping threads took: 0,0001593 seconds
2017-07-04T14:30:53.817+0200: 137,611: Total time for which application threads were stopped: 0,0008407 seconds, Stopping threads took: 0,0001728 seconds
{Heap before GC invocations=38 (full 1):
 par new generation   total 109248K, used 97179K [0x00000000e0000000, 0x00000000e8000000, 0x00000000e8000000)
  eden space 87424K, 100% used [0x00000000e0000000, 0x00000000e5560000, 0x00000000e5560000)
  from space 21824K,  44% used [0x00000000e5560000, 0x00000000e5ee6fa0, 0x00000000e6ab0000)
  to   space 21824K,   0% used [0x00000000e6ab0000, 0x00000000e6ab0000, 0x00000000e8000000)
 concurrent mark-sweep generation total 393216K, used 59796K [0x00000000e8000000, 0x0000000100000000, 0x0000000100000000)
 Metaspace       used 38224K, capacity 39433K, committed 39544K, reserved 1083392K
  class space    used 4351K, capacity 4666K, committed 4728K, reserved 1048576K
2017-07-04T14:30:53.826+0200: 137,620: [GC (Allocation Failure) 2017-07-04T14:30:53.826+0200: 137,620: [ParNew
Desired survivor size 20112992 bytes, new threshold 8 (max 8)
- age   1:    1864008 bytes,    1864008 total
- age   2:     120184 bytes,    1984192 total
- age   3:     141120 bytes,    2125312 total
- age   4:    1939928 bytes,    4065240 total
- age   5:    1788968 bytes,    5854208 total
- age   6:      89656 bytes,    5943864 total
- age   7:      98856 bytes,    6042720 total
- age   8:      40632 bytes,    6083352 total
: 97179K->7093K(109248K), 0,0848625 secs] 156976K->67625K(502464K), 0,0852982 secs] [Times: user=0,03 sys=0,00, real=0,08 secs] 
Heap after GC invocations=39 (full 1):
 par new generation   total 109248K, used 7093K [0x00000000e0000000, 0x00000000e8000000, 0x00000000e8000000)
  eden space 87424K,   0% used [0x00000000e0000000, 0x00000000e0000000, 0x00000000e5560000)
  from space 21824K,  32% used [0x00000000e6ab0000, 0x00000000e719d680, 0x00000000e8000000)
  to   space 21824K,   0% used [0x00000000e5560000, 0x00000000e5560000, 0x00000000e6ab0000)
 concurrent mark-sweep generation total 393216K, used 60532K [0x00000000e8000000, 0x0000000100000000, 0x0000000100000000)
 Metaspace       used 38224K, capacity 39433K, committed 39544K, reserved 1083392K
  class space    used 4351K, capacity 4666K, committed 4728K, reserved 1048576K
}
2017-07-04T14:30:53.912+0200: 137,706: Total time for which application threads were stopped: 0,0865748 seconds, Stopping threads took: 0,0001687 seconds
2017-07-04T14:30:53.916+0200: 137,710: Total time for which application threads were stopped: 0,0009446 seconds, Stopping threads took: 0,0002024 seconds
2017-07-04T14:30:53.969+0200: 137,763: Total time for which application threads were stopped: 0,0008267 seconds, Stopping threads took: 0,0001712 seconds
2017-07-04T14:30:53.970+0200: 137,764: Total time for which application threads were stopped: 0,0005936 seconds, Stopping threads took: 0,0001034 seconds
2017-07-04T14:30:54.487+0200: 138,281: Total time for which application threads were stopped: 0,0008237 seconds, Stopping threads took: 0,0001826 seconds
2017-07-04T14:30:54.554+0200: 138,348: Total time for which application threads were stopped: 0,0009542 seconds, Stopping threads took: 0,0001856 seconds
{Heap before GC invocations=39 (full 1):
 par new generation   total 109248K, used 94517K [0x00000000e0000000, 0x00000000e8000000, 0x00000000e8000000)
  eden space 87424K, 100% used [0x00000000e0000000, 0x00000000e5560000, 0x00000000e5560000)
  from space 21824K,  32% used [0x00000000e6ab0000, 0x00000000e719d680, 0x00000000e8000000)
  to   space 21824K,   0% used [0x00000000e5560000, 0x00000000e5560000, 0x00000000e6ab0000)
 concurrent mark-sweep generation total 393216K, used 60532K [0x00000000e8000000, 0x0000000100000000, 0x0000000100000000)
 Metaspace       used 38258K, capacity 39497K, committed 39800K, reserved 1085440K
  class space    used 4351K, capacity 4666K, committed 4728K, reserved 1048576K
2017-07-04T14:30:54.991+0200: 138,785: [GC (Allocation Failure) 2017-07-04T14:30:54.991+0200: 138,785: [ParNew
Desired survivor size 20112992 bytes, new threshold 8 (max 8)
- age   1:    1993832 bytes,    1993832 total
- age   2:    1554848 bytes,    3548680 total
- age   3:     119856 bytes,    3668536 total
- age   4:     141120 bytes,    3809656 total
- age   5:     239536 bytes,    4049192 total
- age   6:     854112 bytes,    4903304 total
- age   7:      84024 bytes,    4987328 total
- age   8:      98824 bytes,    5086152 total
: 94517K->8013K(109248K), 0,0228022 secs] 155049K->68587K(502464K), 0,0230641 secs] [Times: user=0,02 sys=0,00, real=0,02 secs] 
Heap after GC invocations=40 (full 1):
 par new generation   total 109248K, used 8013K [0x00000000e0000000, 0x00000000e8000000, 0x00000000e8000000)
  eden space 87424K,   0% used [0x00000000e0000000, 0x00000000e0000000, 0x00000000e5560000)
  from space 21824K,  36% used [0x00000000e5560000, 0x00000000e5d335e0, 0x00000000e6ab0000)
  to   space 21824K,   0% used [0x00000000e6ab0000, 0x00000000e6ab0000, 0x00000000e8000000)
 concurrent mark-sweep generation total 393216K, used 60574K [0x00000000e8000000, 0x0000000100000000, 0x0000000100000000)
 Metaspace       used 38258K, capacity 39497K, committed 39800K, reserved 1085440K
  class space    used 4351K, capacity 4666K, committed 4728K, reserved 1048576K
}
2017-07-04T14:30:55.014+0200: 138,808: Total time for which application threads were stopped: 0,0270453 seconds, Stopping threads took: 0,0030654 seconds
2017-07-04T14:30:55.116+0200: 138,910: Total time for which application threads were stopped: 0,0204524 seconds, Stopping threads took: 0,0197603 seconds
2017-07-04T14:30:55.129+0200: 138,923: Total time for which application threads were stopped: 0,0084139 seconds, Stopping threads took: 0,0077840 seconds
2017-07-04T14:30:55.129+0200: 138,923: Total time for which application threads were stopped: 0,0004093 seconds, Stopping threads took: 0,0000348 seconds
{Heap before GC invocations=40 (full 1):
 par new generation   total 109248K, used 95437K [0x00000000e0000000, 0x00000000e8000000, 0x00000000e8000000)
  eden space 87424K, 100% used [0x00000000e0000000, 0x00000000e5560000, 0x00000000e5560000)
  from space 21824K,  36% used [0x00000000e5560000, 0x00000000e5d335e0, 0x00000000e6ab0000)
  to   space 21824K,   0% used [0x00000000e6ab0000, 0x00000000e6ab0000, 0x00000000e8000000)
 concurrent mark-sweep generation total 393216K, used 60574K [0x00000000e8000000, 0x0000000100000000, 0x0000000100000000)
 Metaspace       used 38258K, capacity 39497K, committed 39800K, reserved 1085440K
  class space    used 4351K, capacity 4666K, committed 4728K, reserved 1048576K
2017-07-04T14:30:55.130+0200: 138,924: [GC (Allocation Failure) 2017-07-04T14:30:55.130+0200: 138,924: [ParNew
Desired survivor size 20112992 bytes, new threshold 8 (max 8)
- age   1:     211608 bytes,     211608 total
- age   2:    1832304 bytes,    2043912 total
- age   3:    1554848 bytes,    3598760 total
- age   4:     119856 bytes,    3718616 total
- age   5:     141120 bytes,    3859736 total
- age   6:     239536 bytes,    4099272 total
- age   7:     852288 bytes,    4951560 total
- age   8:      84024 bytes,    5035584 total
: 95437K->6443K(109248K), 0,0462820 secs] 156011K->67116K(502464K), 0,0465592 secs] [Times: user=0,02 sys=0,00, real=0,05 secs] 
Heap after GC invocations=41 (full 1):
 par new generation   total 109248K, used 6443K [0x00000000e0000000, 0x00000000e8000000, 0x00000000e8000000)
  eden space 87424K,   0% used [0x00000000e0000000, 0x00000000e0000000, 0x00000000e5560000)
  from space 21824K,  29% used [0x00000000e6ab0000, 0x00000000e70fad20, 0x00000000e8000000)
  to   space 21824K,   0% used [0x00000000e5560000, 0x00000000e5560000, 0x00000000e6ab0000)
 concurrent mark-sweep generation total 393216K, used 60672K [0x00000000e8000000, 0x0000000100000000, 0x0000000100000000)
 Metaspace       used 38258K, capacity 39497K, committed 39800K, reserved 1085440K
  class space    used 4351K, capacity 4666K, committed 4728K, reserved 1048576K
}
2017-07-04T14:30:55.177+0200: 138,971: Total time for which application threads were stopped: 0,0472839 seconds, Stopping threads took: 0,0000366 seconds
2017-07-04T14:30:55.196+0200: 138,990: Total time for which application threads were stopped: 0,0075669 seconds, Stopping threads took: 0,0069255 seconds
2017-07-04T14:30:55.245+0200: 139,039: Total time for which application threads were stopped: 0,0406709 seconds, Stopping threads took: 0,0399401 seconds
2017-07-04T14:30:55.309+0200: 139,103: Total time for which application threads were stopped: 0,0144057 seconds, Stopping threads took: 0,0137099 seconds
2017-07-04T14:30:55.313+0200: 139,107: Total time for which application threads were stopped: 0,0030347 seconds, Stopping threads took: 0,0023941 seconds
2017-07-04T14:30:55.329+0200: 139,123: Total time for which application threads were stopped: 0,0080369 seconds, Stopping threads took: 0,0073496 seconds
2017-07-04T14:30:55.330+0200: 139,124: Total time for which application threads were stopped: 0,0004069 seconds, Stopping threads took: 0,0000514 seconds
2017-07-04T14:30:55.345+0200: 139,139: Total time for which application threads were stopped: 0,0126396 seconds, Stopping threads took: 0,0119591 seconds
2017-07-04T14:30:55.346+0200: 139,140: Total time for which application threads were stopped: 0,0004975 seconds, Stopping threads took: 0,0000474 seconds
2017-07-04T14:30:55.362+0200: 139,156: Total time for which application threads were stopped: 0,0058327 seconds, Stopping threads took: 0,0051640 seconds
{Heap before GC invocations=41 (full 1):
 par new generation   total 109248K, used 93867K [0x00000000e0000000, 0x00000000e8000000, 0x00000000e8000000)
  eden space 87424K, 100% used [0x00000000e0000000, 0x00000000e5560000, 0x00000000e5560000)
  from space 21824K,  29% used [0x00000000e6ab0000, 0x00000000e70fad20, 0x00000000e8000000)
  to   space 21824K,   0% used [0x00000000e5560000, 0x00000000e5560000, 0x00000000e6ab0000)
 concurrent mark-sweep generation total 393216K, used 60672K [0x00000000e8000000, 0x0000000100000000, 0x0000000100000000)
 Metaspace       used 38263K, capacity 39503K, committed 39800K, reserved 1085440K
  class space    used 4352K, capacity 4667K, committed 4728K, reserved 1048576K
2017-07-04T14:30:55.367+0200: 139,161: [GC (Allocation Failure) 2017-07-04T14:30:55.367+0200: 139,161: [ParNew
Desired survivor size 20112992 bytes, new threshold 8 (max 8)
- age   1:     732232 bytes,     732232 total
- age   2:      60272 bytes,     792504 total
- age   3:    1830904 bytes,    2623408 total
- age   4:    1554848 bytes,    4178256 total
- age   5:     119856 bytes,    4298112 total
- age   6:     141048 bytes,    4439160 total
- age   7:     239536 bytes,    4678696 total
- age   8:     851080 bytes,    5529776 total
: 93867K->6843K(109248K), 0,0404482 secs] 154540K->67600K(502464K), 0,0407291 secs] [Times: user=0,02 sys=0,00, real=0,04 secs] 
Heap after GC invocations=42 (full 1):
 par new generation   total 109248K, used 6843K [0x00000000e0000000, 0x00000000e8000000, 0x00000000e8000000)
  eden space 87424K,   0% used [0x00000000e0000000, 0x00000000e0000000, 0x00000000e5560000)
  from space 21824K,  31% used [0x00000000e5560000, 0x00000000e5c0ecd0, 0x00000000e6ab0000)
  to   space 21824K,   0% used [0x00000000e6ab0000, 0x00000000e6ab0000, 0x00000000e8000000)
 concurrent mark-sweep generation total 393216K, used 60756K [0x00000000e8000000, 0x0000000100000000, 0x0000000100000000)
 Metaspace       used 38263K, capacity 39503K, committed 39800K, reserved 1085440K
  class space    used 4352K, capacity 4667K, committed 4728K, reserved 1048576K
}
2017-07-04T14:30:55.408+0200: 139,202: Total time for which application threads were stopped: 0,0417755 seconds, Stopping threads took: 0,0001550 seconds
2017-07-04T14:30:55.413+0200: 139,207: Total time for which application threads were stopped: 0,0021597 seconds, Stopping threads took: 0,0015404 seconds
2017-07-04T14:30:55.469+0200: 139,263: Total time for which application threads were stopped: 0,0421119 seconds, Stopping threads took: 0,0414568 seconds
2017-07-04T14:30:55.470+0200: 139,264: Total time for which application threads were stopped: 0,0004023 seconds, Stopping threads took: 0,0000394 seconds
2017-07-04T14:30:55.477+0200: 139,271: Total time for which application threads were stopped: 0,0035788 seconds, Stopping threads took: 0,0029274 seconds
2017-07-04T14:30:55.477+0200: 139,271: Total time for which application threads were stopped: 0,0004427 seconds, Stopping threads took: 0,0000723 seconds
2017-07-04T14:30:55.505+0200: 139,299: Total time for which application threads were stopped: 0,0205727 seconds, Stopping threads took: 0,0199130 seconds
2017-07-04T14:30:55.511+0200: 139,305: Total time for which application threads were stopped: 0,0024157 seconds, Stopping threads took: 0,0017642 seconds
2017-07-04T14:30:55.511+0200: 139,305: Total time for which application threads were stopped: 0,0004030 seconds, Stopping threads took: 0,0000366 seconds
2017-07-04T14:30:55.517+0200: 139,311: Total time for which application threads were stopped: 0,0047687 seconds, Stopping threads took: 0,0040165 seconds
2017-07-04T14:30:55.545+0200: 139,339: Total time for which application threads were stopped: 0,0195691 seconds, Stopping threads took: 0,0187153 seconds
2017-07-04T14:30:55.550+0200: 139,344: Total time for which application threads were stopped: 0,0015061 seconds, Stopping threads took: 0,0009080 seconds
2017-07-04T14:30:55.550+0200: 139,344: Total time for which application threads were stopped: 0,0003686 seconds, Stopping threads took: 0,0000321 seconds
2017-07-04T14:30:55.556+0200: 139,350: Total time for which application threads were stopped: 0,0061714 seconds, Stopping threads took: 0,0000323 seconds
2017-07-04T14:30:55.769+0200: 139,563: Total time for which application threads were stopped: 0,0008751 seconds, Stopping threads took: 0,0001687 seconds
2017-07-04T14:30:55.774+0200: 139,568: Total time for which application threads were stopped: 0,0007493 seconds, Stopping threads took: 0,0001213 seconds
2017-07-04T14:30:55.781+0200: 139,575: Total time for which application threads were stopped: 0,0007597 seconds, Stopping threads took: 0,0001378 seconds
2017-07-04T14:30:55.793+0200: 139,587: Total time for which application threads were stopped: 0,0064658 seconds, Stopping threads took: 0,0057699 seconds
2017-07-04T14:30:55.796+0200: 139,590: Total time for which application threads were stopped: 0,0005576 seconds, Stopping threads took: 0,0000548 seconds
2017-07-04T14:30:55.815+0200: 139,609: Total time for which application threads were stopped: 0,0143657 seconds, Stopping threads took: 0,0136856 seconds
2017-07-04T14:30:55.817+0200: 139,611: Total time for which application threads were stopped: 0,0005660 seconds, Stopping threads took: 0,0000497 seconds
2017-07-04T14:30:55.829+0200: 139,623: Total time for which application threads were stopped: 0,0073364 seconds, Stopping threads took: 0,0066668 seconds
{Heap before GC invocations=42 (full 1):
 par new generation   total 109248K, used 94241K [0x00000000e0000000, 0x00000000e8000000, 0x00000000e8000000)
  eden space 87424K,  99% used [0x00000000e0000000, 0x00000000e5559988, 0x00000000e5560000)
  from space 21824K,  31% used [0x00000000e5560000, 0x00000000e5c0ecd0, 0x00000000e6ab0000)
  to   space 21824K,   0% used [0x00000000e6ab0000, 0x00000000e6ab0000, 0x00000000e8000000)
 concurrent mark-sweep generation total 393216K, used 60756K [0x00000000e8000000, 0x0000000100000000, 0x0000000100000000)
 Metaspace       used 38279K, capacity 39503K, committed 39800K, reserved 1085440K
  class space    used 4352K, capacity 4667K, committed 4728K, reserved 1048576K
2017-07-04T14:30:55.840+0200: 139,634: [GC (Allocation Failure) 2017-07-04T14:30:55.840+0200: 139,634: [ParNew
Desired survivor size 20112992 bytes, new threshold 8 (max 8)
- age   1:    1190728 bytes,    1190728 total
- age   2:     113624 bytes,    1304352 total
- age   3:      56928 bytes,    1361280 total
- age   4:     469000 bytes,    1830280 total
- age   5:    1536816 bytes,    3367096 total
- age   6:     119856 bytes,    3486952 total
- age   7:     141048 bytes,    3628000 total
- age   8:     239536 bytes,    3867536 total
: 94241K->4672K(109248K), 0,0337062 secs] 154998K->66252K(502464K), 0,0339833 secs] [Times: user=0,03 sys=0,00, real=0,03 secs] 
Heap after GC invocations=43 (full 1):
 par new generation   total 109248K, used 4672K [0x00000000e0000000, 0x00000000e8000000, 0x00000000e8000000)
  eden space 87424K,   0% used [0x00000000e0000000, 0x00000000e0000000, 0x00000000e5560000)
  from space 21824K,  21% used [0x00000000e6ab0000, 0x00000000e6f40100, 0x00000000e8000000)
  to   space 21824K,   0% used [0x00000000e5560000, 0x00000000e5560000, 0x00000000e6ab0000)
 concurrent mark-sweep generation total 393216K, used 61580K [0x00000000e8000000, 0x0000000100000000, 0x0000000100000000)
 Metaspace       used 38279K, capacity 39503K, committed 39800K, reserved 1085440K
  class space    used 4352K, capacity 4667K, committed 4728K, reserved 1048576K
}
2017-07-04T14:30:55.874+0200: 139,668: Total time for which application threads were stopped: 0,0363377 seconds, Stopping threads took: 0,0014626 seconds
2017-07-04T14:30:55.951+0200: 139,745: Total time for which application threads were stopped: 0,0008161 seconds, Stopping threads took: 0,0001633 seconds
2017-07-04T14:30:56.370+0200: 140,164: Total time for which application threads were stopped: 0,0008323 seconds, Stopping threads took: 0,0001825 seconds
2017-07-04T14:30:56.934+0200: 140,728: Total time for which application threads were stopped: 0,0007989 seconds, Stopping threads took: 0,0001713 seconds
2017-07-04T14:30:56.935+0200: 140,729: Total time for which application threads were stopped: 0,0004247 seconds, Stopping threads took: 0,0000379 seconds
2017-07-04T14:30:56.938+0200: 140,732: Total time for which application threads were stopped: 0,0004600 seconds, Stopping threads took: 0,0000510 seconds
2017-07-04T14:30:56.938+0200: 140,732: Total time for which application threads were stopped: 0,0004150 seconds, Stopping threads took: 0,0000333 seconds
2017-07-04T14:30:56.939+0200: 140,733: Total time for which application threads were stopped: 0,0003555 seconds, Stopping threads took: 0,0000315 seconds
2017-07-04T14:30:56.939+0200: 140,733: Total time for which application threads were stopped: 0,0003025 seconds, Stopping threads took: 0,0000306 seconds
2017-07-04T14:30:56.940+0200: 140,733: Total time for which application threads were stopped: 0,0003502 seconds, Stopping threads took: 0,0000686 seconds
2017-07-04T14:30:57.079+0200: 140,873: Total time for which application threads were stopped: 0,0053183 seconds, Stopping threads took: 0,0002246 seconds
2017-07-04T14:30:57.080+0200: 140,874: Total time for which application threads were stopped: 0,0007491 seconds, Stopping threads took: 0,0000426 seconds
2017-07-04T14:30:57.096+0200: 140,890: Total time for which application threads were stopped: 0,0008905 seconds, Stopping threads took: 0,0001998 seconds
2017-07-04T14:30:57.096+0200: 140,890: Total time for which application threads were stopped: 0,0003689 seconds, Stopping threads took: 0,0000352 seconds
2017-07-04T14:30:57.105+0200: 140,899: Total time for which application threads were stopped: 0,0008030 seconds, Stopping threads took: 0,0001555 seconds
2017-07-04T14:30:57.113+0200: 140,907: Total time for which application threads were stopped: 0,0008759 seconds, Stopping threads took: 0,0001876 seconds
2017-07-04T14:30:57.131+0200: 140,925: Total time for which application threads were stopped: 0,0163805 seconds, Stopping threads took: 0,0000862 seconds
2017-07-04T14:30:57.425+0200: 141,219: Total time for which application threads were stopped: 0,0008209 seconds, Stopping threads took: 0,0001733 seconds
2017-07-04T14:30:57.429+0200: 141,223: Total time for which application threads were stopped: 0,0007333 seconds, Stopping threads took: 0,0001418 seconds
2017-07-04T14:30:57.757+0200: 141,551: Total time for which application threads were stopped: 0,0031668 seconds, Stopping threads took: 0,0002207 seconds
2017-07-04T14:30:57.763+0200: 141,557: Total time for which application threads were stopped: 0,0008363 seconds, Stopping threads took: 0,0001890 seconds
2017-07-04T14:30:57.987+0200: 141,781: Total time for which application threads were stopped: 0,0008438 seconds, Stopping threads took: 0,0001837 seconds
2017-07-04T14:30:58.122+0200: 141,916: Total time for which application threads were stopped: 0,0008375 seconds, Stopping threads took: 0,0001850 seconds
2017-07-04T14:30:58.421+0200: 142,215: Total time for which application threads were stopped: 0,0008637 seconds, Stopping threads took: 0,0001791 seconds
2017-07-04T14:30:58.549+0200: 142,343: Total time for which application threads were stopped: 0,0056120 seconds, Stopping threads took: 0,0048065 seconds
2017-07-04T14:30:58.887+0200: 142,681: Total time for which application threads were stopped: 0,0010101 seconds, Stopping threads took: 0,0001945 seconds
2017-07-04T14:30:58.966+0200: 142,760: Total time for which application threads were stopped: 0,0008770 seconds, Stopping threads took: 0,0001755 seconds
2017-07-04T14:30:58.967+0200: 142,761: Total time for which application threads were stopped: 0,0004450 seconds, Stopping threads took: 0,0000370 seconds
2017-07-04T14:30:59.053+0200: 142,847: Total time for which application threads were stopped: 0,0008446 seconds, Stopping threads took: 0,0001969 seconds
2017-07-04T14:30:59.116+0200: 142,910: Total time for which application threads were stopped: 0,0008611 seconds, Stopping threads took: 0,0002032 seconds
2017-07-04T14:30:59.160+0200: 142,954: Total time for which application threads were stopped: 0,0008572 seconds, Stopping threads took: 0,0001827 seconds
2017-07-04T14:30:59.388+0200: 143,182: Total time for which application threads were stopped: 0,0008298 seconds, Stopping threads took: 0,0001893 seconds
2017-07-04T14:30:59.542+0200: 143,336: Total time for which application threads were stopped: 0,0008591 seconds, Stopping threads took: 0,0001709 seconds
2017-07-04T14:30:59.660+0200: 143,454: Total time for which application threads were stopped: 0,0047474 seconds, Stopping threads took: 0,0002225 seconds
2017-07-04T14:30:59.779+0200: 143,573: Total time for which application threads were stopped: 0,0090820 seconds, Stopping threads took: 0,0079704 seconds
2017-07-04T14:30:59.786+0200: 143,580: Total time for which application threads were stopped: 0,0063417 seconds, Stopping threads took: 0,0000496 seconds
2017-07-04T14:30:59.859+0200: 143,653: Total time for which application threads were stopped: 0,0032249 seconds, Stopping threads took: 0,0001888 seconds
2017-07-04T14:31:00.241+0200: 144,035: Total time for which application threads were stopped: 0,0045768 seconds, Stopping threads took: 0,0001953 seconds
2017-07-04T14:31:22.247+0200: 166,041: Total time for which application threads were stopped: 0,0008984 seconds, Stopping threads took: 0,0001855 seconds
2017-07-04T14:31:39.071+0200: 182,865: Total time for which application threads were stopped: 0,0032644 seconds, Stopping threads took: 0,0001693 seconds
2017-07-04T14:31:39.072+0200: 182,866: Total time for which application threads were stopped: 0,0004411 seconds, Stopping threads took: 0,0000390 seconds
2017-07-04T14:31:39.113+0200: 182,907: Total time for which application threads were stopped: 0,0008173 seconds, Stopping threads took: 0,0001906 seconds
2017-07-04T14:31:39.115+0200: 182,909: Total time for which application threads were stopped: 0,0014834 seconds, Stopping threads took: 0,0011391 seconds
2017-07-04T14:31:39.184+0200: 182,978: Total time for which application threads were stopped: 0,0038581 seconds, Stopping threads took: 0,0031667 seconds
2017-07-04T14:31:39.206+0200: 183,000: Total time for which application threads were stopped: 0,0008621 seconds, Stopping threads took: 0,0001972 seconds
2017-07-04T14:31:39.210+0200: 183,004: Total time for which application threads were stopped: 0,0007182 seconds, Stopping threads took: 0,0001077 seconds
2017-07-04T14:31:39.211+0200: 183,005: Total time for which application threads were stopped: 0,0003575 seconds, Stopping threads took: 0,0000363 seconds
2017-07-04T14:31:39.216+0200: 183,010: Total time for which application threads were stopped: 0,0008501 seconds, Stopping threads took: 0,0001829 seconds
2017-07-04T14:31:39.221+0200: 183,015: Total time for which application threads were stopped: 0,0008475 seconds, Stopping threads took: 0,0001573 seconds
2017-07-04T14:31:39.230+0200: 183,024: Total time for which application threads were stopped: 0,0008822 seconds, Stopping threads took: 0,0001892 seconds
2017-07-04T14:31:39.245+0200: 183,039: Total time for which application threads were stopped: 0,0008719 seconds, Stopping threads took: 0,0002023 seconds
2017-07-04T14:31:39.247+0200: 183,041: Total time for which application threads were stopped: 0,0005222 seconds, Stopping threads took: 0,0000458 seconds
2017-07-04T14:31:39.250+0200: 183,044: Total time for which application threads were stopped: 0,0005980 seconds, Stopping threads took: 0,0000599 seconds
2017-07-04T14:31:39.259+0200: 183,053: Total time for which application threads were stopped: 0,0009994 seconds, Stopping threads took: 0,0001905 seconds
2017-07-04T14:31:39.270+0200: 183,064: Total time for which application threads were stopped: 0,0008794 seconds, Stopping threads took: 0,0002243 seconds
2017-07-04T14:31:39.275+0200: 183,069: Total time for which application threads were stopped: 0,0008146 seconds, Stopping threads took: 0,0002041 seconds
2017-07-04T14:31:39.282+0200: 183,076: Total time for which application threads were stopped: 0,0007535 seconds, Stopping threads took: 0,0001547 seconds
2017-07-04T14:31:39.283+0200: 183,077: Total time for which application threads were stopped: 0,0003713 seconds, Stopping threads took: 0,0000353 seconds
2017-07-04T14:31:40.297+0200: 184,091: Total time for which application threads were stopped: 0,0012426 seconds, Stopping threads took: 0,0002707 seconds
2017-07-04T14:31:42.300+0200: 186,094: Total time for which application threads were stopped: 0,0012254 seconds, Stopping threads took: 0,0002470 seconds
2017-07-04T14:31:56.305+0200: 200,099: Total time for which application threads were stopped: 0,0012116 seconds, Stopping threads took: 0,0002488 seconds
2017-07-04T14:32:09.308+0200: 213,102: Total time for which application threads were stopped: 0,0011820 seconds, Stopping threads took: 0,0002315 seconds
2017-07-04T14:33:51.325+0200: 315,119: Total time for which application threads were stopped: 0,0011754 seconds, Stopping threads took: 0,0002297 seconds
2017-07-04T14:35:06.346+0200: 390,140: Total time for which application threads were stopped: 0,0008131 seconds, Stopping threads took: 0,0001959 seconds
2017-07-04T14:35:21.351+0200: 405,145: Total time for which application threads were stopped: 0,0011025 seconds, Stopping threads took: 0,0002138 seconds
2017-07-04T14:35:36.355+0200: 420,149: Total time for which application threads were stopped: 0,0010710 seconds, Stopping threads took: 0,0002196 seconds
2017-07-04T14:35:51.270+0200: 435,064: Total time for which application threads were stopped: 0,0010295 seconds, Stopping threads took: 0,0001940 seconds
2017-07-04T14:35:51.341+0200: 435,134: Total time for which application threads were stopped: 0,0023085 seconds, Stopping threads took: 0,0001600 seconds
2017-07-04T14:35:51.463+0200: 435,257: Total time for which application threads were stopped: 0,0007405 seconds, Stopping threads took: 0,0001787 seconds
2017-07-04T14:35:51.463+0200: 435,257: Total time for which application threads were stopped: 0,0003465 seconds, Stopping threads took: 0,0000381 seconds
2017-07-04T14:35:51.464+0200: 435,258: Total time for which application threads were stopped: 0,0003198 seconds, Stopping threads took: 0,0000381 seconds
2017-07-04T14:35:51.468+0200: 435,262: Total time for which application threads were stopped: 0,0004231 seconds, Stopping threads took: 0,0000623 seconds
2017-07-04T14:35:51.469+0200: 435,263: Total time for which application threads were stopped: 0,0002814 seconds, Stopping threads took: 0,0000349 seconds
2017-07-04T14:35:51.613+0200: 435,407: Total time for which application threads were stopped: 0,0008765 seconds, Stopping threads took: 0,0001713 seconds
2017-07-04T14:35:51.614+0200: 435,408: Total time for which application threads were stopped: 0,0006819 seconds, Stopping threads took: 0,0001043 seconds
2017-07-04T14:35:51.615+0200: 435,409: Total time for which application threads were stopped: 0,0006718 seconds, Stopping threads took: 0,0000830 seconds
2017-07-04T14:35:51.615+0200: 435,409: Total time for which application threads were stopped: 0,0004849 seconds, Stopping threads took: 0,0000629 seconds
2017-07-04T14:35:51.616+0200: 435,410: Total time for which application threads were stopped: 0,0004395 seconds, Stopping threads took: 0,0000489 seconds
2017-07-04T14:35:52.808+0200: 436,602: Total time for which application threads were stopped: 0,0007283 seconds, Stopping threads took: 0,0001558 seconds
2017-07-04T14:35:52.900+0200: 436,694: Total time for which application threads were stopped: 0,0077650 seconds, Stopping threads took: 0,0030163 seconds
2017-07-04T14:35:53.101+0200: 436,895: Total time for which application threads were stopped: 0,0010372 seconds, Stopping threads took: 0,0002711 seconds
2017-07-04T14:35:53.228+0200: 437,022: Total time for which application threads were stopped: 0,0054741 seconds, Stopping threads took: 0,0047575 seconds
2017-07-04T14:35:53.297+0200: 437,091: Total time for which application threads were stopped: 0,0007909 seconds, Stopping threads took: 0,0001920 seconds
2017-07-04T14:35:53.401+0200: 437,195: Total time for which application threads were stopped: 0,0007621 seconds, Stopping threads took: 0,0001729 seconds
2017-07-04T14:35:53.525+0200: 437,319: Total time for which application threads were stopped: 0,0007586 seconds, Stopping threads took: 0,0001711 seconds
2017-07-04T14:35:53.637+0200: 437,431: Total time for which application threads were stopped: 0,0007824 seconds, Stopping threads took: 0,0001732 seconds
2017-07-04T14:35:53.689+0200: 437,483: Total time for which application threads were stopped: 0,0007610 seconds, Stopping threads took: 0,0001582 seconds
2017-07-04T14:35:53.798+0200: 437,592: Total time for which application threads were stopped: 0,0007923 seconds, Stopping threads took: 0,0001865 seconds
2017-07-04T14:35:54.069+0200: 437,863: Total time for which application threads were stopped: 0,0008989 seconds, Stopping threads took: 0,0001950 seconds
2017-07-04T14:35:54.271+0200: 438,065: Total time for which application threads were stopped: 0,0022924 seconds, Stopping threads took: 0,0001528 seconds
2017-07-04T14:35:54.279+0200: 438,073: Total time for which application threads were stopped: 0,0007400 seconds, Stopping threads took: 0,0001281 seconds
2017-07-04T14:35:54.342+0200: 438,136: Total time for which application threads were stopped: 0,0009447 seconds, Stopping threads took: 0,0001737 seconds
2017-07-04T14:35:54.361+0200: 438,155: Total time for which application threads were stopped: 0,0131771 seconds, Stopping threads took: 0,0001608 seconds
{Heap before GC invocations=43 (full 1):
 par new generation   total 109248K, used 91646K [0x00000000e0000000, 0x00000000e8000000, 0x00000000e8000000)
  eden space 87424K,  99% used [0x00000000e0000000, 0x00000000e54efa50, 0x00000000e5560000)
  from space 21824K,  21% used [0x00000000e6ab0000, 0x00000000e6f40100, 0x00000000e8000000)
  to   space 21824K,   0% used [0x00000000e5560000, 0x00000000e5560000, 0x00000000e6ab0000)
 concurrent mark-sweep generation total 393216K, used 61580K [0x00000000e8000000, 0x0000000100000000, 0x0000000100000000)
 Metaspace       used 39000K, capacity 40243K, committed 40440K, reserved 1085440K
  class space    used 4430K, capacity 4763K, committed 4856K, reserved 1048576K
2017-07-04T14:35:54.410+0200: 438,204: [GC (Allocation Failure) 2017-07-04T14:35:54.410+0200: 438,204: [ParNew
Desired survivor size 20112992 bytes, new threshold 8 (max 8)
- age   1:    4171560 bytes,    4171560 total
- age   2:    1069832 bytes,    5241392 total
- age   3:     113096 bytes,    5354488 total
- age   4:      56632 bytes,    5411120 total
- age   5:     309320 bytes,    5720440 total
- age   6:     515248 bytes,    6235688 total
- age   7:      16928 bytes,    6252616 total
- age   8:      73344 bytes,    6325960 total
: 91646K->8001K(109248K), 0,0468150 secs] 153227K->69640K(502464K), 0,0471528 secs] [Times: user=0,02 sys=0,00, real=0,05 secs] 
Heap after GC invocations=44 (full 1):
 par new generation   total 109248K, used 8001K [0x00000000e0000000, 0x00000000e8000000, 0x00000000e8000000)
  eden space 87424K,   0% used [0x00000000e0000000, 0x00000000e0000000, 0x00000000e5560000)
  from space 21824K,  36% used [0x00000000e5560000, 0x00000000e5d30600, 0x00000000e6ab0000)
  to   space 21824K,   0% used [0x00000000e6ab0000, 0x00000000e6ab0000, 0x00000000e8000000)
 concurrent mark-sweep generation total 393216K, used 61639K [0x00000000e8000000, 0x0000000100000000, 0x0000000100000000)
 Metaspace       used 39000K, capacity 40243K, committed 40440K, reserved 1085440K
  class space    used 4430K, capacity 4763K, committed 4856K, reserved 1048576K
}
2017-07-04T14:35:54.458+0200: 438,252: Total time for which application threads were stopped: 0,0727083 seconds, Stopping threads took: 0,0247552 seconds
2017-07-04T14:35:54.493+0200: 438,287: Total time for which application threads were stopped: 0,0144175 seconds, Stopping threads took: 0,0137781 seconds
2017-07-04T14:35:54.497+0200: 438,291: Total time for which application threads were stopped: 0,0005717 seconds, Stopping threads took: 0,0000716 seconds
2017-07-04T14:35:54.521+0200: 438,315: Total time for which application threads were stopped: 0,0221925 seconds, Stopping threads took: 0,0214780 seconds
2017-07-04T14:35:54.521+0200: 438,315: Total time for which application threads were stopped: 0,0003018 seconds, Stopping threads took: 0,0000345 seconds
2017-07-04T14:35:54.521+0200: 438,315: Total time for which application threads were stopped: 0,0003014 seconds, Stopping threads took: 0,0000309 seconds
2017-07-04T14:35:54.522+0200: 438,316: Total time for which application threads were stopped: 0,0002747 seconds, Stopping threads took: 0,0000304 seconds
2017-07-04T14:35:54.522+0200: 438,316: Total time for which application threads were stopped: 0,0002794 seconds, Stopping threads took: 0,0000288 seconds
2017-07-04T14:35:54.543+0200: 438,337: Total time for which application threads were stopped: 0,0093297 seconds, Stopping threads took: 0,0087085 seconds
2017-07-04T14:35:54.593+0200: 438,387: Total time for which application threads were stopped: 0,0200470 seconds, Stopping threads took: 0,0193177 seconds
2017-07-04T14:35:54.594+0200: 438,388: Total time for which application threads were stopped: 0,0003386 seconds, Stopping threads took: 0,0000356 seconds
2017-07-04T14:35:54.619+0200: 438,413: Total time for which application threads were stopped: 0,0147729 seconds, Stopping threads took: 0,0140333 seconds
2017-07-04T14:35:54.629+0200: 438,423: Total time for which application threads were stopped: 0,0009092 seconds, Stopping threads took: 0,0003228 seconds
2017-07-04T14:35:54.629+0200: 438,423: Total time for which application threads were stopped: 0,0002799 seconds, Stopping threads took: 0,0000303 seconds
2017-07-04T14:35:54.630+0200: 438,424: Total time for which application threads were stopped: 0,0002835 seconds, Stopping threads took: 0,0000287 seconds
2017-07-04T14:35:54.630+0200: 438,424: Total time for which application threads were stopped: 0,0003091 seconds, Stopping threads took: 0,0000282 seconds
2017-07-04T14:35:54.736+0200: 438,530: Total time for which application threads were stopped: 0,0008012 seconds, Stopping threads took: 0,0001561 seconds
2017-07-04T14:35:54.768+0200: 438,562: Total time for which application threads were stopped: 0,0007437 seconds, Stopping threads took: 0,0001535 seconds
2017-07-04T14:35:54.769+0200: 438,563: Total time for which application threads were stopped: 0,0003562 seconds, Stopping threads took: 0,0000421 seconds
2017-07-04T14:35:54.770+0200: 438,564: Total time for which application threads were stopped: 0,0002970 seconds, Stopping threads took: 0,0000291 seconds
2017-07-04T14:35:54.770+0200: 438,564: Total time for which application threads were stopped: 0,0002755 seconds, Stopping threads took: 0,0000300 seconds
2017-07-04T14:35:54.770+0200: 438,564: Total time for which application threads were stopped: 0,0002817 seconds, Stopping threads took: 0,0000395 seconds
2017-07-04T14:35:54.771+0200: 438,564: Total time for which application threads were stopped: 0,0003088 seconds, Stopping threads took: 0,0000287 seconds
2017-07-04T14:35:54.777+0200: 438,571: Total time for which application threads were stopped: 0,0005802 seconds, Stopping threads took: 0,0001069 seconds
2017-07-04T14:35:54.777+0200: 438,571: Total time for which application threads were stopped: 0,0002817 seconds, Stopping threads took: 0,0000286 seconds
2017-07-04T14:35:54.777+0200: 438,571: Total time for which application threads were stopped: 0,0003007 seconds, Stopping threads took: 0,0000311 seconds
2017-07-04T14:35:54.791+0200: 438,585: Total time for which application threads were stopped: 0,0007083 seconds, Stopping threads took: 0,0001520 seconds
2017-07-04T14:35:54.813+0200: 438,607: Total time for which application threads were stopped: 0,0007398 seconds, Stopping threads took: 0,0001750 seconds
2017-07-04T14:35:54.813+0200: 438,607: Total time for which application threads were stopped: 0,0002794 seconds, Stopping threads took: 0,0000297 seconds
2017-07-04T14:35:54.822+0200: 438,616: Total time for which application threads were stopped: 0,0010985 seconds, Stopping threads took: 0,0003563 seconds
2017-07-04T14:35:54.865+0200: 438,659: Total time for which application threads were stopped: 0,0302316 seconds, Stopping threads took: 0,0001692 seconds
2017-07-04T14:35:54.882+0200: 438,676: Total time for which application threads were stopped: 0,0020204 seconds, Stopping threads took: 0,0014391 seconds
2017-07-04T14:35:54.882+0200: 438,676: Total time for which application threads were stopped: 0,0003022 seconds, Stopping threads took: 0,0000298 seconds
2017-07-04T14:35:54.976+0200: 438,770: Total time for which application threads were stopped: 0,0009268 seconds, Stopping threads took: 0,0001672 seconds
2017-07-04T14:35:55.334+0200: 439,128: Total time for which application threads were stopped: 0,0008339 seconds, Stopping threads took: 0,0001750 seconds
2017-07-04T14:35:55.554+0200: 439,348: Total time for which application threads were stopped: 0,0007884 seconds, Stopping threads took: 0,0001841 seconds
2017-07-04T14:35:55.557+0200: 439,351: Total time for which application threads were stopped: 0,0006189 seconds, Stopping threads took: 0,0001342 seconds
2017-07-04T14:35:55.753+0200: 439,547: Total time for which application threads were stopped: 0,0008975 seconds, Stopping threads took: 0,0002017 seconds
2017-07-04T14:35:55.865+0200: 439,659: Total time for which application threads were stopped: 0,0008553 seconds, Stopping threads took: 0,0001613 seconds
2017-07-04T14:35:56.152+0200: 439,946: Total time for which application threads were stopped: 0,0007731 seconds, Stopping threads took: 0,0001588 seconds
2017-07-04T14:35:56.236+0200: 440,030: Total time for which application threads were stopped: 0,0007483 seconds, Stopping threads took: 0,0001579 seconds
2017-07-04T14:35:56.329+0200: 440,123: Total time for which application threads were stopped: 0,0008652 seconds, Stopping threads took: 0,0001640 seconds
2017-07-04T14:35:56.458+0200: 440,252: Total time for which application threads were stopped: 0,0039327 seconds, Stopping threads took: 0,0020934 seconds
2017-07-04T14:35:56.531+0200: 440,325: Total time for which application threads were stopped: 0,0007310 seconds, Stopping threads took: 0,0001603 seconds
2017-07-04T14:35:56.797+0200: 440,591: Total time for which application threads were stopped: 0,0008442 seconds, Stopping threads took: 0,0001582 seconds
2017-07-04T14:35:56.837+0200: 440,631: Total time for which application threads were stopped: 0,0007224 seconds, Stopping threads took: 0,0001518 seconds
2017-07-04T14:35:56.884+0200: 440,678: Total time for which application threads were stopped: 0,0095258 seconds, Stopping threads took: 0,0088960 seconds
2017-07-04T14:35:56.886+0200: 440,680: Total time for which application threads were stopped: 0,0004080 seconds, Stopping threads took: 0,0000377 seconds
2017-07-04T14:35:56.992+0200: 440,786: Total time for which application threads were stopped: 0,0149009 seconds, Stopping threads took: 0,0143092 seconds
2017-07-04T14:35:57.031+0200: 440,825: Total time for which application threads were stopped: 0,0226171 seconds, Stopping threads took: 0,0220202 seconds
2017-07-04T14:35:57.038+0200: 440,832: Total time for which application threads were stopped: 0,0014426 seconds, Stopping threads took: 0,0008551 seconds
2017-07-04T14:35:57.050+0200: 440,844: Total time for which application threads were stopped: 0,0081266 seconds, Stopping threads took: 0,0074141 seconds
2017-07-04T14:35:57.057+0200: 440,851: Total time for which application threads were stopped: 0,0007327 seconds, Stopping threads took: 0,0001561 seconds
2017-07-04T14:35:57.264+0200: 441,058: Total time for which application threads were stopped: 0,0051354 seconds, Stopping threads took: 0,0045470 seconds
2017-07-04T14:35:57.291+0200: 441,085: Total time for which application threads were stopped: 0,0092828 seconds, Stopping threads took: 0,0087023 seconds
2017-07-04T14:35:57.299+0200: 441,093: Total time for which application threads were stopped: 0,0006668 seconds, Stopping threads took: 0,0001201 seconds
2017-07-04T14:35:57.300+0200: 441,094: Total time for which application threads were stopped: 0,0004267 seconds, Stopping threads took: 0,0000412 seconds
2017-07-04T14:36:00.313+0200: 444,107: Total time for which application threads were stopped: 0,0012483 seconds, Stopping threads took: 0,0002247 seconds
2017-07-04T14:37:54.339+0200: 558,133: Total time for which application threads were stopped: 0,0010204 seconds, Stopping threads took: 0,0001973 seconds
2017-07-04T14:47:32.489+0200: 1136,283: Total time for which application threads were stopped: 0,0008410 seconds, Stopping threads took: 0,0001970 seconds
2017-07-04T14:54:25.601+0200: 1549,395: Total time for which application threads were stopped: 0,0006479 seconds, Stopping threads took: 0,0001356 seconds
2017-07-04T14:54:40.606+0200: 1564,400: Total time for which application threads were stopped: 0,0006387 seconds, Stopping threads took: 0,0001344 seconds
2017-07-04T15:04:57.769+0200: 2181,563: Total time for which application threads were stopped: 0,0002531 seconds, Stopping threads took: 0,0000563 seconds
2017-07-04T15:05:02.772+0200: 2186,566: Total time for which application threads were stopped: 0,0003857 seconds, Stopping threads took: 0,0000951 seconds
2017-07-04T15:15:28.941+0200: 2812,735: Total time for which application threads were stopped: 0,0004982 seconds, Stopping threads took: 0,0001719 seconds
2017-07-04T15:15:59.949+0200: 2843,742: Total time for which application threads were stopped: 0,0001946 seconds, Stopping threads took: 0,0000607 seconds
2017-07-04T15:20:20.029+0200: 3103,823: Total time for which application threads were stopped: 0,0002091 seconds, Stopping threads took: 0,0000595 seconds
2017-07-04T15:20:25.031+0200: 3108,825: Total time for which application threads were stopped: 0,0001680 seconds, Stopping threads took: 0,0000367 seconds
2017-07-04T15:21:34.048+0200: 3177,842: Total time for which application threads were stopped: 0,0002085 seconds, Stopping threads took: 0,0000646 seconds
2017-07-04T15:23:25.084+0200: 3288,878: Total time for which application threads were stopped: 0,0001691 seconds, Stopping threads took: 0,0000519 seconds
2017-07-04T15:28:09.171+0200: 3572,965: Total time for which application threads were stopped: 0,0002029 seconds, Stopping threads took: 0,0000588 seconds
2017-07-04T15:35:54.305+0200: 4038,099: Total time for which application threads were stopped: 0,0001782 seconds, Stopping threads took: 0,0000515 seconds
2017-07-04T15:41:39.390+0200: 4383,184: Total time for which application threads were stopped: 0,0002016 seconds, Stopping threads took: 0,0000598 seconds
2017-07-04T15:42:25.399+0200: 4429,193: Total time for which application threads were stopped: 0,0002104 seconds, Stopping threads took: 0,0000647 seconds
2017-07-04T15:54:00.574+0200: 5124,368: Total time for which application threads were stopped: 0,0001946 seconds, Stopping threads took: 0,0000559 seconds
2017-07-04T15:58:55.637+0200: 5419,431: Total time for which application threads were stopped: 0,0001906 seconds, Stopping threads took: 0,0000504 seconds
2017-07-04T15:59:35.646+0200: 5459,440: Total time for which application threads were stopped: 0,0001675 seconds, Stopping threads took: 0,0000546 seconds
2017-07-04T15:59:40.646+0200: 5464,440: Total time for which application threads were stopped: 0,0001779 seconds, Stopping threads took: 0,0000376 seconds
2017-07-04T16:13:53.792+0200: 6317,586: Total time for which application threads were stopped: 0,0001939 seconds, Stopping threads took: 0,0000229 seconds
2017-07-04T16:13:53.793+0200: 6317,587: Total time for which application threads were stopped: 0,0000779 seconds, Stopping threads took: 0,0000124 seconds
2017-07-04T16:13:53.816+0200: 6317,610: Total time for which application threads were stopped: 0,0012180 seconds, Stopping threads took: 0,0010689 seconds
2017-07-04T16:13:53.816+0200: 6317,610: Total time for which application threads were stopped: 0,0000955 seconds, Stopping threads took: 0,0000079 seconds
2017-07-04T16:13:53.906+0200: 6317,700: Total time for which application threads were stopped: 0,0001437 seconds, Stopping threads took: 0,0000201 seconds
2017-07-04T16:13:53.913+0200: 6317,707: Total time for which application threads were stopped: 0,0001273 seconds, Stopping threads took: 0,0000201 seconds
2017-07-04T16:13:54.914+0200: 6318,708: Total time for which application threads were stopped: 0,0001247 seconds, Stopping threads took: 0,0000317 seconds
2017-07-04T16:14:49.772+0200: 6373,566: Total time for which application threads were stopped: 0,0001694 seconds, Stopping threads took: 0,0000488 seconds
2017-07-04T16:14:49.779+0200: 6373,573: Total time for which application threads were stopped: 0,0006115 seconds, Stopping threads took: 0,0000225 seconds
2017-07-04T16:14:49.837+0200: 6373,631: Total time for which application threads were stopped: 0,0001237 seconds, Stopping threads took: 0,0000188 seconds
2017-07-04T16:14:49.847+0200: 6373,641: Total time for which application threads were stopped: 0,0001175 seconds, Stopping threads took: 0,0000163 seconds
2017-07-04T16:14:49.847+0200: 6373,641: Total time for which application threads were stopped: 0,0000683 seconds, Stopping threads took: 0,0000080 seconds
2017-07-04T16:14:49.862+0200: 6373,656: Total time for which application threads were stopped: 0,0001144 seconds, Stopping threads took: 0,0000163 seconds
2017-07-04T16:14:49.862+0200: 6373,656: Total time for which application threads were stopped: 0,0000954 seconds, Stopping threads took: 0,0000072 seconds
2017-07-04T16:14:49.898+0200: 6373,692: Total time for which application threads were stopped: 0,0001156 seconds, Stopping threads took: 0,0000194 seconds
2017-07-04T16:14:49.908+0200: 6373,702: Total time for which application threads were stopped: 0,0001215 seconds, Stopping threads took: 0,0000256 seconds
2017-07-04T16:14:49.908+0200: 6373,702: Total time for which application threads were stopped: 0,0000605 seconds, Stopping threads took: 0,0000083 seconds
2017-07-04T16:14:49.908+0200: 6373,702: Total time for which application threads were stopped: 0,0000526 seconds, Stopping threads took: 0,0000062 seconds
2017-07-04T16:14:49.908+0200: 6373,702: Total time for which application threads were stopped: 0,0000495 seconds, Stopping threads took: 0,0000060 seconds
2017-07-04T16:14:49.908+0200: 6373,702: Total time for which application threads were stopped: 0,0001406 seconds, Stopping threads took: 0,0000077 seconds
2017-07-04T16:14:49.915+0200: 6373,709: Total time for which application threads were stopped: 0,0001326 seconds, Stopping threads took: 0,0000134 seconds
2017-07-04T16:14:49.915+0200: 6373,709: Total time for which application threads were stopped: 0,0000613 seconds, Stopping threads took: 0,0000060 seconds
2017-07-04T16:14:49.932+0200: 6373,726: Total time for which application threads were stopped: 0,0001142 seconds, Stopping threads took: 0,0000201 seconds
2017-07-04T16:14:49.932+0200: 6373,726: Total time for which application threads were stopped: 0,0000593 seconds, Stopping threads took: 0,0000070 seconds
2017-07-04T16:14:50.933+0200: 6374,727: Total time for which application threads were stopped: 0,0001987 seconds, Stopping threads took: 0,0000595 seconds
2017-07-04T16:15:29.957+0200: 6413,751: Total time for which application threads were stopped: 0,0002044 seconds, Stopping threads took: 0,0000611 seconds
2017-07-04T16:15:29.958+0200: 6413,752: Total time for which application threads were stopped: 0,0000886 seconds, Stopping threads took: 0,0000140 seconds
2017-07-04T16:15:30.958+0200: 6414,752: Total time for which application threads were stopped: 0,0001766 seconds, Stopping threads took: 0,0000366 seconds
{Heap before GC invocations=44 (full 1):
 par new generation   total 109248K, used 95422K [0x00000000e0000000, 0x00000000e8000000, 0x00000000e8000000)
  eden space 87424K,  99% used [0x00000000e0000000, 0x00000000e555f218, 0x00000000e5560000)
  from space 21824K,  36% used [0x00000000e5560000, 0x00000000e5d30600, 0x00000000e6ab0000)
  to   space 21824K,   0% used [0x00000000e6ab0000, 0x00000000e6ab0000, 0x00000000e8000000)
 concurrent mark-sweep generation total 393216K, used 61639K [0x00000000e8000000, 0x0000000100000000, 0x0000000100000000)
 Metaspace       used 39185K, capacity 40379K, committed 40696K, reserved 1085440K
  class space    used 4439K, capacity 4765K, committed 4856K, reserved 1048576K
2017-07-04T16:16:55.564+0200: 6499,358: [GC (Allocation Failure) 2017-07-04T16:16:55.564+0200: 6499,358: [ParNew
Desired survivor size 20112992 bytes, new threshold 8 (max 8)
- age   1:    3012440 bytes,    3012440 total
- age   2:     491112 bytes,    3503552 total
- age   3:    1069432 bytes,    4572984 total
- age   4:     113096 bytes,    4686080 total
- age   5:      56632 bytes,    4742712 total
- age   6:     199248 bytes,    4941960 total
- age   7:     514952 bytes,    5456912 total
- age   8:      16888 bytes,    5473800 total
: 95422K->6633K(109248K), 0,0456355 secs] 157061K->68290K(502464K), 0,0457316 secs] [Times: user=0,02 sys=0,00, real=0,04 secs] 
Heap after GC invocations=45 (full 1):
 par new generation   total 109248K, used 6633K [0x00000000e0000000, 0x00000000e8000000, 0x00000000e8000000)
  eden space 87424K,   0% used [0x00000000e0000000, 0x00000000e0000000, 0x00000000e5560000)
  from space 21824K,  30% used [0x00000000e6ab0000, 0x00000000e712a6c0, 0x00000000e8000000)
  to   space 21824K,   0% used [0x00000000e5560000, 0x00000000e5560000, 0x00000000e6ab0000)
 concurrent mark-sweep generation total 393216K, used 61656K [0x00000000e8000000, 0x0000000100000000, 0x0000000100000000)
 Metaspace       used 39185K, capacity 40379K, committed 40696K, reserved 1085440K
  class space    used 4439K, capacity 4765K, committed 4856K, reserved 1048576K
}
2017-07-04T16:16:55.610+0200: 6499,404: Total time for which application threads were stopped: 0,0460295 seconds, Stopping threads took: 0,0001032 seconds
{Heap before GC invocations=45 (full 1):
 par new generation   total 109248K, used 94057K [0x00000000e0000000, 0x00000000e8000000, 0x00000000e8000000)
  eden space 87424K, 100% used [0x00000000e0000000, 0x00000000e5560000, 0x00000000e5560000)
  from space 21824K,  30% used [0x00000000e6ab0000, 0x00000000e712a6c0, 0x00000000e8000000)
  to   space 21824K,   0% used [0x00000000e5560000, 0x00000000e5560000, 0x00000000e6ab0000)
 concurrent mark-sweep generation total 393216K, used 61656K [0x00000000e8000000, 0x0000000100000000, 0x0000000100000000)
 Metaspace       used 39186K, capacity 40379K, committed 40696K, reserved 1085440K
  class space    used 4439K, capacity 4765K, committed 4856K, reserved 1048576K
2017-07-04T16:16:55.700+0200: 6499,494: [GC (Allocation Failure) 2017-07-04T16:16:55.700+0200: 6499,494: [ParNew
Desired survivor size 20112992 bytes, new threshold 8 (max 8)
- age   1:     276016 bytes,     276016 total
- age   2:    2348464 bytes,    2624480 total
- age   3:     485016 bytes,    3109496 total
- age   4:    1069432 bytes,    4178928 total
- age   5:     112936 bytes,    4291864 total
- age   6:      56632 bytes,    4348496 total
- age   7:     199224 bytes,    4547720 total
- age   8:     513912 bytes,    5061632 total
: 94057K->6047K(109248K), 0,0348743 secs] 155714K->67721K(502464K), 0,0349624 secs] [Times: user=0,02 sys=0,00, real=0,03 secs] 
Heap after GC invocations=46 (full 1):
 par new generation   total 109248K, used 6047K [0x00000000e0000000, 0x00000000e8000000, 0x00000000e8000000)
  eden space 87424K,   0% used [0x00000000e0000000, 0x00000000e0000000, 0x00000000e5560000)
  from space 21824K,  27% used [0x00000000e5560000, 0x00000000e5b47fb8, 0x00000000e6ab0000)
  to   space 21824K,   0% used [0x00000000e6ab0000, 0x00000000e6ab0000, 0x00000000e8000000)
 concurrent mark-sweep generation total 393216K, used 61673K [0x00000000e8000000, 0x0000000100000000, 0x0000000100000000)
 Metaspace       used 39186K, capacity 40379K, committed 40696K, reserved 1085440K
  class space    used 4439K, capacity 4765K, committed 4856K, reserved 1048576K
}
2017-07-04T16:16:55.735+0200: 6499,529: Total time for which application threads were stopped: 0,0352002 seconds, Stopping threads took: 0,0000339 seconds
{Heap before GC invocations=46 (full 1):
 par new generation   total 109248K, used 93471K [0x00000000e0000000, 0x00000000e8000000, 0x00000000e8000000)
  eden space 87424K, 100% used [0x00000000e0000000, 0x00000000e5560000, 0x00000000e5560000)
  from space 21824K,  27% used [0x00000000e5560000, 0x00000000e5b47fb8, 0x00000000e6ab0000)
  to   space 21824K,   0% used [0x00000000e6ab0000, 0x00000000e6ab0000, 0x00000000e8000000)
 concurrent mark-sweep generation total 393216K, used 61673K [0x00000000e8000000, 0x0000000100000000, 0x0000000100000000)
 Metaspace       used 39186K, capacity 40379K, committed 40696K, reserved 1085440K
  class space    used 4439K, capacity 4765K, committed 4856K, reserved 1048576K
2017-07-04T16:16:55.932+0200: 6499,726: [GC (Allocation Failure) 2017-07-04T16:16:55.932+0200: 6499,726: [ParNew
Desired survivor size 20112992 bytes, new threshold 8 (max 8)
- age   1:     145992 bytes,     145992 total
- age   2:      43560 bytes,     189552 total
- age   3:    2348464 bytes,    2538016 total
- age   4:     485016 bytes,    3023032 total
- age   5:    1069432 bytes,    4092464 total
- age   6:     112936 bytes,    4205400 total
- age   7:      56632 bytes,    4262032 total
- age   8:     199224 bytes,    4461256 total
: 93471K->7375K(109248K), 0,0487401 secs] 155145K->69557K(502464K), 0,0488516 secs] [Times: user=0,02 sys=0,00, real=0,05 secs] 
Heap after GC invocations=47 (full 1):
 par new generation   total 109248K, used 7375K [0x00000000e0000000, 0x00000000e8000000, 0x00000000e8000000)
  eden space 87424K,   0% used [0x00000000e0000000, 0x00000000e0000000, 0x00000000e5560000)
  from space 21824K,  33% used [0x00000000e6ab0000, 0x00000000e71e3d10, 0x00000000e8000000)
  to   space 21824K,   0% used [0x00000000e5560000, 0x00000000e5560000, 0x00000000e6ab0000)
 concurrent mark-sweep generation total 393216K, used 62182K [0x00000000e8000000, 0x0000000100000000, 0x0000000100000000)
 Metaspace       used 39186K, capacity 40379K, committed 40696K, reserved 1085440K
  class space    used 4439K, capacity 4765K, committed 4856K, reserved 1048576K
}
2017-07-04T16:16:55.981+0200: 6499,775: Total time for which application threads were stopped: 0,0490836 seconds, Stopping threads took: 0,0000353 seconds
{Heap before GC invocations=47 (full 1):
 par new generation   total 109248K, used 94774K [0x00000000e0000000, 0x00000000e8000000, 0x00000000e8000000)
  eden space 87424K,  99% used [0x00000000e0000000, 0x00000000e5559e60, 0x00000000e5560000)
  from space 21824K,  33% used [0x00000000e6ab0000, 0x00000000e71e3d10, 0x00000000e8000000)
  to   space 21824K,   0% used [0x00000000e5560000, 0x00000000e5560000, 0x00000000e6ab0000)
 concurrent mark-sweep generation total 393216K, used 62182K [0x00000000e8000000, 0x0000000100000000, 0x0000000100000000)
 Metaspace       used 39186K, capacity 40379K, committed 40696K, reserved 1085440K
  class space    used 4439K, capacity 4765K, committed 4856K, reserved 1048576K
2017-07-04T16:16:56.184+0200: 6499,978: [GC (Allocation Failure) 2017-07-04T16:16:56.184+0200: 6499,978: [ParNew
Desired survivor size 20112992 bytes, new threshold 8 (max 8)
- age   1:     261504 bytes,     261504 total
- age   2:     115752 bytes,     377256 total
- age   3:      43560 bytes,     420816 total
- age   4:    2348464 bytes,    2769280 total
- age   5:     485016 bytes,    3254296 total
- age   6:    1069432 bytes,    4323728 total
- age   7:     112936 bytes,    4436664 total
- age   8:      56632 bytes,    4493296 total
: 94774K->5795K(109248K), 0,0273145 secs] 156957K->68175K(502464K), 0,0274025 secs] [Times: user=0,02 sys=0,00, real=0,02 secs] 
Heap after GC invocations=48 (full 1):
 par new generation   total 109248K, used 5795K [0x00000000e0000000, 0x00000000e8000000, 0x00000000e8000000)
  eden space 87424K,   0% used [0x00000000e0000000, 0x00000000e0000000, 0x00000000e5560000)
  from space 21824K,  26% used [0x00000000e5560000, 0x00000000e5b08fc0, 0x00000000e6ab0000)
  to   space 21824K,   0% used [0x00000000e6ab0000, 0x00000000e6ab0000, 0x00000000e8000000)
 concurrent mark-sweep generation total 393216K, used 62379K [0x00000000e8000000, 0x0000000100000000, 0x0000000100000000)
 Metaspace       used 39186K, capacity 40379K, committed 40696K, reserved 1085440K
  class space    used 4439K, capacity 4765K, committed 4856K, reserved 1048576K
}
2017-07-04T16:16:56.212+0200: 6500,006: Total time for which application threads were stopped: 0,0276276 seconds, Stopping threads took: 0,0000355 seconds
2017-07-04T16:16:56.732+0200: 6500,526: Total time for which application threads were stopped: 0,0001441 seconds, Stopping threads took: 0,0000198 seconds
2017-07-04T16:16:56.732+0200: 6500,526: Total time for which application threads were stopped: 0,0000513 seconds, Stopping threads took: 0,0000070 seconds
2017-07-04T16:16:56.732+0200: 6500,526: Total time for which application threads were stopped: 0,0000573 seconds, Stopping threads took: 0,0000139 seconds
2017-07-04T16:16:56.733+0200: 6500,527: Total time for which application threads were stopped: 0,0000599 seconds, Stopping threads took: 0,0000141 seconds
2017-07-04T16:16:56.733+0200: 6500,527: Total time for which application threads were stopped: 0,0000657 seconds, Stopping threads took: 0,0000106 seconds
2017-07-04T16:16:56.872+0200: 6500,666: Total time for which application threads were stopped: 0,0001282 seconds, Stopping threads took: 0,0000282 seconds
2017-07-04T16:16:56.912+0200: 6500,706: Total time for which application threads were stopped: 0,0059764 seconds, Stopping threads took: 0,0058508 seconds
2017-07-04T16:16:56.922+0200: 6500,716: Total time for which application threads were stopped: 0,0018528 seconds, Stopping threads took: 0,0016690 seconds
2017-07-04T16:16:57.148+0200: 6500,942: Total time for which application threads were stopped: 0,0001625 seconds, Stopping threads took: 0,0000466 seconds
2017-07-04T16:16:57.153+0200: 6500,947: Total time for which application threads were stopped: 0,0001013 seconds, Stopping threads took: 0,0000142 seconds
2017-07-04T16:16:57.153+0200: 6500,947: Total time for which application threads were stopped: 0,0000639 seconds, Stopping threads took: 0,0000057 seconds
2017-07-04T16:16:57.192+0200: 6500,986: Total time for which application threads were stopped: 0,0331430 seconds, Stopping threads took: 0,0330100 seconds
2017-07-04T16:16:57.204+0200: 6500,998: Total time for which application threads were stopped: 0,0086120 seconds, Stopping threads took: 0,0084866 seconds
2017-07-04T16:16:57.206+0200: 6501,000: Total time for which application threads were stopped: 0,0001755 seconds, Stopping threads took: 0,0000302 seconds
2017-07-04T16:16:57.207+0200: 6501,001: Total time for which application threads were stopped: 0,0000687 seconds, Stopping threads took: 0,0000087 seconds
2017-07-04T16:16:58.207+0200: 6502,001: Total time for which application threads were stopped: 0,0001895 seconds, Stopping threads took: 0,0000395 seconds
2017-07-04T16:17:16.649+0200: 6520,443: Total time for which application threads were stopped: 0,0001254 seconds, Stopping threads took: 0,0000302 seconds
2017-07-04T16:17:16.724+0200: 6520,518: Total time for which application threads were stopped: 0,0001090 seconds, Stopping threads took: 0,0000183 seconds
2017-07-04T16:17:16.735+0200: 6520,529: Total time for which application threads were stopped: 0,0001468 seconds, Stopping threads took: 0,0000219 seconds
2017-07-04T16:17:16.735+0200: 6520,529: Total time for which application threads were stopped: 0,0000551 seconds, Stopping threads took: 0,0000096 seconds
2017-07-04T16:17:16.736+0200: 6520,530: Total time for which application threads were stopped: 0,0000557 seconds, Stopping threads took: 0,0000078 seconds
2017-07-04T16:17:16.744+0200: 6520,538: Total time for which application threads were stopped: 0,0001018 seconds, Stopping threads took: 0,0000186 seconds
2017-07-04T16:17:16.744+0200: 6520,538: Total time for which application threads were stopped: 0,0000378 seconds, Stopping threads took: 0,0000052 seconds
2017-07-04T16:17:16.766+0200: 6520,560: Total time for which application threads were stopped: 0,0001119 seconds, Stopping threads took: 0,0000168 seconds
2017-07-04T16:17:16.774+0200: 6520,568: Total time for which application threads were stopped: 0,0001146 seconds, Stopping threads took: 0,0000257 seconds
2017-07-04T16:17:16.774+0200: 6520,568: Total time for which application threads were stopped: 0,0000428 seconds, Stopping threads took: 0,0000054 seconds
2017-07-04T16:17:16.774+0200: 6520,568: Total time for which application threads were stopped: 0,0000409 seconds, Stopping threads took: 0,0000051 seconds
2017-07-04T16:17:16.775+0200: 6520,569: Total time for which application threads were stopped: 0,0000655 seconds, Stopping threads took: 0,0000049 seconds
2017-07-04T16:17:16.775+0200: 6520,569: Total time for which application threads were stopped: 0,0000425 seconds, Stopping threads took: 0,0000056 seconds
2017-07-04T16:17:16.776+0200: 6520,570: Total time for which application threads were stopped: 0,0000534 seconds, Stopping threads took: 0,0000129 seconds
2017-07-04T16:17:16.776+0200: 6520,570: Total time for which application threads were stopped: 0,0000460 seconds, Stopping threads took: 0,0000099 seconds
2017-07-04T16:17:16.776+0200: 6520,570: Total time for which application threads were stopped: 0,0000445 seconds, Stopping threads took: 0,0000095 seconds
2017-07-04T16:17:16.776+0200: 6520,570: Total time for which application threads were stopped: 0,0000444 seconds, Stopping threads took: 0,0000096 seconds
2017-07-04T16:17:16.776+0200: 6520,570: Total time for which application threads were stopped: 0,0000438 seconds, Stopping threads took: 0,0000094 seconds
2017-07-04T16:17:16.776+0200: 6520,570: Total time for which application threads were stopped: 0,0000795 seconds, Stopping threads took: 0,0000094 seconds
2017-07-04T16:17:16.776+0200: 6520,570: Total time for which application threads were stopped: 0,0000456 seconds, Stopping threads took: 0,0000097 seconds
2017-07-04T16:17:16.776+0200: 6520,570: Total time for which application threads were stopped: 0,0000434 seconds, Stopping threads took: 0,0000092 seconds
2017-07-04T16:17:16.778+0200: 6520,572: Total time for which application threads were stopped: 0,0000597 seconds, Stopping threads took: 0,0000135 seconds
2017-07-04T16:17:16.778+0200: 6520,572: Total time for which application threads were stopped: 0,0000471 seconds, Stopping threads took: 0,0000102 seconds
2017-07-04T16:17:16.780+0200: 6520,574: Total time for which application threads were stopped: 0,0000639 seconds, Stopping threads took: 0,0000088 seconds
2017-07-04T16:17:16.780+0200: 6520,574: Total time for which application threads were stopped: 0,0000480 seconds, Stopping threads took: 0,0000048 seconds
2017-07-04T16:17:16.793+0200: 6520,587: Total time for which application threads were stopped: 0,0001100 seconds, Stopping threads took: 0,0000182 seconds
2017-07-04T16:17:16.793+0200: 6520,587: Total time for which application threads were stopped: 0,0000386 seconds, Stopping threads took: 0,0000053 seconds
2017-07-04T16:19:00.208+0200: 6624,003: Total time for which application threads were stopped: 0,0011016 seconds, Stopping threads took: 0,0000353 seconds
2017-07-04T16:19:02.576+0200: 6626,370: Total time for which application threads were stopped: 0,0001270 seconds, Stopping threads took: 0,0000283 seconds
2017-07-04T16:25:01.257+0200: 6985,051: Total time for which application threads were stopped: 0,0001174 seconds, Stopping threads took: 0,0000238 seconds
2017-07-04T16:25:01.272+0200: 6985,066: Total time for which application threads were stopped: 0,0001343 seconds, Stopping threads took: 0,0000245 seconds
2017-07-04T16:25:01.340+0200: 6985,134: Total time for which application threads were stopped: 0,0001299 seconds, Stopping threads took: 0,0000224 seconds
2017-07-04T16:25:01.357+0200: 6985,151: Total time for which application threads were stopped: 0,0001186 seconds, Stopping threads took: 0,0000190 seconds
2017-07-04T16:25:01.360+0200: 6985,154: Total time for which application threads were stopped: 0,0000995 seconds, Stopping threads took: 0,0000200 seconds
2017-07-04T16:25:01.411+0200: 6985,205: Total time for which application threads were stopped: 0,0002531 seconds, Stopping threads took: 0,0001251 seconds
2017-07-04T16:25:01.584+0200: 6985,378: Total time for which application threads were stopped: 0,0001775 seconds, Stopping threads took: 0,0000312 seconds
2017-07-04T16:25:01.587+0200: 6985,381: Total time for which application threads were stopped: 0,0001174 seconds, Stopping threads took: 0,0000211 seconds
2017-07-04T16:25:01.599+0200: 6985,393: Total time for which application threads were stopped: 0,0001371 seconds, Stopping threads took: 0,0000212 seconds
2017-07-04T16:25:01.599+0200: 6985,393: Total time for which application threads were stopped: 0,0000536 seconds, Stopping threads took: 0,0000111 seconds
2017-07-04T16:25:01.599+0200: 6985,393: Total time for which application threads were stopped: 0,0000492 seconds, Stopping threads took: 0,0000100 seconds
2017-07-04T16:25:14.824+0200: 6998,618: Total time for which application threads were stopped: 0,0001244 seconds, Stopping threads took: 0,0000183 seconds
2017-07-04T16:25:14.835+0200: 6998,629: Total time for which application threads were stopped: 0,0001285 seconds, Stopping threads took: 0,0000230 seconds
2017-07-04T16:25:14.835+0200: 6998,629: Total time for which application threads were stopped: 0,0000735 seconds, Stopping threads took: 0,0000121 seconds
2017-07-04T16:25:14.836+0200: 6998,630: Total time for which application threads were stopped: 0,0000746 seconds, Stopping threads took: 0,0000100 seconds
2017-07-04T16:25:14.845+0200: 6998,639: Total time for which application threads were stopped: 0,0000952 seconds, Stopping threads took: 0,0000156 seconds
2017-07-04T16:25:14.845+0200: 6998,639: Total time for which application threads were stopped: 0,0000501 seconds, Stopping threads took: 0,0000074 seconds
2017-07-04T16:25:14.974+0200: 6998,768: Total time for which application threads were stopped: 0,0001504 seconds, Stopping threads took: 0,0000286 seconds
2017-07-04T16:25:14.974+0200: 6998,768: Total time for which application threads were stopped: 0,0000595 seconds, Stopping threads took: 0,0000065 seconds
2017-07-04T16:25:14.996+0200: 6998,790: Total time for which application threads were stopped: 0,0001569 seconds, Stopping threads took: 0,0000223 seconds
2017-07-04T16:25:14.996+0200: 6998,790: Total time for which application threads were stopped: 0,0000396 seconds, Stopping threads took: 0,0000049 seconds
2017-07-04T16:26:34.717+0200: 7078,511: Total time for which application threads were stopped: 0,0001352 seconds, Stopping threads took: 0,0000390 seconds
2017-07-04T16:26:34.777+0200: 7078,571: Total time for which application threads were stopped: 0,0001352 seconds, Stopping threads took: 0,0000274 seconds
2017-07-04T16:26:34.777+0200: 7078,571: Total time for which application threads were stopped: 0,0001690 seconds, Stopping threads took: 0,0000120 seconds
2017-07-04T16:26:34.778+0200: 7078,572: Total time for which application threads were stopped: 0,0000589 seconds, Stopping threads took: 0,0000132 seconds
2017-07-04T16:26:35.778+0200: 7079,572: Total time for which application threads were stopped: 0,0001702 seconds, Stopping threads took: 0,0000331 seconds
2017-07-04T16:26:48.519+0200: 7092,313: Total time for which application threads were stopped: 0,0001343 seconds, Stopping threads took: 0,0000311 seconds
2017-07-04T16:26:48.536+0200: 7092,330: Total time for which application threads were stopped: 0,0001796 seconds, Stopping threads took: 0,0000286 seconds
2017-07-04T16:26:48.562+0200: 7092,356: Total time for which application threads were stopped: 0,0001296 seconds, Stopping threads took: 0,0000268 seconds
2017-07-04T16:26:48.582+0200: 7092,376: Total time for which application threads were stopped: 0,0001265 seconds, Stopping threads took: 0,0000210 seconds
2017-07-04T16:26:48.589+0200: 7092,383: Total time for which application threads were stopped: 0,0001393 seconds, Stopping threads took: 0,0000270 seconds
2017-07-04T16:26:48.592+0200: 7092,386: Total time for which application threads were stopped: 0,0000792 seconds, Stopping threads took: 0,0000152 seconds
2017-07-04T16:26:48.593+0200: 7092,386: Total time for which application threads were stopped: 0,0000463 seconds, Stopping threads took: 0,0000107 seconds
2017-07-04T16:26:48.593+0200: 7092,387: Total time for which application threads were stopped: 0,0000529 seconds, Stopping threads took: 0,0000094 seconds
2017-07-04T16:26:48.606+0200: 7092,400: Total time for which application threads were stopped: 0,0001258 seconds, Stopping threads took: 0,0000291 seconds
2017-07-04T16:26:48.606+0200: 7092,400: Total time for which application threads were stopped: 0,0000469 seconds, Stopping threads took: 0,0000102 seconds
2017-07-04T16:26:48.611+0200: 7092,405: Total time for which application threads were stopped: 0,0001009 seconds, Stopping threads took: 0,0000226 seconds
2017-07-04T16:26:48.611+0200: 7092,405: Total time for which application threads were stopped: 0,0000512 seconds, Stopping threads took: 0,0000121 seconds
2017-07-04T16:26:48.613+0200: 7092,407: Total time for which application threads were stopped: 0,0000547 seconds, Stopping threads took: 0,0000135 seconds
2017-07-04T16:26:48.613+0200: 7092,407: Total time for which application threads were stopped: 0,0000459 seconds, Stopping threads took: 0,0000102 seconds
2017-07-04T16:26:48.620+0200: 7092,414: Total time for which application threads were stopped: 0,0001208 seconds, Stopping threads took: 0,0000279 seconds
2017-07-04T16:26:48.624+0200: 7092,418: Total time for which application threads were stopped: 0,0000714 seconds, Stopping threads took: 0,0000154 seconds
2017-07-04T16:26:48.624+0200: 7092,418: Total time for which application threads were stopped: 0,0001313 seconds, Stopping threads took: 0,0000121 seconds
2017-07-04T16:26:49.628+0200: 7093,422: Total time for which application threads were stopped: 0,0001866 seconds, Stopping threads took: 0,0000394 seconds
2017-07-04T16:31:47.710+0200: 7391,504: Total time for which application threads were stopped: 0,0004331 seconds, Stopping threads took: 0,0001841 seconds
2017-07-04T16:36:08.757+0200: 7652,551: Total time for which application threads were stopped: 0,0001974 seconds, Stopping threads took: 0,0000567 seconds
2017-07-04T16:36:38.764+0200: 7682,558: Total time for which application threads were stopped: 0,0001565 seconds, Stopping threads took: 0,0000489 seconds
2017-07-04T17:32:20.544+0200: 11024,338: Total time for which application threads were stopped: 0,0002234 seconds, Stopping threads took: 0,0000638 seconds
2017-07-04T17:54:47.852+0200: 12371,646: Total time for which application threads were stopped: 0,0001094 seconds, Stopping threads took: 0,0000229 seconds
2017-07-04T17:54:47.852+0200: 12371,646: Total time for which application threads were stopped: 0,0000454 seconds, Stopping threads took: 0,0000114 seconds
2017-07-04T17:54:47.852+0200: 12371,646: Total time for which application threads were stopped: 0,0000392 seconds, Stopping threads took: 0,0000090 seconds
2017-07-04T17:54:47.939+0200: 12371,733: Total time for which application threads were stopped: 0,0001470 seconds, Stopping threads took: 0,0000327 seconds
2017-07-04T17:54:49.288+0200: 12373,082: Total time for which application threads were stopped: 0,0001695 seconds, Stopping threads took: 0,0000234 seconds
2017-07-04T17:54:49.289+0200: 12373,083: Total time for which application threads were stopped: 0,0000668 seconds, Stopping threads took: 0,0000110 seconds
2017-07-04T17:54:49.289+0200: 12373,083: Total time for which application threads were stopped: 0,0000564 seconds, Stopping threads took: 0,0000079 seconds
2017-07-04T17:54:49.305+0200: 12373,099: Total time for which application threads were stopped: 0,0122408 seconds, Stopping threads took: 0,0120991 seconds
2017-07-04T17:54:49.311+0200: 12373,105: Total time for which application threads were stopped: 0,0006190 seconds, Stopping threads took: 0,0004940 seconds
2017-07-04T17:54:49.311+0200: 12373,105: Total time for which application threads were stopped: 0,0000476 seconds, Stopping threads took: 0,0000108 seconds
2017-07-04T17:54:49.312+0200: 12373,106: Total time for which application threads were stopped: 0,0000388 seconds, Stopping threads took: 0,0000094 seconds
2017-07-04T17:54:49.312+0200: 12373,106: Total time for which application threads were stopped: 0,0000665 seconds, Stopping threads took: 0,0000099 seconds
2017-07-04T17:54:49.312+0200: 12373,106: Total time for which application threads were stopped: 0,0000328 seconds, Stopping threads took: 0,0000047 seconds
2017-07-04T17:54:49.312+0200: 12373,106: Total time for which application threads were stopped: 0,0001149 seconds, Stopping threads took: 0,0000598 seconds
2017-07-04T17:54:49.312+0200: 12373,106: Total time for which application threads were stopped: 0,0000945 seconds, Stopping threads took: 0,0000059 seconds
2017-07-04T17:54:49.312+0200: 12373,106: Total time for which application threads were stopped: 0,0000512 seconds, Stopping threads took: 0,0000053 seconds
2017-07-04T17:54:49.312+0200: 12373,106: Total time for which application threads were stopped: 0,0000358 seconds, Stopping threads took: 0,0000049 seconds
2017-07-04T17:54:49.327+0200: 12373,121: Total time for which application threads were stopped: 0,0001470 seconds, Stopping threads took: 0,0000598 seconds
2017-07-04T17:54:49.338+0200: 12373,132: Total time for which application threads were stopped: 0,0001451 seconds, Stopping threads took: 0,0000240 seconds
2017-07-04T17:54:49.344+0200: 12373,138: Total time for which application threads were stopped: 0,0031751 seconds, Stopping threads took: 0,0030614 seconds
2017-07-04T17:54:49.344+0200: 12373,138: Total time for which application threads were stopped: 0,0000500 seconds, Stopping threads took: 0,0000139 seconds
2017-07-04T17:54:49.344+0200: 12373,138: Total time for which application threads were stopped: 0,0000443 seconds, Stopping threads took: 0,0000104 seconds
2017-07-04T17:54:49.347+0200: 12373,141: Total time for which application threads were stopped: 0,0000587 seconds, Stopping threads took: 0,0000152 seconds
2017-07-04T17:54:49.347+0200: 12373,141: Total time for which application threads were stopped: 0,0000361 seconds, Stopping threads took: 0,0000059 seconds
2017-07-04T17:54:49.347+0200: 12373,141: Total time for which application threads were stopped: 0,0000735 seconds, Stopping threads took: 0,0000361 seconds
2017-07-04T17:54:49.347+0200: 12373,141: Total time for which application threads were stopped: 0,0000374 seconds, Stopping threads took: 0,0000055 seconds
2017-07-04T17:54:49.347+0200: 12373,141: Total time for which application threads were stopped: 0,0000422 seconds, Stopping threads took: 0,0000092 seconds
2017-07-04T17:54:49.347+0200: 12373,141: Total time for which application threads were stopped: 0,0000347 seconds, Stopping threads took: 0,0000044 seconds
2017-07-04T17:54:49.347+0200: 12373,141: Total time for which application threads were stopped: 0,0000325 seconds, Stopping threads took: 0,0000045 seconds
2017-07-04T17:54:49.347+0200: 12373,141: Total time for which application threads were stopped: 0,0000322 seconds, Stopping threads took: 0,0000044 seconds
2017-07-04T17:54:49.347+0200: 12373,141: Total time for which application threads were stopped: 0,0000397 seconds, Stopping threads took: 0,0000056 seconds
2017-07-04T17:54:49.348+0200: 12373,141: Total time for which application threads were stopped: 0,0001280 seconds, Stopping threads took: 0,0000045 seconds
2017-07-04T17:54:49.348+0200: 12373,142: Total time for which application threads were stopped: 0,0000372 seconds, Stopping threads took: 0,0000053 seconds
2017-07-04T17:54:49.348+0200: 12373,142: Total time for which application threads were stopped: 0,0000360 seconds, Stopping threads took: 0,0000052 seconds
2017-07-04T17:54:49.373+0200: 12373,167: Total time for which application threads were stopped: 0,0061165 seconds, Stopping threads took: 0,0060268 seconds
2017-07-04T17:54:49.373+0200: 12373,167: Total time for which application threads were stopped: 0,0000443 seconds, Stopping threads took: 0,0000078 seconds
Heap
 par new generation   total 109248K, used 67584K [0x00000000e0000000, 0x00000000e8000000, 0x00000000e8000000)
  eden space 87424K,  70% used [0x00000000e0000000, 0x00000000e3c570a8, 0x00000000e5560000)
  from space 21824K,  26% used [0x00000000e5560000, 0x00000000e5b08fc0, 0x00000000e6ab0000)
  to   space 21824K,   0% used [0x00000000e6ab0000, 0x00000000e6ab0000, 0x00000000e8000000)
 concurrent mark-sweep generation total 393216K, used 62379K [0x00000000e8000000, 0x0000000100000000, 0x0000000100000000)
 Metaspace       used 39560K, capacity 40889K, committed 40952K, reserved 1085440K
  class space    used 4482K, capacity 4814K, committed 4856K, reserved 1048576K
