OpenJDK 64-Bit Server VM (25.131-b11) for linux-amd64 JRE (1.8.0_131-8u131-b11-0ubuntu1.16.04.2-b11), built on May  6 2017 02:45:27 by "buildd" with gcc 5.4.0 20160609
Memory: 4k page, physical 4955924k(1526876k free), swap 5117948k(5117948k free)
CommandLine flags: -XX:CMSInitiatingOccupancyFraction=50 -XX:CMSMaxAbortablePrecleanTime=6000 -XX:+CMSParallelRemarkEnabled -XX:+CMSScavengeBeforeRemark -XX:ConcGCThreads=4 -XX:GCLogFileSize=20971520 -XX:InitialHeapSize=536870912 -XX:MaxHeapSize=536870912 -XX:MaxTenuringThreshold=8 -XX:NewRatio=3 -XX:NumberOfGCLogFiles=9 -XX:OldPLABSize=16 -XX:-OmitStackTraceInFastThrow -XX:OnOutOfMemoryError=/opt/lampp/htdocs/playground/ojs-master/plugins/generic/solr/lib/solr-6.6.0/bin/oom_solr.sh 8983 /opt/lampp/htdocs/playground/ojs-master/plugins/generic/solr/lib/solr-6.6.0/example/cloud/node1/solr/../logs -XX:ParallelGCThreads=4 -XX:+ParallelRefProcEnabled -XX:PretenureSizeThreshold=67108864 -XX:+PrintGC -XX:+PrintGCApplicationStoppedTime -XX:+PrintGCDateStamps -XX:+PrintGCDetails -XX:+PrintGCTimeStamps -XX:+PrintHeapAtGC -XX:+PrintTenuringDistribution -XX:SurvivorRatio=4 -XX:TargetSurvivorRatio=90 -XX:ThreadStackSize=256 -XX:+UseCMSInitiatingOccupancyOnly -XX:+UseCompressedClassPointers -XX:+UseCompressedOops -XX:+UseConcMarkSweepGC -XX:+UseGCLogFileRotation -XX:+UseParNewGC 
2017-07-04T14:28:18.748+0200: 0,280: Total time for which application threads were stopped: 0,0000732 seconds, Stopping threads took: 0,0000147 seconds
2017-07-04T14:28:18.892+0200: 0,424: Total time for which application threads were stopped: 0,0000922 seconds, Stopping threads took: 0,0000155 seconds
2017-07-04T14:28:18.916+0200: 0,449: Total time for which application threads were stopped: 0,0000755 seconds, Stopping threads took: 0,0000142 seconds
2017-07-04T14:28:19.322+0200: 0,855: Total time for which application threads were stopped: 0,0001345 seconds, Stopping threads took: 0,0000170 seconds
2017-07-04T14:28:19.563+0200: 1,096: Total time for which application threads were stopped: 0,0001350 seconds, Stopping threads took: 0,0000157 seconds
2017-07-04T14:28:19.863+0200: 1,396: Total time for which application threads were stopped: 0,0001704 seconds, Stopping threads took: 0,0000194 seconds
2017-07-04T14:28:19.888+0200: 1,420: Total time for which application threads were stopped: 0,0001570 seconds, Stopping threads took: 0,0000189 seconds
2017-07-04T14:28:20.436+0200: 1,968: Total time for which application threads were stopped: 0,0001913 seconds, Stopping threads took: 0,0000186 seconds
2017-07-04T14:28:20.469+0200: 2,002: Total time for which application threads were stopped: 0,0001822 seconds, Stopping threads took: 0,0000185 seconds
2017-07-04T14:28:20.845+0200: 2,378: Total time for which application threads were stopped: 0,0002931 seconds, Stopping threads took: 0,0000208 seconds
2017-07-04T14:28:20.910+0200: 2,442: Total time for which application threads were stopped: 0,0002202 seconds, Stopping threads took: 0,0000198 seconds
2017-07-04T14:28:20.994+0200: 2,526: Total time for which application threads were stopped: 0,0002360 seconds, Stopping threads took: 0,0000207 seconds
2017-07-04T14:28:20.994+0200: 2,527: Total time for which application threads were stopped: 0,0001089 seconds, Stopping threads took: 0,0000114 seconds
2017-07-04T14:28:21.037+0200: 2,570: Total time for which application threads were stopped: 0,0002200 seconds, Stopping threads took: 0,0000202 seconds
2017-07-04T14:28:21.183+0200: 2,716: Total time for which application threads were stopped: 0,0002590 seconds, Stopping threads took: 0,0000206 seconds
{Heap before GC invocations=0 (full 0):
 par new generation   total 109248K, used 87424K [0x00000000e0000000, 0x00000000e8000000, 0x00000000e8000000)
  eden space 87424K, 100% used [0x00000000e0000000, 0x00000000e5560000, 0x00000000e5560000)
  from space 21824K,   0% used [0x00000000e5560000, 0x00000000e5560000, 0x00000000e6ab0000)
  to   space 21824K,   0% used [0x00000000e6ab0000, 0x00000000e6ab0000, 0x00000000e8000000)
 concurrent mark-sweep generation total 393216K, used 0K [0x00000000e8000000, 0x0000000100000000, 0x0000000100000000)
 Metaspace       used 18968K, capacity 19302K, committed 19712K, reserved 1067008K
  class space    used 2151K, capacity 2297K, committed 2304K, reserved 1048576K
2017-07-04T14:28:21.694+0200: 3,226: [GC (Allocation Failure) 2017-07-04T14:28:21.694+0200: 3,226: [ParNew
Desired survivor size 20112992 bytes, new threshold 8 (max 8)
- age   1:   12021392 bytes,   12021392 total
: 87424K->11859K(109248K), 0,0280230 secs] 87424K->11859K(502464K), 0,0280870 secs] [Times: user=0,03 sys=0,00, real=0,03 secs] 
Heap after GC invocations=1 (full 0):
 par new generation   total 109248K, used 11859K [0x00000000e0000000, 0x00000000e8000000, 0x00000000e8000000)
  eden space 87424K,   0% used [0x00000000e0000000, 0x00000000e0000000, 0x00000000e5560000)
  from space 21824K,  54% used [0x00000000e6ab0000, 0x00000000e7644d70, 0x00000000e8000000)
  to   space 21824K,   0% used [0x00000000e5560000, 0x00000000e5560000, 0x00000000e6ab0000)
 concurrent mark-sweep generation total 393216K, used 0K [0x00000000e8000000, 0x0000000100000000, 0x0000000100000000)
 Metaspace       used 18968K, capacity 19302K, committed 19712K, reserved 1067008K
  class space    used 2151K, capacity 2297K, committed 2304K, reserved 1048576K
}
2017-07-04T14:28:21.722+0200: 3,255: Total time for which application threads were stopped: 0,0283246 seconds, Stopping threads took: 0,0000229 seconds
2017-07-04T14:28:22.043+0200: 3,576: Total time for which application threads were stopped: 0,0001203 seconds, Stopping threads took: 0,0000258 seconds
2017-07-04T14:28:22.632+0200: 4,165: Total time for which application threads were stopped: 0,0002178 seconds, Stopping threads took: 0,0000223 seconds
2017-07-04T14:28:23.723+0200: 5,256: [GC (CMS Initial Mark) [1 CMS-initial-mark: 0K(393216K)] 23596K(502464K), 0,0142860 secs] [Times: user=0,01 sys=0,00, real=0,02 secs] 
2017-07-04T14:28:23.738+0200: 5,270: Total time for which application threads were stopped: 0,0144640 seconds, Stopping threads took: 0,0000331 seconds
2017-07-04T14:28:23.738+0200: 5,270: [CMS-concurrent-mark-start]
2017-07-04T14:28:23.739+0200: 5,271: [CMS-concurrent-mark: 0,001/0,001 secs] [Times: user=0,00 sys=0,00, real=0,00 secs] 
2017-07-04T14:28:23.739+0200: 5,271: [CMS-concurrent-preclean-start]
2017-07-04T14:28:23.740+0200: 5,273: [CMS-concurrent-preclean: 0,001/0,001 secs] [Times: user=0,01 sys=0,00, real=0,00 secs] 
2017-07-04T14:28:23.740+0200: 5,273: [CMS-concurrent-abortable-preclean-start]
2017-07-04T14:28:23.784+0200: 5,317: Total time for which application threads were stopped: 0,0000842 seconds, Stopping threads took: 0,0000227 seconds
2017-07-04T14:28:23.852+0200: 5,384: Total time for which application threads were stopped: 0,0001275 seconds, Stopping threads took: 0,0000407 seconds
2017-07-04T14:28:23.879+0200: 5,411: Total time for which application threads were stopped: 0,0000791 seconds, Stopping threads took: 0,0000180 seconds
2017-07-04T14:28:24.009+0200: 5,541: Total time for which application threads were stopped: 0,0001630 seconds, Stopping threads took: 0,0000191 seconds
2017-07-04T14:28:24.049+0200: 5,581: Total time for which application threads were stopped: 0,0001502 seconds, Stopping threads took: 0,0000157 seconds
2017-07-04T14:28:24.079+0200: 5,611: Total time for which application threads were stopped: 0,0001044 seconds, Stopping threads took: 0,0000206 seconds
2017-07-04T14:28:24.176+0200: 5,709: Total time for which application threads were stopped: 0,0004944 seconds, Stopping threads took: 0,0001698 seconds
2017-07-04T14:28:24.200+0200: 5,732: Total time for which application threads were stopped: 0,0000878 seconds, Stopping threads took: 0,0000154 seconds
2017-07-04T14:28:24.278+0200: 5,811: Total time for which application threads were stopped: 0,0000914 seconds, Stopping threads took: 0,0000248 seconds
2017-07-04T14:28:24.393+0200: 5,926: Total time for which application threads were stopped: 0,0001054 seconds, Stopping threads took: 0,0000285 seconds
2017-07-04T14:28:24.407+0200: 5,939: Total time for which application threads were stopped: 0,0001755 seconds, Stopping threads took: 0,0000193 seconds
2017-07-04T14:28:24.408+0200: 5,941: Total time for which application threads were stopped: 0,0000874 seconds, Stopping threads took: 0,0000186 seconds
2017-07-04T14:28:24.421+0200: 5,953: Total time for which application threads were stopped: 0,0000692 seconds, Stopping threads took: 0,0000120 seconds
2017-07-04T14:28:24.448+0200: 5,981: Total time for which application threads were stopped: 0,0001355 seconds, Stopping threads took: 0,0000162 seconds
2017-07-04T14:28:24.457+0200: 5,989: Total time for which application threads were stopped: 0,0001045 seconds, Stopping threads took: 0,0000133 seconds
2017-07-04T14:28:24.789+0200: 6,321: Total time for which application threads were stopped: 0,0000985 seconds, Stopping threads took: 0,0000236 seconds
2017-07-04T14:28:24.924+0200: 6,457: Total time for which application threads were stopped: 0,0003511 seconds, Stopping threads took: 0,0000211 seconds
2017-07-04T14:28:24.996+0200: 6,528: Total time for which application threads were stopped: 0,0001128 seconds, Stopping threads took: 0,0000261 seconds
2017-07-04T14:28:25.008+0200: 6,541: Total time for which application threads were stopped: 0,0003496 seconds, Stopping threads took: 0,0000237 seconds
2017-07-04T14:28:25.188+0200: 6,720: Total time for which application threads were stopped: 0,0001258 seconds, Stopping threads took: 0,0000251 seconds
2017-07-04T14:28:25.330+0200: 6,862: Total time for which application threads were stopped: 0,0000983 seconds, Stopping threads took: 0,0000182 seconds
2017-07-04T14:28:25.340+0200: 6,872: Total time for which application threads were stopped: 0,0001142 seconds, Stopping threads took: 0,0000169 seconds
2017-07-04T14:28:25.466+0200: 6,998: Total time for which application threads were stopped: 0,0001574 seconds, Stopping threads took: 0,0000292 seconds
2017-07-04T14:28:25.481+0200: 7,013: Total time for which application threads were stopped: 0,0020949 seconds, Stopping threads took: 0,0020185 seconds
2017-07-04T14:28:25.501+0200: 7,034: Total time for which application threads were stopped: 0,0001367 seconds, Stopping threads took: 0,0000193 seconds
2017-07-04T14:28:25.539+0200: 7,072: Total time for which application threads were stopped: 0,0001088 seconds, Stopping threads took: 0,0000179 seconds
2017-07-04T14:28:25.564+0200: 7,097: Total time for which application threads were stopped: 0,0021134 seconds, Stopping threads took: 0,0020384 seconds
2017-07-04T14:28:25.589+0200: 7,122: Total time for which application threads were stopped: 0,0005135 seconds, Stopping threads took: 0,0002107 seconds
2017-07-04T14:28:25.595+0200: 7,128: Total time for which application threads were stopped: 0,0016669 seconds, Stopping threads took: 0,0015975 seconds
2017-07-04T14:28:25.643+0200: 7,175: Total time for which application threads were stopped: 0,0054824 seconds, Stopping threads took: 0,0053872 seconds
2017-07-04T14:28:25.673+0200: 7,205: Total time for which application threads were stopped: 0,0045693 seconds, Stopping threads took: 0,0044912 seconds
2017-07-04T14:28:25.856+0200: 7,389: Total time for which application threads were stopped: 0,0001536 seconds, Stopping threads took: 0,0000198 seconds
2017-07-04T14:28:25.859+0200: 7,391: Total time for which application threads were stopped: 0,0001048 seconds, Stopping threads took: 0,0000430 seconds
2017-07-04T14:28:25.866+0200: 7,398: Total time for which application threads were stopped: 0,0002509 seconds, Stopping threads took: 0,0001830 seconds
2017-07-04T14:28:25.876+0200: 7,408: Total time for which application threads were stopped: 0,0000985 seconds, Stopping threads took: 0,0000384 seconds
2017-07-04T14:28:25.922+0200: 7,455: Total time for which application threads were stopped: 0,0141269 seconds, Stopping threads took: 0,0140139 seconds
2017-07-04T14:28:25.954+0200: 7,486: Total time for which application threads were stopped: 0,0001621 seconds, Stopping threads took: 0,0000785 seconds
2017-07-04T14:28:26.029+0200: 7,561: Total time for which application threads were stopped: 0,0001159 seconds, Stopping threads took: 0,0000207 seconds
2017-07-04T14:28:26.029+0200: 7,561: Total time for which application threads were stopped: 0,0000612 seconds, Stopping threads took: 0,0000117 seconds
2017-07-04T14:28:26.039+0200: 7,572: Total time for which application threads were stopped: 0,0002545 seconds, Stopping threads took: 0,0000241 seconds
2017-07-04T14:28:26.110+0200: 7,643: Total time for which application threads were stopped: 0,0001442 seconds, Stopping threads took: 0,0000196 seconds
2017-07-04T14:28:26.149+0200: 7,681: Total time for which application threads were stopped: 0,0001013 seconds, Stopping threads took: 0,0000175 seconds
2017-07-04T14:28:26.149+0200: 7,682: Total time for which application threads were stopped: 0,0000590 seconds, Stopping threads took: 0,0000085 seconds
2017-07-04T14:28:26.150+0200: 7,682: Total time for which application threads were stopped: 0,0000581 seconds, Stopping threads took: 0,0000092 seconds
2017-07-04T14:28:26.150+0200: 7,683: Total time for which application threads were stopped: 0,0000476 seconds, Stopping threads took: 0,0000067 seconds
2017-07-04T14:28:26.150+0200: 7,683: Total time for which application threads were stopped: 0,0000481 seconds, Stopping threads took: 0,0000054 seconds
2017-07-04T14:28:26.150+0200: 7,683: Total time for which application threads were stopped: 0,0000465 seconds, Stopping threads took: 0,0000071 seconds
2017-07-04T14:28:26.150+0200: 7,683: Total time for which application threads were stopped: 0,0000432 seconds, Stopping threads took: 0,0000070 seconds
2017-07-04T14:28:26.150+0200: 7,683: Total time for which application threads were stopped: 0,0000423 seconds, Stopping threads took: 0,0000062 seconds
2017-07-04T14:28:26.151+0200: 7,683: Total time for which application threads were stopped: 0,0000418 seconds, Stopping threads took: 0,0000051 seconds
2017-07-04T14:28:26.151+0200: 7,683: Total time for which application threads were stopped: 0,0000424 seconds, Stopping threads took: 0,0000065 seconds
2017-07-04T14:28:26.151+0200: 7,684: Total time for which application threads were stopped: 0,0000439 seconds, Stopping threads took: 0,0000065 seconds
2017-07-04T14:28:26.151+0200: 7,684: Total time for which application threads were stopped: 0,0000390 seconds, Stopping threads took: 0,0000060 seconds
2017-07-04T14:28:26.151+0200: 7,684: Total time for which application threads were stopped: 0,0000546 seconds, Stopping threads took: 0,0000063 seconds
2017-07-04T14:28:26.151+0200: 7,684: Total time for which application threads were stopped: 0,0001140 seconds, Stopping threads took: 0,0000059 seconds
2017-07-04T14:28:26.151+0200: 7,684: Total time for which application threads were stopped: 0,0000412 seconds, Stopping threads took: 0,0000059 seconds
2017-07-04T14:28:26.151+0200: 7,684: Total time for which application threads were stopped: 0,0000393 seconds, Stopping threads took: 0,0000060 seconds
2017-07-04T14:28:26.152+0200: 7,685: Total time for which application threads were stopped: 0,0000515 seconds, Stopping threads took: 0,0000077 seconds
2017-07-04T14:28:26.153+0200: 7,685: Total time for which application threads were stopped: 0,0000417 seconds, Stopping threads took: 0,0000050 seconds
2017-07-04T14:28:26.153+0200: 7,685: Total time for which application threads were stopped: 0,0000450 seconds, Stopping threads took: 0,0000065 seconds
2017-07-04T14:28:26.153+0200: 7,685: Total time for which application threads were stopped: 0,0000401 seconds, Stopping threads took: 0,0000048 seconds
2017-07-04T14:28:26.153+0200: 7,685: Total time for which application threads were stopped: 0,0000428 seconds, Stopping threads took: 0,0000058 seconds
2017-07-04T14:28:26.153+0200: 7,685: Total time for which application threads were stopped: 0,0000389 seconds, Stopping threads took: 0,0000045 seconds
2017-07-04T14:28:26.153+0200: 7,685: Total time for which application threads were stopped: 0,0000403 seconds, Stopping threads took: 0,0000049 seconds
2017-07-04T14:28:26.153+0200: 7,686: Total time for which application threads were stopped: 0,0000392 seconds, Stopping threads took: 0,0000043 seconds
2017-07-04T14:28:26.154+0200: 7,687: Total time for which application threads were stopped: 0,0000524 seconds, Stopping threads took: 0,0000077 seconds
2017-07-04T14:28:26.155+0200: 7,687: Total time for which application threads were stopped: 0,0000409 seconds, Stopping threads took: 0,0000052 seconds
2017-07-04T14:28:26.155+0200: 7,687: Total time for which application threads were stopped: 0,0000575 seconds, Stopping threads took: 0,0000046 seconds
2017-07-04T14:28:27.004+0200: 8,537: Total time for which application threads were stopped: 0,0001550 seconds, Stopping threads took: 0,0000221 seconds
2017-07-04T14:28:27.024+0200: 8,556: Total time for which application threads were stopped: 0,0007981 seconds, Stopping threads took: 0,0007164 seconds
2017-07-04T14:28:27.058+0200: 8,590: Total time for which application threads were stopped: 0,0002068 seconds, Stopping threads took: 0,0000292 seconds
2017-07-04T14:28:27.080+0200: 8,613: Total time for which application threads were stopped: 0,0001696 seconds, Stopping threads took: 0,0000209 seconds
2017-07-04T14:28:27.080+0200: 8,613: Total time for which application threads were stopped: 0,0000458 seconds, Stopping threads took: 0,0000054 seconds
2017-07-04T14:28:27.083+0200: 8,615: Total time for which application threads were stopped: 0,0000714 seconds, Stopping threads took: 0,0000183 seconds
2017-07-04T14:28:27.083+0200: 8,615: Total time for which application threads were stopped: 0,0000502 seconds, Stopping threads took: 0,0000082 seconds
2017-07-04T14:28:27.083+0200: 8,616: Total time for which application threads were stopped: 0,0000434 seconds, Stopping threads took: 0,0000066 seconds
2017-07-04T14:28:27.084+0200: 8,617: Total time for which application threads were stopped: 0,0000674 seconds, Stopping threads took: 0,0000146 seconds
2017-07-04T14:28:27.084+0200: 8,617: Total time for which application threads were stopped: 0,0000840 seconds, Stopping threads took: 0,0000106 seconds
2017-07-04T14:28:27.084+0200: 8,617: Total time for which application threads were stopped: 0,0000531 seconds, Stopping threads took: 0,0000122 seconds
2017-07-04T14:28:27.085+0200: 8,617: Total time for which application threads were stopped: 0,0000484 seconds, Stopping threads took: 0,0000113 seconds
2017-07-04T14:28:27.085+0200: 8,617: Total time for which application threads were stopped: 0,0000647 seconds, Stopping threads took: 0,0000110 seconds
2017-07-04T14:28:27.095+0200: 8,627: Total time for which application threads were stopped: 0,0001111 seconds, Stopping threads took: 0,0000229 seconds
2017-07-04T14:28:27.095+0200: 8,627: Total time for which application threads were stopped: 0,0000622 seconds, Stopping threads took: 0,0000161 seconds
2017-07-04T14:28:27.095+0200: 8,627: Total time for which application threads were stopped: 0,0000515 seconds, Stopping threads took: 0,0000105 seconds
2017-07-04T14:28:27.095+0200: 8,628: Total time for which application threads were stopped: 0,0001835 seconds, Stopping threads took: 0,0000098 seconds
2017-07-04T14:28:27.203+0200: 8,736: Total time for which application threads were stopped: 0,0001134 seconds, Stopping threads took: 0,0000199 seconds
2017-07-04T14:28:27.224+0200: 8,756: Total time for which application threads were stopped: 0,0001687 seconds, Stopping threads took: 0,0000180 seconds
2017-07-04T14:28:27.224+0200: 8,757: Total time for which application threads were stopped: 0,0000649 seconds, Stopping threads took: 0,0000111 seconds
2017-07-04T14:28:27.238+0200: 8,771: Total time for which application threads were stopped: 0,0001418 seconds, Stopping threads took: 0,0000190 seconds
2017-07-04T14:28:27.239+0200: 8,771: Total time for which application threads were stopped: 0,0000741 seconds, Stopping threads took: 0,0000104 seconds
2017-07-04T14:28:27.239+0200: 8,771: Total time for which application threads were stopped: 0,0000603 seconds, Stopping threads took: 0,0000083 seconds
2017-07-04T14:28:27.249+0200: 8,782: Total time for which application threads were stopped: 0,0001133 seconds, Stopping threads took: 0,0000199 seconds
2017-07-04T14:28:27.253+0200: 8,786: Total time for which application threads were stopped: 0,0001149 seconds, Stopping threads took: 0,0000384 seconds
2017-07-04T14:28:27.254+0200: 8,787: Total time for which application threads were stopped: 0,0000782 seconds, Stopping threads took: 0,0000134 seconds
2017-07-04T14:28:27.255+0200: 8,787: Total time for which application threads were stopped: 0,0001107 seconds, Stopping threads took: 0,0000207 seconds
2017-07-04T14:28:27.255+0200: 8,787: Total time for which application threads were stopped: 0,0000556 seconds, Stopping threads took: 0,0000077 seconds
2017-07-04T14:28:27.255+0200: 8,787: Total time for which application threads were stopped: 0,0001007 seconds, Stopping threads took: 0,0000232 seconds
2017-07-04T14:28:27.255+0200: 8,788: Total time for which application threads were stopped: 0,0000629 seconds, Stopping threads took: 0,0000067 seconds
2017-07-04T14:28:27.255+0200: 8,788: Total time for which application threads were stopped: 0,0000432 seconds, Stopping threads took: 0,0000057 seconds
2017-07-04T14:28:27.255+0200: 8,788: Total time for which application threads were stopped: 0,0000422 seconds, Stopping threads took: 0,0000062 seconds
2017-07-04T14:28:27.255+0200: 8,788: Total time for which application threads were stopped: 0,0000585 seconds, Stopping threads took: 0,0000063 seconds
2017-07-04T14:28:27.339+0200: 8,871: Total time for which application threads were stopped: 0,0001249 seconds, Stopping threads took: 0,0000404 seconds
2017-07-04T14:28:27.339+0200: 8,871: Total time for which application threads were stopped: 0,0000515 seconds, Stopping threads took: 0,0000079 seconds
2017-07-04T14:28:27.339+0200: 8,872: Total time for which application threads were stopped: 0,0000535 seconds, Stopping threads took: 0,0000094 seconds
2017-07-04T14:28:27.339+0200: 8,872: Total time for which application threads were stopped: 0,0000415 seconds, Stopping threads took: 0,0000060 seconds
2017-07-04T14:28:27.339+0200: 8,872: Total time for which application threads were stopped: 0,0000395 seconds, Stopping threads took: 0,0000058 seconds
2017-07-04T14:28:27.339+0200: 8,872: Total time for which application threads were stopped: 0,0000455 seconds, Stopping threads took: 0,0000088 seconds
2017-07-04T14:28:27.339+0200: 8,872: Total time for which application threads were stopped: 0,0000370 seconds, Stopping threads took: 0,0000056 seconds
2017-07-04T14:28:27.339+0200: 8,872: Total time for which application threads were stopped: 0,0000376 seconds, Stopping threads took: 0,0000057 seconds
2017-07-04T14:28:27.340+0200: 8,872: Total time for which application threads were stopped: 0,0001256 seconds, Stopping threads took: 0,0000050 seconds
2017-07-04T14:28:27.341+0200: 8,874: Total time for which application threads were stopped: 0,0000650 seconds, Stopping threads took: 0,0000149 seconds
2017-07-04T14:28:27.393+0200: 8,926: Total time for which application threads were stopped: 0,0050070 seconds, Stopping threads took: 0,0048989 seconds
2017-07-04T14:28:27.400+0200: 8,932: Total time for which application threads were stopped: 0,0001095 seconds, Stopping threads took: 0,0000158 seconds
2017-07-04T14:28:27.421+0200: 8,954: Total time for which application threads were stopped: 0,0001090 seconds, Stopping threads took: 0,0000349 seconds
2017-07-04T14:28:27.693+0200: 9,226: Total time for which application threads were stopped: 0,0001077 seconds, Stopping threads took: 0,0000297 seconds
2017-07-04T14:28:27.696+0200: 9,228: Total time for which application threads were stopped: 0,0000790 seconds, Stopping threads took: 0,0000214 seconds
{Heap before GC invocations=1 (full 1):
 par new generation   total 109248K, used 99277K [0x00000000e0000000, 0x00000000e8000000, 0x00000000e8000000)
  eden space 87424K,  99% used [0x00000000e0000000, 0x00000000e555e8f8, 0x00000000e5560000)
  from space 21824K,  54% used [0x00000000e6ab0000, 0x00000000e7644d70, 0x00000000e8000000)
  to   space 21824K,   0% used [0x00000000e5560000, 0x00000000e5560000, 0x00000000e6ab0000)
 concurrent mark-sweep generation total 393216K, used 0K [0x00000000e8000000, 0x0000000100000000, 0x0000000100000000)
 Metaspace       used 25545K, capacity 26186K, committed 26200K, reserved 1073152K
  class space    used 2944K, capacity 3152K, committed 3164K, reserved 1048576K
2017-07-04T14:28:27.732+0200: 9,265: [GC (Allocation Failure) 2017-07-04T14:28:27.732+0200: 9,265: [ParNew
Desired survivor size 20112992 bytes, new threshold 8 (max 8)
- age   1:    8489608 bytes,    8489608 total
- age   2:    5930928 bytes,   14420536 total
: 99277K->19080K(109248K), 0,0566252 secs] 99277K->19080K(502464K), 0,0567120 secs] [Times: user=0,04 sys=0,00, real=0,06 secs] 
Heap after GC invocations=2 (full 1):
 par new generation   total 109248K, used 19080K [0x00000000e0000000, 0x00000000e8000000, 0x00000000e8000000)
  eden space 87424K,   0% used [0x00000000e0000000, 0x00000000e0000000, 0x00000000e5560000)
  from space 21824K,  87% used [0x00000000e5560000, 0x00000000e6802370, 0x00000000e6ab0000)
  to   space 21824K,   0% used [0x00000000e6ab0000, 0x00000000e6ab0000, 0x00000000e8000000)
 concurrent mark-sweep generation total 393216K, used 0K [0x00000000e8000000, 0x0000000100000000, 0x0000000100000000)
 Metaspace       used 25545K, capacity 26186K, committed 26200K, reserved 1073152K
  class space    used 2944K, capacity 3152K, committed 3164K, reserved 1048576K
}
2017-07-04T14:28:27.789+0200: 9,322: Total time for which application threads were stopped: 0,0568647 seconds, Stopping threads took: 0,0000200 seconds
2017-07-04T14:28:27.793+0200: 9,326: Total time for which application threads were stopped: 0,0000985 seconds, Stopping threads took: 0,0000153 seconds
2017-07-04T14:28:27.793+0200: 9,326: Total time for which application threads were stopped: 0,0000495 seconds, Stopping threads took: 0,0000057 seconds
2017-07-04T14:28:27.832+0200: 9,364: Total time for which application threads were stopped: 0,0001432 seconds, Stopping threads took: 0,0000208 seconds
2017-07-04T14:28:27.855+0200: 9,388: Total time for which application threads were stopped: 0,0001012 seconds, Stopping threads took: 0,0000187 seconds
2017-07-04T14:28:27.951+0200: 9,484: Total time for which application threads were stopped: 0,0001041 seconds, Stopping threads took: 0,0000218 seconds
2017-07-04T14:28:27.953+0200: 9,485: Total time for which application threads were stopped: 0,0002961 seconds, Stopping threads took: 0,0000161 seconds
2017-07-04T14:28:28.145+0200: 9,677: Total time for which application threads were stopped: 0,0077868 seconds, Stopping threads took: 0,0073878 seconds
2017-07-04T14:28:28.272+0200: 9,805: Total time for which application threads were stopped: 0,0001241 seconds, Stopping threads took: 0,0000235 seconds
2017-07-04T14:28:28.472+0200: 10,004: Total time for which application threads were stopped: 0,0077806 seconds, Stopping threads took: 0,0076438 seconds
2017-07-04T14:28:28.472+0200: 10,004: [CMS-concurrent-abortable-preclean: 3,344/4,732 secs] [Times: user=2,62 sys=0,08, real=4,73 secs] 
2017-07-04T14:28:28.488+0200: 10,021: [GC (CMS Final Remark) [YG occupancy: 64068 K (109248 K)]{Heap before GC invocations=2 (full 1):
 par new generation   total 109248K, used 64068K [0x00000000e0000000, 0x00000000e8000000, 0x00000000e8000000)
  eden space 87424K,  51% used [0x00000000e0000000, 0x00000000e2beecb8, 0x00000000e5560000)
  from space 21824K,  87% used [0x00000000e5560000, 0x00000000e6802370, 0x00000000e6ab0000)
  to   space 21824K,   0% used [0x00000000e6ab0000, 0x00000000e6ab0000, 0x00000000e8000000)
 concurrent mark-sweep generation total 393216K, used 0K [0x00000000e8000000, 0x0000000100000000, 0x0000000100000000)
 Metaspace       used 26234K, capacity 26910K, committed 27196K, reserved 1073152K
  class space    used 3008K, capacity 3206K, committed 3240K, reserved 1048576K
2017-07-04T14:28:28.488+0200: 10,021: [GC (CMS Final Remark) 2017-07-04T14:28:28.488+0200: 10,021: [ParNew
Desired survivor size 20112992 bytes, new threshold 8 (max 8)
- age   1:    1465488 bytes,    1465488 total
- age   2:    3532352 bytes,    4997840 total
- age   3:    5929072 bytes,   10926912 total
: 64068K->14378K(109248K), 0,0403921 secs] 64068K->14378K(502464K), 0,0404599 secs] [Times: user=0,03 sys=0,01, real=0,04 secs] 
Heap after GC invocations=3 (full 1):
 par new generation   total 109248K, used 14378K [0x00000000e0000000, 0x00000000e8000000, 0x00000000e8000000)
  eden space 87424K,   0% used [0x00000000e0000000, 0x00000000e0000000, 0x00000000e5560000)
  from space 21824K,  65% used [0x00000000e6ab0000, 0x00000000e78ba840, 0x00000000e8000000)
  to   space 21824K,   0% used [0x00000000e5560000, 0x00000000e5560000, 0x00000000e6ab0000)
 concurrent mark-sweep generation total 393216K, used 0K [0x00000000e8000000, 0x0000000100000000, 0x0000000100000000)
 Metaspace       used 26234K, capacity 26910K, committed 27196K, reserved 1073152K
  class space    used 3008K, capacity 3206K, committed 3240K, reserved 1048576K
}
2017-07-04T14:28:28.529+0200: 10,061: [Rescan (parallel) , 0,0244642 secs]2017-07-04T14:28:28.553+0200: 10,086: [weak refs processing, 0,0106128 secs]2017-07-04T14:28:28.564+0200: 10,096: [class unloading, 0,0035255 secs]2017-07-04T14:28:28.567+0200: 10,100: [scrub symbol table, 0,0070358 secs]2017-07-04T14:28:28.574+0200: 10,107: [scrub string table, 0,0004873 secs][1 CMS-remark: 0K(393216K)] 14378K(502464K), 0,0873533 secs] [Times: user=0,06 sys=0,01, real=0,08 secs] 
2017-07-04T14:28:28.575+0200: 10,108: Total time for which application threads were stopped: 0,0994814 seconds, Stopping threads took: 0,0120025 seconds
2017-07-04T14:28:28.596+0200: 10,129: [CMS-concurrent-sweep-start]
2017-07-04T14:28:28.596+0200: 10,129: [CMS-concurrent-sweep: 0,000/0,000 secs] [Times: user=0,00 sys=0,00, real=0,00 secs] 
2017-07-04T14:28:28.596+0200: 10,129: [CMS-concurrent-reset-start]
2017-07-04T14:28:28.597+0200: 10,130: [CMS-concurrent-reset: 0,001/0,001 secs] [Times: user=0,01 sys=0,00, real=0,00 secs] 
2017-07-04T14:28:28.598+0200: 10,131: Total time for which application threads were stopped: 0,0008634 seconds, Stopping threads took: 0,0007402 seconds
2017-07-04T14:28:28.609+0200: 10,141: Total time for which application threads were stopped: 0,0046741 seconds, Stopping threads took: 0,0045538 seconds
2017-07-04T14:28:28.666+0200: 10,199: Total time for which application threads were stopped: 0,0101168 seconds, Stopping threads took: 0,0099949 seconds
2017-07-04T14:28:28.708+0200: 10,241: Total time for which application threads were stopped: 0,0082695 seconds, Stopping threads took: 0,0081388 seconds
2017-07-04T14:28:28.708+0200: 10,241: Total time for which application threads were stopped: 0,0000399 seconds, Stopping threads took: 0,0000086 seconds
2017-07-04T14:28:28.708+0200: 10,241: Total time for which application threads were stopped: 0,0000512 seconds, Stopping threads took: 0,0000050 seconds
2017-07-04T14:28:28.708+0200: 10,241: Total time for which application threads were stopped: 0,0000333 seconds, Stopping threads took: 0,0000045 seconds
2017-07-04T14:28:28.709+0200: 10,241: Total time for which application threads were stopped: 0,0000324 seconds, Stopping threads took: 0,0000047 seconds
2017-07-04T14:28:28.709+0200: 10,241: Total time for which application threads were stopped: 0,0000327 seconds, Stopping threads took: 0,0000047 seconds
2017-07-04T14:28:28.709+0200: 10,241: Total time for which application threads were stopped: 0,0000314 seconds, Stopping threads took: 0,0000047 seconds
2017-07-04T14:28:28.709+0200: 10,241: Total time for which application threads were stopped: 0,0000324 seconds, Stopping threads took: 0,0000046 seconds
2017-07-04T14:28:28.709+0200: 10,241: Total time for which application threads were stopped: 0,0001546 seconds, Stopping threads took: 0,0000046 seconds
2017-07-04T14:28:28.737+0200: 10,269: Total time for which application threads were stopped: 0,0007341 seconds, Stopping threads took: 0,0005746 seconds
2017-07-04T14:28:28.752+0200: 10,285: Total time for which application threads were stopped: 0,0001553 seconds, Stopping threads took: 0,0000741 seconds
2017-07-04T14:28:28.755+0200: 10,287: Total time for which application threads were stopped: 0,0003343 seconds, Stopping threads took: 0,0000091 seconds
2017-07-04T14:28:29.016+0200: 10,549: Total time for which application threads were stopped: 0,0058629 seconds, Stopping threads took: 0,0054634 seconds
{Heap before GC invocations=3 (full 1):
 par new generation   total 109248K, used 101802K [0x00000000e0000000, 0x00000000e8000000, 0x00000000e8000000)
  eden space 87424K, 100% used [0x00000000e0000000, 0x00000000e5560000, 0x00000000e5560000)
  from space 21824K,  65% used [0x00000000e6ab0000, 0x00000000e78ba840, 0x00000000e8000000)
  to   space 21824K,   0% used [0x00000000e5560000, 0x00000000e5560000, 0x00000000e6ab0000)
 concurrent mark-sweep generation total 393216K, used 0K [0x00000000e8000000, 0x0000000100000000, 0x0000000100000000)
 Metaspace       used 27744K, capacity 28460K, committed 28580K, reserved 1075200K
  class space    used 3217K, capacity 3439K, committed 3496K, reserved 1048576K
2017-07-04T14:28:29.030+0200: 10,562: [GC (Allocation Failure) 2017-07-04T14:28:29.030+0200: 10,562: [ParNew
Desired survivor size 20112992 bytes, new threshold 8 (max 8)
- age   1:    2647200 bytes,    2647200 total
- age   2:     917640 bytes,    3564840 total
- age   3:    3383328 bytes,    6948168 total
- age   4:    5924224 bytes,   12872392 total
: 101802K->15946K(109248K), 0,0348394 secs] 101802K->15946K(502464K), 0,0349207 secs] [Times: user=0,03 sys=0,00, real=0,04 secs] 
Heap after GC invocations=4 (full 1):
 par new generation   total 109248K, used 15946K [0x00000000e0000000, 0x00000000e8000000, 0x00000000e8000000)
  eden space 87424K,   0% used [0x00000000e0000000, 0x00000000e0000000, 0x00000000e5560000)
  from space 21824K,  73% used [0x00000000e5560000, 0x00000000e64f2af0, 0x00000000e6ab0000)
  to   space 21824K,   0% used [0x00000000e6ab0000, 0x00000000e6ab0000, 0x00000000e8000000)
 concurrent mark-sweep generation total 393216K, used 0K [0x00000000e8000000, 0x0000000100000000, 0x0000000100000000)
 Metaspace       used 27744K, capacity 28460K, committed 28580K, reserved 1075200K
  class space    used 3217K, capacity 3439K, committed 3496K, reserved 1048576K
}
2017-07-04T14:28:29.065+0200: 10,597: Total time for which application threads were stopped: 0,0359093 seconds, Stopping threads took: 0,0008269 seconds
2017-07-04T14:28:29.078+0200: 10,611: Total time for which application threads were stopped: 0,0021577 seconds, Stopping threads took: 0,0020419 seconds
2017-07-04T14:28:29.091+0200: 10,623: Total time for which application threads were stopped: 0,0024419 seconds, Stopping threads took: 0,0023489 seconds
2017-07-04T14:28:29.094+0200: 10,626: Total time for which application threads were stopped: 0,0021190 seconds, Stopping threads took: 0,0020293 seconds
2017-07-04T14:28:29.114+0200: 10,646: Total time for which application threads were stopped: 0,0001206 seconds, Stopping threads took: 0,0000266 seconds
2017-07-04T14:28:29.360+0200: 10,893: Total time for which application threads were stopped: 0,0107140 seconds, Stopping threads took: 0,0105785 seconds
{Heap before GC invocations=4 (full 1):
 par new generation   total 109248K, used 103370K [0x00000000e0000000, 0x00000000e8000000, 0x00000000e8000000)
  eden space 87424K, 100% used [0x00000000e0000000, 0x00000000e5560000, 0x00000000e5560000)
  from space 21824K,  73% used [0x00000000e5560000, 0x00000000e64f2af0, 0x00000000e6ab0000)
  to   space 21824K,   0% used [0x00000000e6ab0000, 0x00000000e6ab0000, 0x00000000e8000000)
 concurrent mark-sweep generation total 393216K, used 0K [0x00000000e8000000, 0x0000000100000000, 0x0000000100000000)
 Metaspace       used 28183K, capacity 28926K, committed 29220K, reserved 1075200K
  class space    used 3275K, capacity 3506K, committed 3624K, reserved 1048576K
2017-07-04T14:28:29.469+0200: 11,002: [GC (Allocation Failure) 2017-07-04T14:28:29.469+0200: 11,002: [ParNew
Desired survivor size 20112992 bytes, new threshold 8 (max 8)
- age   1:     588504 bytes,     588504 total
- age   2:    1504992 bytes,    2093496 total
- age   3:     917432 bytes,    3010928 total
- age   4:    3382168 bytes,    6393096 total
- age   5:    5924128 bytes,   12317224 total
: 103370K->16316K(109248K), 0,0923020 secs] 103370K->16316K(502464K), 0,0924425 secs] [Times: user=0,03 sys=0,00, real=0,09 secs] 
Heap after GC invocations=5 (full 1):
 par new generation   total 109248K, used 16316K [0x00000000e0000000, 0x00000000e8000000, 0x00000000e8000000)
  eden space 87424K,   0% used [0x00000000e0000000, 0x00000000e0000000, 0x00000000e5560000)
  from space 21824K,  74% used [0x00000000e6ab0000, 0x00000000e7a9f250, 0x00000000e8000000)
  to   space 21824K,   0% used [0x00000000e5560000, 0x00000000e5560000, 0x00000000e6ab0000)
 concurrent mark-sweep generation total 393216K, used 0K [0x00000000e8000000, 0x0000000100000000, 0x0000000100000000)
 Metaspace       used 28183K, capacity 28926K, committed 29220K, reserved 1075200K
  class space    used 3275K, capacity 3506K, committed 3624K, reserved 1048576K
}
2017-07-04T14:28:29.562+0200: 11,094: Total time for which application threads were stopped: 0,0926517 seconds, Stopping threads took: 0,0000431 seconds
2017-07-04T14:28:29.570+0200: 11,102: Total time for which application threads were stopped: 0,0054488 seconds, Stopping threads took: 0,0053457 seconds
2017-07-04T14:28:29.621+0200: 11,153: Total time for which application threads were stopped: 0,0077337 seconds, Stopping threads took: 0,0075904 seconds
2017-07-04T14:28:29.668+0200: 11,201: Total time for which application threads were stopped: 0,0001477 seconds, Stopping threads took: 0,0000261 seconds
{Heap before GC invocations=5 (full 1):
 par new generation   total 109248K, used 103740K [0x00000000e0000000, 0x00000000e8000000, 0x00000000e8000000)
  eden space 87424K, 100% used [0x00000000e0000000, 0x00000000e5560000, 0x00000000e5560000)
  from space 21824K,  74% used [0x00000000e6ab0000, 0x00000000e7a9f250, 0x00000000e8000000)
  to   space 21824K,   0% used [0x00000000e5560000, 0x00000000e5560000, 0x00000000e6ab0000)
 concurrent mark-sweep generation total 393216K, used 0K [0x00000000e8000000, 0x0000000100000000, 0x0000000100000000)
 Metaspace       used 28606K, capacity 29386K, committed 29476K, reserved 1075200K
  class space    used 3325K, capacity 3572K, committed 3624K, reserved 1048576K
2017-07-04T14:28:29.993+0200: 11,526: [GC (Allocation Failure) 2017-07-04T14:28:29.993+0200: 11,526: [ParNew
Desired survivor size 20112992 bytes, new threshold 8 (max 8)
- age   1:     777704 bytes,     777704 total
- age   2:     182512 bytes,     960216 total
- age   3:    1500240 bytes,    2460456 total
- age   4:     917400 bytes,    3377856 total
- age   5:    3381064 bytes,    6758920 total
- age   6:    5924008 bytes,   12682928 total
: 103740K->16267K(109248K), 0,0381848 secs] 103740K->16267K(502464K), 0,0382642 secs] [Times: user=0,04 sys=0,00, real=0,04 secs] 
Heap after GC invocations=6 (full 1):
 par new generation   total 109248K, used 16267K [0x00000000e0000000, 0x00000000e8000000, 0x00000000e8000000)
  eden space 87424K,   0% used [0x00000000e0000000, 0x00000000e0000000, 0x00000000e5560000)
  from space 21824K,  74% used [0x00000000e5560000, 0x00000000e6542f20, 0x00000000e6ab0000)
  to   space 21824K,   0% used [0x00000000e6ab0000, 0x00000000e6ab0000, 0x00000000e8000000)
 concurrent mark-sweep generation total 393216K, used 0K [0x00000000e8000000, 0x0000000100000000, 0x0000000100000000)
 Metaspace       used 28606K, capacity 29386K, committed 29476K, reserved 1075200K
  class space    used 3325K, capacity 3572K, committed 3624K, reserved 1048576K
}
2017-07-04T14:28:30.032+0200: 11,564: Total time for which application threads were stopped: 0,0504176 seconds, Stopping threads took: 0,0119514 seconds
2017-07-04T14:28:30.168+0200: 11,700: Total time for which application threads were stopped: 0,0001150 seconds, Stopping threads took: 0,0000287 seconds
2017-07-04T14:28:30.224+0200: 11,756: Total time for which application threads were stopped: 0,0064710 seconds, Stopping threads took: 0,0063668 seconds
{Heap before GC invocations=6 (full 1):
 par new generation   total 109248K, used 103691K [0x00000000e0000000, 0x00000000e8000000, 0x00000000e8000000)
  eden space 87424K, 100% used [0x00000000e0000000, 0x00000000e5560000, 0x00000000e5560000)
  from space 21824K,  74% used [0x00000000e5560000, 0x00000000e6542f20, 0x00000000e6ab0000)
  to   space 21824K,   0% used [0x00000000e6ab0000, 0x00000000e6ab0000, 0x00000000e8000000)
 concurrent mark-sweep generation total 393216K, used 0K [0x00000000e8000000, 0x0000000100000000, 0x0000000100000000)
 Metaspace       used 28778K, capacity 29520K, committed 29732K, reserved 1075200K
  class space    used 3347K, capacity 3573K, committed 3624K, reserved 1048576K
2017-07-04T14:28:30.309+0200: 11,842: [GC (Allocation Failure) 2017-07-04T14:28:30.309+0200: 11,842: [ParNew
Desired survivor size 20112992 bytes, new threshold 8 (max 8)
- age   1:     383336 bytes,     383336 total
- age   2:     289208 bytes,     672544 total
- age   3:     160104 bytes,     832648 total
- age   4:    1499872 bytes,    2332520 total
- age   5:     917400 bytes,    3249920 total
- age   6:    3380328 bytes,    6630248 total
- age   7:    5924008 bytes,   12554256 total
: 103691K->14517K(109248K), 0,0476608 secs] 103691K->14517K(502464K), 0,0477437 secs] [Times: user=0,03 sys=0,00, real=0,05 secs] 
Heap after GC invocations=7 (full 1):
 par new generation   total 109248K, used 14517K [0x00000000e0000000, 0x00000000e8000000, 0x00000000e8000000)
  eden space 87424K,   0% used [0x00000000e0000000, 0x00000000e0000000, 0x00000000e5560000)
  from space 21824K,  66% used [0x00000000e6ab0000, 0x00000000e78dd568, 0x00000000e8000000)
  to   space 21824K,   0% used [0x00000000e5560000, 0x00000000e5560000, 0x00000000e6ab0000)
 concurrent mark-sweep generation total 393216K, used 0K [0x00000000e8000000, 0x0000000100000000, 0x0000000100000000)
 Metaspace       used 28778K, capacity 29520K, committed 29732K, reserved 1075200K
  class space    used 3347K, capacity 3573K, committed 3624K, reserved 1048576K
}
2017-07-04T14:28:30.357+0200: 11,890: Total time for which application threads were stopped: 0,0479664 seconds, Stopping threads took: 0,0000411 seconds
2017-07-04T14:28:30.360+0200: 11,893: Total time for which application threads were stopped: 0,0020847 seconds, Stopping threads took: 0,0020072 seconds
2017-07-04T14:28:30.362+0200: 11,894: Total time for which application threads were stopped: 0,0000561 seconds, Stopping threads took: 0,0000087 seconds
2017-07-04T14:28:30.362+0200: 11,895: Total time for which application threads were stopped: 0,0000474 seconds, Stopping threads took: 0,0000068 seconds
2017-07-04T14:28:30.578+0200: 12,111: Total time for which application threads were stopped: 0,0001453 seconds, Stopping threads took: 0,0000298 seconds
2017-07-04T14:28:31.487+0200: 13,020: Total time for which application threads were stopped: 0,0002156 seconds, Stopping threads took: 0,0000314 seconds
2017-07-04T14:28:31.524+0200: 13,056: Total time for which application threads were stopped: 0,0050512 seconds, Stopping threads took: 0,0046078 seconds
2017-07-04T14:28:31.532+0200: 13,065: Total time for which application threads were stopped: 0,0001059 seconds, Stopping threads took: 0,0000188 seconds
2017-07-04T14:28:31.628+0200: 13,161: Total time for which application threads were stopped: 0,0107214 seconds, Stopping threads took: 0,0000312 seconds
2017-07-04T14:28:31.641+0200: 13,173: Total time for which application threads were stopped: 0,0028487 seconds, Stopping threads took: 0,0027220 seconds
2017-07-04T14:28:31.641+0200: 13,174: Total time for which application threads were stopped: 0,0000915 seconds, Stopping threads took: 0,0000193 seconds
2017-07-04T14:28:31.641+0200: 13,174: Total time for which application threads were stopped: 0,0000595 seconds, Stopping threads took: 0,0000106 seconds
2017-07-04T14:28:31.641+0200: 13,174: Total time for which application threads were stopped: 0,0000553 seconds, Stopping threads took: 0,0000102 seconds
2017-07-04T14:28:31.641+0200: 13,174: Total time for which application threads were stopped: 0,0000532 seconds, Stopping threads took: 0,0000101 seconds
2017-07-04T14:28:31.689+0200: 13,222: Total time for which application threads were stopped: 0,0004457 seconds, Stopping threads took: 0,0000254 seconds
2017-07-04T14:28:31.844+0200: 13,377: Total time for which application threads were stopped: 0,0048004 seconds, Stopping threads took: 0,0046301 seconds
2017-07-04T14:28:31.854+0200: 13,387: Total time for which application threads were stopped: 0,0021486 seconds, Stopping threads took: 0,0020384 seconds
2017-07-04T14:28:31.861+0200: 13,393: Total time for which application threads were stopped: 0,0001272 seconds, Stopping threads took: 0,0000377 seconds
2017-07-04T14:28:31.861+0200: 13,393: Total time for which application threads were stopped: 0,0000429 seconds, Stopping threads took: 0,0000071 seconds
2017-07-04T14:28:31.864+0200: 13,397: Total time for which application threads were stopped: 0,0000941 seconds, Stopping threads took: 0,0000178 seconds
2017-07-04T14:28:32.409+0200: 13,942: Total time for which application threads were stopped: 0,0001145 seconds, Stopping threads took: 0,0000257 seconds
2017-07-04T14:28:32.466+0200: 13,999: Total time for which application threads were stopped: 0,0002119 seconds, Stopping threads took: 0,0000257 seconds
{Heap before GC invocations=7 (full 1):
 par new generation   total 109248K, used 101941K [0x00000000e0000000, 0x00000000e8000000, 0x00000000e8000000)
  eden space 87424K, 100% used [0x00000000e0000000, 0x00000000e5560000, 0x00000000e5560000)
  from space 21824K,  66% used [0x00000000e6ab0000, 0x00000000e78dd568, 0x00000000e8000000)
  to   space 21824K,   0% used [0x00000000e5560000, 0x00000000e5560000, 0x00000000e6ab0000)
 concurrent mark-sweep generation total 393216K, used 0K [0x00000000e8000000, 0x0000000100000000, 0x0000000100000000)
 Metaspace       used 32734K, capacity 33646K, committed 33828K, reserved 1079296K
  class space    used 3842K, capacity 4122K, committed 4136K, reserved 1048576K
2017-07-04T14:28:32.530+0200: 14,062: [GC (Allocation Failure) 2017-07-04T14:28:32.530+0200: 14,062: [ParNew
Desired survivor size 20112992 bytes, new threshold 8 (max 8)
- age   1:    5495888 bytes,    5495888 total
- age   2:     130936 bytes,    5626824 total
- age   3:     281240 bytes,    5908064 total
- age   4:     158432 bytes,    6066496 total
- age   5:     542248 bytes,    6608744 total
- age   6:     285712 bytes,    6894456 total
- age   7:    3368680 bytes,   10263136 total
- age   8:    5922992 bytes,   16186128 total
: 101941K->18914K(109248K), 0,0575932 secs] 101941K->18914K(502464K), 0,0576624 secs] [Times: user=0,04 sys=0,00, real=0,06 secs] 
Heap after GC invocations=8 (full 1):
 par new generation   total 109248K, used 18914K [0x00000000e0000000, 0x00000000e8000000, 0x00000000e8000000)
  eden space 87424K,   0% used [0x00000000e0000000, 0x00000000e0000000, 0x00000000e5560000)
  from space 21824K,  86% used [0x00000000e5560000, 0x00000000e67d8870, 0x00000000e6ab0000)
  to   space 21824K,   0% used [0x00000000e6ab0000, 0x00000000e6ab0000, 0x00000000e8000000)
 concurrent mark-sweep generation total 393216K, used 0K [0x00000000e8000000, 0x0000000100000000, 0x0000000100000000)
 Metaspace       used 32734K, capacity 33646K, committed 33828K, reserved 1079296K
  class space    used 3842K, capacity 4122K, committed 4136K, reserved 1048576K
}
2017-07-04T14:28:32.587+0200: 14,120: Total time for which application threads were stopped: 0,0578748 seconds, Stopping threads took: 0,0000307 seconds
2017-07-04T14:28:32.628+0200: 14,161: Total time for which application threads were stopped: 0,0001863 seconds, Stopping threads took: 0,0000184 seconds
2017-07-04T14:28:32.648+0200: 14,181: Total time for which application threads were stopped: 0,0001727 seconds, Stopping threads took: 0,0000673 seconds
2017-07-04T14:28:32.681+0200: 14,213: Total time for which application threads were stopped: 0,0001128 seconds, Stopping threads took: 0,0000324 seconds
2017-07-04T14:28:33.062+0200: 14,594: Total time for which application threads were stopped: 0,0001730 seconds, Stopping threads took: 0,0000273 seconds
2017-07-04T14:28:33.446+0200: 14,979: Total time for which application threads were stopped: 0,0059327 seconds, Stopping threads took: 0,0057981 seconds
2017-07-04T14:28:33.449+0200: 14,981: Total time for which application threads were stopped: 0,0000869 seconds, Stopping threads took: 0,0000122 seconds
2017-07-04T14:28:33.499+0200: 15,031: Total time for which application threads were stopped: 0,0132293 seconds, Stopping threads took: 0,0131042 seconds
2017-07-04T14:28:33.511+0200: 15,044: Total time for which application threads were stopped: 0,0001352 seconds, Stopping threads took: 0,0000367 seconds
2017-07-04T14:28:33.576+0200: 15,109: Total time for which application threads were stopped: 0,0206640 seconds, Stopping threads took: 0,0205434 seconds
2017-07-04T14:28:33.674+0200: 15,206: Total time for which application threads were stopped: 0,0001428 seconds, Stopping threads took: 0,0000333 seconds
2017-07-04T14:28:33.758+0200: 15,291: Total time for which application threads were stopped: 0,0005040 seconds, Stopping threads took: 0,0000294 seconds
2017-07-04T14:28:33.928+0200: 15,461: Total time for which application threads were stopped: 0,0199892 seconds, Stopping threads took: 0,0198489 seconds
2017-07-04T14:28:33.958+0200: 15,491: Total time for which application threads were stopped: 0,0004889 seconds, Stopping threads took: 0,0000325 seconds
2017-07-04T14:28:33.980+0200: 15,513: Total time for which application threads were stopped: 0,0046268 seconds, Stopping threads took: 0,0044910 seconds
2017-07-04T14:28:34.021+0200: 15,554: Total time for which application threads were stopped: 0,0001225 seconds, Stopping threads took: 0,0000358 seconds
2017-07-04T14:28:34.042+0200: 15,575: Total time for which application threads were stopped: 0,0001353 seconds, Stopping threads took: 0,0000307 seconds
2017-07-04T14:28:34.134+0200: 15,667: Total time for which application threads were stopped: 0,0218834 seconds, Stopping threads took: 0,0217548 seconds
2017-07-04T14:28:34.163+0200: 15,695: Total time for which application threads were stopped: 0,0001308 seconds, Stopping threads took: 0,0000382 seconds
2017-07-04T14:28:34.252+0200: 15,785: Total time for which application threads were stopped: 0,0001260 seconds, Stopping threads took: 0,0000267 seconds
2017-07-04T14:28:34.489+0200: 16,021: Total time for which application threads were stopped: 0,0001467 seconds, Stopping threads took: 0,0000307 seconds
2017-07-04T14:28:34.494+0200: 16,027: Total time for which application threads were stopped: 0,0001103 seconds, Stopping threads took: 0,0000252 seconds
2017-07-04T14:28:34.504+0200: 16,037: Total time for which application threads were stopped: 0,0015579 seconds, Stopping threads took: 0,0014443 seconds
2017-07-04T14:28:34.620+0200: 16,152: Total time for which application threads were stopped: 0,0001084 seconds, Stopping threads took: 0,0000367 seconds
2017-07-04T14:28:34.640+0200: 16,172: Total time for which application threads were stopped: 0,0065107 seconds, Stopping threads took: 0,0063809 seconds
2017-07-04T14:28:34.640+0200: 16,173: Total time for which application threads were stopped: 0,0000457 seconds, Stopping threads took: 0,0000095 seconds
2017-07-04T14:28:34.646+0200: 16,179: Total time for which application threads were stopped: 0,0000748 seconds, Stopping threads took: 0,0000142 seconds
2017-07-04T14:28:34.646+0200: 16,179: Total time for which application threads were stopped: 0,0000348 seconds, Stopping threads took: 0,0000059 seconds
2017-07-04T14:28:34.750+0200: 16,282: Total time for which application threads were stopped: 0,0001654 seconds, Stopping threads took: 0,0000610 seconds
2017-07-04T14:28:34.766+0200: 16,299: Total time for which application threads were stopped: 0,0001215 seconds, Stopping threads took: 0,0000227 seconds
2017-07-04T14:28:34.780+0200: 16,313: Total time for which application threads were stopped: 0,0119666 seconds, Stopping threads took: 0,0118567 seconds
2017-07-04T14:28:34.785+0200: 16,318: Total time for which application threads were stopped: 0,0000824 seconds, Stopping threads took: 0,0000168 seconds
2017-07-04T14:28:34.901+0200: 16,434: Total time for which application threads were stopped: 0,0001263 seconds, Stopping threads took: 0,0000230 seconds
2017-07-04T14:28:35.902+0200: 17,435: Total time for which application threads were stopped: 0,0001079 seconds, Stopping threads took: 0,0000282 seconds
2017-07-04T14:28:36.903+0200: 18,435: Total time for which application threads were stopped: 0,0001094 seconds, Stopping threads took: 0,0000282 seconds
2017-07-04T14:28:38.903+0200: 20,436: Total time for which application threads were stopped: 0,0001125 seconds, Stopping threads took: 0,0000275 seconds
2017-07-04T14:28:39.838+0200: 21,370: Total time for which application threads were stopped: 0,0005884 seconds, Stopping threads took: 0,0004292 seconds
2017-07-04T14:28:39.842+0200: 21,374: Total time for which application threads were stopped: 0,0004574 seconds, Stopping threads took: 0,0003704 seconds
2017-07-04T14:28:40.842+0200: 22,375: Total time for which application threads were stopped: 0,0001059 seconds, Stopping threads took: 0,0000261 seconds
2017-07-04T14:28:41.215+0200: 22,747: Total time for which application threads were stopped: 0,0000948 seconds, Stopping threads took: 0,0000200 seconds
2017-07-04T14:28:41.242+0200: 22,775: Total time for which application threads were stopped: 0,0001352 seconds, Stopping threads took: 0,0000381 seconds
2017-07-04T14:28:41.359+0200: 22,892: Total time for which application threads were stopped: 0,0001073 seconds, Stopping threads took: 0,0000276 seconds
2017-07-04T14:28:41.366+0200: 22,898: Total time for which application threads were stopped: 0,0001008 seconds, Stopping threads took: 0,0000201 seconds
2017-07-04T14:28:42.965+0200: 24,498: Total time for which application threads were stopped: 0,0002268 seconds, Stopping threads took: 0,0000412 seconds
2017-07-04T14:28:42.965+0200: 24,498: Total time for which application threads were stopped: 0,0000632 seconds, Stopping threads took: 0,0000131 seconds
2017-07-04T14:28:42.966+0200: 24,498: Total time for which application threads were stopped: 0,0000520 seconds, Stopping threads took: 0,0000104 seconds
2017-07-04T14:28:42.966+0200: 24,498: Total time for which application threads were stopped: 0,0000504 seconds, Stopping threads took: 0,0000101 seconds
2017-07-04T14:28:42.966+0200: 24,498: Total time for which application threads were stopped: 0,0000869 seconds, Stopping threads took: 0,0000103 seconds
2017-07-04T14:28:42.967+0200: 24,499: Total time for which application threads were stopped: 0,0000828 seconds, Stopping threads took: 0,0000178 seconds
2017-07-04T14:28:42.967+0200: 24,499: Total time for which application threads were stopped: 0,0000626 seconds, Stopping threads took: 0,0000131 seconds
2017-07-04T14:28:42.972+0200: 24,504: Total time for which application threads were stopped: 0,0001199 seconds, Stopping threads took: 0,0000302 seconds
2017-07-04T14:28:42.973+0200: 24,506: Total time for which application threads were stopped: 0,0000656 seconds, Stopping threads took: 0,0000156 seconds
2017-07-04T14:28:42.981+0200: 24,514: Total time for which application threads were stopped: 0,0001284 seconds, Stopping threads took: 0,0000338 seconds
2017-07-04T14:28:42.982+0200: 24,514: Total time for which application threads were stopped: 0,0000608 seconds, Stopping threads took: 0,0000164 seconds
2017-07-04T14:28:42.982+0200: 24,514: Total time for which application threads were stopped: 0,0000596 seconds, Stopping threads took: 0,0000121 seconds
2017-07-04T14:28:42.982+0200: 24,514: Total time for which application threads were stopped: 0,0000562 seconds, Stopping threads took: 0,0000162 seconds
2017-07-04T14:28:43.058+0200: 24,590: Total time for which application threads were stopped: 0,0508115 seconds, Stopping threads took: 0,0506762 seconds
2017-07-04T14:28:43.058+0200: 24,591: Total time for which application threads were stopped: 0,0000906 seconds, Stopping threads took: 0,0000102 seconds
2017-07-04T14:28:43.059+0200: 24,591: Total time for which application threads were stopped: 0,0000547 seconds, Stopping threads took: 0,0000069 seconds
2017-07-04T14:28:43.076+0200: 24,609: Total time for which application threads were stopped: 0,0001242 seconds, Stopping threads took: 0,0000210 seconds
2017-07-04T14:28:43.076+0200: 24,609: Total time for which application threads were stopped: 0,0000491 seconds, Stopping threads took: 0,0000072 seconds
2017-07-04T14:28:43.102+0200: 24,634: Total time for which application threads were stopped: 0,0001113 seconds, Stopping threads took: 0,0000232 seconds
2017-07-04T14:28:43.102+0200: 24,634: Total time for which application threads were stopped: 0,0000350 seconds, Stopping threads took: 0,0000053 seconds
2017-07-04T14:28:43.120+0200: 24,653: Total time for which application threads were stopped: 0,0000995 seconds, Stopping threads took: 0,0000226 seconds
2017-07-04T14:28:43.120+0200: 24,653: Total time for which application threads were stopped: 0,0000390 seconds, Stopping threads took: 0,0000075 seconds
2017-07-04T14:28:43.692+0200: 25,225: Total time for which application threads were stopped: 0,0001416 seconds, Stopping threads took: 0,0000266 seconds
2017-07-04T14:28:44.694+0200: 26,227: Total time for which application threads were stopped: 0,0000990 seconds, Stopping threads took: 0,0000223 seconds
2017-07-04T14:28:45.717+0200: 27,250: Total time for which application threads were stopped: 0,0226603 seconds, Stopping threads took: 0,0225541 seconds
{Heap before GC invocations=8 (full 1):
 par new generation   total 109248K, used 106338K [0x00000000e0000000, 0x00000000e8000000, 0x00000000e8000000)
  eden space 87424K, 100% used [0x00000000e0000000, 0x00000000e5560000, 0x00000000e5560000)
  from space 21824K,  86% used [0x00000000e5560000, 0x00000000e67d8870, 0x00000000e6ab0000)
  to   space 21824K,   0% used [0x00000000e6ab0000, 0x00000000e6ab0000, 0x00000000e8000000)
 concurrent mark-sweep generation total 393216K, used 0K [0x00000000e8000000, 0x0000000100000000, 0x0000000100000000)
 Metaspace       used 36105K, capacity 37022K, committed 37284K, reserved 1081344K
  class space    used 4212K, capacity 4476K, committed 4520K, reserved 1048576K
2017-07-04T14:28:45.913+0200: 27,445: [GC (Allocation Failure) 2017-07-04T14:28:45.913+0200: 27,445: [ParNew
Desired survivor size 20112992 bytes, new threshold 8 (max 8)
- age   1:    8646888 bytes,    8646888 total
- age   2:    2170968 bytes,   10817856 total
- age   3:     124128 bytes,   10941984 total
- age   4:     279472 bytes,   11221456 total
- age   5:     156224 bytes,   11377680 total
- age   6:     523664 bytes,   11901344 total
- age   7:     273688 bytes,   12175032 total
- age   8:    3246064 bytes,   15421096 total
: 106338K->21824K(109248K), 0,1598489 secs] 106338K->28139K(502464K), 0,1599445 secs] [Times: user=0,07 sys=0,01, real=0,16 secs] 
Heap after GC invocations=9 (full 1):
 par new generation   total 109248K, used 21824K [0x00000000e0000000, 0x00000000e8000000, 0x00000000e8000000)
  eden space 87424K,   0% used [0x00000000e0000000, 0x00000000e0000000, 0x00000000e5560000)
  from space 21824K, 100% used [0x00000000e6ab0000, 0x00000000e8000000, 0x00000000e8000000)
  to   space 21824K,   0% used [0x00000000e5560000, 0x00000000e5560000, 0x00000000e6ab0000)
 concurrent mark-sweep generation total 393216K, used 6315K [0x00000000e8000000, 0x0000000100000000, 0x0000000100000000)
 Metaspace       used 36105K, capacity 37022K, committed 37284K, reserved 1081344K
  class space    used 4212K, capacity 4476K, committed 4520K, reserved 1048576K
}
2017-07-04T14:28:46.073+0200: 27,605: Total time for which application threads were stopped: 0,1601266 seconds, Stopping threads took: 0,0000313 seconds
2017-07-04T14:28:46.209+0200: 27,741: Total time for which application threads were stopped: 0,0005171 seconds, Stopping threads took: 0,0000422 seconds
2017-07-04T14:28:46.492+0200: 28,025: Total time for which application threads were stopped: 0,0001844 seconds, Stopping threads took: 0,0000363 seconds
2017-07-04T14:28:46.493+0200: 28,026: Total time for which application threads were stopped: 0,0000610 seconds, Stopping threads took: 0,0000140 seconds
2017-07-04T14:28:46.668+0200: 28,201: Total time for which application threads were stopped: 0,0007376 seconds, Stopping threads took: 0,0000321 seconds
2017-07-04T14:28:46.669+0200: 28,201: Total time for which application threads were stopped: 0,0002697 seconds, Stopping threads took: 0,0000140 seconds
2017-07-04T14:28:46.896+0200: 28,429: Total time for which application threads were stopped: 0,0029687 seconds, Stopping threads took: 0,0021477 seconds
2017-07-04T14:28:46.902+0200: 28,434: Total time for which application threads were stopped: 0,0011061 seconds, Stopping threads took: 0,0003539 seconds
2017-07-04T14:28:47.902+0200: 29,435: Total time for which application threads were stopped: 0,0004879 seconds, Stopping threads took: 0,0000805 seconds
2017-07-04T14:28:48.920+0200: 30,452: Total time for which application threads were stopped: 0,0038094 seconds, Stopping threads took: 0,0031350 seconds
2017-07-04T14:28:49.937+0200: 31,469: Total time for which application threads were stopped: 0,0071828 seconds, Stopping threads took: 0,0063329 seconds
2017-07-04T14:28:50.939+0200: 32,471: Total time for which application threads were stopped: 0,0014640 seconds, Stopping threads took: 0,0001966 seconds
2017-07-04T14:28:51.945+0200: 33,478: Total time for which application threads were stopped: 0,0064784 seconds, Stopping threads took: 0,0002102 seconds
2017-07-04T14:28:52.313+0200: 33,845: Total time for which application threads were stopped: 0,0186975 seconds, Stopping threads took: 0,0169228 seconds
2017-07-04T14:28:52.395+0200: 33,927: Total time for which application threads were stopped: 0,0261030 seconds, Stopping threads took: 0,0244222 seconds
2017-07-04T14:28:52.418+0200: 33,951: Total time for which application threads were stopped: 0,0072062 seconds, Stopping threads took: 0,0056937 seconds
2017-07-04T14:28:52.442+0200: 33,974: Total time for which application threads were stopped: 0,0131757 seconds, Stopping threads took: 0,0115340 seconds
2017-07-04T14:28:52.481+0200: 34,013: Total time for which application threads were stopped: 0,0087791 seconds, Stopping threads took: 0,0071218 seconds
2017-07-04T14:28:52.602+0200: 34,134: Total time for which application threads were stopped: 0,0899710 seconds, Stopping threads took: 0,0120188 seconds
2017-07-04T14:28:52.647+0200: 34,179: Total time for which application threads were stopped: 0,0053480 seconds, Stopping threads took: 0,0037519 seconds
2017-07-04T14:28:52.682+0200: 34,214: Total time for which application threads were stopped: 0,0196148 seconds, Stopping threads took: 0,0147134 seconds
2017-07-04T14:28:52.816+0200: 34,349: Total time for which application threads were stopped: 0,0242904 seconds, Stopping threads took: 0,0081777 seconds
2017-07-04T14:28:52.858+0200: 34,391: Total time for which application threads were stopped: 0,0112556 seconds, Stopping threads took: 0,0036600 seconds
2017-07-04T14:28:52.914+0200: 34,446: Total time for which application threads were stopped: 0,0246222 seconds, Stopping threads took: 0,0044257 seconds
2017-07-04T14:28:52.958+0200: 34,491: Total time for which application threads were stopped: 0,0022466 seconds, Stopping threads took: 0,0003460 seconds
2017-07-04T14:28:52.977+0200: 34,509: Total time for which application threads were stopped: 0,0020229 seconds, Stopping threads took: 0,0004514 seconds
2017-07-04T14:28:53.034+0200: 34,567: Total time for which application threads were stopped: 0,0044940 seconds, Stopping threads took: 0,0019904 seconds
2017-07-04T14:28:53.155+0200: 34,687: Total time for which application threads were stopped: 0,0036773 seconds, Stopping threads took: 0,0020896 seconds
2017-07-04T14:28:53.180+0200: 34,712: Total time for which application threads were stopped: 0,0028246 seconds, Stopping threads took: 0,0010920 seconds
2017-07-04T14:28:53.194+0200: 34,726: Total time for which application threads were stopped: 0,0040553 seconds, Stopping threads took: 0,0023391 seconds
2017-07-04T14:28:53.214+0200: 34,746: Total time for which application threads were stopped: 0,0066916 seconds, Stopping threads took: 0,0049319 seconds
2017-07-04T14:28:53.257+0200: 34,790: Total time for which application threads were stopped: 0,0304199 seconds, Stopping threads took: 0,0053104 seconds
2017-07-04T14:28:53.292+0200: 34,824: Total time for which application threads were stopped: 0,0027797 seconds, Stopping threads took: 0,0011211 seconds
2017-07-04T14:28:53.325+0200: 34,858: Total time for which application threads were stopped: 0,0148090 seconds, Stopping threads took: 0,0079543 seconds
2017-07-04T14:28:53.449+0200: 34,981: Total time for which application threads were stopped: 0,0032651 seconds, Stopping threads took: 0,0014576 seconds
2017-07-04T14:28:53.459+0200: 34,991: Total time for which application threads were stopped: 0,0024813 seconds, Stopping threads took: 0,0007682 seconds
2017-07-04T14:28:53.473+0200: 35,006: Total time for which application threads were stopped: 0,0020848 seconds, Stopping threads took: 0,0003189 seconds
2017-07-04T14:28:53.482+0200: 35,014: Total time for which application threads were stopped: 0,0033545 seconds, Stopping threads took: 0,0015610 seconds
2017-07-04T14:28:53.503+0200: 35,035: Total time for which application threads were stopped: 0,0020318 seconds, Stopping threads took: 0,0002542 seconds
2017-07-04T14:28:53.540+0200: 35,072: Total time for which application threads were stopped: 0,0038012 seconds, Stopping threads took: 0,0002831 seconds
2017-07-04T14:28:53.563+0200: 35,096: Total time for which application threads were stopped: 0,0024989 seconds, Stopping threads took: 0,0006689 seconds
2017-07-04T14:28:53.597+0200: 35,129: Total time for which application threads were stopped: 0,0079532 seconds, Stopping threads took: 0,0003208 seconds
2017-07-04T14:28:53.619+0200: 35,151: Total time for which application threads were stopped: 0,0125153 seconds, Stopping threads took: 0,0002785 seconds
2017-07-04T14:28:53.626+0200: 35,159: Total time for which application threads were stopped: 0,0073829 seconds, Stopping threads took: 0,0000969 seconds
2017-07-04T14:28:53.686+0200: 35,219: Total time for which application threads were stopped: 0,0124659 seconds, Stopping threads took: 0,0105446 seconds
2017-07-04T14:28:53.691+0200: 35,224: Total time for which application threads were stopped: 0,0020298 seconds, Stopping threads took: 0,0001326 seconds
2017-07-04T14:28:53.722+0200: 35,255: Total time for which application threads were stopped: 0,0191376 seconds, Stopping threads took: 0,0172429 seconds
2017-07-04T14:28:53.755+0200: 35,287: Total time for which application threads were stopped: 0,0037997 seconds, Stopping threads took: 0,0020761 seconds
2017-07-04T14:28:53.774+0200: 35,307: Total time for which application threads were stopped: 0,0099551 seconds, Stopping threads took: 0,0080346 seconds
2017-07-04T14:28:53.778+0200: 35,311: Total time for which application threads were stopped: 0,0017762 seconds, Stopping threads took: 0,0001232 seconds
2017-07-04T14:28:53.796+0200: 35,328: Total time for which application threads were stopped: 0,0050856 seconds, Stopping threads took: 0,0014561 seconds
{Heap before GC invocations=9 (full 1):
 par new generation   total 109248K, used 109248K [0x00000000e0000000, 0x00000000e8000000, 0x00000000e8000000)
  eden space 87424K, 100% used [0x00000000e0000000, 0x00000000e5560000, 0x00000000e5560000)
  from space 21824K, 100% used [0x00000000e6ab0000, 0x00000000e8000000, 0x00000000e8000000)
  to   space 21824K,   0% used [0x00000000e5560000, 0x00000000e5560000, 0x00000000e6ab0000)
 concurrent mark-sweep generation total 393216K, used 6315K [0x00000000e8000000, 0x0000000100000000, 0x0000000100000000)
 Metaspace       used 38058K, capacity 39062K, committed 39204K, reserved 1083392K
  class space    used 4325K, capacity 4614K, committed 4648K, reserved 1048576K
2017-07-04T14:28:53.822+0200: 35,355: [GC (Allocation Failure) 2017-07-04T14:28:53.822+0200: 35,355: [ParNew
Desired survivor size 20112992 bytes, new threshold 3 (max 8)
- age   1:   16073000 bytes,   16073000 total
- age   2:    3955328 bytes,   20028328 total
- age   3:    1436968 bytes,   21465296 total
- age   4:      68976 bytes,   21534272 total
- age   5:     157400 bytes,   21691672 total
- age   6:      79328 bytes,   21771000 total
- age   7:     392056 bytes,   22163056 total
- age   8:     170672 bytes,   22333728 total
: 109248K->21824K(109248K), 0,1719142 secs] 115563K->47588K(502464K), 0,1723338 secs] [Times: user=0,10 sys=0,03, real=0,17 secs] 
Heap after GC invocations=10 (full 1):
 par new generation   total 109248K, used 21824K [0x00000000e0000000, 0x00000000e8000000, 0x00000000e8000000)
  eden space 87424K,   0% used [0x00000000e0000000, 0x00000000e0000000, 0x00000000e5560000)
  from space 21824K, 100% used [0x00000000e5560000, 0x00000000e6ab0000, 0x00000000e6ab0000)
  to   space 21824K,   0% used [0x00000000e6ab0000, 0x00000000e6ab0000, 0x00000000e8000000)
 concurrent mark-sweep generation total 393216K, used 25764K [0x00000000e8000000, 0x0000000100000000, 0x0000000100000000)
 Metaspace       used 38058K, capacity 39062K, committed 39204K, reserved 1083392K
  class space    used 4325K, capacity 4614K, committed 4648K, reserved 1048576K
}
2017-07-04T14:28:53.995+0200: 35,527: Total time for which application threads were stopped: 0,1810130 seconds, Stopping threads took: 0,0066879 seconds
2017-07-04T14:28:54.019+0200: 35,552: Total time for which application threads were stopped: 0,0072405 seconds, Stopping threads took: 0,0022614 seconds
2017-07-04T14:28:54.158+0200: 35,691: Total time for which application threads were stopped: 0,0136350 seconds, Stopping threads took: 0,0118527 seconds
2017-07-04T14:28:54.209+0200: 35,741: Total time for which application threads were stopped: 0,0188620 seconds, Stopping threads took: 0,0128520 seconds
{Heap before GC invocations=10 (full 1):
 par new generation   total 109248K, used 109245K [0x00000000e0000000, 0x00000000e8000000, 0x00000000e8000000)
  eden space 87424K,  99% used [0x00000000e0000000, 0x00000000e555f7f8, 0x00000000e5560000)
  from space 21824K, 100% used [0x00000000e5560000, 0x00000000e6ab0000, 0x00000000e6ab0000)
  to   space 21824K,   0% used [0x00000000e6ab0000, 0x00000000e6ab0000, 0x00000000e8000000)
 concurrent mark-sweep generation total 393216K, used 25764K [0x00000000e8000000, 0x0000000100000000, 0x0000000100000000)
 Metaspace       used 38108K, capacity 39126K, committed 39204K, reserved 1083392K
  class space    used 4325K, capacity 4614K, committed 4648K, reserved 1048576K
2017-07-04T14:28:54.326+0200: 35,859: [GC (Allocation Failure) 2017-07-04T14:28:54.326+0200: 35,859: [ParNew
Desired survivor size 20112992 bytes, new threshold 3 (max 8)
- age   1:    1814680 bytes,    1814680 total
- age   2:   15420240 bytes,   17234920 total
- age   3:    3745240 bytes,   20980160 total
: 109245K->21824K(109248K), 0,1196854 secs] 135010K->51043K(502464K), 0,1200555 secs] [Times: user=0,07 sys=0,01, real=0,12 secs] 
Heap after GC invocations=11 (full 1):
 par new generation   total 109248K, used 21824K [0x00000000e0000000, 0x00000000e8000000, 0x00000000e8000000)
  eden space 87424K,   0% used [0x00000000e0000000, 0x00000000e0000000, 0x00000000e5560000)
  from space 21824K, 100% used [0x00000000e6ab0000, 0x00000000e8000000, 0x00000000e8000000)
  to   space 21824K,   0% used [0x00000000e5560000, 0x00000000e5560000, 0x00000000e6ab0000)
 concurrent mark-sweep generation total 393216K, used 29219K [0x00000000e8000000, 0x0000000100000000, 0x0000000100000000)
 Metaspace       used 38108K, capacity 39126K, committed 39204K, reserved 1083392K
  class space    used 4325K, capacity 4614K, committed 4648K, reserved 1048576K
}
2017-07-04T14:28:54.446+0200: 35,979: Total time for which application threads were stopped: 0,1256073 seconds, Stopping threads took: 0,0033941 seconds
2017-07-04T14:28:54.473+0200: 36,006: Total time for which application threads were stopped: 0,0078658 seconds, Stopping threads took: 0,0061137 seconds
2017-07-04T14:28:54.493+0200: 36,026: Total time for which application threads were stopped: 0,0061957 seconds, Stopping threads took: 0,0043496 seconds
2017-07-04T14:28:54.537+0200: 36,070: Total time for which application threads were stopped: 0,0360664 seconds, Stopping threads took: 0,0290926 seconds
{Heap before GC invocations=11 (full 1):
 par new generation   total 109248K, used 109248K [0x00000000e0000000, 0x00000000e8000000, 0x00000000e8000000)
  eden space 87424K, 100% used [0x00000000e0000000, 0x00000000e5560000, 0x00000000e5560000)
  from space 21824K, 100% used [0x00000000e6ab0000, 0x00000000e8000000, 0x00000000e8000000)
  to   space 21824K,   0% used [0x00000000e5560000, 0x00000000e5560000, 0x00000000e6ab0000)
 concurrent mark-sweep generation total 393216K, used 29219K [0x00000000e8000000, 0x0000000100000000, 0x0000000100000000)
 Metaspace       used 38133K, capacity 39150K, committed 39204K, reserved 1083392K
  class space    used 4328K, capacity 4618K, committed 4648K, reserved 1048576K
2017-07-04T14:28:54.658+0200: 36,191: [GC (Allocation Failure) 2017-07-04T14:28:54.658+0200: 36,191: [ParNew
Desired survivor size 20112992 bytes, new threshold 8 (max 8)
- age   1:    1342584 bytes,    1342584 total
- age   2:    1518712 bytes,    2861296 total
- age   3:   15412744 bytes,   18274040 total
: 109248K->21824K(109248K), 0,1052338 secs] 138467K->54998K(502464K), 0,1055662 secs] [Times: user=0,07 sys=0,00, real=0,10 secs] 
Heap after GC invocations=12 (full 1):
 par new generation   total 109248K, used 21824K [0x00000000e0000000, 0x00000000e8000000, 0x00000000e8000000)
  eden space 87424K,   0% used [0x00000000e0000000, 0x00000000e0000000, 0x00000000e5560000)
  from space 21824K, 100% used [0x00000000e5560000, 0x00000000e6ab0000, 0x00000000e6ab0000)
  to   space 21824K,   0% used [0x00000000e6ab0000, 0x00000000e6ab0000, 0x00000000e8000000)
 concurrent mark-sweep generation total 393216K, used 33174K [0x00000000e8000000, 0x0000000100000000, 0x0000000100000000)
 Metaspace       used 38133K, capacity 39150K, committed 39204K, reserved 1083392K
  class space    used 4328K, capacity 4618K, committed 4648K, reserved 1048576K
}
2017-07-04T14:28:54.764+0200: 36,297: Total time for which application threads were stopped: 0,1078530 seconds, Stopping threads took: 0,0002692 seconds
2017-07-04T14:28:54.779+0200: 36,312: Total time for which application threads were stopped: 0,0031265 seconds, Stopping threads took: 0,0014248 seconds
{Heap before GC invocations=12 (full 1):
 par new generation   total 109248K, used 109248K [0x00000000e0000000, 0x00000000e8000000, 0x00000000e8000000)
  eden space 87424K, 100% used [0x00000000e0000000, 0x00000000e5560000, 0x00000000e5560000)
  from space 21824K, 100% used [0x00000000e5560000, 0x00000000e6ab0000, 0x00000000e6ab0000)
  to   space 21824K,   0% used [0x00000000e6ab0000, 0x00000000e6ab0000, 0x00000000e8000000)
 concurrent mark-sweep generation total 393216K, used 33174K [0x00000000e8000000, 0x0000000100000000, 0x0000000100000000)
 Metaspace       used 38167K, capacity 39238K, committed 39460K, reserved 1083392K
  class space    used 4330K, capacity 4622K, committed 4648K, reserved 1048576K
2017-07-04T14:28:54.985+0200: 36,517: [GC (Allocation Failure) 2017-07-04T14:28:54.985+0200: 36,517: [ParNew
Desired survivor size 20112992 bytes, new threshold 8 (max 8)
- age   1:     263784 bytes,     263784 total
- age   2:     925608 bytes,    1189392 total
- age   3:    1395768 bytes,    2585160 total
- age   4:   15376264 bytes,   17961424 total
: 109248K->21824K(109248K), 0,0784409 secs] 142422K->55161K(502464K), 0,0787606 secs] [Times: user=0,04 sys=0,01, real=0,07 secs] 
Heap after GC invocations=13 (full 1):
 par new generation   total 109248K, used 21824K [0x00000000e0000000, 0x00000000e8000000, 0x00000000e8000000)
  eden space 87424K,   0% used [0x00000000e0000000, 0x00000000e0000000, 0x00000000e5560000)
  from space 21824K, 100% used [0x00000000e6ab0000, 0x00000000e8000000, 0x00000000e8000000)
  to   space 21824K,   0% used [0x00000000e5560000, 0x00000000e5560000, 0x00000000e6ab0000)
 concurrent mark-sweep generation total 393216K, used 33337K [0x00000000e8000000, 0x0000000100000000, 0x0000000100000000)
 Metaspace       used 38167K, capacity 39238K, committed 39460K, reserved 1083392K
  class space    used 4330K, capacity 4622K, committed 4648K, reserved 1048576K
}
2017-07-04T14:28:55.064+0200: 36,596: Total time for which application threads were stopped: 0,0837677 seconds, Stopping threads took: 0,0029996 seconds
{Heap before GC invocations=13 (full 1):
 par new generation   total 109248K, used 109248K [0x00000000e0000000, 0x00000000e8000000, 0x00000000e8000000)
  eden space 87424K, 100% used [0x00000000e0000000, 0x00000000e5560000, 0x00000000e5560000)
  from space 21824K, 100% used [0x00000000e6ab0000, 0x00000000e8000000, 0x00000000e8000000)
  to   space 21824K,   0% used [0x00000000e5560000, 0x00000000e5560000, 0x00000000e6ab0000)
 concurrent mark-sweep generation total 393216K, used 33337K [0x00000000e8000000, 0x0000000100000000, 0x0000000100000000)
 Metaspace       used 38182K, capacity 39244K, committed 39460K, reserved 1083392K
  class space    used 4330K, capacity 4623K, committed 4648K, reserved 1048576K
2017-07-04T14:28:55.529+0200: 37,062: [GC (Allocation Failure) 2017-07-04T14:28:55.530+0200: 37,062: [ParNew
Desired survivor size 20112992 bytes, new threshold 8 (max 8)
- age   1:     428712 bytes,     428712 total
- age   2:      83952 bytes,     512664 total
- age   3:     924520 bytes,    1437184 total
- age   4:    1295768 bytes,    2732952 total
- age   5:   15365752 bytes,   18098704 total
: 109248K->21824K(109248K), 0,1287301 secs] 142585K->55268K(502464K), 0,1290559 secs] [Times: user=0,05 sys=0,00, real=0,13 secs] 
Heap after GC invocations=14 (full 1):
 par new generation   total 109248K, used 21824K [0x00000000e0000000, 0x00000000e8000000, 0x00000000e8000000)
  eden space 87424K,   0% used [0x00000000e0000000, 0x00000000e0000000, 0x00000000e5560000)
  from space 21824K, 100% used [0x00000000e5560000, 0x00000000e6ab0000, 0x00000000e6ab0000)
  to   space 21824K,   0% used [0x00000000e6ab0000, 0x00000000e6ab0000, 0x00000000e8000000)
 concurrent mark-sweep generation total 393216K, used 33444K [0x00000000e8000000, 0x0000000100000000, 0x0000000100000000)
 Metaspace       used 38182K, capacity 39244K, committed 39460K, reserved 1083392K
  class space    used 4330K, capacity 4623K, committed 4648K, reserved 1048576K
}
2017-07-04T14:28:55.659+0200: 37,191: Total time for which application threads were stopped: 0,1313954 seconds, Stopping threads took: 0,0002822 seconds
2017-07-04T14:28:56.235+0200: 37,768: Total time for which application threads were stopped: 0,0020918 seconds, Stopping threads took: 0,0002974 seconds
2017-07-04T14:28:56.237+0200: 37,769: Total time for which application threads were stopped: 0,0014500 seconds, Stopping threads took: 0,0001236 seconds
2017-07-04T14:28:56.564+0200: 38,096: Total time for which application threads were stopped: 0,0235638 seconds, Stopping threads took: 0,0216796 seconds
2017-07-04T14:28:56.572+0200: 38,104: Total time for which application threads were stopped: 0,0019141 seconds, Stopping threads took: 0,0001967 seconds
2017-07-04T14:28:56.635+0200: 38,167: Total time for which application threads were stopped: 0,0035380 seconds, Stopping threads took: 0,0016121 seconds
2017-07-04T14:28:56.668+0200: 38,200: Total time for which application threads were stopped: 0,0076076 seconds, Stopping threads took: 0,0057955 seconds
2017-07-04T14:28:56.678+0200: 38,211: Total time for which application threads were stopped: 0,0020127 seconds, Stopping threads took: 0,0002303 seconds
{Heap before GC invocations=14 (full 1):
 par new generation   total 109248K, used 109248K [0x00000000e0000000, 0x00000000e8000000, 0x00000000e8000000)
  eden space 87424K, 100% used [0x00000000e0000000, 0x00000000e5560000, 0x00000000e5560000)
  from space 21824K, 100% used [0x00000000e5560000, 0x00000000e6ab0000, 0x00000000e6ab0000)
  to   space 21824K,   0% used [0x00000000e6ab0000, 0x00000000e6ab0000, 0x00000000e8000000)
 concurrent mark-sweep generation total 393216K, used 33444K [0x00000000e8000000, 0x0000000100000000, 0x0000000100000000)
 Metaspace       used 38366K, capacity 39424K, committed 39460K, reserved 1083392K
  class space    used 4335K, capacity 4631K, committed 4648K, reserved 1048576K
2017-07-04T14:28:56.689+0200: 38,222: [GC (Allocation Failure) 2017-07-04T14:28:56.690+0200: 38,222: [ParNew
Desired survivor size 20112992 bytes, new threshold 8 (max 8)
- age   1:    1887008 bytes,    1887008 total
- age   2:      79048 bytes,    1966056 total
- age   3:      81384 bytes,    2047440 total
- age   4:     127080 bytes,    2174520 total
- age   5:     596376 bytes,    2770896 total
- age   6:   15286360 bytes,   18057256 total
: 109248K->21824K(109248K), 0,0521014 secs] 142692K->55456K(502464K), 0,0524432 secs] [Times: user=0,04 sys=0,00, real=0,05 secs] 
Heap after GC invocations=15 (full 1):
 par new generation   total 109248K, used 21824K [0x00000000e0000000, 0x00000000e8000000, 0x00000000e8000000)
  eden space 87424K,   0% used [0x00000000e0000000, 0x00000000e0000000, 0x00000000e5560000)
  from space 21824K, 100% used [0x00000000e6ab0000, 0x00000000e8000000, 0x00000000e8000000)
  to   space 21824K,   0% used [0x00000000e5560000, 0x00000000e5560000, 0x00000000e6ab0000)
 concurrent mark-sweep generation total 393216K, used 33632K [0x00000000e8000000, 0x0000000100000000, 0x0000000100000000)
 Metaspace       used 38366K, capacity 39424K, committed 39460K, reserved 1083392K
  class space    used 4335K, capacity 4631K, committed 4648K, reserved 1048576K
}
2017-07-04T14:28:56.742+0200: 38,275: Total time for which application threads were stopped: 0,0568256 seconds, Stopping threads took: 0,0014806 seconds
2017-07-04T14:28:56.772+0200: 38,305: Total time for which application threads were stopped: 0,0119087 seconds, Stopping threads took: 0,0019491 seconds
2017-07-04T14:28:56.782+0200: 38,314: Total time for which application threads were stopped: 0,0034078 seconds, Stopping threads took: 0,0016927 seconds
2017-07-04T14:28:56.802+0200: 38,334: Total time for which application threads were stopped: 0,0098225 seconds, Stopping threads took: 0,0081250 seconds
2017-07-04T14:28:56.818+0200: 38,351: Total time for which application threads were stopped: 0,0150505 seconds, Stopping threads took: 0,0132929 seconds
2017-07-04T14:28:56.880+0200: 38,412: Total time for which application threads were stopped: 0,0167863 seconds, Stopping threads took: 0,0003048 seconds
2017-07-04T14:28:56.906+0200: 38,438: Total time for which application threads were stopped: 0,0083218 seconds, Stopping threads took: 0,0023683 seconds
2017-07-04T14:28:56.963+0200: 38,495: Total time for which application threads were stopped: 0,0081936 seconds, Stopping threads took: 0,0063413 seconds
2017-07-04T14:28:57.000+0200: 38,533: Total time for which application threads were stopped: 0,0246348 seconds, Stopping threads took: 0,0152593 seconds
2017-07-04T14:28:57.019+0200: 38,552: Total time for which application threads were stopped: 0,0089467 seconds, Stopping threads took: 0,0002736 seconds
2017-07-04T14:28:57.030+0200: 38,563: Total time for which application threads were stopped: 0,0022093 seconds, Stopping threads took: 0,0002714 seconds
2017-07-04T14:28:57.083+0200: 38,615: Total time for which application threads were stopped: 0,0257340 seconds, Stopping threads took: 0,0237628 seconds
2017-07-04T14:28:57.114+0200: 38,646: Total time for which application threads were stopped: 0,0121990 seconds, Stopping threads took: 0,0104295 seconds
2017-07-04T14:28:57.140+0200: 38,672: Total time for which application threads were stopped: 0,0105746 seconds, Stopping threads took: 0,0012608 seconds
2017-07-04T14:28:57.184+0200: 38,717: Total time for which application threads were stopped: 0,0289527 seconds, Stopping threads took: 0,0002956 seconds
2017-07-04T14:28:57.216+0200: 38,748: Total time for which application threads were stopped: 0,0085647 seconds, Stopping threads took: 0,0002710 seconds
2017-07-04T14:28:57.278+0200: 38,811: Total time for which application threads were stopped: 0,0022611 seconds, Stopping threads took: 0,0003743 seconds
2017-07-04T14:28:57.298+0200: 38,831: Total time for which application threads were stopped: 0,0063411 seconds, Stopping threads took: 0,0044094 seconds
2017-07-04T14:28:57.340+0200: 38,873: Total time for which application threads were stopped: 0,0136965 seconds, Stopping threads took: 0,0020320 seconds
2017-07-04T14:28:57.482+0200: 39,015: Total time for which application threads were stopped: 0,1267921 seconds, Stopping threads took: 0,0110418 seconds
2017-07-04T14:28:57.614+0200: 39,147: Total time for which application threads were stopped: 0,0801220 seconds, Stopping threads took: 0,0045144 seconds
2017-07-04T14:28:57.673+0200: 39,206: Total time for which application threads were stopped: 0,0177792 seconds, Stopping threads took: 0,0115574 seconds
2017-07-04T14:28:57.692+0200: 39,298: Total time for which application threads were stopped: 0,0775449 seconds, Stopping threads took: 0,0016650 seconds
2017-07-04T14:28:57.825+0200: 39,357: Total time for which application threads were stopped: 0,0303184 seconds, Stopping threads took: 0,0250108 seconds
2017-07-04T14:28:57.866+0200: 39,399: Total time for which application threads were stopped: 0,0033977 seconds, Stopping threads took: 0,0015619 seconds
2017-07-04T14:28:57.905+0200: 39,437: Total time for which application threads were stopped: 0,0199397 seconds, Stopping threads took: 0,0154574 seconds
2017-07-04T14:28:57.912+0200: 39,445: Total time for which application threads were stopped: 0,0058845 seconds, Stopping threads took: 0,0001202 seconds
2017-07-04T14:28:57.932+0200: 39,465: Total time for which application threads were stopped: 0,0020873 seconds, Stopping threads took: 0,0002944 seconds
2017-07-04T14:28:57.966+0200: 39,499: Total time for which application threads were stopped: 0,0033360 seconds, Stopping threads took: 0,0015559 seconds
2017-07-04T14:28:58.010+0200: 39,543: Total time for which application threads were stopped: 0,0245736 seconds, Stopping threads took: 0,0226394 seconds
2017-07-04T14:28:58.027+0200: 39,560: Total time for which application threads were stopped: 0,0099930 seconds, Stopping threads took: 0,0080859 seconds
2017-07-04T14:28:58.053+0200: 39,585: Total time for which application threads were stopped: 0,0061500 seconds, Stopping threads took: 0,0002252 seconds
2017-07-04T14:28:58.131+0200: 39,664: Total time for which application threads were stopped: 0,0098615 seconds, Stopping threads took: 0,0003036 seconds
2017-07-04T14:28:58.175+0200: 39,708: Total time for which application threads were stopped: 0,0121132 seconds, Stopping threads took: 0,0103074 seconds
2017-07-04T14:28:58.207+0200: 39,740: Total time for which application threads were stopped: 0,0026529 seconds, Stopping threads took: 0,0008831 seconds
2017-07-04T14:28:58.254+0200: 39,787: Total time for which application threads were stopped: 0,0061131 seconds, Stopping threads took: 0,0041968 seconds
2017-07-04T14:28:58.299+0200: 39,831: Total time for which application threads were stopped: 0,0096849 seconds, Stopping threads took: 0,0074310 seconds
2017-07-04T14:28:58.401+0200: 39,934: Total time for which application threads were stopped: 0,0021279 seconds, Stopping threads took: 0,0003122 seconds
2017-07-04T14:28:58.944+0200: 40,477: Total time for which application threads were stopped: 0,0009474 seconds, Stopping threads took: 0,0001703 seconds
2017-07-04T14:28:59.945+0200: 41,478: Total time for which application threads were stopped: 0,0008157 seconds, Stopping threads took: 0,0001856 seconds
2017-07-04T14:29:00.891+0200: 42,423: Total time for which application threads were stopped: 0,0008740 seconds, Stopping threads took: 0,0002117 seconds
2017-07-04T14:29:00.892+0200: 42,424: Total time for which application threads were stopped: 0,0004574 seconds, Stopping threads took: 0,0000482 seconds
2017-07-04T14:29:00.896+0200: 42,429: Total time for which application threads were stopped: 0,0045888 seconds, Stopping threads took: 0,0000368 seconds
2017-07-04T14:29:00.897+0200: 42,430: Total time for which application threads were stopped: 0,0005740 seconds, Stopping threads took: 0,0000415 seconds
2017-07-04T14:29:00.905+0200: 42,438: Total time for which application threads were stopped: 0,0008337 seconds, Stopping threads took: 0,0001653 seconds
2017-07-04T14:29:00.908+0200: 42,441: Total time for which application threads were stopped: 0,0006676 seconds, Stopping threads took: 0,0000776 seconds
2017-07-04T14:29:00.920+0200: 42,453: Total time for which application threads were stopped: 0,0057828 seconds, Stopping threads took: 0,0001663 seconds
2017-07-04T14:29:00.926+0200: 42,459: Total time for which application threads were stopped: 0,0008877 seconds, Stopping threads took: 0,0002130 seconds
2017-07-04T14:29:00.935+0200: 42,468: Total time for which application threads were stopped: 0,0008743 seconds, Stopping threads took: 0,0002021 seconds
2017-07-04T14:29:00.941+0200: 42,473: Total time for which application threads were stopped: 0,0007220 seconds, Stopping threads took: 0,0001048 seconds
2017-07-04T14:29:00.943+0200: 42,476: Total time for which application threads were stopped: 0,0005774 seconds, Stopping threads took: 0,0000755 seconds
2017-07-04T14:29:00.948+0200: 42,480: Total time for which application threads were stopped: 0,0008451 seconds, Stopping threads took: 0,0002334 seconds
2017-07-04T14:29:00.973+0200: 42,506: Total time for which application threads were stopped: 0,0080125 seconds, Stopping threads took: 0,0071329 seconds
2017-07-04T14:29:00.983+0200: 42,515: Total time for which application threads were stopped: 0,0025757 seconds, Stopping threads took: 0,0019124 seconds
2017-07-04T14:29:01.023+0200: 42,556: Total time for which application threads were stopped: 0,0080790 seconds, Stopping threads took: 0,0074053 seconds
2017-07-04T14:29:01.024+0200: 42,556: Total time for which application threads were stopped: 0,0003919 seconds, Stopping threads took: 0,0000401 seconds
2017-07-04T14:29:02.028+0200: 43,561: Total time for which application threads were stopped: 0,0013589 seconds, Stopping threads took: 0,0002850 seconds
2017-07-04T14:29:05.029+0200: 46,562: Total time for which application threads were stopped: 0,0008757 seconds, Stopping threads took: 0,0001883 seconds
2017-07-04T14:29:09.032+0200: 50,565: Total time for which application threads were stopped: 0,0013361 seconds, Stopping threads took: 0,0002639 seconds
2017-07-04T14:29:21.036+0200: 62,568: Total time for which application threads were stopped: 0,0010478 seconds, Stopping threads took: 0,0002372 seconds
2017-07-04T14:29:27.038+0200: 68,570: Total time for which application threads were stopped: 0,0012424 seconds, Stopping threads took: 0,0002252 seconds
2017-07-04T14:29:29.239+0200: 70,771: Total time for which application threads were stopped: 0,0008985 seconds, Stopping threads took: 0,0001813 seconds
2017-07-04T14:29:29.239+0200: 70,772: Total time for which application threads were stopped: 0,0004458 seconds, Stopping threads took: 0,0000383 seconds
2017-07-04T14:29:29.259+0200: 70,791: Total time for which application threads were stopped: 0,0008551 seconds, Stopping threads took: 0,0001821 seconds
2017-07-04T14:29:29.268+0200: 70,801: Total time for which application threads were stopped: 0,0051357 seconds, Stopping threads took: 0,0002845 seconds
2017-07-04T14:29:34.272+0200: 75,804: Total time for which application threads were stopped: 0,0013078 seconds, Stopping threads took: 0,0002497 seconds
2017-07-04T14:29:37.274+0200: 78,806: Total time for which application threads were stopped: 0,0013549 seconds, Stopping threads took: 0,0002555 seconds
2017-07-04T14:29:38.241+0200: 79,774: Total time for which application threads were stopped: 0,0009150 seconds, Stopping threads took: 0,0001963 seconds
2017-07-04T14:29:38.242+0200: 79,774: Total time for which application threads were stopped: 0,0003902 seconds, Stopping threads took: 0,0000381 seconds
2017-07-04T14:29:38.262+0200: 79,794: Total time for which application threads were stopped: 0,0008606 seconds, Stopping threads took: 0,0001796 seconds
2017-07-04T14:29:38.264+0200: 79,797: Total time for which application threads were stopped: 0,0006182 seconds, Stopping threads took: 0,0000510 seconds
2017-07-04T14:29:38.386+0200: 79,918: Total time for which application threads were stopped: 0,0008986 seconds, Stopping threads took: 0,0001987 seconds
2017-07-04T14:29:39.387+0200: 80,920: Total time for which application threads were stopped: 0,0012921 seconds, Stopping threads took: 0,0002215 seconds
2017-07-04T14:29:40.388+0200: 81,921: Total time for which application threads were stopped: 0,0008843 seconds, Stopping threads took: 0,0001912 seconds
2017-07-04T14:29:41.238+0200: 82,771: Total time for which application threads were stopped: 0,0009509 seconds, Stopping threads took: 0,0001780 seconds
2017-07-04T14:29:41.239+0200: 82,771: Total time for which application threads were stopped: 0,0004161 seconds, Stopping threads took: 0,0000371 seconds
2017-07-04T14:29:41.251+0200: 82,784: Total time for which application threads were stopped: 0,0008828 seconds, Stopping threads took: 0,0001910 seconds
2017-07-04T14:29:41.254+0200: 82,787: Total time for which application threads were stopped: 0,0005915 seconds, Stopping threads took: 0,0000618 seconds
2017-07-04T14:29:41.298+0200: 82,831: Total time for which application threads were stopped: 0,0008875 seconds, Stopping threads took: 0,0001790 seconds
2017-07-04T14:29:41.299+0200: 82,832: Total time for which application threads were stopped: 0,0005455 seconds, Stopping threads took: 0,0000483 seconds
2017-07-04T14:29:41.300+0200: 82,833: Total time for which application threads were stopped: 0,0004604 seconds, Stopping threads took: 0,0000664 seconds
2017-07-04T14:29:41.306+0200: 82,839: Total time for which application threads were stopped: 0,0008019 seconds, Stopping threads took: 0,0001485 seconds
2017-07-04T14:29:41.307+0200: 82,839: Total time for which application threads were stopped: 0,0004664 seconds, Stopping threads took: 0,0000397 seconds
2017-07-04T14:29:41.307+0200: 82,840: Total time for which application threads were stopped: 0,0004060 seconds, Stopping threads took: 0,0000368 seconds
2017-07-04T14:29:41.308+0200: 82,840: Total time for which application threads were stopped: 0,0004043 seconds, Stopping threads took: 0,0000360 seconds
2017-07-04T14:29:41.313+0200: 82,846: Total time for which application threads were stopped: 0,0006887 seconds, Stopping threads took: 0,0001230 seconds
2017-07-04T14:29:41.314+0200: 82,846: Total time for which application threads were stopped: 0,0004797 seconds, Stopping threads took: 0,0000373 seconds
2017-07-04T14:29:41.314+0200: 82,847: Total time for which application threads were stopped: 0,0004720 seconds, Stopping threads took: 0,0000381 seconds
2017-07-04T14:29:41.322+0200: 82,854: Total time for which application threads were stopped: 0,0008041 seconds, Stopping threads took: 0,0001524 seconds
2017-07-04T14:29:41.322+0200: 82,855: Total time for which application threads were stopped: 0,0004867 seconds, Stopping threads took: 0,0000406 seconds
2017-07-04T14:29:41.323+0200: 82,856: Total time for which application threads were stopped: 0,0004318 seconds, Stopping threads took: 0,0000384 seconds
2017-07-04T14:29:41.324+0200: 82,856: Total time for which application threads were stopped: 0,0004831 seconds, Stopping threads took: 0,0000375 seconds
2017-07-04T14:29:41.329+0200: 82,861: Total time for which application threads were stopped: 0,0046109 seconds, Stopping threads took: 0,0000380 seconds
2017-07-04T14:29:41.329+0200: 82,862: Total time for which application threads were stopped: 0,0005322 seconds, Stopping threads took: 0,0000409 seconds
2017-07-04T14:29:41.332+0200: 82,864: Total time for which application threads were stopped: 0,0021045 seconds, Stopping threads took: 0,0000384 seconds
2017-07-04T14:29:42.402+0200: 83,935: Total time for which application threads were stopped: 0,0014069 seconds, Stopping threads took: 0,0002477 seconds
2017-07-04T14:29:44.818+0200: 86,350: Total time for which application threads were stopped: 0,0009029 seconds, Stopping threads took: 0,0001916 seconds
2017-07-04T14:29:44.818+0200: 86,351: Total time for which application threads were stopped: 0,0004076 seconds, Stopping threads took: 0,0000385 seconds
2017-07-04T14:29:44.830+0200: 86,363: Total time for which application threads were stopped: 0,0051064 seconds, Stopping threads took: 0,0001921 seconds
2017-07-04T14:29:44.835+0200: 86,367: Total time for which application threads were stopped: 0,0022929 seconds, Stopping threads took: 0,0000734 seconds
2017-07-04T14:29:44.842+0200: 86,375: Total time for which application threads were stopped: 0,0023732 seconds, Stopping threads took: 0,0001143 seconds
2017-07-04T14:29:45.844+0200: 87,377: Total time for which application threads were stopped: 0,0013475 seconds, Stopping threads took: 0,0002503 seconds
2017-07-04T14:29:50.846+0200: 92,379: Total time for which application threads were stopped: 0,0013074 seconds, Stopping threads took: 0,0003115 seconds
2017-07-04T14:30:28.857+0200: 130,389: Total time for which application threads were stopped: 0,0031025 seconds, Stopping threads took: 0,0002468 seconds
2017-07-04T14:30:33.526+0200: 135,059: Total time for which application threads were stopped: 0,0008117 seconds, Stopping threads took: 0,0001747 seconds
2017-07-04T14:30:33.527+0200: 135,059: Total time for which application threads were stopped: 0,0005586 seconds, Stopping threads took: 0,0000755 seconds
2017-07-04T14:30:33.527+0200: 135,060: Total time for which application threads were stopped: 0,0004522 seconds, Stopping threads took: 0,0000595 seconds
2017-07-04T14:30:33.528+0200: 135,060: Total time for which application threads were stopped: 0,0003647 seconds, Stopping threads took: 0,0000453 seconds
2017-07-04T14:30:33.530+0200: 135,063: Total time for which application threads were stopped: 0,0024307 seconds, Stopping threads took: 0,0020781 seconds
2017-07-04T14:30:33.530+0200: 135,063: Total time for which application threads were stopped: 0,0003176 seconds, Stopping threads took: 0,0000354 seconds
2017-07-04T14:30:33.531+0200: 135,064: Total time for which application threads were stopped: 0,0003226 seconds, Stopping threads took: 0,0000365 seconds
2017-07-04T14:30:33.531+0200: 135,064: Total time for which application threads were stopped: 0,0003156 seconds, Stopping threads took: 0,0000341 seconds
2017-07-04T14:30:33.535+0200: 135,068: Total time for which application threads were stopped: 0,0036341 seconds, Stopping threads took: 0,0000544 seconds
2017-07-04T14:30:33.536+0200: 135,068: Total time for which application threads were stopped: 0,0004658 seconds, Stopping threads took: 0,0000355 seconds
2017-07-04T14:30:33.536+0200: 135,069: Total time for which application threads were stopped: 0,0003288 seconds, Stopping threads took: 0,0000334 seconds
2017-07-04T14:30:33.536+0200: 135,069: Total time for which application threads were stopped: 0,0003434 seconds, Stopping threads took: 0,0000339 seconds
2017-07-04T14:30:33.537+0200: 135,069: Total time for which application threads were stopped: 0,0002894 seconds, Stopping threads took: 0,0000339 seconds
2017-07-04T14:30:33.537+0200: 135,070: Total time for which application threads were stopped: 0,0003046 seconds, Stopping threads took: 0,0000326 seconds
2017-07-04T14:30:33.537+0200: 135,070: Total time for which application threads were stopped: 0,0003507 seconds, Stopping threads took: 0,0000334 seconds
2017-07-04T14:30:33.538+0200: 135,070: Total time for which application threads were stopped: 0,0002923 seconds, Stopping threads took: 0,0000339 seconds
2017-07-04T14:30:33.538+0200: 135,071: Total time for which application threads were stopped: 0,0003016 seconds, Stopping threads took: 0,0000330 seconds
2017-07-04T14:30:33.538+0200: 135,071: Total time for which application threads were stopped: 0,0002943 seconds, Stopping threads took: 0,0000328 seconds
2017-07-04T14:30:33.539+0200: 135,071: Total time for which application threads were stopped: 0,0002839 seconds, Stopping threads took: 0,0000334 seconds
2017-07-04T14:30:33.545+0200: 135,078: Total time for which application threads were stopped: 0,0064925 seconds, Stopping threads took: 0,0000327 seconds
2017-07-04T14:30:33.546+0200: 135,078: Total time for which application threads were stopped: 0,0004597 seconds, Stopping threads took: 0,0000388 seconds
2017-07-04T14:30:33.547+0200: 135,080: Total time for which application threads were stopped: 0,0003798 seconds, Stopping threads took: 0,0000486 seconds
2017-07-04T14:30:33.547+0200: 135,080: Total time for which application threads were stopped: 0,0003219 seconds, Stopping threads took: 0,0000337 seconds
2017-07-04T14:30:33.564+0200: 135,096: Total time for which application threads were stopped: 0,0028461 seconds, Stopping threads took: 0,0001759 seconds
2017-07-04T14:30:33.572+0200: 135,105: Total time for which application threads were stopped: 0,0013791 seconds, Stopping threads took: 0,0001682 seconds
2017-07-04T14:30:33.573+0200: 135,105: Total time for which application threads were stopped: 0,0004043 seconds, Stopping threads took: 0,0000494 seconds
2017-07-04T14:30:33.589+0200: 135,122: Total time for which application threads were stopped: 0,0008036 seconds, Stopping threads took: 0,0001963 seconds
2017-07-04T14:30:33.651+0200: 135,184: Total time for which application threads were stopped: 0,0013769 seconds, Stopping threads took: 0,0001926 seconds
2017-07-04T14:30:33.789+0200: 135,321: Total time for which application threads were stopped: 0,0008082 seconds, Stopping threads took: 0,0001894 seconds
2017-07-04T14:30:33.789+0200: 135,322: Total time for which application threads were stopped: 0,0003451 seconds, Stopping threads took: 0,0000442 seconds
2017-07-04T14:30:33.795+0200: 135,328: Total time for which application threads were stopped: 0,0007640 seconds, Stopping threads took: 0,0001802 seconds
2017-07-04T14:30:33.797+0200: 135,330: Total time for which application threads were stopped: 0,0005098 seconds, Stopping threads took: 0,0000834 seconds
2017-07-04T14:30:33.798+0200: 135,330: Total time for which application threads were stopped: 0,0003410 seconds, Stopping threads took: 0,0000379 seconds
2017-07-04T14:30:33.805+0200: 135,338: Total time for which application threads were stopped: 0,0007425 seconds, Stopping threads took: 0,0001821 seconds
2017-07-04T14:30:33.817+0200: 135,350: Total time for which application threads were stopped: 0,0007471 seconds, Stopping threads took: 0,0001901 seconds
2017-07-04T14:30:33.818+0200: 135,350: Total time for which application threads were stopped: 0,0003110 seconds, Stopping threads took: 0,0000360 seconds
2017-07-04T14:30:33.824+0200: 135,357: Total time for which application threads were stopped: 0,0007437 seconds, Stopping threads took: 0,0001822 seconds
2017-07-04T14:30:33.826+0200: 135,359: Total time for which application threads were stopped: 0,0004557 seconds, Stopping threads took: 0,0000425 seconds
2017-07-04T14:30:33.826+0200: 135,359: Total time for which application threads were stopped: 0,0003288 seconds, Stopping threads took: 0,0000363 seconds
2017-07-04T14:30:33.836+0200: 135,368: Total time for which application threads were stopped: 0,0007914 seconds, Stopping threads took: 0,0001735 seconds
2017-07-04T14:30:33.841+0200: 135,373: Total time for which application threads were stopped: 0,0007002 seconds, Stopping threads took: 0,0001409 seconds
2017-07-04T14:30:33.841+0200: 135,374: Total time for which application threads were stopped: 0,0003444 seconds, Stopping threads took: 0,0000363 seconds
2017-07-04T14:30:33.841+0200: 135,374: Total time for which application threads were stopped: 0,0003381 seconds, Stopping threads took: 0,0000376 seconds
2017-07-04T14:30:33.900+0200: 135,433: Total time for which application threads were stopped: 0,0015106 seconds, Stopping threads took: 0,0001755 seconds
2017-07-04T14:30:33.909+0200: 135,442: Total time for which application threads were stopped: 0,0007541 seconds, Stopping threads took: 0,0001936 seconds
2017-07-04T14:30:33.910+0200: 135,442: Total time for which application threads were stopped: 0,0003195 seconds, Stopping threads took: 0,0000429 seconds
2017-07-04T14:30:33.910+0200: 135,443: Total time for which application threads were stopped: 0,0004180 seconds, Stopping threads took: 0,0000447 seconds
2017-07-04T14:30:34.001+0200: 135,533: Total time for which application threads were stopped: 0,0008000 seconds, Stopping threads took: 0,0001909 seconds
2017-07-04T14:30:34.001+0200: 135,534: Total time for which application threads were stopped: 0,0003430 seconds, Stopping threads took: 0,0000544 seconds
2017-07-04T14:30:34.009+0200: 135,541: Total time for which application threads were stopped: 0,0006969 seconds, Stopping threads took: 0,0001609 seconds
2017-07-04T14:30:34.025+0200: 135,558: Total time for which application threads were stopped: 0,0007348 seconds, Stopping threads took: 0,0001791 seconds
2017-07-04T14:30:34.026+0200: 135,558: Total time for which application threads were stopped: 0,0003164 seconds, Stopping threads took: 0,0000436 seconds
2017-07-04T14:30:34.043+0200: 135,576: Total time for which application threads were stopped: 0,0007846 seconds, Stopping threads took: 0,0002098 seconds
2017-07-04T14:30:34.086+0200: 135,618: Total time for which application threads were stopped: 0,0007628 seconds, Stopping threads took: 0,0001800 seconds
2017-07-04T14:30:34.086+0200: 135,619: Total time for which application threads were stopped: 0,0003434 seconds, Stopping threads took: 0,0000425 seconds
2017-07-04T14:30:34.097+0200: 135,629: Total time for which application threads were stopped: 0,0012686 seconds, Stopping threads took: 0,0002489 seconds
2017-07-04T14:30:34.131+0200: 135,664: Total time for which application threads were stopped: 0,0007584 seconds, Stopping threads took: 0,0001985 seconds
2017-07-04T14:30:34.131+0200: 135,664: Total time for which application threads were stopped: 0,0003348 seconds, Stopping threads took: 0,0000435 seconds
2017-07-04T14:30:34.132+0200: 135,665: Total time for which application threads were stopped: 0,0003626 seconds, Stopping threads took: 0,0000440 seconds
2017-07-04T14:30:34.134+0200: 135,666: Total time for which application threads were stopped: 0,0003951 seconds, Stopping threads took: 0,0000539 seconds
2017-07-04T14:30:34.135+0200: 135,668: Total time for which application threads were stopped: 0,0016890 seconds, Stopping threads took: 0,0000530 seconds
2017-07-04T14:30:34.157+0200: 135,690: Total time for which application threads were stopped: 0,0007394 seconds, Stopping threads took: 0,0001711 seconds
{Heap before GC invocations=15 (full 1):
 par new generation   total 109248K, used 109248K [0x00000000e0000000, 0x00000000e8000000, 0x00000000e8000000)
  eden space 87424K, 100% used [0x00000000e0000000, 0x00000000e5560000, 0x00000000e5560000)
  from space 21824K, 100% used [0x00000000e6ab0000, 0x00000000e8000000, 0x00000000e8000000)
  to   space 21824K,   0% used [0x00000000e5560000, 0x00000000e5560000, 0x00000000e6ab0000)
 concurrent mark-sweep generation total 393216K, used 33632K [0x00000000e8000000, 0x0000000100000000, 0x0000000100000000)
 Metaspace       used 40080K, capacity 41236K, committed 41508K, reserved 1085440K
  class space    used 4503K, capacity 4793K, committed 4904K, reserved 1048576K
2017-07-04T14:30:34.196+0200: 135,728: [GC (Allocation Failure) 2017-07-04T14:30:34.196+0200: 135,728: [ParNew
Desired survivor size 20112992 bytes, new threshold 7 (max 8)
- age   1:    6584936 bytes,    6584936 total
- age   2:    1540072 bytes,    8125008 total
- age   3:      78856 bytes,    8203864 total
- age   4:      79616 bytes,    8283480 total
- age   5:     124920 bytes,    8408400 total
- age   6:     562096 bytes,    8970496 total
- age   7:   11188208 bytes,   20158704 total
: 109248K->21824K(109248K), 0,0428244 secs] 142880K->58068K(502464K), 0,0431489 secs] [Times: user=0,04 sys=0,00, real=0,05 secs] 
Heap after GC invocations=16 (full 1):
 par new generation   total 109248K, used 21824K [0x00000000e0000000, 0x00000000e8000000, 0x00000000e8000000)
  eden space 87424K,   0% used [0x00000000e0000000, 0x00000000e0000000, 0x00000000e5560000)
  from space 21824K, 100% used [0x00000000e5560000, 0x00000000e6ab0000, 0x00000000e6ab0000)
  to   space 21824K,   0% used [0x00000000e6ab0000, 0x00000000e6ab0000, 0x00000000e8000000)
 concurrent mark-sweep generation total 393216K, used 36244K [0x00000000e8000000, 0x0000000100000000, 0x0000000100000000)
 Metaspace       used 40080K, capacity 41236K, committed 41508K, reserved 1085440K
  class space    used 4503K, capacity 4793K, committed 4904K, reserved 1048576K
}
2017-07-04T14:30:34.239+0200: 135,772: Total time for which application threads were stopped: 0,0441404 seconds, Stopping threads took: 0,0001824 seconds
2017-07-04T14:30:34.245+0200: 135,778: Total time for which application threads were stopped: 0,0010935 seconds, Stopping threads took: 0,0005365 seconds
2017-07-04T14:30:34.245+0200: 135,778: Total time for which application threads were stopped: 0,0003412 seconds, Stopping threads took: 0,0000366 seconds
2017-07-04T14:30:34.246+0200: 135,778: Total time for which application threads were stopped: 0,0002960 seconds, Stopping threads took: 0,0000364 seconds
2017-07-04T14:30:34.249+0200: 135,781: Total time for which application threads were stopped: 0,0019371 seconds, Stopping threads took: 0,0015404 seconds
2017-07-04T14:30:34.249+0200: 135,782: Total time for which application threads were stopped: 0,0003327 seconds, Stopping threads took: 0,0000358 seconds
2017-07-04T14:30:34.252+0200: 135,785: Total time for which application threads were stopped: 0,0005151 seconds, Stopping threads took: 0,0000727 seconds
2017-07-04T14:30:34.254+0200: 135,787: Total time for which application threads were stopped: 0,0017379 seconds, Stopping threads took: 0,0000356 seconds
2017-07-04T14:30:34.295+0200: 135,828: Total time for which application threads were stopped: 0,0007574 seconds, Stopping threads took: 0,0001895 seconds
2017-07-04T14:30:34.344+0200: 135,876: Total time for which application threads were stopped: 0,0007398 seconds, Stopping threads took: 0,0001754 seconds
2017-07-04T14:30:34.404+0200: 135,937: Total time for which application threads were stopped: 0,0014732 seconds, Stopping threads took: 0,0001780 seconds
2017-07-04T14:30:34.739+0200: 136,272: Total time for which application threads were stopped: 0,0015164 seconds, Stopping threads took: 0,0001732 seconds
2017-07-04T14:30:34.823+0200: 136,355: Total time for which application threads were stopped: 0,0026660 seconds, Stopping threads took: 0,0020567 seconds
2017-07-04T14:30:34.913+0200: 136,446: Total time for which application threads were stopped: 0,0108999 seconds, Stopping threads took: 0,0103111 seconds
2017-07-04T14:30:34.924+0200: 136,456: Total time for which application threads were stopped: 0,0007792 seconds, Stopping threads took: 0,0001574 seconds
2017-07-04T14:30:35.009+0200: 136,542: Total time for which application threads were stopped: 0,0370375 seconds, Stopping threads took: 0,0362441 seconds
2017-07-04T14:30:35.010+0200: 136,543: Total time for which application threads were stopped: 0,0004393 seconds, Stopping threads took: 0,0000479 seconds
2017-07-04T14:30:35.012+0200: 136,544: Total time for which application threads were stopped: 0,0004890 seconds, Stopping threads took: 0,0000665 seconds
2017-07-04T14:30:35.037+0200: 136,569: Total time for which application threads were stopped: 0,0046916 seconds, Stopping threads took: 0,0040140 seconds
{Heap before GC invocations=16 (full 1):
 par new generation   total 109248K, used 109248K [0x00000000e0000000, 0x00000000e8000000, 0x00000000e8000000)
  eden space 87424K, 100% used [0x00000000e0000000, 0x00000000e5560000, 0x00000000e5560000)
  from space 21824K, 100% used [0x00000000e5560000, 0x00000000e6ab0000, 0x00000000e6ab0000)
  to   space 21824K,   0% used [0x00000000e6ab0000, 0x00000000e6ab0000, 0x00000000e8000000)
 concurrent mark-sweep generation total 393216K, used 36244K [0x00000000e8000000, 0x0000000100000000, 0x0000000100000000)
 Metaspace       used 42037K, capacity 43252K, committed 43556K, reserved 1087488K
  class space    used 4742K, capacity 5071K, committed 5160K, reserved 1048576K
2017-07-04T14:30:35.105+0200: 136,637: [GC (Allocation Failure) 2017-07-04T14:30:35.105+0200: 136,637: [ParNew
Desired survivor size 20112992 bytes, new threshold 8 (max 8)
- age   1:    4733320 bytes,    4733320 total
- age   2:    5439872 bytes,   10173192 total
- age   3:    1007096 bytes,   11180288 total
- age   4:      78856 bytes,   11259144 total
- age   5:      79616 bytes,   11338760 total
- age   6:     124656 bytes,   11463416 total
- age   7:     561960 bytes,   12025376 total
: 109248K->19176K(109248K), 0,1134618 secs] 145492K->66484K(502464K), 0,1138160 secs] [Times: user=0,05 sys=0,00, real=0,11 secs] 
Heap after GC invocations=17 (full 1):
 par new generation   total 109248K, used 19176K [0x00000000e0000000, 0x00000000e8000000, 0x00000000e8000000)
  eden space 87424K,   0% used [0x00000000e0000000, 0x00000000e0000000, 0x00000000e5560000)
  from space 21824K,  87% used [0x00000000e6ab0000, 0x00000000e7d6a3e0, 0x00000000e8000000)
  to   space 21824K,   0% used [0x00000000e5560000, 0x00000000e5560000, 0x00000000e6ab0000)
 concurrent mark-sweep generation total 393216K, used 47307K [0x00000000e8000000, 0x0000000100000000, 0x0000000100000000)
 Metaspace       used 42037K, capacity 43252K, committed 43556K, reserved 1087488K
  class space    used 4742K, capacity 5071K, committed 5160K, reserved 1048576K
}
2017-07-04T14:30:35.219+0200: 136,751: Total time for which application threads were stopped: 0,1361884 seconds, Stopping threads took: 0,0214228 seconds
2017-07-04T14:30:35.250+0200: 136,782: Total time for which application threads were stopped: 0,0029262 seconds, Stopping threads took: 0,0023062 seconds
2017-07-04T14:30:35.277+0200: 136,810: Total time for which application threads were stopped: 0,0211048 seconds, Stopping threads took: 0,0202007 seconds
2017-07-04T14:30:35.289+0200: 136,821: Total time for which application threads were stopped: 0,0087988 seconds, Stopping threads took: 0,0080801 seconds
2017-07-04T14:30:35.320+0200: 136,853: Total time for which application threads were stopped: 0,0203666 seconds, Stopping threads took: 0,0195939 seconds
2017-07-04T14:30:35.327+0200: 136,860: Total time for which application threads were stopped: 0,0028751 seconds, Stopping threads took: 0,0014210 seconds
2017-07-04T14:30:35.346+0200: 136,878: Total time for which application threads were stopped: 0,0086620 seconds, Stopping threads took: 0,0071903 seconds
2017-07-04T14:30:35.373+0200: 136,905: Total time for which application threads were stopped: 0,0121196 seconds, Stopping threads took: 0,0114839 seconds
2017-07-04T14:30:35.395+0200: 136,928: Total time for which application threads were stopped: 0,0112556 seconds, Stopping threads took: 0,0106152 seconds
2017-07-04T14:30:35.405+0200: 136,937: Total time for which application threads were stopped: 0,0046948 seconds, Stopping threads took: 0,0040493 seconds
2017-07-04T14:30:35.539+0200: 137,072: Total time for which application threads were stopped: 0,0165997 seconds, Stopping threads took: 0,0160062 seconds
2017-07-04T14:30:35.558+0200: 137,090: Total time for which application threads were stopped: 0,0120267 seconds, Stopping threads took: 0,0104641 seconds
2017-07-04T14:30:35.562+0200: 137,094: Total time for which application threads were stopped: 0,0013260 seconds, Stopping threads took: 0,0001971 seconds
{Heap before GC invocations=17 (full 1):
 par new generation   total 109248K, used 106600K [0x00000000e0000000, 0x00000000e8000000, 0x00000000e8000000)
  eden space 87424K, 100% used [0x00000000e0000000, 0x00000000e5560000, 0x00000000e5560000)
  from space 21824K,  87% used [0x00000000e6ab0000, 0x00000000e7d6a3e0, 0x00000000e8000000)
  to   space 21824K,   0% used [0x00000000e5560000, 0x00000000e5560000, 0x00000000e6ab0000)
 concurrent mark-sweep generation total 393216K, used 47307K [0x00000000e8000000, 0x0000000100000000, 0x0000000100000000)
 Metaspace       used 42206K, capacity 43456K, committed 43556K, reserved 1087488K
  class space    used 4760K, capacity 5073K, committed 5160K, reserved 1048576K
2017-07-04T14:30:35.577+0200: 137,109: [GC (Allocation Failure) 2017-07-04T14:30:35.577+0200: 137,109: [ParNew
Desired survivor size 20112992 bytes, new threshold 8 (max 8)
- age   1:    7404416 bytes,    7404416 total
- age   2:    2686216 bytes,   10090632 total
- age   3:    5366920 bytes,   15457552 total
- age   4:     999152 bytes,   16456704 total
- age   5:      78856 bytes,   16535560 total
- age   6:      79616 bytes,   16615176 total
- age   7:     124608 bytes,   16739784 total
- age   8:     561960 bytes,   17301744 total
: 106600K->21744K(109248K), 0,0514906 secs] 153908K->69052K(502464K), 0,0517829 secs] [Times: user=0,03 sys=0,00, real=0,05 secs] 
Heap after GC invocations=18 (full 1):
 par new generation   total 109248K, used 21744K [0x00000000e0000000, 0x00000000e8000000, 0x00000000e8000000)
  eden space 87424K,   0% used [0x00000000e0000000, 0x00000000e0000000, 0x00000000e5560000)
  from space 21824K,  99% used [0x00000000e5560000, 0x00000000e6a9c340, 0x00000000e6ab0000)
  to   space 21824K,   0% used [0x00000000e6ab0000, 0x00000000e6ab0000, 0x00000000e8000000)
 concurrent mark-sweep generation total 393216K, used 47307K [0x00000000e8000000, 0x0000000100000000, 0x0000000100000000)
 Metaspace       used 42206K, capacity 43456K, committed 43556K, reserved 1087488K
  class space    used 4760K, capacity 5073K, committed 5160K, reserved 1048576K
}
2017-07-04T14:30:35.630+0200: 137,162: Total time for which application threads were stopped: 0,0611760 seconds, Stopping threads took: 0,0073017 seconds
{Heap before GC invocations=18 (full 1):
 par new generation   total 109248K, used 109168K [0x00000000e0000000, 0x00000000e8000000, 0x00000000e8000000)
  eden space 87424K, 100% used [0x00000000e0000000, 0x00000000e5560000, 0x00000000e5560000)
  from space 21824K,  99% used [0x00000000e5560000, 0x00000000e6a9c340, 0x00000000e6ab0000)
  to   space 21824K,   0% used [0x00000000e6ab0000, 0x00000000e6ab0000, 0x00000000e8000000)
 concurrent mark-sweep generation total 393216K, used 47307K [0x00000000e8000000, 0x0000000100000000, 0x0000000100000000)
 Metaspace       used 42290K, capacity 43532K, committed 43812K, reserved 1087488K
  class space    used 4766K, capacity 5075K, committed 5160K, reserved 1048576K
2017-07-04T14:30:36.283+0200: 137,816: [GC (Allocation Failure) 2017-07-04T14:30:36.283+0200: 137,816: [ParNew
Desired survivor size 20112992 bytes, new threshold 8 (max 8)
- age   1:     543536 bytes,     543536 total
- age   2:    4758816 bytes,    5302352 total
- age   3:    2659552 bytes,    7961904 total
- age   4:    5366656 bytes,   13328560 total
- age   5:     999152 bytes,   14327712 total
- age   6:      78856 bytes,   14406568 total
- age   7:      79616 bytes,   14486184 total
- age   8:     124608 bytes,   14610792 total
: 109168K->18767K(109248K), 0,0620049 secs] 156476K->66625K(502464K), 0,0622849 secs] [Times: user=0,04 sys=0,00, real=0,07 secs] 
Heap after GC invocations=19 (full 1):
 par new generation   total 109248K, used 18767K [0x00000000e0000000, 0x00000000e8000000, 0x00000000e8000000)
  eden space 87424K,   0% used [0x00000000e0000000, 0x00000000e0000000, 0x00000000e5560000)
  from space 21824K,  85% used [0x00000000e6ab0000, 0x00000000e7d03e50, 0x00000000e8000000)
  to   space 21824K,   0% used [0x00000000e5560000, 0x00000000e5560000, 0x00000000e6ab0000)
 concurrent mark-sweep generation total 393216K, used 47858K [0x00000000e8000000, 0x0000000100000000, 0x0000000100000000)
 Metaspace       used 42290K, capacity 43532K, committed 43812K, reserved 1087488K
  class space    used 4766K, capacity 5075K, committed 5160K, reserved 1048576K
}
2017-07-04T14:30:36.346+0200: 137,878: Total time for which application threads were stopped: 0,0735880 seconds, Stopping threads took: 0,0104170 seconds
{Heap before GC invocations=19 (full 1):
 par new generation   total 109248K, used 106165K [0x00000000e0000000, 0x00000000e8000000, 0x00000000e8000000)
  eden space 87424K,  99% used [0x00000000e0000000, 0x00000000e5559820, 0x00000000e5560000)
  from space 21824K,  85% used [0x00000000e6ab0000, 0x00000000e7d03e50, 0x00000000e8000000)
  to   space 21824K,   0% used [0x00000000e5560000, 0x00000000e5560000, 0x00000000e6ab0000)
 concurrent mark-sweep generation total 393216K, used 47858K [0x00000000e8000000, 0x0000000100000000, 0x0000000100000000)
 Metaspace       used 42291K, capacity 43532K, committed 43812K, reserved 1087488K
  class space    used 4766K, capacity 5075K, committed 5160K, reserved 1048576K
2017-07-04T14:30:37.134+0200: 138,666: [GC (Allocation Failure) 2017-07-04T14:30:37.134+0200: 138,666: [ParNew
Desired survivor size 20112992 bytes, new threshold 8 (max 8)
- age   1:     262440 bytes,     262440 total
- age   2:     167168 bytes,     429608 total
- age   3:    4758816 bytes,    5188424 total
- age   4:    2658800 bytes,    7847224 total
- age   5:    5366560 bytes,   13213784 total
- age   6:     999152 bytes,   14212936 total
- age   7:      78856 bytes,   14291792 total
- age   8:      79616 bytes,   14371408 total
: 106165K->17660K(109248K), 0,0432005 secs] 154023K->65642K(502464K), 0,0435331 secs] [Times: user=0,03 sys=0,00, real=0,05 secs] 
Heap after GC invocations=20 (full 1):
 par new generation   total 109248K, used 17660K [0x00000000e0000000, 0x00000000e8000000, 0x00000000e8000000)
  eden space 87424K,   0% used [0x00000000e0000000, 0x00000000e0000000, 0x00000000e5560000)
  from space 21824K,  80% used [0x00000000e5560000, 0x00000000e669f1e0, 0x00000000e6ab0000)
  to   space 21824K,   0% used [0x00000000e6ab0000, 0x00000000e6ab0000, 0x00000000e8000000)
 concurrent mark-sweep generation total 393216K, used 47981K [0x00000000e8000000, 0x0000000100000000, 0x0000000100000000)
 Metaspace       used 42291K, capacity 43532K, committed 43812K, reserved 1087488K
  class space    used 4766K, capacity 5075K, committed 5160K, reserved 1048576K
}
2017-07-04T14:30:37.177+0200: 138,710: Total time for which application threads were stopped: 0,0492958 seconds, Stopping threads took: 0,0048011 seconds
2017-07-04T14:30:37.303+0200: 138,836: Total time for which application threads were stopped: 0,0008496 seconds, Stopping threads took: 0,0001933 seconds
2017-07-04T14:30:37.314+0200: 138,847: Total time for which application threads were stopped: 0,0008735 seconds, Stopping threads took: 0,0001860 seconds
2017-07-04T14:30:37.428+0200: 138,961: Total time for which application threads were stopped: 0,0009775 seconds, Stopping threads took: 0,0001939 seconds
2017-07-04T14:30:37.429+0200: 138,962: Total time for which application threads were stopped: 0,0007028 seconds, Stopping threads took: 0,0001208 seconds
2017-07-04T14:30:37.436+0200: 138,969: Total time for which application threads were stopped: 0,0027111 seconds, Stopping threads took: 0,0020337 seconds
2017-07-04T14:30:37.455+0200: 138,988: Total time for which application threads were stopped: 0,0094164 seconds, Stopping threads took: 0,0084947 seconds
2017-07-04T14:30:37.519+0200: 139,052: Total time for which application threads were stopped: 0,0009258 seconds, Stopping threads took: 0,0001884 seconds
2017-07-04T14:30:37.520+0200: 139,053: Total time for which application threads were stopped: 0,0007111 seconds, Stopping threads took: 0,0001167 seconds
2017-07-04T14:30:37.785+0200: 139,318: Total time for which application threads were stopped: 0,0008187 seconds, Stopping threads took: 0,0001765 seconds
2017-07-04T14:30:37.786+0200: 139,318: Total time for which application threads were stopped: 0,0003383 seconds, Stopping threads took: 0,0000572 seconds
2017-07-04T14:30:37.800+0200: 139,332: Total time for which application threads were stopped: 0,0007662 seconds, Stopping threads took: 0,0001953 seconds
2017-07-04T14:30:37.807+0200: 139,339: Total time for which application threads were stopped: 0,0007800 seconds, Stopping threads took: 0,0001961 seconds
2017-07-04T14:30:37.819+0200: 139,351: Total time for which application threads were stopped: 0,0023017 seconds, Stopping threads took: 0,0001753 seconds
2017-07-04T14:30:38.049+0200: 139,582: Total time for which application threads were stopped: 0,0007812 seconds, Stopping threads took: 0,0002112 seconds
2017-07-04T14:30:38.090+0200: 139,623: Total time for which application threads were stopped: 0,0007718 seconds, Stopping threads took: 0,0001856 seconds
2017-07-04T14:30:38.230+0200: 139,763: Total time for which application threads were stopped: 0,0007602 seconds, Stopping threads took: 0,0001789 seconds
2017-07-04T14:30:38.396+0200: 139,929: Total time for which application threads were stopped: 0,0009283 seconds, Stopping threads took: 0,0001718 seconds
2017-07-04T14:30:38.400+0200: 139,933: Total time for which application threads were stopped: 0,0010158 seconds, Stopping threads took: 0,0001435 seconds
2017-07-04T14:30:38.429+0200: 139,962: Total time for which application threads were stopped: 0,0210502 seconds, Stopping threads took: 0,0204530 seconds
2017-07-04T14:30:38.449+0200: 139,981: Total time for which application threads were stopped: 0,0082477 seconds, Stopping threads took: 0,0076673 seconds
2017-07-04T14:30:38.449+0200: 139,982: Total time for which application threads were stopped: 0,0003359 seconds, Stopping threads took: 0,0000412 seconds
2017-07-04T14:30:38.464+0200: 139,997: Total time for which application threads were stopped: 0,0089931 seconds, Stopping threads took: 0,0082410 seconds
2017-07-04T14:30:38.469+0200: 140,001: Total time for which application threads were stopped: 0,0006661 seconds, Stopping threads took: 0,0001470 seconds
{Heap before GC invocations=20 (full 1):
 par new generation   total 109248K, used 105084K [0x00000000e0000000, 0x00000000e8000000, 0x00000000e8000000)
  eden space 87424K, 100% used [0x00000000e0000000, 0x00000000e5560000, 0x00000000e5560000)
  from space 21824K,  80% used [0x00000000e5560000, 0x00000000e669f1e0, 0x00000000e6ab0000)
  to   space 21824K,   0% used [0x00000000e6ab0000, 0x00000000e6ab0000, 0x00000000e8000000)
 concurrent mark-sweep generation total 393216K, used 47981K [0x00000000e8000000, 0x0000000100000000, 0x0000000100000000)
 Metaspace       used 44462K, capacity 45698K, committed 45916K, reserved 1089536K
  class space    used 4999K, capacity 5308K, committed 5364K, reserved 1048576K
2017-07-04T14:30:38.496+0200: 140,028: [GC (Allocation Failure) 2017-07-04T14:30:38.496+0200: 140,028: [ParNew
Desired survivor size 20112992 bytes, new threshold 7 (max 8)
- age   1:    7532712 bytes,    7532712 total
- age   2:     111224 bytes,    7643936 total
- age   3:     153776 bytes,    7797712 total
- age   4:    4757184 bytes,   12554896 total
- age   5:    1363296 bytes,   13918192 total
- age   6:    5363760 bytes,   19281952 total
- age   7:     999152 bytes,   20281104 total
- age   8:      78856 bytes,   20359960 total
: 105084K->21824K(109248K), 0,0905459 secs] 153066K->69886K(502464K), 0,0908285 secs] [Times: user=0,05 sys=0,00, real=0,10 secs] 
Heap after GC invocations=21 (full 1):
 par new generation   total 109248K, used 21824K [0x00000000e0000000, 0x00000000e8000000, 0x00000000e8000000)
  eden space 87424K,   0% used [0x00000000e0000000, 0x00000000e0000000, 0x00000000e5560000)
  from space 21824K, 100% used [0x00000000e6ab0000, 0x00000000e8000000, 0x00000000e8000000)
  to   space 21824K,   0% used [0x00000000e5560000, 0x00000000e5560000, 0x00000000e6ab0000)
 concurrent mark-sweep generation total 393216K, used 48062K [0x00000000e8000000, 0x0000000100000000, 0x0000000100000000)
 Metaspace       used 44462K, capacity 45698K, committed 45916K, reserved 1089536K
  class space    used 4999K, capacity 5308K, committed 5364K, reserved 1048576K
}
2017-07-04T14:30:38.587+0200: 140,119: Total time for which application threads were stopped: 0,0918449 seconds, Stopping threads took: 0,0001761 seconds
2017-07-04T14:30:38.591+0200: 140,124: [GC (CMS Initial Mark) [1 CMS-initial-mark: 48062K(393216K)] 79254K(502464K), 0,0426373 secs] [Times: user=0,02 sys=0,00, real=0,04 secs] 
2017-07-04T14:30:38.634+0200: 140,167: Total time for which application threads were stopped: 0,0439205 seconds, Stopping threads took: 0,0003620 seconds
2017-07-04T14:30:38.634+0200: 140,167: [CMS-concurrent-mark-start]
2017-07-04T14:30:38.670+0200: 140,203: Total time for which application threads were stopped: 0,0008714 seconds, Stopping threads took: 0,0001804 seconds
2017-07-04T14:30:38.688+0200: 140,220: Total time for which application threads were stopped: 0,0076021 seconds, Stopping threads took: 0,0069852 seconds
2017-07-04T14:30:38.706+0200: 140,239: Total time for which application threads were stopped: 0,0009603 seconds, Stopping threads took: 0,0001901 seconds
2017-07-04T14:30:38.724+0200: 140,257: Total time for which application threads were stopped: 0,0008645 seconds, Stopping threads took: 0,0001803 seconds
2017-07-04T14:30:38.809+0200: 140,341: Total time for which application threads were stopped: 0,0166547 seconds, Stopping threads took: 0,0160001 seconds
2017-07-04T14:30:38.837+0200: 140,370: [CMS-concurrent-mark: 0,173/0,203 secs] [Times: user=0,11 sys=0,00, real=0,21 secs] 
2017-07-04T14:30:38.842+0200: 140,374: Total time for which application threads were stopped: 0,0041809 seconds, Stopping threads took: 0,0020235 seconds
2017-07-04T14:30:38.853+0200: 140,385: [CMS-concurrent-preclean-start]
2017-07-04T14:30:38.854+0200: 140,386: [CMS-concurrent-preclean: 0,001/0,001 secs] [Times: user=0,00 sys=0,00, real=0,00 secs] 
2017-07-04T14:30:38.854+0200: 140,386: [CMS-concurrent-abortable-preclean-start]
{Heap before GC invocations=21 (full 2):
 par new generation   total 109248K, used 109248K [0x00000000e0000000, 0x00000000e8000000, 0x00000000e8000000)
  eden space 87424K, 100% used [0x00000000e0000000, 0x00000000e5560000, 0x00000000e5560000)
  from space 21824K, 100% used [0x00000000e6ab0000, 0x00000000e8000000, 0x00000000e8000000)
  to   space 21824K,   0% used [0x00000000e5560000, 0x00000000e5560000, 0x00000000e6ab0000)
 concurrent mark-sweep generation total 393216K, used 48062K [0x00000000e8000000, 0x0000000100000000, 0x0000000100000000)
 Metaspace       used 44594K, capacity 45812K, committed 45916K, reserved 1089536K
  class space    used 5018K, capacity 5343K, committed 5364K, reserved 1048576K
2017-07-04T14:30:38.867+0200: 140,400: [GC (Allocation Failure) 2017-07-04T14:30:38.867+0200: 140,400: [ParNew
Desired survivor size 20112992 bytes, new threshold 7 (max 8)
- age   1:     820560 bytes,     820560 total
- age   2:    5658016 bytes,    6478576 total
- age   3:     110648 bytes,    6589224 total
- age   4:     153776 bytes,    6743000 total
- age   5:    6918808 bytes,   13661808 total
- age   6:    1355024 bytes,   15016832 total
- age   7:    5363760 bytes,   20380592 total
: 109248K->21824K(109248K), 0,1046079 secs] 157310K->70950K(502464K), 0,1049159 secs] [Times: user=0,04 sys=0,01, real=0,10 secs] 
Heap after GC invocations=22 (full 2):
 par new generation   total 109248K, used 21824K [0x00000000e0000000, 0x00000000e8000000, 0x00000000e8000000)
  eden space 87424K,   0% used [0x00000000e0000000, 0x00000000e0000000, 0x00000000e5560000)
  from space 21824K, 100% used [0x00000000e5560000, 0x00000000e6ab0000, 0x00000000e6ab0000)
  to   space 21824K,   0% used [0x00000000e6ab0000, 0x00000000e6ab0000, 0x00000000e8000000)
 concurrent mark-sweep generation total 393216K, used 49126K [0x00000000e8000000, 0x0000000100000000, 0x0000000100000000)
 Metaspace       used 44594K, capacity 45812K, committed 45916K, reserved 1089536K
  class space    used 5018K, capacity 5343K, committed 5364K, reserved 1048576K
}
2017-07-04T14:30:38.972+0200: 140,505: Total time for which application threads were stopped: 0,1059534 seconds, Stopping threads took: 0,0002012 seconds
2017-07-04T14:30:38.994+0200: 140,526: Total time for which application threads were stopped: 0,0027517 seconds, Stopping threads took: 0,0021083 seconds
2017-07-04T14:30:39.017+0200: 140,549: Total time for which application threads were stopped: 0,0008110 seconds, Stopping threads took: 0,0001843 seconds
2017-07-04T14:30:39.038+0200: 140,570: Total time for which application threads were stopped: 0,0033490 seconds, Stopping threads took: 0,0027178 seconds
2017-07-04T14:30:39.038+0200: 140,570: [CMS-concurrent-abortable-preclean: 0,047/0,184 secs] [Times: user=0,11 sys=0,01, real=0,19 secs] 
2017-07-04T14:30:39.050+0200: 140,583: [GC (CMS Final Remark) [YG occupancy: 78874 K (109248 K)]{Heap before GC invocations=22 (full 2):
 par new generation   total 109248K, used 78874K [0x00000000e0000000, 0x00000000e8000000, 0x00000000e8000000)
  eden space 87424K,  65% used [0x00000000e0000000, 0x00000000e37b68e8, 0x00000000e5560000)
  from space 21824K, 100% used [0x00000000e5560000, 0x00000000e6ab0000, 0x00000000e6ab0000)
  to   space 21824K,   0% used [0x00000000e6ab0000, 0x00000000e6ab0000, 0x00000000e8000000)
 concurrent mark-sweep generation total 393216K, used 49126K [0x00000000e8000000, 0x0000000100000000, 0x0000000100000000)
 Metaspace       used 44657K, capacity 45888K, committed 45992K, reserved 1089536K
  class space    used 5025K, capacity 5345K, committed 5364K, reserved 1048576K
2017-07-04T14:30:39.050+0200: 140,583: [GC (CMS Final Remark) 2017-07-04T14:30:39.050+0200: 140,583: [ParNew
Desired survivor size 20112992 bytes, new threshold 8 (max 8)
- age   1:     391952 bytes,     391952 total
- age   2:     156192 bytes,     548144 total
- age   3:    5658016 bytes,    6206160 total
- age   4:     110648 bytes,    6316808 total
- age   5:     153776 bytes,    6470584 total
- age   6:    2792624 bytes,    9263208 total
- age   7:    1313296 bytes,   10576504 total
: 78874K->16989K(109248K), 0,0889060 secs] 128001K->71419K(502464K), 0,0891750 secs] [Times: user=0,04 sys=0,00, real=0,09 secs] 
Heap after GC invocations=23 (full 2):
 par new generation   total 109248K, used 16989K [0x00000000e0000000, 0x00000000e8000000, 0x00000000e8000000)
  eden space 87424K,   0% used [0x00000000e0000000, 0x00000000e0000000, 0x00000000e5560000)
  from space 21824K,  77% used [0x00000000e6ab0000, 0x00000000e7b477c0, 0x00000000e8000000)
  to   space 21824K,   0% used [0x00000000e5560000, 0x00000000e5560000, 0x00000000e6ab0000)
 concurrent mark-sweep generation total 393216K, used 54429K [0x00000000e8000000, 0x0000000100000000, 0x0000000100000000)
 Metaspace       used 44657K, capacity 45888K, committed 45992K, reserved 1089536K
  class space    used 5025K, capacity 5345K, committed 5364K, reserved 1048576K
}
2017-07-04T14:30:39.139+0200: 140,672: [Rescan (parallel) , 0,0278883 secs]2017-07-04T14:30:39.167+0200: 140,700: [weak refs processing, 0,0170027 secs]2017-07-04T14:30:39.184+0200: 140,717: [class unloading, 0,0270453 secs]2017-07-04T14:30:39.211+0200: 140,744: [scrub symbol table, 0,0361838 secs]2017-07-04T14:30:39.248+0200: 140,780: [scrub string table, 0,0290845 secs][1 CMS-remark: 54429K(393216K)] 71419K(502464K), 0,2318470 secs] [Times: user=0,09 sys=0,00, real=0,23 secs] 
2017-07-04T14:30:39.282+0200: 140,815: Total time for which application threads were stopped: 0,2421474 seconds, Stopping threads took: 0,0094457 seconds
2017-07-04T14:30:39.300+0200: 140,833: [CMS-concurrent-sweep-start]
2017-07-04T14:30:39.307+0200: 140,840: Total time for which application threads were stopped: 0,0022441 seconds, Stopping threads took: 0,0016134 seconds
2017-07-04T14:30:39.395+0200: 140,928: Total time for which application threads were stopped: 0,0233410 seconds, Stopping threads took: 0,0227436 seconds
2017-07-04T14:30:39.400+0200: 140,932: [CMS-concurrent-sweep: 0,076/0,100 secs] [Times: user=0,06 sys=0,00, real=0,10 secs] 
2017-07-04T14:30:39.460+0200: 140,993: [CMS-concurrent-reset-start]
2017-07-04T14:30:39.461+0200: 140,993: [CMS-concurrent-reset: 0,001/0,001 secs] [Times: user=0,00 sys=0,00, real=0,00 secs] 
{Heap before GC invocations=23 (full 2):
 par new generation   total 109248K, used 104413K [0x00000000e0000000, 0x00000000e8000000, 0x00000000e8000000)
  eden space 87424K, 100% used [0x00000000e0000000, 0x00000000e5560000, 0x00000000e5560000)
  from space 21824K,  77% used [0x00000000e6ab0000, 0x00000000e7b477c0, 0x00000000e8000000)
  to   space 21824K,   0% used [0x00000000e5560000, 0x00000000e5560000, 0x00000000e6ab0000)
 concurrent mark-sweep generation total 393216K, used 43364K [0x00000000e8000000, 0x0000000100000000, 0x0000000100000000)
 Metaspace       used 44802K, capacity 45982K, committed 46376K, reserved 1089536K
  class space    used 5040K, capacity 5376K, committed 5492K, reserved 1048576K
2017-07-04T14:30:39.594+0200: 141,127: [GC (Allocation Failure) 2017-07-04T14:30:39.594+0200: 141,127: [ParNew
Desired survivor size 20112992 bytes, new threshold 8 (max 8)
- age   1:     776952 bytes,     776952 total
- age   2:      49152 bytes,     826104 total
- age   3:     154968 bytes,     981072 total
- age   4:    5653328 bytes,    6634400 total
- age   5:     110648 bytes,    6745048 total
- age   6:     153776 bytes,    6898824 total
- age   7:    5020864 bytes,   11919688 total
- age   8:    1280216 bytes,   13199904 total
: 104413K->16303K(109248K), 0,0391733 secs] 147778K->59668K(502464K), 0,0394554 secs] [Times: user=0,04 sys=0,00, real=0,04 secs] 
Heap after GC invocations=24 (full 2):
 par new generation   total 109248K, used 16303K [0x00000000e0000000, 0x00000000e8000000, 0x00000000e8000000)
  eden space 87424K,   0% used [0x00000000e0000000, 0x00000000e0000000, 0x00000000e5560000)
  from space 21824K,  74% used [0x00000000e5560000, 0x00000000e654bf80, 0x00000000e6ab0000)
  to   space 21824K,   0% used [0x00000000e6ab0000, 0x00000000e6ab0000, 0x00000000e8000000)
 concurrent mark-sweep generation total 393216K, used 43364K [0x00000000e8000000, 0x0000000100000000, 0x0000000100000000)
 Metaspace       used 44802K, capacity 45982K, committed 46376K, reserved 1089536K
  class space    used 5040K, capacity 5376K, committed 5492K, reserved 1048576K
}
2017-07-04T14:30:39.634+0200: 141,167: Total time for which application threads were stopped: 0,0433647 seconds, Stopping threads took: 0,0029958 seconds
2017-07-04T14:30:39.659+0200: 141,192: Total time for which application threads were stopped: 0,0053044 seconds, Stopping threads took: 0,0047021 seconds
2017-07-04T14:30:39.685+0200: 141,217: Total time for which application threads were stopped: 0,0038025 seconds, Stopping threads took: 0,0023373 seconds
2017-07-04T14:30:39.803+0200: 141,336: Total time for which application threads were stopped: 0,0101516 seconds, Stopping threads took: 0,0087976 seconds
{Heap before GC invocations=24 (full 2):
 par new generation   total 109248K, used 103727K [0x00000000e0000000, 0x00000000e8000000, 0x00000000e8000000)
  eden space 87424K, 100% used [0x00000000e0000000, 0x00000000e5560000, 0x00000000e5560000)
  from space 21824K,  74% used [0x00000000e5560000, 0x00000000e654bf80, 0x00000000e6ab0000)
  to   space 21824K,   0% used [0x00000000e6ab0000, 0x00000000e6ab0000, 0x00000000e8000000)
 concurrent mark-sweep generation total 393216K, used 43364K [0x00000000e8000000, 0x0000000100000000, 0x0000000100000000)
 Metaspace       used 45051K, capacity 46244K, committed 46448K, reserved 1089536K
  class space    used 5068K, capacity 5377K, committed 5492K, reserved 1048576K
2017-07-04T14:30:39.909+0200: 141,442: [GC (Allocation Failure) 2017-07-04T14:30:39.909+0200: 141,442: [ParNew
Desired survivor size 20112992 bytes, new threshold 8 (max 8)
- age   1:     507504 bytes,     507504 total
- age   2:     152256 bytes,     659760 total
- age   3:      41664 bytes,     701424 total
- age   4:     149216 bytes,     850640 total
- age   5:    5653328 bytes,    6503968 total
- age   6:     110648 bytes,    6614616 total
- age   7:     153776 bytes,    6768392 total
- age   8:    2360624 bytes,    9129016 total
: 103727K->10767K(109248K), 0,0320706 secs] 147092K->55311K(502464K), 0,0324066 secs] [Times: user=0,03 sys=0,00, real=0,03 secs] 
Heap after GC invocations=25 (full 2):
 par new generation   total 109248K, used 10767K [0x00000000e0000000, 0x00000000e8000000, 0x00000000e8000000)
  eden space 87424K,   0% used [0x00000000e0000000, 0x00000000e0000000, 0x00000000e5560000)
  from space 21824K,  49% used [0x00000000e6ab0000, 0x00000000e7533d78, 0x00000000e8000000)
  to   space 21824K,   0% used [0x00000000e5560000, 0x00000000e5560000, 0x00000000e6ab0000)
 concurrent mark-sweep generation total 393216K, used 44544K [0x00000000e8000000, 0x0000000100000000, 0x0000000100000000)
 Metaspace       used 45051K, capacity 46244K, committed 46448K, reserved 1089536K
  class space    used 5068K, capacity 5377K, committed 5492K, reserved 1048576K
}
2017-07-04T14:30:39.942+0200: 141,474: Total time for which application threads were stopped: 0,0349873 seconds, Stopping threads took: 0,0016846 seconds
2017-07-04T14:30:40.117+0200: 141,649: Total time for which application threads were stopped: 0,0071556 seconds, Stopping threads took: 0,0064041 seconds
2017-07-04T14:30:40.143+0200: 141,675: Total time for which application threads were stopped: 0,0007803 seconds, Stopping threads took: 0,0001790 seconds
2017-07-04T14:30:40.152+0200: 141,684: Total time for which application threads were stopped: 0,0008117 seconds, Stopping threads took: 0,0001766 seconds
2017-07-04T14:30:40.156+0200: 141,689: Total time for which application threads were stopped: 0,0037098 seconds, Stopping threads took: 0,0031272 seconds
2017-07-04T14:30:40.174+0200: 141,707: Total time for which application threads were stopped: 0,0019702 seconds, Stopping threads took: 0,0013793 seconds
2017-07-04T14:30:40.183+0200: 141,716: Total time for which application threads were stopped: 0,0007866 seconds, Stopping threads took: 0,0001612 seconds
2017-07-04T14:30:40.191+0200: 141,724: Total time for which application threads were stopped: 0,0008519 seconds, Stopping threads took: 0,0001628 seconds
2017-07-04T14:30:40.198+0200: 141,730: Total time for which application threads were stopped: 0,0007324 seconds, Stopping threads took: 0,0001702 seconds
2017-07-04T14:30:40.205+0200: 141,737: Total time for which application threads were stopped: 0,0007110 seconds, Stopping threads took: 0,0001444 seconds
2017-07-04T14:30:40.205+0200: 141,738: Total time for which application threads were stopped: 0,0003320 seconds, Stopping threads took: 0,0000370 seconds
2017-07-04T14:30:40.222+0200: 141,755: Total time for which application threads were stopped: 0,0008248 seconds, Stopping threads took: 0,0002359 seconds
2017-07-04T14:30:40.223+0200: 141,755: Total time for which application threads were stopped: 0,0003405 seconds, Stopping threads took: 0,0000428 seconds
2017-07-04T14:30:40.227+0200: 141,760: Total time for which application threads were stopped: 0,0033921 seconds, Stopping threads took: 0,0003143 seconds
2017-07-04T14:30:40.228+0200: 141,760: Total time for which application threads were stopped: 0,0004979 seconds, Stopping threads took: 0,0000833 seconds
2017-07-04T14:30:40.229+0200: 141,762: Total time for which application threads were stopped: 0,0006380 seconds, Stopping threads took: 0,0001122 seconds
2017-07-04T14:30:40.236+0200: 141,769: Total time for which application threads were stopped: 0,0011044 seconds, Stopping threads took: 0,0002977 seconds
2017-07-04T14:30:40.249+0200: 141,781: Total time for which application threads were stopped: 0,0008461 seconds, Stopping threads took: 0,0001973 seconds
2017-07-04T14:30:40.249+0200: 141,782: Total time for which application threads were stopped: 0,0003301 seconds, Stopping threads took: 0,0000375 seconds
2017-07-04T14:30:40.249+0200: 141,782: Total time for which application threads were stopped: 0,0003285 seconds, Stopping threads took: 0,0000367 seconds
2017-07-04T14:30:40.250+0200: 141,782: Total time for which application threads were stopped: 0,0003739 seconds, Stopping threads took: 0,0000364 seconds
2017-07-04T14:30:40.255+0200: 141,788: Total time for which application threads were stopped: 0,0008387 seconds, Stopping threads took: 0,0001984 seconds
2017-07-04T14:30:40.256+0200: 141,788: Total time for which application threads were stopped: 0,0004484 seconds, Stopping threads took: 0,0000448 seconds
2017-07-04T14:30:40.256+0200: 141,789: Total time for which application threads were stopped: 0,0003506 seconds, Stopping threads took: 0,0000376 seconds
2017-07-04T14:30:40.265+0200: 141,798: Total time for which application threads were stopped: 0,0007648 seconds, Stopping threads took: 0,0001707 seconds
2017-07-04T14:30:40.265+0200: 141,798: Total time for which application threads were stopped: 0,0003584 seconds, Stopping threads took: 0,0000363 seconds
2017-07-04T14:30:40.266+0200: 141,798: Total time for which application threads were stopped: 0,0003205 seconds, Stopping threads took: 0,0000353 seconds
2017-07-04T14:30:40.266+0200: 141,799: Total time for which application threads were stopped: 0,0003005 seconds, Stopping threads took: 0,0000349 seconds
2017-07-04T14:30:40.268+0200: 141,800: Total time for which application threads were stopped: 0,0017169 seconds, Stopping threads took: 0,0000346 seconds
2017-07-04T14:30:40.273+0200: 141,805: Total time for which application threads were stopped: 0,0005768 seconds, Stopping threads took: 0,0000810 seconds
2017-07-04T14:30:40.281+0200: 141,813: Total time for which application threads were stopped: 0,0007389 seconds, Stopping threads took: 0,0001770 seconds
2017-07-04T14:30:40.360+0200: 141,893: Total time for which application threads were stopped: 0,0007502 seconds, Stopping threads took: 0,0001697 seconds
2017-07-04T14:30:40.363+0200: 141,895: Total time for which application threads were stopped: 0,0005371 seconds, Stopping threads took: 0,0000900 seconds
2017-07-04T14:30:40.363+0200: 141,896: Total time for which application threads were stopped: 0,0003176 seconds, Stopping threads took: 0,0000426 seconds
2017-07-04T14:30:40.363+0200: 141,896: Total time for which application threads were stopped: 0,0003183 seconds, Stopping threads took: 0,0000420 seconds
2017-07-04T14:30:40.369+0200: 141,902: Total time for which application threads were stopped: 0,0007686 seconds, Stopping threads took: 0,0001995 seconds
2017-07-04T14:30:40.370+0200: 141,902: Total time for which application threads were stopped: 0,0003253 seconds, Stopping threads took: 0,0000355 seconds
2017-07-04T14:30:40.371+0200: 141,904: Total time for which application threads were stopped: 0,0005064 seconds, Stopping threads took: 0,0000944 seconds
2017-07-04T14:30:40.375+0200: 141,908: Total time for which application threads were stopped: 0,0010373 seconds, Stopping threads took: 0,0002741 seconds
2017-07-04T14:30:40.381+0200: 141,914: Total time for which application threads were stopped: 0,0007859 seconds, Stopping threads took: 0,0001916 seconds
2017-07-04T14:30:40.382+0200: 141,914: Total time for which application threads were stopped: 0,0003756 seconds, Stopping threads took: 0,0000361 seconds
2017-07-04T14:30:40.382+0200: 141,915: Total time for which application threads were stopped: 0,0003035 seconds, Stopping threads took: 0,0000360 seconds
2017-07-04T14:30:40.382+0200: 141,915: Total time for which application threads were stopped: 0,0003133 seconds, Stopping threads took: 0,0000355 seconds
2017-07-04T14:30:40.383+0200: 141,915: Total time for which application threads were stopped: 0,0003137 seconds, Stopping threads took: 0,0000357 seconds
2017-07-04T14:30:40.383+0200: 141,916: Total time for which application threads were stopped: 0,0002978 seconds, Stopping threads took: 0,0000353 seconds
2017-07-04T14:30:40.383+0200: 141,916: Total time for which application threads were stopped: 0,0003070 seconds, Stopping threads took: 0,0000339 seconds
2017-07-04T14:30:40.384+0200: 141,916: Total time for which application threads were stopped: 0,0003199 seconds, Stopping threads took: 0,0000343 seconds
2017-07-04T14:30:40.384+0200: 141,917: Total time for which application threads were stopped: 0,0003232 seconds, Stopping threads took: 0,0000344 seconds
2017-07-04T14:30:40.385+0200: 141,917: Total time for which application threads were stopped: 0,0003025 seconds, Stopping threads took: 0,0000347 seconds
2017-07-04T14:30:40.393+0200: 141,926: Total time for which application threads were stopped: 0,0007957 seconds, Stopping threads took: 0,0002116 seconds
2017-07-04T14:30:40.396+0200: 141,929: Total time for which application threads were stopped: 0,0010442 seconds, Stopping threads took: 0,0002077 seconds
2017-07-04T14:30:40.402+0200: 141,935: Total time for which application threads were stopped: 0,0040679 seconds, Stopping threads took: 0,0000918 seconds
2017-07-04T14:30:40.412+0200: 141,945: Total time for which application threads were stopped: 0,0007945 seconds, Stopping threads took: 0,0001966 seconds
2017-07-04T14:30:40.419+0200: 141,952: Total time for which application threads were stopped: 0,0008257 seconds, Stopping threads took: 0,0001574 seconds
2017-07-04T14:30:40.430+0200: 141,963: Total time for which application threads were stopped: 0,0007793 seconds, Stopping threads took: 0,0001779 seconds
2017-07-04T14:30:40.497+0200: 142,030: Total time for which application threads were stopped: 0,0007818 seconds, Stopping threads took: 0,0001709 seconds
2017-07-04T14:30:40.498+0200: 142,031: Total time for which application threads were stopped: 0,0004012 seconds, Stopping threads took: 0,0000431 seconds
2017-07-04T14:30:40.499+0200: 142,032: Total time for which application threads were stopped: 0,0003949 seconds, Stopping threads took: 0,0000424 seconds
2017-07-04T14:30:40.537+0200: 142,070: Total time for which application threads were stopped: 0,0007971 seconds, Stopping threads took: 0,0001947 seconds
2017-07-04T14:30:40.538+0200: 142,070: Total time for which application threads were stopped: 0,0003778 seconds, Stopping threads took: 0,0000443 seconds
2017-07-04T14:30:40.543+0200: 142,076: Total time for which application threads were stopped: 0,0006683 seconds, Stopping threads took: 0,0001372 seconds
2017-07-04T14:30:40.726+0200: 142,259: Total time for which application threads were stopped: 0,0009285 seconds, Stopping threads took: 0,0002126 seconds
2017-07-04T14:30:40.727+0200: 142,260: Total time for which application threads were stopped: 0,0004217 seconds, Stopping threads took: 0,0000600 seconds
2017-07-04T14:30:40.728+0200: 142,260: Total time for which application threads were stopped: 0,0004392 seconds, Stopping threads took: 0,0000383 seconds
2017-07-04T14:30:40.733+0200: 142,266: Total time for which application threads were stopped: 0,0007774 seconds, Stopping threads took: 0,0001765 seconds
2017-07-04T14:30:40.934+0200: 142,466: Total time for which application threads were stopped: 0,0016700 seconds, Stopping threads took: 0,0010619 seconds
2017-07-04T14:30:40.934+0200: 142,467: Total time for which application threads were stopped: 0,0003550 seconds, Stopping threads took: 0,0000448 seconds
2017-07-04T14:30:40.935+0200: 142,467: Total time for which application threads were stopped: 0,0003139 seconds, Stopping threads took: 0,0000429 seconds
2017-07-04T14:30:40.938+0200: 142,471: Total time for which application threads were stopped: 0,0006158 seconds, Stopping threads took: 0,0001168 seconds
2017-07-04T14:30:40.938+0200: 142,471: Total time for which application threads were stopped: 0,0003328 seconds, Stopping threads took: 0,0000372 seconds
2017-07-04T14:30:40.944+0200: 142,477: Total time for which application threads were stopped: 0,0007735 seconds, Stopping threads took: 0,0001883 seconds
2017-07-04T14:30:40.950+0200: 142,482: Total time for which application threads were stopped: 0,0007919 seconds, Stopping threads took: 0,0001951 seconds
2017-07-04T14:30:40.950+0200: 142,483: Total time for which application threads were stopped: 0,0003711 seconds, Stopping threads took: 0,0000434 seconds
2017-07-04T14:30:40.951+0200: 142,483: Total time for which application threads were stopped: 0,0003058 seconds, Stopping threads took: 0,0000357 seconds
2017-07-04T14:30:40.951+0200: 142,484: Total time for which application threads were stopped: 0,0003035 seconds, Stopping threads took: 0,0000356 seconds
2017-07-04T14:30:40.951+0200: 142,484: Total time for which application threads were stopped: 0,0003505 seconds, Stopping threads took: 0,0000345 seconds
2017-07-04T14:30:40.952+0200: 142,484: Total time for which application threads were stopped: 0,0003836 seconds, Stopping threads took: 0,0000351 seconds
2017-07-04T14:30:40.952+0200: 142,485: Total time for which application threads were stopped: 0,0005187 seconds, Stopping threads took: 0,0000346 seconds
2017-07-04T14:30:40.954+0200: 142,486: Total time for which application threads were stopped: 0,0010567 seconds, Stopping threads took: 0,0000814 seconds
2017-07-04T14:30:40.965+0200: 142,497: Total time for which application threads were stopped: 0,0008254 seconds, Stopping threads took: 0,0001987 seconds
2017-07-04T14:30:40.968+0200: 142,501: Total time for which application threads were stopped: 0,0005471 seconds, Stopping threads took: 0,0000741 seconds
2017-07-04T14:30:40.969+0200: 142,501: Total time for which application threads were stopped: 0,0004574 seconds, Stopping threads took: 0,0000497 seconds
2017-07-04T14:30:40.969+0200: 142,502: Total time for which application threads were stopped: 0,0003593 seconds, Stopping threads took: 0,0000365 seconds
2017-07-04T14:30:40.970+0200: 142,502: Total time for which application threads were stopped: 0,0003233 seconds, Stopping threads took: 0,0000360 seconds
2017-07-04T14:30:40.972+0200: 142,504: Total time for which application threads were stopped: 0,0019687 seconds, Stopping threads took: 0,0000373 seconds
2017-07-04T14:30:40.976+0200: 142,509: Total time for which application threads were stopped: 0,0006949 seconds, Stopping threads took: 0,0001269 seconds
2017-07-04T14:30:40.978+0200: 142,511: Total time for which application threads were stopped: 0,0006160 seconds, Stopping threads took: 0,0001077 seconds
2017-07-04T14:30:41.049+0200: 142,581: Total time for which application threads were stopped: 0,0015588 seconds, Stopping threads took: 0,0002058 seconds
2017-07-04T14:30:41.169+0200: 142,701: Total time for which application threads were stopped: 0,0007901 seconds, Stopping threads took: 0,0001696 seconds
2017-07-04T14:30:41.197+0200: 142,730: Total time for which application threads were stopped: 0,0064665 seconds, Stopping threads took: 0,0049567 seconds
2017-07-04T14:30:41.252+0200: 142,785: Total time for which application threads were stopped: 0,0008083 seconds, Stopping threads took: 0,0001773 seconds
2017-07-04T14:30:41.473+0200: 143,006: Total time for which application threads were stopped: 0,0007847 seconds, Stopping threads took: 0,0001830 seconds
2017-07-04T14:30:41.474+0200: 143,006: Total time for which application threads were stopped: 0,0003352 seconds, Stopping threads took: 0,0000381 seconds
2017-07-04T14:30:41.474+0200: 143,006: Total time for which application threads were stopped: 0,0003249 seconds, Stopping threads took: 0,0000366 seconds
2017-07-04T14:30:41.475+0200: 143,007: Total time for which application threads were stopped: 0,0003426 seconds, Stopping threads took: 0,0000401 seconds
2017-07-04T14:30:41.475+0200: 143,008: Total time for which application threads were stopped: 0,0003113 seconds, Stopping threads took: 0,0000370 seconds
2017-07-04T14:30:41.475+0200: 143,008: Total time for which application threads were stopped: 0,0003161 seconds, Stopping threads took: 0,0000359 seconds
2017-07-04T14:30:41.476+0200: 143,009: Total time for which application threads were stopped: 0,0003714 seconds, Stopping threads took: 0,0000732 seconds
2017-07-04T14:30:41.478+0200: 143,011: Total time for which application threads were stopped: 0,0004582 seconds, Stopping threads took: 0,0000585 seconds
2017-07-04T14:30:41.480+0200: 143,013: Total time for which application threads were stopped: 0,0004943 seconds, Stopping threads took: 0,0000578 seconds
2017-07-04T14:30:41.486+0200: 143,019: Total time for which application threads were stopped: 0,0005776 seconds, Stopping threads took: 0,0000880 seconds
2017-07-04T14:30:41.507+0200: 143,039: Total time for which application threads were stopped: 0,0008147 seconds, Stopping threads took: 0,0001727 seconds
{Heap before GC invocations=25 (full 2):
 par new generation   total 109248K, used 98182K [0x00000000e0000000, 0x00000000e8000000, 0x00000000e8000000)
  eden space 87424K,  99% used [0x00000000e0000000, 0x00000000e555ddc0, 0x00000000e5560000)
  from space 21824K,  49% used [0x00000000e6ab0000, 0x00000000e7533d78, 0x00000000e8000000)
  to   space 21824K,   0% used [0x00000000e5560000, 0x00000000e5560000, 0x00000000e6ab0000)
 concurrent mark-sweep generation total 393216K, used 44544K [0x00000000e8000000, 0x0000000100000000, 0x0000000100000000)
 Metaspace       used 47510K, capacity 48808K, committed 49008K, reserved 1093632K
  class space    used 5316K, capacity 5645K, committed 5748K, reserved 1048576K
2017-07-04T14:30:42.043+0200: 143,576: [GC (Allocation Failure) 2017-07-04T14:30:42.043+0200: 143,576: [ParNew
Desired survivor size 20112992 bytes, new threshold 8 (max 8)
- age   1:   10714792 bytes,   10714792 total
- age   2:     150992 bytes,   10865784 total
- age   3:     151464 bytes,   11017248 total
- age   4:      40872 bytes,   11058120 total
- age   5:      62272 bytes,   11120392 total
- age   6:    3884392 bytes,   15004784 total
- age   7:     110584 bytes,   15115368 total
- age   8:     153632 bytes,   15269000 total
: 98182K->17274K(109248K), 0,0398424 secs] 142727K->64127K(502464K), 0,0401373 secs] [Times: user=0,04 sys=0,00, real=0,04 secs] 
Heap after GC invocations=26 (full 2):
 par new generation   total 109248K, used 17274K [0x00000000e0000000, 0x00000000e8000000, 0x00000000e8000000)
  eden space 87424K,   0% used [0x00000000e0000000, 0x00000000e0000000, 0x00000000e5560000)
  from space 21824K,  79% used [0x00000000e5560000, 0x00000000e663ea38, 0x00000000e6ab0000)
  to   space 21824K,   0% used [0x00000000e6ab0000, 0x00000000e6ab0000, 0x00000000e8000000)
 concurrent mark-sweep generation total 393216K, used 46852K [0x00000000e8000000, 0x0000000100000000, 0x0000000100000000)
 Metaspace       used 47510K, capacity 48808K, committed 49008K, reserved 1093632K
  class space    used 5316K, capacity 5645K, committed 5748K, reserved 1048576K
}
2017-07-04T14:30:42.083+0200: 143,616: Total time for which application threads were stopped: 0,0412033 seconds, Stopping threads took: 0,0002067 seconds
2017-07-04T14:30:42.088+0200: 143,621: Total time for which application threads were stopped: 0,0007406 seconds, Stopping threads took: 0,0001212 seconds
2017-07-04T14:30:42.092+0200: 143,624: Total time for which application threads were stopped: 0,0005145 seconds, Stopping threads took: 0,0000852 seconds
2017-07-04T14:30:42.094+0200: 143,626: Total time for which application threads were stopped: 0,0005381 seconds, Stopping threads took: 0,0000715 seconds
2017-07-04T14:30:42.097+0200: 143,630: Total time for which application threads were stopped: 0,0005520 seconds, Stopping threads took: 0,0000748 seconds
2017-07-04T14:30:42.102+0200: 143,635: Total time for which application threads were stopped: 0,0006024 seconds, Stopping threads took: 0,0000957 seconds
2017-07-04T14:30:42.107+0200: 143,640: Total time for which application threads were stopped: 0,0035857 seconds, Stopping threads took: 0,0000430 seconds
2017-07-04T14:30:42.121+0200: 143,654: Total time for which application threads were stopped: 0,0008244 seconds, Stopping threads took: 0,0001922 seconds
{Heap before GC invocations=26 (full 2):
 par new generation   total 109248K, used 104698K [0x00000000e0000000, 0x00000000e8000000, 0x00000000e8000000)
  eden space 87424K, 100% used [0x00000000e0000000, 0x00000000e5560000, 0x00000000e5560000)
  from space 21824K,  79% used [0x00000000e5560000, 0x00000000e663ea38, 0x00000000e6ab0000)
  to   space 21824K,   0% used [0x00000000e6ab0000, 0x00000000e6ab0000, 0x00000000e8000000)
 concurrent mark-sweep generation total 393216K, used 46852K [0x00000000e8000000, 0x0000000100000000, 0x0000000100000000)
 Metaspace       used 47531K, capacity 48820K, committed 49008K, reserved 1093632K
  class space    used 5317K, capacity 5647K, committed 5748K, reserved 1048576K
2017-07-04T14:30:42.373+0200: 143,906: [GC (Allocation Failure) 2017-07-04T14:30:42.374+0200: 143,906: [ParNew
Desired survivor size 20112992 bytes, new threshold 8 (max 8)
- age   1:    2048320 bytes,    2048320 total
- age   2:    7382248 bytes,    9430568 total
- age   3:     150992 bytes,    9581560 total
- age   4:     151432 bytes,    9732992 total
- age   5:      40872 bytes,    9773864 total
- age   6:      62272 bytes,    9836136 total
- age   7:    3883272 bytes,   13719408 total
- age   8:     110552 bytes,   13829960 total
: 104698K->15942K(109248K), 0,1358870 secs] 151551K->62947K(502464K), 0,1362170 secs] [Times: user=0,03 sys=0,00, real=0,14 secs] 
Heap after GC invocations=27 (full 2):
 par new generation   total 109248K, used 15942K [0x00000000e0000000, 0x00000000e8000000, 0x00000000e8000000)
  eden space 87424K,   0% used [0x00000000e0000000, 0x00000000e0000000, 0x00000000e5560000)
  from space 21824K,  73% used [0x00000000e6ab0000, 0x00000000e7a418e8, 0x00000000e8000000)
  to   space 21824K,   0% used [0x00000000e5560000, 0x00000000e5560000, 0x00000000e6ab0000)
 concurrent mark-sweep generation total 393216K, used 47005K [0x00000000e8000000, 0x0000000100000000, 0x0000000100000000)
 Metaspace       used 47531K, capacity 48820K, committed 49008K, reserved 1093632K
  class space    used 5317K, capacity 5647K, committed 5748K, reserved 1048576K
}
2017-07-04T14:30:42.510+0200: 144,043: Total time for which application threads were stopped: 0,1460544 seconds, Stopping threads took: 0,0088838 seconds
{Heap before GC invocations=27 (full 2):
 par new generation   total 109248K, used 103366K [0x00000000e0000000, 0x00000000e8000000, 0x00000000e8000000)
  eden space 87424K, 100% used [0x00000000e0000000, 0x00000000e5560000, 0x00000000e5560000)
  from space 21824K,  73% used [0x00000000e6ab0000, 0x00000000e7a418e8, 0x00000000e8000000)
  to   space 21824K,   0% used [0x00000000e5560000, 0x00000000e5560000, 0x00000000e6ab0000)
 concurrent mark-sweep generation total 393216K, used 47005K [0x00000000e8000000, 0x0000000100000000, 0x0000000100000000)
 Metaspace       used 47532K, capacity 48820K, committed 49008K, reserved 1093632K
  class space    used 5317K, capacity 5647K, committed 5748K, reserved 1048576K
2017-07-04T14:30:42.664+0200: 144,197: [GC (Allocation Failure) 2017-07-04T14:30:42.665+0200: 144,197: [ParNew
Desired survivor size 20112992 bytes, new threshold 8 (max 8)
- age   1:     388152 bytes,     388152 total
- age   2:    1954464 bytes,    2342616 total
- age   3:    7382248 bytes,    9724864 total
- age   4:     150992 bytes,    9875856 total
- age   5:     151432 bytes,   10027288 total
- age   6:      40872 bytes,   10068160 total
- age   7:      62272 bytes,   10130432 total
- age   8:    3883272 bytes,   14013704 total
: 103366K->19976K(109248K), 0,0553096 secs] 150371K->67091K(502464K), 0,0556268 secs] [Times: user=0,03 sys=0,00, real=0,05 secs] 
Heap after GC invocations=28 (full 2):
 par new generation   total 109248K, used 19976K [0x00000000e0000000, 0x00000000e8000000, 0x00000000e8000000)
  eden space 87424K,   0% used [0x00000000e0000000, 0x00000000e0000000, 0x00000000e5560000)
  from space 21824K,  91% used [0x00000000e5560000, 0x00000000e68e2310, 0x00000000e6ab0000)
  to   space 21824K,   0% used [0x00000000e6ab0000, 0x00000000e6ab0000, 0x00000000e8000000)
 concurrent mark-sweep generation total 393216K, used 47115K [0x00000000e8000000, 0x0000000100000000, 0x0000000100000000)
 Metaspace       used 47532K, capacity 48820K, committed 49008K, reserved 1093632K
  class space    used 5317K, capacity 5647K, committed 5748K, reserved 1048576K
}
2017-07-04T14:30:42.720+0200: 144,253: Total time for which application threads were stopped: 0,0759171 seconds, Stopping threads took: 0,0193784 seconds
{Heap before GC invocations=28 (full 2):
 par new generation   total 109248K, used 107400K [0x00000000e0000000, 0x00000000e8000000, 0x00000000e8000000)
  eden space 87424K, 100% used [0x00000000e0000000, 0x00000000e5560000, 0x00000000e5560000)
  from space 21824K,  91% used [0x00000000e5560000, 0x00000000e68e2310, 0x00000000e6ab0000)
  to   space 21824K,   0% used [0x00000000e6ab0000, 0x00000000e6ab0000, 0x00000000e8000000)
 concurrent mark-sweep generation total 393216K, used 47115K [0x00000000e8000000, 0x0000000100000000, 0x0000000100000000)
 Metaspace       used 47536K, capacity 48826K, committed 49008K, reserved 1093632K
  class space    used 5317K, capacity 5648K, committed 5748K, reserved 1048576K
2017-07-04T14:30:42.929+0200: 144,461: [GC (Allocation Failure) 2017-07-04T14:30:42.929+0200: 144,461: [ParNew
Desired survivor size 20112992 bytes, new threshold 8 (max 8)
- age   1:     580824 bytes,     580824 total
- age   2:      76160 bytes,     656984 total
- age   3:    1954352 bytes,    2611336 total
- age   4:    7381672 bytes,    9993008 total
- age   5:     150992 bytes,   10144000 total
- age   6:     151432 bytes,   10295432 total
- age   7:      40872 bytes,   10336304 total
- age   8:      62240 bytes,   10398544 total
: 107400K->14807K(109248K), 0,0822540 secs] 154515K->65770K(502464K), 0,0825607 secs] [Times: user=0,04 sys=0,00, real=0,08 secs] 
Heap after GC invocations=29 (full 2):
 par new generation   total 109248K, used 14807K [0x00000000e0000000, 0x00000000e8000000, 0x00000000e8000000)
  eden space 87424K,   0% used [0x00000000e0000000, 0x00000000e0000000, 0x00000000e5560000)
  from space 21824K,  67% used [0x00000000e6ab0000, 0x00000000e7925e10, 0x00000000e8000000)
  to   space 21824K,   0% used [0x00000000e5560000, 0x00000000e5560000, 0x00000000e6ab0000)
 concurrent mark-sweep generation total 393216K, used 50963K [0x00000000e8000000, 0x0000000100000000, 0x0000000100000000)
 Metaspace       used 47536K, capacity 48826K, committed 49008K, reserved 1093632K
  class space    used 5317K, capacity 5648K, committed 5748K, reserved 1048576K
}
2017-07-04T14:30:43.012+0200: 144,544: Total time for which application threads were stopped: 0,1063777 seconds, Stopping threads took: 0,0229531 seconds
2017-07-04T14:30:43.520+0200: 145,052: Total time for which application threads were stopped: 0,0013392 seconds, Stopping threads took: 0,0003399 seconds
2017-07-04T14:30:43.529+0200: 145,062: Total time for which application threads were stopped: 0,0010636 seconds, Stopping threads took: 0,0001954 seconds
2017-07-04T14:30:43.531+0200: 145,063: Total time for which application threads were stopped: 0,0008145 seconds, Stopping threads took: 0,0000984 seconds
2017-07-04T14:30:43.547+0200: 145,080: Total time for which application threads were stopped: 0,0031419 seconds, Stopping threads took: 0,0021315 seconds
{Heap before GC invocations=29 (full 2):
 par new generation   total 109248K, used 102226K [0x00000000e0000000, 0x00000000e8000000, 0x00000000e8000000)
  eden space 87424K,  99% used [0x00000000e0000000, 0x00000000e555ece0, 0x00000000e5560000)
  from space 21824K,  67% used [0x00000000e6ab0000, 0x00000000e7925e10, 0x00000000e8000000)
  to   space 21824K,   0% used [0x00000000e5560000, 0x00000000e5560000, 0x00000000e6ab0000)
 concurrent mark-sweep generation total 393216K, used 50963K [0x00000000e8000000, 0x0000000100000000, 0x0000000100000000)
 Metaspace       used 47613K, capacity 48904K, committed 49008K, reserved 1093632K
  class space    used 5325K, capacity 5661K, committed 5748K, reserved 1048576K
2017-07-04T14:30:43.565+0200: 145,098: [GC (Allocation Failure) 2017-07-04T14:30:43.565+0200: 145,098: [ParNew
Desired survivor size 20112992 bytes, new threshold 8 (max 8)
- age   1:    3352904 bytes,    3352904 total
- age   2:     101448 bytes,    3454352 total
- age   3:      74288 bytes,    3528640 total
- age   4:     650960 bytes,    4179600 total
- age   5:    5671560 bytes,    9851160 total
- age   6:     150992 bytes,   10002152 total
- age   7:     151432 bytes,   10153584 total
- age   8:      40872 bytes,   10194456 total
: 102226K->13327K(109248K), 0,0431057 secs] 153189K->64354K(502464K), 0,0434184 secs] [Times: user=0,03 sys=0,00, real=0,04 secs] 
Heap after GC invocations=30 (full 2):
 par new generation   total 109248K, used 13327K [0x00000000e0000000, 0x00000000e8000000, 0x00000000e8000000)
  eden space 87424K,   0% used [0x00000000e0000000, 0x00000000e0000000, 0x00000000e5560000)
  from space 21824K,  61% used [0x00000000e5560000, 0x00000000e6263ef0, 0x00000000e6ab0000)
  to   space 21824K,   0% used [0x00000000e6ab0000, 0x00000000e6ab0000, 0x00000000e8000000)
 concurrent mark-sweep generation total 393216K, used 51026K [0x00000000e8000000, 0x0000000100000000, 0x0000000100000000)
 Metaspace       used 47613K, capacity 48904K, committed 49008K, reserved 1093632K
  class space    used 5325K, capacity 5661K, committed 5748K, reserved 1048576K
}
2017-07-04T14:30:43.609+0200: 145,142: Total time for which application threads were stopped: 0,0446291 seconds, Stopping threads took: 0,0002034 seconds
2017-07-04T14:30:43.618+0200: 145,151: Total time for which application threads were stopped: 0,0012512 seconds, Stopping threads took: 0,0006664 seconds
2017-07-04T14:30:43.622+0200: 145,154: Total time for which application threads were stopped: 0,0020742 seconds, Stopping threads took: 0,0014912 seconds
2017-07-04T14:30:43.671+0200: 145,204: Total time for which application threads were stopped: 0,0293806 seconds, Stopping threads took: 0,0272087 seconds
2017-07-04T14:30:43.939+0200: 145,471: Total time for which application threads were stopped: 0,0009146 seconds, Stopping threads took: 0,0002754 seconds
2017-07-04T14:30:43.969+0200: 145,502: Total time for which application threads were stopped: 0,0207112 seconds, Stopping threads took: 0,0201004 seconds
2017-07-04T14:30:44.058+0200: 145,590: Total time for which application threads were stopped: 0,0015739 seconds, Stopping threads took: 0,0001749 seconds
2017-07-04T14:30:44.130+0200: 145,663: Total time for which application threads were stopped: 0,0008085 seconds, Stopping threads took: 0,0002033 seconds
2017-07-04T14:30:44.131+0200: 145,663: Total time for which application threads were stopped: 0,0003574 seconds, Stopping threads took: 0,0000457 seconds
2017-07-04T14:30:44.131+0200: 145,664: Total time for which application threads were stopped: 0,0003278 seconds, Stopping threads took: 0,0000451 seconds
2017-07-04T14:30:44.131+0200: 145,664: Total time for which application threads were stopped: 0,0003426 seconds, Stopping threads took: 0,0000423 seconds
2017-07-04T14:30:44.132+0200: 145,664: Total time for which application threads were stopped: 0,0003754 seconds, Stopping threads took: 0,0000421 seconds
2017-07-04T14:30:44.132+0200: 145,665: Total time for which application threads were stopped: 0,0003048 seconds, Stopping threads took: 0,0000346 seconds
2017-07-04T14:30:44.132+0200: 145,665: Total time for which application threads were stopped: 0,0003063 seconds, Stopping threads took: 0,0000354 seconds
2017-07-04T14:30:44.133+0200: 145,665: Total time for which application threads were stopped: 0,0003330 seconds, Stopping threads took: 0,0000347 seconds
2017-07-04T14:30:44.133+0200: 145,666: Total time for which application threads were stopped: 0,0003295 seconds, Stopping threads took: 0,0000342 seconds
2017-07-04T14:30:44.133+0200: 145,666: Total time for which application threads were stopped: 0,0002984 seconds, Stopping threads took: 0,0000342 seconds
2017-07-04T14:30:44.134+0200: 145,666: Total time for which application threads were stopped: 0,0003279 seconds, Stopping threads took: 0,0000338 seconds
2017-07-04T14:30:44.134+0200: 145,667: Total time for which application threads were stopped: 0,0003331 seconds, Stopping threads took: 0,0000340 seconds
2017-07-04T14:30:44.134+0200: 145,667: Total time for which application threads were stopped: 0,0002949 seconds, Stopping threads took: 0,0000340 seconds
2017-07-04T14:30:44.135+0200: 145,667: Total time for which application threads were stopped: 0,0003247 seconds, Stopping threads took: 0,0000336 seconds
2017-07-04T14:30:44.135+0200: 145,668: Total time for which application threads were stopped: 0,0003256 seconds, Stopping threads took: 0,0000341 seconds
2017-07-04T14:30:44.135+0200: 145,668: Total time for which application threads were stopped: 0,0003041 seconds, Stopping threads took: 0,0000345 seconds
2017-07-04T14:30:44.136+0200: 145,668: Total time for which application threads were stopped: 0,0003353 seconds, Stopping threads took: 0,0000336 seconds
2017-07-04T14:30:44.140+0200: 145,672: Total time for which application threads were stopped: 0,0004475 seconds, Stopping threads took: 0,0000587 seconds
2017-07-04T14:30:44.140+0200: 145,673: Total time for which application threads were stopped: 0,0003230 seconds, Stopping threads took: 0,0000336 seconds
2017-07-04T14:30:44.142+0200: 145,674: Total time for which application threads were stopped: 0,0017661 seconds, Stopping threads took: 0,0000339 seconds
2017-07-04T14:30:44.146+0200: 145,678: Total time for which application threads were stopped: 0,0006311 seconds, Stopping threads took: 0,0001022 seconds
2017-07-04T14:30:44.920+0200: 146,453: Total time for which application threads were stopped: 0,0019462 seconds, Stopping threads took: 0,0002229 seconds
2017-07-04T14:30:45.689+0200: 147,222: Total time for which application threads were stopped: 0,0134219 seconds, Stopping threads took: 0,0127523 seconds
{Heap before GC invocations=30 (full 2):
 par new generation   total 109248K, used 100751K [0x00000000e0000000, 0x00000000e8000000, 0x00000000e8000000)
  eden space 87424K, 100% used [0x00000000e0000000, 0x00000000e5560000, 0x00000000e5560000)
  from space 21824K,  61% used [0x00000000e5560000, 0x00000000e6263ef0, 0x00000000e6ab0000)
  to   space 21824K,   0% used [0x00000000e6ab0000, 0x00000000e6ab0000, 0x00000000e8000000)
 concurrent mark-sweep generation total 393216K, used 51026K [0x00000000e8000000, 0x0000000100000000, 0x0000000100000000)
 Metaspace       used 52927K, capacity 54204K, committed 54384K, reserved 1097728K
  class space    used 5885K, capacity 6207K, committed 6260K, reserved 1048576K
2017-07-04T14:30:45.757+0200: 147,289: [GC (Allocation Failure) 2017-07-04T14:30:45.757+0200: 147,289: [ParNew
Desired survivor size 20112992 bytes, new threshold 8 (max 8)
- age   1:   11471912 bytes,   11471912 total
- age   2:    2863024 bytes,   14334936 total
- age   3:     100872 bytes,   14435808 total
- age   4:      74288 bytes,   14510096 total
- age   5:     607928 bytes,   15118024 total
- age   6:    4334200 bytes,   19452224 total
- age   7:     136584 bytes,   19588808 total
- age   8:     150760 bytes,   19739568 total
: 100751K->20856K(109248K), 0,0774046 secs] 151778K->71923K(502464K), 0,0777466 secs] [Times: user=0,04 sys=0,00, real=0,07 secs] 
Heap after GC invocations=31 (full 2):
 par new generation   total 109248K, used 20856K [0x00000000e0000000, 0x00000000e8000000, 0x00000000e8000000)
  eden space 87424K,   0% used [0x00000000e0000000, 0x00000000e0000000, 0x00000000e5560000)
  from space 21824K,  95% used [0x00000000e6ab0000, 0x00000000e7f0e300, 0x00000000e8000000)
  to   space 21824K,   0% used [0x00000000e5560000, 0x00000000e5560000, 0x00000000e6ab0000)
 concurrent mark-sweep generation total 393216K, used 51066K [0x00000000e8000000, 0x0000000100000000, 0x0000000100000000)
 Metaspace       used 52927K, capacity 54204K, committed 54384K, reserved 1097728K
  class space    used 5885K, capacity 6207K, committed 6260K, reserved 1048576K
}
2017-07-04T14:30:45.835+0200: 147,367: Total time for which application threads were stopped: 0,0814122 seconds, Stopping threads took: 0,0027445 seconds
{Heap before GC invocations=31 (full 2):
 par new generation   total 109248K, used 108280K [0x00000000e0000000, 0x00000000e8000000, 0x00000000e8000000)
  eden space 87424K, 100% used [0x00000000e0000000, 0x00000000e5560000, 0x00000000e5560000)
  from space 21824K,  95% used [0x00000000e6ab0000, 0x00000000e7f0e300, 0x00000000e8000000)
  to   space 21824K,   0% used [0x00000000e5560000, 0x00000000e5560000, 0x00000000e6ab0000)
 concurrent mark-sweep generation total 393216K, used 51066K [0x00000000e8000000, 0x0000000100000000, 0x0000000100000000)
 Metaspace       used 52930K, capacity 54204K, committed 54384K, reserved 1097728K
  class space    used 5885K, capacity 6207K, committed 6260K, reserved 1048576K
2017-07-04T14:30:45.956+0200: 147,488: [GC (Allocation Failure) 2017-07-04T14:30:45.956+0200: 147,488: [ParNew
Desired survivor size 20112992 bytes, new threshold 8 (max 8)
- age   1:     465648 bytes,     465648 total
- age   2:    7410144 bytes,    7875792 total
- age   3:    2863024 bytes,   10738816 total
- age   4:     100872 bytes,   10839688 total
- age   5:      74288 bytes,   10913976 total
- age   6:     607928 bytes,   11521904 total
- age   7:    4333240 bytes,   15855144 total
- age   8:     136584 bytes,   15991728 total
: 108280K->21824K(109248K), 0,0602233 secs] 159347K->73040K(502464K), 0,0605112 secs] [Times: user=0,03 sys=0,00, real=0,07 secs] 
Heap after GC invocations=32 (full 2):
 par new generation   total 109248K, used 21824K [0x00000000e0000000, 0x00000000e8000000, 0x00000000e8000000)
  eden space 87424K,   0% used [0x00000000e0000000, 0x00000000e0000000, 0x00000000e5560000)
  from space 21824K, 100% used [0x00000000e5560000, 0x00000000e6ab0000, 0x00000000e6ab0000)
  to   space 21824K,   0% used [0x00000000e6ab0000, 0x00000000e6ab0000, 0x00000000e8000000)
 concurrent mark-sweep generation total 393216K, used 51216K [0x00000000e8000000, 0x0000000100000000, 0x0000000100000000)
 Metaspace       used 52930K, capacity 54204K, committed 54384K, reserved 1097728K
  class space    used 5885K, capacity 6207K, committed 6260K, reserved 1048576K
}
2017-07-04T14:30:46.016+0200: 147,549: Total time for which application threads were stopped: 0,0644277 seconds, Stopping threads took: 0,0030957 seconds
{Heap before GC invocations=32 (full 2):
 par new generation   total 109248K, used 109248K [0x00000000e0000000, 0x00000000e8000000, 0x00000000e8000000)
  eden space 87424K, 100% used [0x00000000e0000000, 0x00000000e5560000, 0x00000000e5560000)
  from space 21824K, 100% used [0x00000000e5560000, 0x00000000e6ab0000, 0x00000000e6ab0000)
  to   space 21824K,   0% used [0x00000000e6ab0000, 0x00000000e6ab0000, 0x00000000e8000000)
 concurrent mark-sweep generation total 393216K, used 51216K [0x00000000e8000000, 0x0000000100000000, 0x0000000100000000)
 Metaspace       used 52930K, capacity 54204K, committed 54384K, reserved 1097728K
  class space    used 5885K, capacity 6207K, committed 6260K, reserved 1048576K
2017-07-04T14:30:46.157+0200: 147,689: [GC (Allocation Failure) 2017-07-04T14:30:46.157+0200: 147,689: [ParNew
Desired survivor size 20112992 bytes, new threshold 8 (max 8)
- age   1:     704320 bytes,     704320 total
- age   2:     262856 bytes,     967176 total
- age   3:    7409640 bytes,    8376816 total
- age   4:    2863024 bytes,   11239840 total
- age   5:     100872 bytes,   11340712 total
- age   6:      74288 bytes,   11415000 total
- age   7:     607928 bytes,   12022928 total
- age   8:    4333240 bytes,   16356168 total
: 109248K->21824K(109248K), 0,0916583 secs] 160464K->73176K(502464K), 0,0919581 secs] [Times: user=0,04 sys=0,00, real=0,09 secs] 
Heap after GC invocations=33 (full 2):
 par new generation   total 109248K, used 21824K [0x00000000e0000000, 0x00000000e8000000, 0x00000000e8000000)
  eden space 87424K,   0% used [0x00000000e0000000, 0x00000000e0000000, 0x00000000e5560000)
  from space 21824K, 100% used [0x00000000e6ab0000, 0x00000000e8000000, 0x00000000e8000000)
  to   space 21824K,   0% used [0x00000000e5560000, 0x00000000e5560000, 0x00000000e6ab0000)
 concurrent mark-sweep generation total 393216K, used 51352K [0x00000000e8000000, 0x0000000100000000, 0x0000000100000000)
 Metaspace       used 52930K, capacity 54204K, committed 54384K, reserved 1097728K
  class space    used 5885K, capacity 6207K, committed 6260K, reserved 1048576K
}
2017-07-04T14:30:46.249+0200: 147,781: Total time for which application threads were stopped: 0,1125887 seconds, Stopping threads took: 0,0197993 seconds
{Heap before GC invocations=33 (full 2):
 par new generation   total 109248K, used 109248K [0x00000000e0000000, 0x00000000e8000000, 0x00000000e8000000)
  eden space 87424K, 100% used [0x00000000e0000000, 0x00000000e5560000, 0x00000000e5560000)
  from space 21824K, 100% used [0x00000000e6ab0000, 0x00000000e8000000, 0x00000000e8000000)
  to   space 21824K,   0% used [0x00000000e5560000, 0x00000000e5560000, 0x00000000e6ab0000)
 concurrent mark-sweep generation total 393216K, used 51352K [0x00000000e8000000, 0x0000000100000000, 0x0000000100000000)
 Metaspace       used 52931K, capacity 54204K, committed 54384K, reserved 1097728K
  class space    used 5885K, capacity 6207K, committed 6260K, reserved 1048576K
2017-07-04T14:30:46.469+0200: 148,002: [GC (Allocation Failure) 2017-07-04T14:30:46.469+0200: 148,002: [ParNew
Desired survivor size 20112992 bytes, new threshold 8 (max 8)
- age   1:     288680 bytes,     288680 total
- age   2:      89328 bytes,     378008 total
- age   3:     262856 bytes,     640864 total
- age   4:    7409640 bytes,    8050504 total
- age   5:    2863024 bytes,   10913528 total
- age   6:     100872 bytes,   11014400 total
- age   7:      74288 bytes,   11088688 total
- age   8:     607928 bytes,   11696616 total
: 109248K->16877K(109248K), 0,0727992 secs] 160600K->72496K(502464K), 0,0730932 secs] [Times: user=0,04 sys=0,00, real=0,07 secs] 
Heap after GC invocations=34 (full 2):
 par new generation   total 109248K, used 16877K [0x00000000e0000000, 0x00000000e8000000, 0x00000000e8000000)
  eden space 87424K,   0% used [0x00000000e0000000, 0x00000000e0000000, 0x00000000e5560000)
  from space 21824K,  77% used [0x00000000e5560000, 0x00000000e65db7c0, 0x00000000e6ab0000)
  to   space 21824K,   0% used [0x00000000e6ab0000, 0x00000000e6ab0000, 0x00000000e8000000)
 concurrent mark-sweep generation total 393216K, used 55618K [0x00000000e8000000, 0x0000000100000000, 0x0000000100000000)
 Metaspace       used 52931K, capacity 54204K, committed 54384K, reserved 1097728K
  class space    used 5885K, capacity 6207K, committed 6260K, reserved 1048576K
}
2017-07-04T14:30:46.542+0200: 148,075: Total time for which application threads were stopped: 0,0741267 seconds, Stopping threads took: 0,0002061 seconds
2017-07-04T14:30:46.634+0200: 148,166: Total time for which application threads were stopped: 0,0141296 seconds, Stopping threads took: 0,0135455 seconds
2017-07-04T14:30:46.653+0200: 148,186: Total time for which application threads were stopped: 0,0007796 seconds, Stopping threads took: 0,0001821 seconds
2017-07-04T14:30:46.665+0200: 148,197: Total time for which application threads were stopped: 0,0050539 seconds, Stopping threads took: 0,0044698 seconds
2017-07-04T14:30:47.141+0200: 148,673: Total time for which application threads were stopped: 0,0007964 seconds, Stopping threads took: 0,0001929 seconds
2017-07-04T14:30:47.141+0200: 148,674: Total time for which application threads were stopped: 0,0003493 seconds, Stopping threads took: 0,0000426 seconds
2017-07-04T14:30:47.142+0200: 148,674: Total time for which application threads were stopped: 0,0004335 seconds, Stopping threads took: 0,0000421 seconds
2017-07-04T14:30:47.142+0200: 148,675: Total time for which application threads were stopped: 0,0004401 seconds, Stopping threads took: 0,0000417 seconds
2017-07-04T14:30:47.145+0200: 148,678: Total time for which application threads were stopped: 0,0004008 seconds, Stopping threads took: 0,0000532 seconds
2017-07-04T14:30:47.145+0200: 148,678: Total time for which application threads were stopped: 0,0003162 seconds, Stopping threads took: 0,0000471 seconds
2017-07-04T14:30:47.146+0200: 148,678: Total time for which application threads were stopped: 0,0003222 seconds, Stopping threads took: 0,0000350 seconds
2017-07-04T14:30:47.146+0200: 148,679: Total time for which application threads were stopped: 0,0002941 seconds, Stopping threads took: 0,0000339 seconds
2017-07-04T14:30:47.152+0200: 148,684: Total time for which application threads were stopped: 0,0006042 seconds, Stopping threads took: 0,0001228 seconds
2017-07-04T14:30:47.152+0200: 148,685: Total time for which application threads were stopped: 0,0003485 seconds, Stopping threads took: 0,0000336 seconds
2017-07-04T14:30:47.152+0200: 148,685: Total time for which application threads were stopped: 0,0003022 seconds, Stopping threads took: 0,0000339 seconds
2017-07-04T14:30:47.161+0200: 148,693: Total time for which application threads were stopped: 0,0006939 seconds, Stopping threads took: 0,0001677 seconds
2017-07-04T14:30:47.173+0200: 148,705: Total time for which application threads were stopped: 0,0007382 seconds, Stopping threads took: 0,0001707 seconds
2017-07-04T14:30:47.173+0200: 148,706: Total time for which application threads were stopped: 0,0003157 seconds, Stopping threads took: 0,0000340 seconds
2017-07-04T14:30:47.173+0200: 148,706: Total time for which application threads were stopped: 0,0003056 seconds, Stopping threads took: 0,0000333 seconds
2017-07-04T14:30:47.174+0200: 148,706: Total time for which application threads were stopped: 0,0002955 seconds, Stopping threads took: 0,0000341 seconds
2017-07-04T14:30:47.174+0200: 148,707: Total time for which application threads were stopped: 0,0003086 seconds, Stopping threads took: 0,0000336 seconds
2017-07-04T14:30:47.174+0200: 148,707: Total time for which application threads were stopped: 0,0002951 seconds, Stopping threads took: 0,0000330 seconds
2017-07-04T14:30:47.175+0200: 148,707: Total time for which application threads were stopped: 0,0003430 seconds, Stopping threads took: 0,0000342 seconds
2017-07-04T14:30:47.180+0200: 148,712: Total time for which application threads were stopped: 0,0018361 seconds, Stopping threads took: 0,0000605 seconds
2017-07-04T14:30:47.200+0200: 148,732: Total time for which application threads were stopped: 0,0008173 seconds, Stopping threads took: 0,0001879 seconds
2017-07-04T14:30:47.215+0200: 148,747: Total time for which application threads were stopped: 0,0059638 seconds, Stopping threads took: 0,0003432 seconds
2017-07-04T14:30:47.516+0200: 149,049: Total time for which application threads were stopped: 0,0008362 seconds, Stopping threads took: 0,0001861 seconds
2017-07-04T14:30:47.517+0200: 149,049: Total time for which application threads were stopped: 0,0003762 seconds, Stopping threads took: 0,0000414 seconds
{Heap before GC invocations=34 (full 2):
 par new generation   total 109248K, used 104301K [0x00000000e0000000, 0x00000000e8000000, 0x00000000e8000000)
  eden space 87424K, 100% used [0x00000000e0000000, 0x00000000e5560000, 0x00000000e5560000)
  from space 21824K,  77% used [0x00000000e5560000, 0x00000000e65db7c0, 0x00000000e6ab0000)
  to   space 21824K,   0% used [0x00000000e6ab0000, 0x00000000e6ab0000, 0x00000000e8000000)
 concurrent mark-sweep generation total 393216K, used 55618K [0x00000000e8000000, 0x0000000100000000, 0x0000000100000000)
 Metaspace       used 54019K, capacity 55260K, committed 55536K, reserved 1097728K
  class space    used 5987K, capacity 6303K, committed 6388K, reserved 1048576K
2017-07-04T14:30:47.572+0200: 149,105: [GC (Allocation Failure) 2017-07-04T14:30:47.572+0200: 149,105: [ParNew
Desired survivor size 20112992 bytes, new threshold 8 (max 8)
- age   1:    4272752 bytes,    4272752 total
- age   2:      91728 bytes,    4364480 total
- age   3:      87576 bytes,    4452056 total
- age   4:      42760 bytes,    4494816 total
- age   5:    6263016 bytes,   10757832 total
- age   6:    1134136 bytes,   11891968 total
- age   7:     100840 bytes,   11992808 total
- age   8:      74288 bytes,   12067096 total
: 104301K->15982K(109248K), 0,0354171 secs] 159920K->72203K(502464K), 0,0356983 secs] [Times: user=0,04 sys=0,00, real=0,04 secs] 
Heap after GC invocations=35 (full 2):
 par new generation   total 109248K, used 15982K [0x00000000e0000000, 0x00000000e8000000, 0x00000000e8000000)
  eden space 87424K,   0% used [0x00000000e0000000, 0x00000000e0000000, 0x00000000e5560000)
  from space 21824K,  73% used [0x00000000e6ab0000, 0x00000000e7a4bb90, 0x00000000e8000000)
  to   space 21824K,   0% used [0x00000000e5560000, 0x00000000e5560000, 0x00000000e6ab0000)
 concurrent mark-sweep generation total 393216K, used 56220K [0x00000000e8000000, 0x0000000100000000, 0x0000000100000000)
 Metaspace       used 54019K, capacity 55260K, committed 55536K, reserved 1097728K
  class space    used 5987K, capacity 6303K, committed 6388K, reserved 1048576K
}
2017-07-04T14:30:47.608+0200: 149,141: Total time for which application threads were stopped: 0,0367813 seconds, Stopping threads took: 0,0002022 seconds
2017-07-04T14:30:47.614+0200: 149,147: Total time for which application threads were stopped: 0,0020451 seconds, Stopping threads took: 0,0013485 seconds
2017-07-04T14:30:47.959+0200: 149,492: Total time for which application threads were stopped: 0,0007806 seconds, Stopping threads took: 0,0001760 seconds
2017-07-04T14:30:47.973+0200: 149,506: Total time for which application threads were stopped: 0,0007702 seconds, Stopping threads took: 0,0001991 seconds
2017-07-04T14:30:48.069+0200: 149,602: Total time for which application threads were stopped: 0,0007479 seconds, Stopping threads took: 0,0001822 seconds
2017-07-04T14:30:48.133+0200: 149,666: Total time for which application threads were stopped: 0,0007824 seconds, Stopping threads took: 0,0001978 seconds
2017-07-04T14:30:48.134+0200: 149,666: Total time for which application threads were stopped: 0,0003675 seconds, Stopping threads took: 0,0000452 seconds
2017-07-04T14:30:48.149+0200: 149,681: Total time for which application threads were stopped: 0,0007535 seconds, Stopping threads took: 0,0001747 seconds
2017-07-04T14:30:48.150+0200: 149,682: Total time for which application threads were stopped: 0,0003868 seconds, Stopping threads took: 0,0000368 seconds
2017-07-04T14:30:48.150+0200: 149,683: Total time for which application threads were stopped: 0,0003363 seconds, Stopping threads took: 0,0000348 seconds
2017-07-04T14:30:48.222+0200: 149,755: Total time for which application threads were stopped: 0,0007986 seconds, Stopping threads took: 0,0002019 seconds
2017-07-04T14:30:48.242+0200: 149,774: Total time for which application threads were stopped: 0,0010661 seconds, Stopping threads took: 0,0001804 seconds
2017-07-04T14:30:48.371+0200: 149,904: Total time for which application threads were stopped: 0,0008390 seconds, Stopping threads took: 0,0001842 seconds
2017-07-04T14:30:48.377+0200: 149,910: Total time for which application threads were stopped: 0,0008098 seconds, Stopping threads took: 0,0001461 seconds
2017-07-04T14:30:48.429+0200: 149,962: Total time for which application threads were stopped: 0,0131525 seconds, Stopping threads took: 0,0125449 seconds
{Heap before GC invocations=35 (full 2):
 par new generation   total 109248K, used 103406K [0x00000000e0000000, 0x00000000e8000000, 0x00000000e8000000)
  eden space 87424K, 100% used [0x00000000e0000000, 0x00000000e5560000, 0x00000000e5560000)
  from space 21824K,  73% used [0x00000000e6ab0000, 0x00000000e7a4bb90, 0x00000000e8000000)
  to   space 21824K,   0% used [0x00000000e5560000, 0x00000000e5560000, 0x00000000e6ab0000)
 concurrent mark-sweep generation total 393216K, used 56220K [0x00000000e8000000, 0x0000000100000000, 0x0000000100000000)
 Metaspace       used 54681K, capacity 56004K, committed 56176K, reserved 1099776K
  class space    used 6066K, capacity 6399K, committed 6516K, reserved 1048576K
2017-07-04T14:30:48.511+0200: 150,044: [GC (Allocation Failure) 2017-07-04T14:30:48.511+0200: 150,044: [ParNew
Desired survivor size 20112992 bytes, new threshold 8 (max 8)
- age   1:    8422728 bytes,    8422728 total
- age   2:    2344656 bytes,   10767384 total
- age   3:      91728 bytes,   10859112 total
- age   4:      87576 bytes,   10946688 total
- age   5:      42760 bytes,   10989448 total
- age   6:    6255976 bytes,   17245424 total
- age   7:    1133592 bytes,   18379016 total
- age   8:     100840 bytes,   18479856 total
: 103406K->21060K(109248K), 0,0729113 secs] 159627K->77356K(502464K), 0,0732508 secs] [Times: user=0,03 sys=0,00, real=0,08 secs] 
Heap after GC invocations=36 (full 2):
 par new generation   total 109248K, used 21060K [0x00000000e0000000, 0x00000000e8000000, 0x00000000e8000000)
  eden space 87424K,   0% used [0x00000000e0000000, 0x00000000e0000000, 0x00000000e5560000)
  from space 21824K,  96% used [0x00000000e5560000, 0x00000000e69f13b0, 0x00000000e6ab0000)
  to   space 21824K,   0% used [0x00000000e6ab0000, 0x00000000e6ab0000, 0x00000000e8000000)
 concurrent mark-sweep generation total 393216K, used 56295K [0x00000000e8000000, 0x0000000100000000, 0x0000000100000000)
 Metaspace       used 54681K, capacity 56004K, committed 56176K, reserved 1099776K
  class space    used 6066K, capacity 6399K, committed 6516K, reserved 1048576K
}
2017-07-04T14:30:48.584+0200: 150,117: Total time for which application threads were stopped: 0,1002611 seconds, Stopping threads took: 0,0261880 seconds
2017-07-04T14:30:48.769+0200: 150,302: Total time for which application threads were stopped: 0,0191515 seconds, Stopping threads took: 0,0185117 seconds
{Heap before GC invocations=36 (full 2):
 par new generation   total 109248K, used 108484K [0x00000000e0000000, 0x00000000e8000000, 0x00000000e8000000)
  eden space 87424K, 100% used [0x00000000e0000000, 0x00000000e5560000, 0x00000000e5560000)
  from space 21824K,  96% used [0x00000000e5560000, 0x00000000e69f13b0, 0x00000000e6ab0000)
  to   space 21824K,   0% used [0x00000000e6ab0000, 0x00000000e6ab0000, 0x00000000e8000000)
 concurrent mark-sweep generation total 393216K, used 56295K [0x00000000e8000000, 0x0000000100000000, 0x0000000100000000)
 Metaspace       used 54701K, capacity 56004K, committed 56176K, reserved 1099776K
  class space    used 6068K, capacity 6399K, committed 6516K, reserved 1048576K
2017-07-04T14:30:48.787+0200: 150,319: [GC (Allocation Failure) 2017-07-04T14:30:48.787+0200: 150,319: [ParNew
Desired survivor size 20112992 bytes, new threshold 8 (max 8)
- age   1:     133456 bytes,     133456 total
- age   2:    6730768 bytes,    6864224 total
- age   3:    1827512 bytes,    8691736 total
- age   4:      91728 bytes,    8783464 total
- age   5:      87576 bytes,    8871040 total
- age   6:      42760 bytes,    8913800 total
- age   7:    4784592 bytes,   13698392 total
- age   8:    1133592 bytes,   14831984 total
: 108484K->21824K(109248K), 0,0466230 secs] 164780K->78219K(502464K), 0,0469370 secs] [Times: user=0,04 sys=0,00, real=0,04 secs] 
Heap after GC invocations=37 (full 2):
 par new generation   total 109248K, used 21824K [0x00000000e0000000, 0x00000000e8000000, 0x00000000e8000000)
  eden space 87424K,   0% used [0x00000000e0000000, 0x00000000e0000000, 0x00000000e5560000)
  from space 21824K, 100% used [0x00000000e6ab0000, 0x00000000e8000000, 0x00000000e8000000)
  to   space 21824K,   0% used [0x00000000e5560000, 0x00000000e5560000, 0x00000000e6ab0000)
 concurrent mark-sweep generation total 393216K, used 56395K [0x00000000e8000000, 0x0000000100000000, 0x0000000100000000)
 Metaspace       used 54701K, capacity 56004K, committed 56176K, reserved 1099776K
  class space    used 6068K, capacity 6399K, committed 6516K, reserved 1048576K
}
2017-07-04T14:30:48.834+0200: 150,366: Total time for which application threads were stopped: 0,0536410 seconds, Stopping threads took: 0,0057265 seconds
2017-07-04T14:30:48.845+0200: 150,378: Total time for which application threads were stopped: 0,0019954 seconds, Stopping threads took: 0,0014160 seconds
2017-07-04T14:30:48.853+0200: 150,386: Total time for which application threads were stopped: 0,0051399 seconds, Stopping threads took: 0,0045309 seconds
{Heap before GC invocations=37 (full 2):
 par new generation   total 109248K, used 109248K [0x00000000e0000000, 0x00000000e8000000, 0x00000000e8000000)
  eden space 87424K, 100% used [0x00000000e0000000, 0x00000000e5560000, 0x00000000e5560000)
  from space 21824K, 100% used [0x00000000e6ab0000, 0x00000000e8000000, 0x00000000e8000000)
  to   space 21824K,   0% used [0x00000000e5560000, 0x00000000e5560000, 0x00000000e6ab0000)
 concurrent mark-sweep generation total 393216K, used 56395K [0x00000000e8000000, 0x0000000100000000, 0x0000000100000000)
 Metaspace       used 54718K, capacity 56004K, committed 56176K, reserved 1099776K
  class space    used 6068K, capacity 6399K, committed 6516K, reserved 1048576K
2017-07-04T14:30:49.042+0200: 150,575: [GC (Allocation Failure) 2017-07-04T14:30:49.042+0200: 150,575: [ParNew
Desired survivor size 20112992 bytes, new threshold 8 (max 8)
- age   1:     645672 bytes,     645672 total
- age   2:      53368 bytes,     699040 total
- age   3:    6557840 bytes,    7256880 total
- age   4:    1826936 bytes,    9083816 total
- age   5:      91728 bytes,    9175544 total
- age   6:      87576 bytes,    9263120 total
- age   7:      42760 bytes,    9305880 total
- age   8:    3623784 bytes,   12929664 total
: 109248K->16607K(109248K), 0,0550384 secs] 165643K->74119K(502464K), 0,0553695 secs] [Times: user=0,03 sys=0,00, real=0,06 secs] 
Heap after GC invocations=38 (full 2):
 par new generation   total 109248K, used 16607K [0x00000000e0000000, 0x00000000e8000000, 0x00000000e8000000)
  eden space 87424K,   0% used [0x00000000e0000000, 0x00000000e0000000, 0x00000000e5560000)
  from space 21824K,  76% used [0x00000000e5560000, 0x00000000e6597c70, 0x00000000e6ab0000)
  to   space 21824K,   0% used [0x00000000e6ab0000, 0x00000000e6ab0000, 0x00000000e8000000)
 concurrent mark-sweep generation total 393216K, used 57512K [0x00000000e8000000, 0x0000000100000000, 0x0000000100000000)
 Metaspace       used 54718K, capacity 56004K, committed 56176K, reserved 1099776K
  class space    used 6068K, capacity 6399K, committed 6516K, reserved 1048576K
}
2017-07-04T14:30:49.098+0200: 150,630: Total time for which application threads were stopped: 0,0563950 seconds, Stopping threads took: 0,0001800 seconds
{Heap before GC invocations=38 (full 2):
 par new generation   total 109248K, used 104031K [0x00000000e0000000, 0x00000000e8000000, 0x00000000e8000000)
  eden space 87424K, 100% used [0x00000000e0000000, 0x00000000e5560000, 0x00000000e5560000)
  from space 21824K,  76% used [0x00000000e5560000, 0x00000000e6597c70, 0x00000000e6ab0000)
  to   space 21824K,   0% used [0x00000000e6ab0000, 0x00000000e6ab0000, 0x00000000e8000000)
 concurrent mark-sweep generation total 393216K, used 57512K [0x00000000e8000000, 0x0000000100000000, 0x0000000100000000)
 Metaspace       used 54718K, capacity 56004K, committed 56176K, reserved 1099776K
  class space    used 6068K, capacity 6399K, committed 6516K, reserved 1048576K
2017-07-04T14:30:49.384+0200: 150,917: [GC (Allocation Failure) 2017-07-04T14:30:49.384+0200: 150,917: [ParNew
Desired survivor size 20112992 bytes, new threshold 8 (max 8)
- age   1:     337648 bytes,     337648 total
- age   2:     266408 bytes,     604056 total
- age   3:      53368 bytes,     657424 total
- age   4:    6557744 bytes,    7215168 total
- age   5:    1826936 bytes,    9042104 total
- age   6:      91728 bytes,    9133832 total
- age   7:      87576 bytes,    9221408 total
- age   8:      42760 bytes,    9264168 total
: 104031K->14805K(109248K), 0,0453293 secs] 161543K->75912K(502464K), 0,0456057 secs] [Times: user=0,04 sys=0,00, real=0,04 secs] 
Heap after GC invocations=39 (full 2):
 par new generation   total 109248K, used 14805K [0x00000000e0000000, 0x00000000e8000000, 0x00000000e8000000)
  eden space 87424K,   0% used [0x00000000e0000000, 0x00000000e0000000, 0x00000000e5560000)
  from space 21824K,  67% used [0x00000000e6ab0000, 0x00000000e79255f8, 0x00000000e8000000)
  to   space 21824K,   0% used [0x00000000e5560000, 0x00000000e5560000, 0x00000000e6ab0000)
 concurrent mark-sweep generation total 393216K, used 61106K [0x00000000e8000000, 0x0000000100000000, 0x0000000100000000)
 Metaspace       used 54718K, capacity 56004K, committed 56176K, reserved 1099776K
  class space    used 6068K, capacity 6399K, committed 6516K, reserved 1048576K
}
2017-07-04T14:30:49.430+0200: 150,963: Total time for which application threads were stopped: 0,0487696 seconds, Stopping threads took: 0,0023847 seconds
2017-07-04T14:30:49.866+0200: 151,399: Total time for which application threads were stopped: 0,0007855 seconds, Stopping threads took: 0,0001914 seconds
2017-07-04T14:30:49.983+0200: 151,516: Total time for which application threads were stopped: 0,0007871 seconds, Stopping threads took: 0,0001783 seconds
2017-07-04T14:30:50.644+0200: 152,176: Total time for which application threads were stopped: 0,0022355 seconds, Stopping threads took: 0,0001941 seconds
2017-07-04T14:30:50.645+0200: 152,178: Total time for which application threads were stopped: 0,0004859 seconds, Stopping threads took: 0,0000467 seconds
2017-07-04T14:30:50.653+0200: 152,185: Total time for which application threads were stopped: 0,0007733 seconds, Stopping threads took: 0,0001861 seconds
2017-07-04T14:30:50.656+0200: 152,189: Total time for which application threads were stopped: 0,0003449 seconds, Stopping threads took: 0,0000482 seconds
2017-07-04T14:30:50.681+0200: 152,213: Total time for which application threads were stopped: 0,0009122 seconds, Stopping threads took: 0,0003460 seconds
2017-07-04T14:30:50.689+0200: 152,221: Total time for which application threads were stopped: 0,0006815 seconds, Stopping threads took: 0,0001397 seconds
2017-07-04T14:30:50.689+0200: 152,222: Total time for which application threads were stopped: 0,0003242 seconds, Stopping threads took: 0,0000363 seconds
2017-07-04T14:30:50.689+0200: 152,222: Total time for which application threads were stopped: 0,0002930 seconds, Stopping threads took: 0,0000356 seconds
2017-07-04T14:30:50.691+0200: 152,224: Total time for which application threads were stopped: 0,0003860 seconds, Stopping threads took: 0,0000541 seconds
2017-07-04T14:30:50.692+0200: 152,224: Total time for which application threads were stopped: 0,0003255 seconds, Stopping threads took: 0,0000360 seconds
2017-07-04T14:30:50.697+0200: 152,229: Total time for which application threads were stopped: 0,0005022 seconds, Stopping threads took: 0,0000758 seconds
2017-07-04T14:30:50.745+0200: 152,278: Total time for which application threads were stopped: 0,0007575 seconds, Stopping threads took: 0,0001818 seconds
2017-07-04T14:30:50.746+0200: 152,278: Total time for which application threads were stopped: 0,0003522 seconds, Stopping threads took: 0,0000377 seconds
2017-07-04T14:30:50.746+0200: 152,279: Total time for which application threads were stopped: 0,0003435 seconds, Stopping threads took: 0,0000368 seconds
2017-07-04T14:30:50.747+0200: 152,279: Total time for which application threads were stopped: 0,0003297 seconds, Stopping threads took: 0,0000361 seconds
2017-07-04T14:30:50.748+0200: 152,281: Total time for which application threads were stopped: 0,0017542 seconds, Stopping threads took: 0,0000359 seconds
2017-07-04T14:30:50.794+0200: 152,327: Total time for which application threads were stopped: 0,0009607 seconds, Stopping threads took: 0,0002069 seconds
2017-07-04T14:30:50.796+0200: 152,328: Total time for which application threads were stopped: 0,0005887 seconds, Stopping threads took: 0,0000566 seconds
2017-07-04T14:30:50.822+0200: 152,354: Total time for which application threads were stopped: 0,0008563 seconds, Stopping threads took: 0,0001828 seconds
2017-07-04T14:30:50.937+0200: 152,470: Total time for which application threads were stopped: 0,0113529 seconds, Stopping threads took: 0,0102384 seconds
2017-07-04T14:30:50.954+0200: 152,487: Total time for which application threads were stopped: 0,0114925 seconds, Stopping threads took: 0,0109098 seconds
2017-07-04T14:30:50.955+0200: 152,487: Total time for which application threads were stopped: 0,0003417 seconds, Stopping threads took: 0,0000574 seconds
2017-07-04T14:30:50.956+0200: 152,488: Total time for which application threads were stopped: 0,0003652 seconds, Stopping threads took: 0,0000367 seconds
2017-07-04T14:30:50.967+0200: 152,499: Total time for which application threads were stopped: 0,0008216 seconds, Stopping threads took: 0,0002049 seconds
2017-07-04T14:30:50.983+0200: 152,516: Total time for which application threads were stopped: 0,0009169 seconds, Stopping threads took: 0,0002320 seconds
2017-07-04T14:30:51.049+0200: 152,581: Total time for which application threads were stopped: 0,0304094 seconds, Stopping threads took: 0,0298019 seconds
2017-07-04T14:30:51.049+0200: 152,582: Total time for which application threads were stopped: 0,0003289 seconds, Stopping threads took: 0,0000420 seconds
2017-07-04T14:30:51.081+0200: 152,614: Total time for which application threads were stopped: 0,0209989 seconds, Stopping threads took: 0,0203543 seconds
2017-07-04T14:30:51.081+0200: 152,614: Total time for which application threads were stopped: 0,0003392 seconds, Stopping threads took: 0,0000489 seconds
2017-07-04T14:30:51.120+0200: 152,653: Total time for which application threads were stopped: 0,0017568 seconds, Stopping threads took: 0,0011290 seconds
2017-07-04T14:30:51.131+0200: 152,664: Total time for which application threads were stopped: 0,0007675 seconds, Stopping threads took: 0,0001803 seconds
2017-07-04T14:30:51.153+0200: 152,685: Total time for which application threads were stopped: 0,0009708 seconds, Stopping threads took: 0,0002031 seconds
2017-07-04T14:30:51.153+0200: 152,686: Total time for which application threads were stopped: 0,0005386 seconds, Stopping threads took: 0,0000390 seconds
2017-07-04T14:30:51.342+0200: 152,874: Total time for which application threads were stopped: 0,0015024 seconds, Stopping threads took: 0,0003862 seconds
2017-07-04T14:30:51.491+0200: 153,024: Total time for which application threads were stopped: 0,0010410 seconds, Stopping threads took: 0,0001824 seconds
2017-07-04T14:30:51.590+0200: 153,122: Total time for which application threads were stopped: 0,0008047 seconds, Stopping threads took: 0,0002086 seconds
2017-07-04T14:30:51.625+0200: 153,158: Total time for which application threads were stopped: 0,0010345 seconds, Stopping threads took: 0,0002543 seconds
2017-07-04T14:30:51.689+0200: 153,222: Total time for which application threads were stopped: 0,0089445 seconds, Stopping threads took: 0,0081602 seconds
2017-07-04T14:30:51.756+0200: 153,288: Total time for which application threads were stopped: 0,0039618 seconds, Stopping threads took: 0,0002205 seconds
2017-07-04T14:30:51.760+0200: 153,293: Total time for which application threads were stopped: 0,0041228 seconds, Stopping threads took: 0,0033566 seconds
2017-07-04T14:30:52.262+0200: 153,795: Total time for which application threads were stopped: 0,0008020 seconds, Stopping threads took: 0,0001769 seconds
2017-07-04T14:30:52.269+0200: 153,802: Total time for which application threads were stopped: 0,0008600 seconds, Stopping threads took: 0,0002180 seconds
2017-07-04T14:30:52.313+0200: 153,846: Total time for which application threads were stopped: 0,0169925 seconds, Stopping threads took: 0,0163602 seconds
2017-07-04T14:30:52.322+0200: 153,854: Total time for which application threads were stopped: 0,0007983 seconds, Stopping threads took: 0,0001906 seconds
{Heap before GC invocations=39 (full 2):
 par new generation   total 109248K, used 102229K [0x00000000e0000000, 0x00000000e8000000, 0x00000000e8000000)
  eden space 87424K, 100% used [0x00000000e0000000, 0x00000000e5560000, 0x00000000e5560000)
  from space 21824K,  67% used [0x00000000e6ab0000, 0x00000000e79255f8, 0x00000000e8000000)
  to   space 21824K,   0% used [0x00000000e5560000, 0x00000000e5560000, 0x00000000e6ab0000)
 concurrent mark-sweep generation total 393216K, used 61106K [0x00000000e8000000, 0x0000000100000000, 0x0000000100000000)
 Metaspace       used 55176K, capacity 56532K, committed 56688K, reserved 1099776K
  class space    used 6100K, capacity 6467K, committed 6516K, reserved 1048576K
2017-07-04T14:30:52.359+0200: 153,892: [GC (Allocation Failure) 2017-07-04T14:30:52.359+0200: 153,892: [ParNew
Desired survivor size 20112992 bytes, new threshold 8 (max 8)
- age   1:    9117424 bytes,    9117424 total
- age   2:      75968 bytes,    9193392 total
- age   3:     251120 bytes,    9444512 total
- age   4:      45424 bytes,    9489936 total
- age   5:    3450560 bytes,   12940496 total
- age   6:    1789808 bytes,   14730304 total
- age   7:      91728 bytes,   14822032 total
- age   8:      87576 bytes,   14909608 total
: 102229K->16603K(109248K), 0,0592876 secs] 163336K->77754K(502464K), 0,0595871 secs] [Times: user=0,04 sys=0,00, real=0,06 secs] 
Heap after GC invocations=40 (full 2):
 par new generation   total 109248K, used 16603K [0x00000000e0000000, 0x00000000e8000000, 0x00000000e8000000)
  eden space 87424K,   0% used [0x00000000e0000000, 0x00000000e0000000, 0x00000000e5560000)
  from space 21824K,  76% used [0x00000000e5560000, 0x00000000e6596fd0, 0x00000000e6ab0000)
  to   space 21824K,   0% used [0x00000000e6ab0000, 0x00000000e6ab0000, 0x00000000e8000000)
 concurrent mark-sweep generation total 393216K, used 61150K [0x00000000e8000000, 0x0000000100000000, 0x0000000100000000)
 Metaspace       used 55176K, capacity 56532K, committed 56688K, reserved 1099776K
  class space    used 6100K, capacity 6467K, committed 6516K, reserved 1048576K
}
2017-07-04T14:30:52.419+0200: 153,951: Total time for which application threads were stopped: 0,0628397 seconds, Stopping threads took: 0,0023217 seconds
{Heap before GC invocations=40 (full 2):
 par new generation   total 109248K, used 104027K [0x00000000e0000000, 0x00000000e8000000, 0x00000000e8000000)
  eden space 87424K, 100% used [0x00000000e0000000, 0x00000000e5560000, 0x00000000e5560000)
  from space 21824K,  76% used [0x00000000e5560000, 0x00000000e6596fd0, 0x00000000e6ab0000)
  to   space 21824K,   0% used [0x00000000e6ab0000, 0x00000000e6ab0000, 0x00000000e8000000)
 concurrent mark-sweep generation total 393216K, used 61150K [0x00000000e8000000, 0x0000000100000000, 0x0000000100000000)
 Metaspace       used 55192K, capacity 56556K, committed 56688K, reserved 1099776K
  class space    used 6102K, capacity 6471K, committed 6516K, reserved 1048576K
2017-07-04T14:30:52.547+0200: 154,079: [GC (Allocation Failure) 2017-07-04T14:30:52.547+0200: 154,079: [ParNew
Desired survivor size 20112992 bytes, new threshold 8 (max 8)
- age   1:     424176 bytes,     424176 total
- age   2:    8544744 bytes,    8968920 total
- age   3:      75968 bytes,    9044888 total
- age   4:     251120 bytes,    9296008 total
- age   5:      45424 bytes,    9341432 total
- age   6:    3450560 bytes,   12791992 total
- age   7:    1788880 bytes,   14580872 total
- age   8:      91728 bytes,   14672600 total
: 104027K->17845K(109248K), 0,0517421 secs] 165178K->79083K(502464K), 0,0520519 secs] [Times: user=0,03 sys=0,00, real=0,05 secs] 
Heap after GC invocations=41 (full 2):
 par new generation   total 109248K, used 17845K [0x00000000e0000000, 0x00000000e8000000, 0x00000000e8000000)
  eden space 87424K,   0% used [0x00000000e0000000, 0x00000000e0000000, 0x00000000e5560000)
  from space 21824K,  81% used [0x00000000e6ab0000, 0x00000000e7c1d510, 0x00000000e8000000)
  to   space 21824K,   0% used [0x00000000e5560000, 0x00000000e5560000, 0x00000000e6ab0000)
 concurrent mark-sweep generation total 393216K, used 61238K [0x00000000e8000000, 0x0000000100000000, 0x0000000100000000)
 Metaspace       used 55192K, capacity 56556K, committed 56688K, reserved 1099776K
  class space    used 6102K, capacity 6471K, committed 6516K, reserved 1048576K
}
2017-07-04T14:30:52.599+0200: 154,132: Total time for which application threads were stopped: 0,0530574 seconds, Stopping threads took: 0,0001809 seconds
{Heap before GC invocations=41 (full 2):
 par new generation   total 109248K, used 105269K [0x00000000e0000000, 0x00000000e8000000, 0x00000000e8000000)
  eden space 87424K, 100% used [0x00000000e0000000, 0x00000000e5560000, 0x00000000e5560000)
  from space 21824K,  81% used [0x00000000e6ab0000, 0x00000000e7c1d510, 0x00000000e8000000)
  to   space 21824K,   0% used [0x00000000e5560000, 0x00000000e5560000, 0x00000000e6ab0000)
 concurrent mark-sweep generation total 393216K, used 61238K [0x00000000e8000000, 0x0000000100000000, 0x0000000100000000)
 Metaspace       used 55232K, capacity 56622K, committed 56688K, reserved 1099776K
  class space    used 6108K, capacity 6482K, committed 6516K, reserved 1048576K
2017-07-04T14:30:52.770+0200: 154,303: [GC (Allocation Failure) 2017-07-04T14:30:52.771+0200: 154,303: [ParNew
Desired survivor size 20112992 bytes, new threshold 8 (max 8)
- age   1:     501816 bytes,     501816 total
- age   2:     253056 bytes,     754872 total
- age   3:    8511960 bytes,    9266832 total
- age   4:      75968 bytes,    9342800 total
- age   5:     251120 bytes,    9593920 total
- age   6:      45424 bytes,    9639344 total
- age   7:    3450560 bytes,   13089904 total
- age   8:    1788880 bytes,   14878784 total
: 105269K->21824K(109248K), 0,0638486 secs] 166507K->83154K(502464K), 0,0641237 secs] [Times: user=0,03 sys=0,00, real=0,06 secs] 
Heap after GC invocations=42 (full 2):
 par new generation   total 109248K, used 21824K [0x00000000e0000000, 0x00000000e8000000, 0x00000000e8000000)
  eden space 87424K,   0% used [0x00000000e0000000, 0x00000000e0000000, 0x00000000e5560000)
  from space 21824K, 100% used [0x00000000e5560000, 0x00000000e6ab0000, 0x00000000e6ab0000)
  to   space 21824K,   0% used [0x00000000e6ab0000, 0x00000000e6ab0000, 0x00000000e8000000)
 concurrent mark-sweep generation total 393216K, used 61330K [0x00000000e8000000, 0x0000000100000000, 0x0000000100000000)
 Metaspace       used 55232K, capacity 56622K, committed 56688K, reserved 1099776K
  class space    used 6108K, capacity 6482K, committed 6516K, reserved 1048576K
}
2017-07-04T14:30:52.835+0200: 154,367: Total time for which application threads were stopped: 0,0654070 seconds, Stopping threads took: 0,0001931 seconds
2017-07-04T14:30:52.925+0200: 154,457: Total time for which application threads were stopped: 0,0213671 seconds, Stopping threads took: 0,0202883 seconds
2017-07-04T14:30:52.958+0200: 154,490: Total time for which application threads were stopped: 0,0176193 seconds, Stopping threads took: 0,0169827 seconds
2017-07-04T14:30:52.965+0200: 154,497: Total time for which application threads were stopped: 0,0049771 seconds, Stopping threads took: 0,0043727 seconds
2017-07-04T14:30:52.991+0200: 154,524: Total time for which application threads were stopped: 0,0039986 seconds, Stopping threads took: 0,0033841 seconds
2017-07-04T14:30:52.991+0200: 154,524: Total time for which application threads were stopped: 0,0003571 seconds, Stopping threads took: 0,0000490 seconds
2017-07-04T14:30:53.003+0200: 154,535: Total time for which application threads were stopped: 0,0076744 seconds, Stopping threads took: 0,0070466 seconds
2017-07-04T14:30:53.013+0200: 154,546: Total time for which application threads were stopped: 0,0057167 seconds, Stopping threads took: 0,0049874 seconds
2017-07-04T14:30:53.035+0200: 154,568: Total time for which application threads were stopped: 0,0149289 seconds, Stopping threads took: 0,0143358 seconds
2017-07-04T14:30:53.064+0200: 154,596: Total time for which application threads were stopped: 0,0163498 seconds, Stopping threads took: 0,0157665 seconds
2017-07-04T14:30:53.111+0200: 154,643: Total time for which application threads were stopped: 0,0383621 seconds, Stopping threads took: 0,0377194 seconds
2017-07-04T14:30:53.148+0200: 154,681: Total time for which application threads were stopped: 0,0241052 seconds, Stopping threads took: 0,0235066 seconds
2017-07-04T14:30:53.165+0200: 154,697: Total time for which application threads were stopped: 0,0128024 seconds, Stopping threads took: 0,0122093 seconds
2017-07-04T14:30:53.168+0200: 154,701: Total time for which application threads were stopped: 0,0005468 seconds, Stopping threads took: 0,0000675 seconds
{Heap before GC invocations=42 (full 2):
 par new generation   total 109248K, used 109248K [0x00000000e0000000, 0x00000000e8000000, 0x00000000e8000000)
  eden space 87424K, 100% used [0x00000000e0000000, 0x00000000e5560000, 0x00000000e5560000)
  from space 21824K, 100% used [0x00000000e5560000, 0x00000000e6ab0000, 0x00000000e6ab0000)
  to   space 21824K,   0% used [0x00000000e6ab0000, 0x00000000e6ab0000, 0x00000000e8000000)
 concurrent mark-sweep generation total 393216K, used 61330K [0x00000000e8000000, 0x0000000100000000, 0x0000000100000000)
 Metaspace       used 55302K, capacity 56712K, committed 56944K, reserved 1099776K
  class space    used 6116K, capacity 6497K, committed 6516K, reserved 1048576K
2017-07-04T14:30:53.172+0200: 154,704: [GC (Allocation Failure) 2017-07-04T14:30:53.172+0200: 154,704: [ParNew
Desired survivor size 20112992 bytes, new threshold 8 (max 8)
- age   1:     455336 bytes,     455336 total
- age   2:     106144 bytes,     561480 total
- age   3:     252744 bytes,     814224 total
- age   4:    5950296 bytes,    6764520 total
- age   5:      75968 bytes,    6840488 total
- age   6:     250520 bytes,    7091008 total
- age   7:      45424 bytes,    7136432 total
- age   8:    3450560 bytes,   10586992 total
: 109248K->15527K(109248K), 0,0530165 secs] 170578K->78618K(502464K), 0,0533926 secs] [Times: user=0,03 sys=0,01, real=0,06 secs] 
Heap after GC invocations=43 (full 2):
 par new generation   total 109248K, used 15527K [0x00000000e0000000, 0x00000000e8000000, 0x00000000e8000000)
  eden space 87424K,   0% used [0x00000000e0000000, 0x00000000e0000000, 0x00000000e5560000)
  from space 21824K,  71% used [0x00000000e6ab0000, 0x00000000e79d9ec8, 0x00000000e8000000)
  to   space 21824K,   0% used [0x00000000e5560000, 0x00000000e5560000, 0x00000000e6ab0000)
 concurrent mark-sweep generation total 393216K, used 63090K [0x00000000e8000000, 0x0000000100000000, 0x0000000100000000)
 Metaspace       used 55302K, capacity 56712K, committed 56944K, reserved 1099776K
  class space    used 6116K, capacity 6497K, committed 6516K, reserved 1048576K
}
2017-07-04T14:30:53.225+0200: 154,758: Total time for which application threads were stopped: 0,0543380 seconds, Stopping threads took: 0,0001095 seconds
2017-07-04T14:30:53.234+0200: 154,766: Total time for which application threads were stopped: 0,0018165 seconds, Stopping threads took: 0,0012155 seconds
2017-07-04T14:30:53.234+0200: 154,767: Total time for which application threads were stopped: 0,0003772 seconds, Stopping threads took: 0,0000379 seconds
2017-07-04T14:30:53.234+0200: 154,767: Total time for which application threads were stopped: 0,0003212 seconds, Stopping threads took: 0,0000358 seconds
2017-07-04T14:30:53.237+0200: 154,769: Total time for which application threads were stopped: 0,0007316 seconds, Stopping threads took: 0,0003523 seconds
2017-07-04T14:30:53.483+0200: 155,016: Total time for which application threads were stopped: 0,0137740 seconds, Stopping threads took: 0,0130199 seconds
2017-07-04T14:30:53.491+0200: 155,023: Total time for which application threads were stopped: 0,0007583 seconds, Stopping threads took: 0,0001737 seconds
2017-07-04T14:30:53.499+0200: 155,031: Total time for which application threads were stopped: 0,0007872 seconds, Stopping threads took: 0,0001782 seconds
2017-07-04T14:30:53.516+0200: 155,048: Total time for which application threads were stopped: 0,0008105 seconds, Stopping threads took: 0,0001829 seconds
2017-07-04T14:30:53.577+0200: 155,109: Total time for which application threads were stopped: 0,0008314 seconds, Stopping threads took: 0,0001893 seconds
2017-07-04T14:30:53.577+0200: 155,110: Total time for which application threads were stopped: 0,0004447 seconds, Stopping threads took: 0,0000488 seconds
2017-07-04T14:30:53.577+0200: 155,110: Total time for which application threads were stopped: 0,0003617 seconds, Stopping threads took: 0,0000460 seconds
2017-07-04T14:30:53.578+0200: 155,110: Total time for which application threads were stopped: 0,0003440 seconds, Stopping threads took: 0,0000441 seconds
2017-07-04T14:30:53.580+0200: 155,113: Total time for which application threads were stopped: 0,0005977 seconds, Stopping threads took: 0,0001465 seconds
2017-07-04T14:30:53.581+0200: 155,113: Total time for which application threads were stopped: 0,0003334 seconds, Stopping threads took: 0,0000441 seconds
2017-07-04T14:30:53.583+0200: 155,116: Total time for which application threads were stopped: 0,0021489 seconds, Stopping threads took: 0,0000430 seconds
2017-07-04T14:30:53.926+0200: 155,459: Total time for which application threads were stopped: 0,0286360 seconds, Stopping threads took: 0,0280214 seconds
2017-07-04T14:30:53.928+0200: 155,460: Total time for which application threads were stopped: 0,0003954 seconds, Stopping threads took: 0,0000428 seconds
2017-07-04T14:30:53.928+0200: 155,461: Total time for which application threads were stopped: 0,0004662 seconds, Stopping threads took: 0,0000775 seconds
2017-07-04T14:30:53.929+0200: 155,462: Total time for which application threads were stopped: 0,0003778 seconds, Stopping threads took: 0,0000371 seconds
2017-07-04T14:30:53.931+0200: 155,463: Total time for which application threads were stopped: 0,0017667 seconds, Stopping threads took: 0,0000347 seconds
2017-07-04T14:30:53.938+0200: 155,470: Total time for which application threads were stopped: 0,0006844 seconds, Stopping threads took: 0,0001185 seconds
2017-07-04T14:30:53.939+0200: 155,471: Total time for which application threads were stopped: 0,0004110 seconds, Stopping threads took: 0,0000391 seconds
2017-07-04T14:30:53.939+0200: 155,472: Total time for which application threads were stopped: 0,0003446 seconds, Stopping threads took: 0,0000348 seconds
{Heap before GC invocations=43 (full 2):
 par new generation   total 109248K, used 102951K [0x00000000e0000000, 0x00000000e8000000, 0x00000000e8000000)
  eden space 87424K, 100% used [0x00000000e0000000, 0x00000000e5560000, 0x00000000e5560000)
  from space 21824K,  71% used [0x00000000e6ab0000, 0x00000000e79d9ec8, 0x00000000e8000000)
  to   space 21824K,   0% used [0x00000000e5560000, 0x00000000e5560000, 0x00000000e6ab0000)
 concurrent mark-sweep generation total 393216K, used 63090K [0x00000000e8000000, 0x0000000100000000, 0x0000000100000000)
 Metaspace       used 55360K, capacity 56742K, committed 56944K, reserved 1099776K
  class space    used 6119K, capacity 6502K, committed 6516K, reserved 1048576K
2017-07-04T14:30:54.022+0200: 155,555: [GC (Allocation Failure) 2017-07-04T14:30:54.022+0200: 155,555: [ParNew
Desired survivor size 20112992 bytes, new threshold 8 (max 8)
- age   1:    4211112 bytes,    4211112 total
- age   2:     195224 bytes,    4406336 total
- age   3:     104704 bytes,    4511040 total
- age   4:      45112 bytes,    4556152 total
- age   5:    1911232 bytes,    6467384 total
- age   6:      75968 bytes,    6543352 total
- age   7:     194088 bytes,    6737440 total
- age   8:      45096 bytes,    6782536 total
: 102951K->9605K(109248K), 0,0948844 secs] 166042K->76098K(502464K), 0,0952202 secs] [Times: user=0,03 sys=0,00, real=0,10 secs] 
Heap after GC invocations=44 (full 2):
 par new generation   total 109248K, used 9605K [0x00000000e0000000, 0x00000000e8000000, 0x00000000e8000000)
  eden space 87424K,   0% used [0x00000000e0000000, 0x00000000e0000000, 0x00000000e5560000)
  from space 21824K,  44% used [0x00000000e5560000, 0x00000000e5ec1780, 0x00000000e6ab0000)
  to   space 21824K,   0% used [0x00000000e6ab0000, 0x00000000e6ab0000, 0x00000000e8000000)
 concurrent mark-sweep generation total 393216K, used 66492K [0x00000000e8000000, 0x0000000100000000, 0x0000000100000000)
 Metaspace       used 55360K, capacity 56742K, committed 56944K, reserved 1099776K
  class space    used 6119K, capacity 6502K, committed 6516K, reserved 1048576K
}
2017-07-04T14:30:54.118+0200: 155,650: Total time for which application threads were stopped: 0,0962073 seconds, Stopping threads took: 0,0001800 seconds
2017-07-04T14:30:54.133+0200: 155,665: Total time for which application threads were stopped: 0,0045993 seconds, Stopping threads took: 0,0040142 seconds
2017-07-04T14:30:54.292+0200: 155,825: Total time for which application threads were stopped: 0,0008066 seconds, Stopping threads took: 0,0001679 seconds
2017-07-04T14:30:54.306+0200: 155,839: Total time for which application threads were stopped: 0,0008557 seconds, Stopping threads took: 0,0001794 seconds
2017-07-04T14:30:54.374+0200: 155,906: Total time for which application threads were stopped: 0,0007714 seconds, Stopping threads took: 0,0001825 seconds
2017-07-04T14:30:54.393+0200: 155,925: Total time for which application threads were stopped: 0,0009107 seconds, Stopping threads took: 0,0003321 seconds
2017-07-04T14:30:54.399+0200: 155,932: Total time for which application threads were stopped: 0,0019928 seconds, Stopping threads took: 0,0015189 seconds
2017-07-04T14:30:54.404+0200: 155,936: Total time for which application threads were stopped: 0,0005258 seconds, Stopping threads took: 0,0000592 seconds
2017-07-04T14:30:54.419+0200: 155,951: Total time for which application threads were stopped: 0,0066016 seconds, Stopping threads took: 0,0060357 seconds
2017-07-04T14:30:54.424+0200: 155,957: Total time for which application threads were stopped: 0,0020089 seconds, Stopping threads took: 0,0014214 seconds
2017-07-04T14:30:54.840+0200: 156,372: Total time for which application threads were stopped: 0,0008688 seconds, Stopping threads took: 0,0002055 seconds
{Heap before GC invocations=44 (full 2):
 par new generation   total 109248K, used 97029K [0x00000000e0000000, 0x00000000e8000000, 0x00000000e8000000)
  eden space 87424K, 100% used [0x00000000e0000000, 0x00000000e5560000, 0x00000000e5560000)
  from space 21824K,  44% used [0x00000000e5560000, 0x00000000e5ec1780, 0x00000000e6ab0000)
  to   space 21824K,   0% used [0x00000000e6ab0000, 0x00000000e6ab0000, 0x00000000e8000000)
 concurrent mark-sweep generation total 393216K, used 66492K [0x00000000e8000000, 0x0000000100000000, 0x0000000100000000)
 Metaspace       used 55649K, capacity 57066K, committed 57200K, reserved 1099776K
  class space    used 6136K, capacity 6502K, committed 6516K, reserved 1048576K
2017-07-04T14:30:54.967+0200: 156,500: [GC (Allocation Failure) 2017-07-04T14:30:54.967+0200: 156,500: [ParNew
Desired survivor size 20112992 bytes, new threshold 8 (max 8)
- age   1:    4088504 bytes,    4088504 total
- age   2:    1373360 bytes,    5461864 total
- age   3:     194624 bytes,    5656488 total
- age   4:     104704 bytes,    5761192 total
- age   5:      45112 bytes,    5806304 total
- age   6:    1853288 bytes,    7659592 total
- age   7:      75872 bytes,    7735464 total
- age   8:     193128 bytes,    7928592 total
: 97029K->9602K(109248K), 0,0908777 secs] 163522K->76140K(502464K), 0,0912050 secs] [Times: user=0,03 sys=0,00, real=0,09 secs] 
Heap after GC invocations=45 (full 2):
 par new generation   total 109248K, used 9602K [0x00000000e0000000, 0x00000000e8000000, 0x00000000e8000000)
  eden space 87424K,   0% used [0x00000000e0000000, 0x00000000e0000000, 0x00000000e5560000)
  from space 21824K,  43% used [0x00000000e6ab0000, 0x00000000e7410880, 0x00000000e8000000)
  to   space 21824K,   0% used [0x00000000e5560000, 0x00000000e5560000, 0x00000000e6ab0000)
 concurrent mark-sweep generation total 393216K, used 66538K [0x00000000e8000000, 0x0000000100000000, 0x0000000100000000)
 Metaspace       used 55649K, capacity 57066K, committed 57200K, reserved 1099776K
  class space    used 6136K, capacity 6502K, committed 6516K, reserved 1048576K
}
2017-07-04T14:30:55.058+0200: 156,591: Total time for which application threads were stopped: 0,1104427 seconds, Stopping threads took: 0,0184012 seconds
2017-07-04T14:30:55.069+0200: 156,601: Total time for which application threads were stopped: 0,0008776 seconds, Stopping threads took: 0,0002527 seconds
{Heap before GC invocations=45 (full 2):
 par new generation   total 109248K, used 97026K [0x00000000e0000000, 0x00000000e8000000, 0x00000000e8000000)
  eden space 87424K, 100% used [0x00000000e0000000, 0x00000000e5560000, 0x00000000e5560000)
  from space 21824K,  43% used [0x00000000e6ab0000, 0x00000000e7410880, 0x00000000e8000000)
  to   space 21824K,   0% used [0x00000000e5560000, 0x00000000e5560000, 0x00000000e6ab0000)
 concurrent mark-sweep generation total 393216K, used 66538K [0x00000000e8000000, 0x0000000100000000, 0x0000000100000000)
 Metaspace       used 55649K, capacity 57066K, committed 57200K, reserved 1099776K
  class space    used 6136K, capacity 6502K, committed 6516K, reserved 1048576K
2017-07-04T14:30:55.159+0200: 156,691: [GC (Allocation Failure) 2017-07-04T14:30:55.159+0200: 156,692: [ParNew
Desired survivor size 20112992 bytes, new threshold 8 (max 8)
- age   1:     596904 bytes,     596904 total
- age   2:    3713592 bytes,    4310496 total
- age   3:     916048 bytes,    5226544 total
- age   4:     194624 bytes,    5421168 total
- age   5:     104704 bytes,    5525872 total
- age   6:      45112 bytes,    5570984 total
- age   7:    1852296 bytes,    7423280 total
- age   8:      75872 bytes,    7499152 total
: 97026K->11261K(109248K), 0,0475029 secs] 163564K->77991K(502464K), 0,0477964 secs] [Times: user=0,03 sys=0,00, real=0,05 secs] 
Heap after GC invocations=46 (full 2):
 par new generation   total 109248K, used 11261K [0x00000000e0000000, 0x00000000e8000000, 0x00000000e8000000)
  eden space 87424K,   0% used [0x00000000e0000000, 0x00000000e0000000, 0x00000000e5560000)
  from space 21824K,  51% used [0x00000000e5560000, 0x00000000e605f6f8, 0x00000000e6ab0000)
  to   space 21824K,   0% used [0x00000000e6ab0000, 0x00000000e6ab0000, 0x00000000e8000000)
 concurrent mark-sweep generation total 393216K, used 66729K [0x00000000e8000000, 0x0000000100000000, 0x0000000100000000)
 Metaspace       used 55649K, capacity 57066K, committed 57200K, reserved 1099776K
  class space    used 6136K, capacity 6502K, committed 6516K, reserved 1048576K
}
2017-07-04T14:30:55.207+0200: 156,739: Total time for which application threads were stopped: 0,0487755 seconds, Stopping threads took: 0,0001802 seconds
{Heap before GC invocations=46 (full 2):
 par new generation   total 109248K, used 98685K [0x00000000e0000000, 0x00000000e8000000, 0x00000000e8000000)
  eden space 87424K, 100% used [0x00000000e0000000, 0x00000000e5560000, 0x00000000e5560000)
  from space 21824K,  51% used [0x00000000e5560000, 0x00000000e605f6f8, 0x00000000e6ab0000)
  to   space 21824K,   0% used [0x00000000e6ab0000, 0x00000000e6ab0000, 0x00000000e8000000)
 concurrent mark-sweep generation total 393216K, used 66729K [0x00000000e8000000, 0x0000000100000000, 0x0000000100000000)
 Metaspace       used 55653K, capacity 57072K, committed 57200K, reserved 1099776K
  class space    used 6136K, capacity 6503K, committed 6516K, reserved 1048576K
2017-07-04T14:30:55.429+0200: 156,962: [GC (Allocation Failure) 2017-07-04T14:30:55.430+0200: 156,962: [ParNew
Desired survivor size 20112992 bytes, new threshold 8 (max 8)
- age   1:     371832 bytes,     371832 total
- age   2:      52984 bytes,     424816 total
- age   3:    3713592 bytes,    4138408 total
- age   4:     916048 bytes,    5054456 total
- age   5:     194624 bytes,    5249080 total
- age   6:     104704 bytes,    5353784 total
- age   7:      45112 bytes,    5398896 total
- age   8:    1852296 bytes,    7251192 total
: 98685K->8599K(109248K), 0,0217922 secs] 165415K->75404K(502464K), 0,0220611 secs] [Times: user=0,02 sys=0,00, real=0,02 secs] 
Heap after GC invocations=47 (full 2):
 par new generation   total 109248K, used 8599K [0x00000000e0000000, 0x00000000e8000000, 0x00000000e8000000)
  eden space 87424K,   0% used [0x00000000e0000000, 0x00000000e0000000, 0x00000000e5560000)
  from space 21824K,  39% used [0x00000000e6ab0000, 0x00000000e7315c90, 0x00000000e8000000)
  to   space 21824K,   0% used [0x00000000e5560000, 0x00000000e5560000, 0x00000000e6ab0000)
 concurrent mark-sweep generation total 393216K, used 66805K [0x00000000e8000000, 0x0000000100000000, 0x0000000100000000)
 Metaspace       used 55653K, capacity 57072K, committed 57200K, reserved 1099776K
  class space    used 6136K, capacity 6503K, committed 6516K, reserved 1048576K
}
2017-07-04T14:30:55.452+0200: 156,984: Total time for which application threads were stopped: 0,0600141 seconds, Stopping threads took: 0,0371268 seconds
{Heap before GC invocations=47 (full 2):
 par new generation   total 109248K, used 96023K [0x00000000e0000000, 0x00000000e8000000, 0x00000000e8000000)
  eden space 87424K, 100% used [0x00000000e0000000, 0x00000000e5560000, 0x00000000e5560000)
  from space 21824K,  39% used [0x00000000e6ab0000, 0x00000000e7315c90, 0x00000000e8000000)
  to   space 21824K,   0% used [0x00000000e5560000, 0x00000000e5560000, 0x00000000e6ab0000)
 concurrent mark-sweep generation total 393216K, used 66805K [0x00000000e8000000, 0x0000000100000000, 0x0000000100000000)
 Metaspace       used 55662K, capacity 57084K, committed 57200K, reserved 1099776K
  class space    used 6137K, capacity 6505K, committed 6516K, reserved 1048576K
2017-07-04T14:30:55.727+0200: 157,260: [GC (Allocation Failure) 2017-07-04T14:30:55.728+0200: 157,260: [ParNew
Desired survivor size 20112992 bytes, new threshold 8 (max 8)
- age   1:     467192 bytes,     467192 total
- age   2:     111888 bytes,     579080 total
- age   3:      51232 bytes,     630312 total
- age   4:    3744888 bytes,    4375200 total
- age   5:     915984 bytes,    5291184 total
- age   6:     194624 bytes,    5485808 total
- age   7:     104704 bytes,    5590512 total
- age   8:      45112 bytes,    5635624 total
: 96023K->7713K(109248K), 0,0367752 secs] 162828K->76340K(502464K), 0,0370957 secs] [Times: user=0,02 sys=0,01, real=0,04 secs] 
Heap after GC invocations=48 (full 2):
 par new generation   total 109248K, used 7713K [0x00000000e0000000, 0x00000000e8000000, 0x00000000e8000000)
  eden space 87424K,   0% used [0x00000000e0000000, 0x00000000e0000000, 0x00000000e5560000)
  from space 21824K,  35% used [0x00000000e5560000, 0x00000000e5ce8660, 0x00000000e6ab0000)
  to   space 21824K,   0% used [0x00000000e6ab0000, 0x00000000e6ab0000, 0x00000000e8000000)
 concurrent mark-sweep generation total 393216K, used 68626K [0x00000000e8000000, 0x0000000100000000, 0x0000000100000000)
 Metaspace       used 55662K, capacity 57084K, committed 57200K, reserved 1099776K
  class space    used 6137K, capacity 6505K, committed 6516K, reserved 1048576K
}
2017-07-04T14:30:55.765+0200: 157,297: Total time for which application threads were stopped: 0,0455388 seconds, Stopping threads took: 0,0076039 seconds
2017-07-04T14:30:56.352+0200: 157,885: Total time for which application threads were stopped: 0,0022911 seconds, Stopping threads took: 0,0001911 seconds
2017-07-04T14:30:56.355+0200: 157,887: Total time for which application threads were stopped: 0,0006082 seconds, Stopping threads took: 0,0000888 seconds
2017-07-04T14:30:56.365+0200: 157,898: Total time for which application threads were stopped: 0,0007746 seconds, Stopping threads took: 0,0001916 seconds
2017-07-04T14:30:56.389+0200: 157,922: Total time for which application threads were stopped: 0,0007567 seconds, Stopping threads took: 0,0001998 seconds
2017-07-04T14:30:56.486+0200: 158,018: Total time for which application threads were stopped: 0,0007739 seconds, Stopping threads took: 0,0001923 seconds
2017-07-04T14:30:56.486+0200: 158,019: Total time for which application threads were stopped: 0,0003603 seconds, Stopping threads took: 0,0000450 seconds
2017-07-04T14:30:56.923+0200: 158,455: Total time for which application threads were stopped: 0,0007509 seconds, Stopping threads took: 0,0001880 seconds
2017-07-04T14:30:56.924+0200: 158,456: Total time for which application threads were stopped: 0,0004309 seconds, Stopping threads took: 0,0000433 seconds
2017-07-04T14:30:56.930+0200: 158,462: Total time for which application threads were stopped: 0,0006908 seconds, Stopping threads took: 0,0001565 seconds
2017-07-04T14:30:56.945+0200: 158,478: Total time for which application threads were stopped: 0,0007402 seconds, Stopping threads took: 0,0001775 seconds
2017-07-04T14:30:57.035+0200: 158,568: Total time for which application threads were stopped: 0,0007811 seconds, Stopping threads took: 0,0001943 seconds
2017-07-04T14:30:57.048+0200: 158,581: Total time for which application threads were stopped: 0,0007863 seconds, Stopping threads took: 0,0001866 seconds
2017-07-04T14:30:57.143+0200: 158,676: Total time for which application threads were stopped: 0,0009077 seconds, Stopping threads took: 0,0002412 seconds
2017-07-04T14:30:57.150+0200: 158,682: Total time for which application threads were stopped: 0,0007114 seconds, Stopping threads took: 0,0001572 seconds
2017-07-04T14:30:57.412+0200: 158,945: Total time for which application threads were stopped: 0,0011571 seconds, Stopping threads took: 0,0003404 seconds
2017-07-04T14:30:57.440+0200: 158,973: Total time for which application threads were stopped: 0,0017113 seconds, Stopping threads took: 0,0005516 seconds
2017-07-04T14:30:57.738+0200: 159,271: Total time for which application threads were stopped: 0,0026503 seconds, Stopping threads took: 0,0002019 seconds
2017-07-04T14:30:57.747+0200: 159,279: Total time for which application threads were stopped: 0,0029180 seconds, Stopping threads took: 0,0002781 seconds
2017-07-04T14:30:57.766+0200: 159,299: Total time for which application threads were stopped: 0,0007775 seconds, Stopping threads took: 0,0001881 seconds
2017-07-04T14:30:57.893+0200: 159,426: Total time for which application threads were stopped: 0,0010986 seconds, Stopping threads took: 0,0003411 seconds
2017-07-04T14:30:57.895+0200: 159,427: Total time for which application threads were stopped: 0,0004980 seconds, Stopping threads took: 0,0000575 seconds
2017-07-04T14:30:57.961+0200: 159,494: Total time for which application threads were stopped: 0,0012633 seconds, Stopping threads took: 0,0006641 seconds
2017-07-04T14:30:57.993+0200: 159,526: Total time for which application threads were stopped: 0,0007721 seconds, Stopping threads took: 0,0001990 seconds
2017-07-04T14:30:58.127+0200: 159,660: Total time for which application threads were stopped: 0,0008141 seconds, Stopping threads took: 0,0002018 seconds
2017-07-04T14:30:58.134+0200: 159,667: Total time for which application threads were stopped: 0,0007989 seconds, Stopping threads took: 0,0002093 seconds
{Heap before GC invocations=48 (full 2):
 par new generation   total 109248K, used 95137K [0x00000000e0000000, 0x00000000e8000000, 0x00000000e8000000)
  eden space 87424K, 100% used [0x00000000e0000000, 0x00000000e5560000, 0x00000000e5560000)
  from space 21824K,  35% used [0x00000000e5560000, 0x00000000e5ce8660, 0x00000000e6ab0000)
  to   space 21824K,   0% used [0x00000000e6ab0000, 0x00000000e6ab0000, 0x00000000e8000000)
 concurrent mark-sweep generation total 393216K, used 68626K [0x00000000e8000000, 0x0000000100000000, 0x0000000100000000)
 Metaspace       used 56348K, capacity 57772K, committed 58096K, reserved 1101824K
  class space    used 6184K, capacity 6539K, committed 6644K, reserved 1048576K
2017-07-04T14:30:58.269+0200: 159,801: [GC (Allocation Failure) 2017-07-04T14:30:58.269+0200: 159,801: [ParNew
Desired survivor size 20112992 bytes, new threshold 8 (max 8)
- age   1:    9790624 bytes,    9790624 total
- age   2:     465208 bytes,   10255832 total
- age   3:     111888 bytes,   10367720 total
- age   4:      51232 bytes,   10418952 total
- age   5:    1017608 bytes,   11436560 total
- age   6:     837096 bytes,   12273656 total
- age   7:     190832 bytes,   12464488 total
- age   8:     104704 bytes,   12569192 total
: 95137K->14651K(109248K), 0,0623861 secs] 163764K->83324K(502464K), 0,0627048 secs] [Times: user=0,02 sys=0,00, real=0,06 secs] 
Heap after GC invocations=49 (full 2):
 par new generation   total 109248K, used 14651K [0x00000000e0000000, 0x00000000e8000000, 0x00000000e8000000)
  eden space 87424K,   0% used [0x00000000e0000000, 0x00000000e0000000, 0x00000000e5560000)
  from space 21824K,  67% used [0x00000000e6ab0000, 0x00000000e78feda8, 0x00000000e8000000)
  to   space 21824K,   0% used [0x00000000e5560000, 0x00000000e5560000, 0x00000000e6ab0000)
 concurrent mark-sweep generation total 393216K, used 68673K [0x00000000e8000000, 0x0000000100000000, 0x0000000100000000)
 Metaspace       used 56348K, capacity 57772K, committed 58096K, reserved 1101824K
  class space    used 6184K, capacity 6539K, committed 6644K, reserved 1048576K
}
2017-07-04T14:30:58.332+0200: 159,864: Total time for which application threads were stopped: 0,0637245 seconds, Stopping threads took: 0,0001951 seconds
2017-07-04T14:30:58.342+0200: 159,874: Total time for which application threads were stopped: 0,0016519 seconds, Stopping threads took: 0,0010524 seconds
2017-07-04T14:30:58.342+0200: 159,875: Total time for which application threads were stopped: 0,0004010 seconds, Stopping threads took: 0,0000420 seconds
2017-07-04T14:30:58.349+0200: 159,881: Total time for which application threads were stopped: 0,0007466 seconds, Stopping threads took: 0,0001643 seconds
2017-07-04T14:30:58.351+0200: 159,884: Total time for which application threads were stopped: 0,0004947 seconds, Stopping threads took: 0,0000835 seconds
2017-07-04T14:30:58.356+0200: 159,889: Total time for which application threads were stopped: 0,0045268 seconds, Stopping threads took: 0,0000367 seconds
2017-07-04T14:30:58.359+0200: 159,892: Total time for which application threads were stopped: 0,0005703 seconds, Stopping threads took: 0,0000817 seconds
2017-07-04T14:30:58.423+0200: 159,956: Total time for which application threads were stopped: 0,0007676 seconds, Stopping threads took: 0,0002002 seconds
2017-07-04T14:30:58.516+0200: 160,049: Total time for which application threads were stopped: 0,0010869 seconds, Stopping threads took: 0,0001954 seconds
2017-07-04T14:30:58.533+0200: 160,065: Total time for which application threads were stopped: 0,0007699 seconds, Stopping threads took: 0,0001860 seconds
2017-07-04T14:30:58.554+0200: 160,087: Total time for which application threads were stopped: 0,0041542 seconds, Stopping threads took: 0,0003919 seconds
2017-07-04T14:30:58.667+0200: 160,199: Total time for which application threads were stopped: 0,0008072 seconds, Stopping threads took: 0,0001939 seconds
2017-07-04T14:30:58.699+0200: 160,232: Total time for which application threads were stopped: 0,0017171 seconds, Stopping threads took: 0,0001891 seconds
2017-07-04T14:30:58.706+0200: 160,238: Total time for which application threads were stopped: 0,0015678 seconds, Stopping threads took: 0,0001391 seconds
2017-07-04T14:30:58.708+0200: 160,240: Total time for which application threads were stopped: 0,0005471 seconds, Stopping threads took: 0,0000711 seconds
2017-07-04T14:30:58.710+0200: 160,242: Total time for which application threads were stopped: 0,0004994 seconds, Stopping threads took: 0,0000898 seconds
2017-07-04T14:30:58.719+0200: 160,252: Total time for which application threads were stopped: 0,0008359 seconds, Stopping threads took: 0,0002163 seconds
2017-07-04T14:30:58.842+0200: 160,375: Total time for which application threads were stopped: 0,0019692 seconds, Stopping threads took: 0,0001715 seconds
2017-07-04T14:30:59.367+0200: 160,900: Total time for which application threads were stopped: 0,0008565 seconds, Stopping threads took: 0,0002306 seconds
2017-07-04T14:30:59.507+0200: 161,040: Total time for which application threads were stopped: 0,0032742 seconds, Stopping threads took: 0,0026030 seconds
2017-07-04T14:30:59.508+0200: 161,040: Total time for which application threads were stopped: 0,0003793 seconds, Stopping threads took: 0,0000377 seconds
2017-07-04T14:30:59.631+0200: 161,164: Total time for which application threads were stopped: 0,0009155 seconds, Stopping threads took: 0,0002574 seconds
2017-07-04T14:30:59.673+0200: 161,206: Total time for which application threads were stopped: 0,0046414 seconds, Stopping threads took: 0,0039454 seconds
2017-07-04T14:30:59.682+0200: 161,215: Total time for which application threads were stopped: 0,0015426 seconds, Stopping threads took: 0,0009176 seconds
2017-07-04T14:30:59.704+0200: 161,236: Total time for which application threads were stopped: 0,0200344 seconds, Stopping threads took: 0,0001365 seconds
2017-07-04T14:30:59.749+0200: 161,282: Total time for which application threads were stopped: 0,0125974 seconds, Stopping threads took: 0,0012727 seconds
2017-07-04T14:30:59.777+0200: 161,310: Total time for which application threads were stopped: 0,0010922 seconds, Stopping threads took: 0,0003820 seconds
2017-07-04T14:30:59.881+0200: 161,414: Total time for which application threads were stopped: 0,0009349 seconds, Stopping threads took: 0,0002337 seconds
2017-07-04T14:30:59.882+0200: 161,415: Total time for which application threads were stopped: 0,0003712 seconds, Stopping threads took: 0,0000487 seconds
2017-07-04T14:30:59.974+0200: 161,507: Total time for which application threads were stopped: 0,0237619 seconds, Stopping threads took: 0,0229732 seconds
2017-07-04T14:30:59.977+0200: 161,509: Total time for which application threads were stopped: 0,0006277 seconds, Stopping threads took: 0,0000763 seconds
2017-07-04T14:30:59.981+0200: 161,513: Total time for which application threads were stopped: 0,0005902 seconds, Stopping threads took: 0,0000751 seconds
2017-07-04T14:30:59.981+0200: 161,514: Total time for which application threads were stopped: 0,0004539 seconds, Stopping threads took: 0,0000548 seconds
2017-07-04T14:31:00.359+0200: 161,892: Total time for which application threads were stopped: 0,0012001 seconds, Stopping threads took: 0,0002644 seconds
2017-07-04T14:31:00.360+0200: 161,893: Total time for which application threads were stopped: 0,0009791 seconds, Stopping threads took: 0,0001542 seconds
2017-07-04T14:31:00.361+0200: 161,894: Total time for which application threads were stopped: 0,0008462 seconds, Stopping threads took: 0,0001453 seconds
2017-07-04T14:31:00.363+0200: 161,896: Total time for which application threads were stopped: 0,0006155 seconds, Stopping threads took: 0,0001102 seconds
2017-07-04T14:31:00.364+0200: 161,896: Total time for which application threads were stopped: 0,0005053 seconds, Stopping threads took: 0,0000687 seconds
2017-07-04T14:31:00.399+0200: 161,932: Total time for which application threads were stopped: 0,0008591 seconds, Stopping threads took: 0,0001873 seconds
2017-07-04T14:31:00.400+0200: 161,932: Total time for which application threads were stopped: 0,0005637 seconds, Stopping threads took: 0,0000930 seconds
2017-07-04T14:31:00.402+0200: 161,934: Total time for which application threads were stopped: 0,0005447 seconds, Stopping threads took: 0,0000785 seconds
2017-07-04T14:31:00.402+0200: 161,935: Total time for which application threads were stopped: 0,0004710 seconds, Stopping threads took: 0,0000572 seconds
2017-07-04T14:31:01.413+0200: 162,945: Total time for which application threads were stopped: 0,0013631 seconds, Stopping threads took: 0,0002707 seconds
2017-07-04T14:31:07.415+0200: 168,947: Total time for which application threads were stopped: 0,0011451 seconds, Stopping threads took: 0,0002539 seconds
2017-07-04T14:31:09.921+0200: 171,454: Total time for which application threads were stopped: 0,0008275 seconds, Stopping threads took: 0,0001967 seconds
2017-07-04T14:31:09.923+0200: 171,455: Total time for which application threads were stopped: 0,0004810 seconds, Stopping threads took: 0,0000713 seconds
2017-07-04T14:31:09.933+0200: 171,465: Total time for which application threads were stopped: 0,0007181 seconds, Stopping threads took: 0,0001743 seconds
2017-07-04T14:31:09.933+0200: 171,466: Total time for which application threads were stopped: 0,0003061 seconds, Stopping threads took: 0,0000347 seconds
2017-07-04T14:31:10.935+0200: 172,467: Total time for which application threads were stopped: 0,0011158 seconds, Stopping threads took: 0,0002342 seconds
2017-07-04T14:31:11.982+0200: 173,514: Total time for which application threads were stopped: 0,0007994 seconds, Stopping threads took: 0,0001961 seconds
2017-07-04T14:31:11.989+0200: 173,522: Total time for which application threads were stopped: 0,0008604 seconds, Stopping threads took: 0,0002704 seconds
2017-07-04T14:31:11.990+0200: 173,522: Total time for which application threads were stopped: 0,0004103 seconds, Stopping threads took: 0,0000400 seconds
2017-07-04T14:31:11.992+0200: 173,524: Total time for which application threads were stopped: 0,0004729 seconds, Stopping threads took: 0,0000508 seconds
2017-07-04T14:31:12.005+0200: 173,538: Total time for which application threads were stopped: 0,0008412 seconds, Stopping threads took: 0,0001990 seconds
2017-07-04T14:31:12.006+0200: 173,539: Total time for which application threads were stopped: 0,0004231 seconds, Stopping threads took: 0,0000419 seconds
2017-07-04T14:31:12.007+0200: 173,539: Total time for which application threads were stopped: 0,0003496 seconds, Stopping threads took: 0,0000365 seconds
2017-07-04T14:31:12.007+0200: 173,540: Total time for which application threads were stopped: 0,0003228 seconds, Stopping threads took: 0,0000366 seconds
2017-07-04T14:31:12.007+0200: 173,540: Total time for which application threads were stopped: 0,0003694 seconds, Stopping threads took: 0,0000718 seconds
2017-07-04T14:31:12.013+0200: 173,546: Total time for which application threads were stopped: 0,0006855 seconds, Stopping threads took: 0,0001468 seconds
2017-07-04T14:31:12.013+0200: 173,546: Total time for which application threads were stopped: 0,0003508 seconds, Stopping threads took: 0,0000371 seconds
2017-07-04T14:31:12.021+0200: 173,554: Total time for which application threads were stopped: 0,0008050 seconds, Stopping threads took: 0,0001527 seconds
2017-07-04T14:31:12.022+0200: 173,554: Total time for which application threads were stopped: 0,0003462 seconds, Stopping threads took: 0,0000378 seconds
2017-07-04T14:31:12.023+0200: 173,556: Total time for which application threads were stopped: 0,0004005 seconds, Stopping threads took: 0,0000441 seconds
2017-07-04T14:31:12.023+0200: 173,556: Total time for which application threads were stopped: 0,0003363 seconds, Stopping threads took: 0,0000360 seconds
2017-07-04T14:31:12.031+0200: 173,564: Total time for which application threads were stopped: 0,0035689 seconds, Stopping threads took: 0,0029303 seconds
2017-07-04T14:31:12.032+0200: 173,564: Total time for which application threads were stopped: 0,0003713 seconds, Stopping threads took: 0,0000380 seconds
2017-07-04T14:31:12.042+0200: 173,574: Total time for which application threads were stopped: 0,0007579 seconds, Stopping threads took: 0,0001668 seconds
2017-07-04T14:31:12.044+0200: 173,577: Total time for which application threads were stopped: 0,0006080 seconds, Stopping threads took: 0,0000974 seconds
2017-07-04T14:31:13.046+0200: 174,578: Total time for which application threads were stopped: 0,0011276 seconds, Stopping threads took: 0,0002405 seconds
2017-07-04T14:31:13.545+0200: 175,078: Total time for which application threads were stopped: 0,0008207 seconds, Stopping threads took: 0,0001785 seconds
2017-07-04T14:31:13.546+0200: 175,078: Total time for which application threads were stopped: 0,0003767 seconds, Stopping threads took: 0,0000648 seconds
2017-07-04T14:31:13.572+0200: 175,105: Total time for which application threads were stopped: 0,0113612 seconds, Stopping threads took: 0,0107163 seconds
2017-07-04T14:31:13.572+0200: 175,105: Total time for which application threads were stopped: 0,0003654 seconds, Stopping threads took: 0,0000391 seconds
2017-07-04T14:31:15.580+0200: 177,113: Total time for which application threads were stopped: 0,0007563 seconds, Stopping threads took: 0,0002263 seconds
2017-07-04T14:31:21.942+0200: 183,475: Total time for which application threads were stopped: 0,0008102 seconds, Stopping threads took: 0,0002182 seconds
2017-07-04T14:31:21.964+0200: 183,497: Total time for which application threads were stopped: 0,0033906 seconds, Stopping threads took: 0,0002083 seconds
2017-07-04T14:31:22.965+0200: 184,498: Total time for which application threads were stopped: 0,0007895 seconds, Stopping threads took: 0,0001958 seconds
2017-07-04T14:31:27.967+0200: 189,500: Total time for which application threads were stopped: 0,0011389 seconds, Stopping threads took: 0,0002867 seconds
2017-07-04T14:31:39.062+0200: 200,595: Total time for which application threads were stopped: 0,0051669 seconds, Stopping threads took: 0,0046067 seconds
2017-07-04T14:31:39.150+0200: 200,683: Total time for which application threads were stopped: 0,0007191 seconds, Stopping threads took: 0,0001728 seconds
2017-07-04T14:31:40.151+0200: 201,684: Total time for which application threads were stopped: 0,0007874 seconds, Stopping threads took: 0,0002011 seconds
2017-07-04T14:31:41.554+0200: 203,087: Total time for which application threads were stopped: 0,0007736 seconds, Stopping threads took: 0,0002180 seconds
2017-07-04T14:31:41.555+0200: 203,088: Total time for which application threads were stopped: 0,0003907 seconds, Stopping threads took: 0,0000367 seconds
2017-07-04T14:32:06.265+0200: 227,798: Total time for which application threads were stopped: 0,0011861 seconds, Stopping threads took: 0,0002357 seconds
2017-07-04T14:35:51.325+0200: 452,857: Total time for which application threads were stopped: 0,0085554 seconds, Stopping threads took: 0,0080078 seconds
2017-07-04T14:35:51.325+0200: 452,858: Total time for which application threads were stopped: 0,0003929 seconds, Stopping threads took: 0,0000378 seconds
2017-07-04T14:35:51.452+0200: 452,985: Total time for which application threads were stopped: 0,0047593 seconds, Stopping threads took: 0,0001678 seconds
2017-07-04T14:35:51.453+0200: 452,985: Total time for which application threads were stopped: 0,0004171 seconds, Stopping threads took: 0,0000564 seconds
2017-07-04T14:35:51.567+0200: 453,100: Total time for which application threads were stopped: 0,0007234 seconds, Stopping threads took: 0,0001841 seconds
2017-07-04T14:35:51.585+0200: 453,117: Total time for which application threads were stopped: 0,0007873 seconds, Stopping threads took: 0,0001895 seconds
2017-07-04T14:35:51.589+0200: 453,121: Total time for which application threads were stopped: 0,0035262 seconds, Stopping threads took: 0,0030225 seconds
2017-07-04T14:35:51.635+0200: 453,167: Total time for which application threads were stopped: 0,0033857 seconds, Stopping threads took: 0,0001894 seconds
{Heap before GC invocations=49 (full 2):
 par new generation   total 109248K, used 102073K [0x00000000e0000000, 0x00000000e8000000, 0x00000000e8000000)
  eden space 87424K,  99% used [0x00000000e0000000, 0x00000000e555f6a8, 0x00000000e5560000)
  from space 21824K,  67% used [0x00000000e6ab0000, 0x00000000e78feda8, 0x00000000e8000000)
  to   space 21824K,   0% used [0x00000000e5560000, 0x00000000e5560000, 0x00000000e6ab0000)
 concurrent mark-sweep generation total 393216K, used 68673K [0x00000000e8000000, 0x0000000100000000, 0x0000000100000000)
 Metaspace       used 58329K, capacity 59842K, committed 60016K, reserved 1101824K
  class space    used 6367K, capacity 6734K, committed 6772K, reserved 1048576K
2017-07-04T14:35:51.943+0200: 453,475: [GC (Allocation Failure) 2017-07-04T14:35:51.943+0200: 453,475: [ParNew
Desired survivor size 20112992 bytes, new threshold 8 (max 8)
- age   1:   10602024 bytes,   10602024 total
- age   2:    1134496 bytes,   11736520 total
- age   3:     465080 bytes,   12201600 total
- age   4:     111792 bytes,   12313392 total
- age   5:      51168 bytes,   12364560 total
- age   6:     925472 bytes,   13290032 total
- age   7:     828688 bytes,   14118720 total
- age   8:     174608 bytes,   14293328 total
: 102073K->19232K(109248K), 0,0262104 secs] 170746K->88010K(502464K), 0,0265429 secs] [Times: user=0,03 sys=0,00, real=0,03 secs] 
Heap after GC invocations=50 (full 2):
 par new generation   total 109248K, used 19232K [0x00000000e0000000, 0x00000000e8000000, 0x00000000e8000000)
  eden space 87424K,   0% used [0x00000000e0000000, 0x00000000e0000000, 0x00000000e5560000)
  from space 21824K,  88% used [0x00000000e5560000, 0x00000000e6828260, 0x00000000e6ab0000)
  to   space 21824K,   0% used [0x00000000e6ab0000, 0x00000000e6ab0000, 0x00000000e8000000)
 concurrent mark-sweep generation total 393216K, used 68778K [0x00000000e8000000, 0x0000000100000000, 0x0000000100000000)
 Metaspace       used 58329K, capacity 59842K, committed 60016K, reserved 1101824K
  class space    used 6367K, capacity 6734K, committed 6772K, reserved 1048576K
}
2017-07-04T14:35:51.969+0200: 453,502: Total time for which application threads were stopped: 0,0274617 seconds, Stopping threads took: 0,0001759 seconds
2017-07-04T14:35:51.973+0200: 453,506: Total time for which application threads were stopped: 0,0006682 seconds, Stopping threads took: 0,0001405 seconds
2017-07-04T14:35:51.974+0200: 453,507: Total time for which application threads were stopped: 0,0013230 seconds, Stopping threads took: 0,0000723 seconds
2017-07-04T14:35:51.975+0200: 453,508: Total time for which application threads were stopped: 0,0004965 seconds, Stopping threads took: 0,0000852 seconds
2017-07-04T14:35:51.981+0200: 453,513: Total time for which application threads were stopped: 0,0005537 seconds, Stopping threads took: 0,0001009 seconds
2017-07-04T14:35:52.982+0200: 454,515: Total time for which application threads were stopped: 0,0007292 seconds, Stopping threads took: 0,0001689 seconds
2017-07-04T14:35:54.005+0200: 455,537: Total time for which application threads were stopped: 0,0223091 seconds, Stopping threads took: 0,0217444 seconds
2017-07-04T14:35:54.246+0200: 455,778: Total time for which application threads were stopped: 0,0010774 seconds, Stopping threads took: 0,0002277 seconds
{Heap before GC invocations=50 (full 2):
 par new generation   total 109248K, used 106656K [0x00000000e0000000, 0x00000000e8000000, 0x00000000e8000000)
  eden space 87424K, 100% used [0x00000000e0000000, 0x00000000e5560000, 0x00000000e5560000)
  from space 21824K,  88% used [0x00000000e5560000, 0x00000000e6828260, 0x00000000e6ab0000)
  to   space 21824K,   0% used [0x00000000e6ab0000, 0x00000000e6ab0000, 0x00000000e8000000)
 concurrent mark-sweep generation total 393216K, used 68778K [0x00000000e8000000, 0x0000000100000000, 0x0000000100000000)
 Metaspace       used 62558K, capacity 64008K, committed 64368K, reserved 1105920K
  class space    used 6805K, capacity 7183K, committed 7284K, reserved 1048576K
2017-07-04T14:35:54.305+0200: 455,837: [GC (Allocation Failure) 2017-07-04T14:35:54.305+0200: 455,837: [ParNew
Desired survivor size 20112992 bytes, new threshold 8 (max 8)
- age   1:    9811280 bytes,    9811280 total
- age   2:    5736096 bytes,   15547376 total
- age   3:    1102832 bytes,   16650208 total
- age   4:     465080 bytes,   17115288 total
- age   5:     111712 bytes,   17227000 total
- age   6:      51168 bytes,   17278168 total
- age   7:     924544 bytes,   18202712 total
- age   8:     828688 bytes,   19031400 total
: 106656K->21824K(109248K), 0,0979967 secs] 175434K->91326K(502464K), 0,0983452 secs] [Times: user=0,05 sys=0,00, real=0,09 secs] 
Heap after GC invocations=51 (full 2):
 par new generation   total 109248K, used 21824K [0x00000000e0000000, 0x00000000e8000000, 0x00000000e8000000)
  eden space 87424K,   0% used [0x00000000e0000000, 0x00000000e0000000, 0x00000000e5560000)
  from space 21824K, 100% used [0x00000000e6ab0000, 0x00000000e8000000, 0x00000000e8000000)
  to   space 21824K,   0% used [0x00000000e5560000, 0x00000000e5560000, 0x00000000e6ab0000)
 concurrent mark-sweep generation total 393216K, used 69502K [0x00000000e8000000, 0x0000000100000000, 0x0000000100000000)
 Metaspace       used 62558K, capacity 64008K, committed 64368K, reserved 1105920K
  class space    used 6805K, capacity 7183K, committed 7284K, reserved 1048576K
}
2017-07-04T14:35:54.403+0200: 455,936: Total time for which application threads were stopped: 0,1353407 seconds, Stopping threads took: 0,0362040 seconds
2017-07-04T14:35:54.411+0200: 455,944: Total time for which application threads were stopped: 0,0031054 seconds, Stopping threads took: 0,0025804 seconds
2017-07-04T14:35:54.446+0200: 455,979: Total time for which application threads were stopped: 0,0223481 seconds, Stopping threads took: 0,0217665 seconds
2017-07-04T14:35:54.488+0200: 456,021: Total time for which application threads were stopped: 0,0365181 seconds, Stopping threads took: 0,0357392 seconds
2017-07-04T14:35:54.489+0200: 456,021: Total time for which application threads were stopped: 0,0003030 seconds, Stopping threads took: 0,0000388 seconds
2017-07-04T14:35:54.489+0200: 456,022: Total time for which application threads were stopped: 0,0002619 seconds, Stopping threads took: 0,0000309 seconds
2017-07-04T14:35:54.550+0200: 456,083: Total time for which application threads were stopped: 0,0125944 seconds, Stopping threads took: 0,0120376 seconds
2017-07-04T14:35:54.605+0200: 456,138: Total time for which application threads were stopped: 0,0192127 seconds, Stopping threads took: 0,0186183 seconds
2017-07-04T14:35:54.653+0200: 456,185: Total time for which application threads were stopped: 0,0367576 seconds, Stopping threads took: 0,0358407 seconds
2017-07-04T14:35:54.656+0200: 456,189: Total time for which application threads were stopped: 0,0005409 seconds, Stopping threads took: 0,0000950 seconds
2017-07-04T14:35:54.656+0200: 456,189: Total time for which application threads were stopped: 0,0003012 seconds, Stopping threads took: 0,0000324 seconds
2017-07-04T14:35:54.657+0200: 456,189: Total time for which application threads were stopped: 0,0002701 seconds, Stopping threads took: 0,0000320 seconds
2017-07-04T14:35:54.657+0200: 456,190: Total time for which application threads were stopped: 0,0002764 seconds, Stopping threads took: 0,0000316 seconds
2017-07-04T14:35:54.657+0200: 456,190: Total time for which application threads were stopped: 0,0002561 seconds, Stopping threads took: 0,0000313 seconds
2017-07-04T14:35:54.664+0200: 456,196: Total time for which application threads were stopped: 0,0007226 seconds, Stopping threads took: 0,0001662 seconds
2017-07-04T14:35:54.664+0200: 456,197: Total time for which application threads were stopped: 0,0003295 seconds, Stopping threads took: 0,0000328 seconds
2017-07-04T14:35:54.675+0200: 456,208: Total time for which application threads were stopped: 0,0044853 seconds, Stopping threads took: 0,0001326 seconds
2017-07-04T14:35:54.747+0200: 456,280: Total time for which application threads were stopped: 0,0218490 seconds, Stopping threads took: 0,0213117 seconds
2017-07-04T14:35:54.778+0200: 456,311: Total time for which application threads were stopped: 0,0159127 seconds, Stopping threads took: 0,0152520 seconds
2017-07-04T14:35:54.797+0200: 456,329: Total time for which application threads were stopped: 0,0085548 seconds, Stopping threads took: 0,0079757 seconds
2017-07-04T14:35:54.797+0200: 456,330: Total time for which application threads were stopped: 0,0003329 seconds, Stopping threads took: 0,0000352 seconds
2017-07-04T14:35:54.797+0200: 456,330: Total time for which application threads were stopped: 0,0002704 seconds, Stopping threads took: 0,0000309 seconds
2017-07-04T14:35:54.840+0200: 456,372: Total time for which application threads were stopped: 0,0317276 seconds, Stopping threads took: 0,0309428 seconds
2017-07-04T14:35:54.842+0200: 456,374: Total time for which application threads were stopped: 0,0017897 seconds, Stopping threads took: 0,0001450 seconds
2017-07-04T14:35:54.888+0200: 456,421: Total time for which application threads were stopped: 0,0162573 seconds, Stopping threads took: 0,0116742 seconds
2017-07-04T14:35:54.889+0200: 456,422: Total time for which application threads were stopped: 0,0004752 seconds, Stopping threads took: 0,0000391 seconds
2017-07-04T14:35:54.907+0200: 456,439: Total time for which application threads were stopped: 0,0092475 seconds, Stopping threads took: 0,0075012 seconds
2017-07-04T14:35:54.921+0200: 456,453: Total time for which application threads were stopped: 0,0007524 seconds, Stopping threads took: 0,0001601 seconds
2017-07-04T14:35:54.922+0200: 456,454: Total time for which application threads were stopped: 0,0005971 seconds, Stopping threads took: 0,0000960 seconds
2017-07-04T14:35:54.925+0200: 456,458: Total time for which application threads were stopped: 0,0006072 seconds, Stopping threads took: 0,0001129 seconds
2017-07-04T14:35:54.933+0200: 456,466: Total time for which application threads were stopped: 0,0010791 seconds, Stopping threads took: 0,0004857 seconds
2017-07-04T14:35:54.961+0200: 456,493: Total time for which application threads were stopped: 0,0008700 seconds, Stopping threads took: 0,0002256 seconds
2017-07-04T14:35:55.540+0200: 457,073: Total time for which application threads were stopped: 0,0008241 seconds, Stopping threads took: 0,0001613 seconds
2017-07-04T14:35:55.601+0200: 457,133: Total time for which application threads were stopped: 0,0008401 seconds, Stopping threads took: 0,0001968 seconds
2017-07-04T14:35:55.642+0200: 457,175: Total time for which application threads were stopped: 0,0008433 seconds, Stopping threads took: 0,0001640 seconds
2017-07-04T14:35:55.643+0200: 457,176: Total time for which application threads were stopped: 0,0006595 seconds, Stopping threads took: 0,0001223 seconds
2017-07-04T14:35:55.648+0200: 457,181: Total time for which application threads were stopped: 0,0046015 seconds, Stopping threads took: 0,0000939 seconds
2017-07-04T14:35:55.695+0200: 457,228: Total time for which application threads were stopped: 0,0008459 seconds, Stopping threads took: 0,0002042 seconds
2017-07-04T14:35:55.849+0200: 457,382: Total time for which application threads were stopped: 0,0009155 seconds, Stopping threads took: 0,0002432 seconds
2017-07-04T14:35:55.850+0200: 457,382: Total time for which application threads were stopped: 0,0003247 seconds, Stopping threads took: 0,0000401 seconds
{Heap before GC invocations=51 (full 2):
 par new generation   total 109248K, used 109248K [0x00000000e0000000, 0x00000000e8000000, 0x00000000e8000000)
  eden space 87424K, 100% used [0x00000000e0000000, 0x00000000e5560000, 0x00000000e5560000)
  from space 21824K, 100% used [0x00000000e6ab0000, 0x00000000e8000000, 0x00000000e8000000)
  to   space 21824K,   0% used [0x00000000e5560000, 0x00000000e5560000, 0x00000000e6ab0000)
 concurrent mark-sweep generation total 393216K, used 69502K [0x00000000e8000000, 0x0000000100000000, 0x0000000100000000)
 Metaspace       used 62929K, capacity 64378K, committed 64624K, reserved 1105920K
  class space    used 6861K, capacity 7218K, committed 7284K, reserved 1048576K
2017-07-04T14:35:56.001+0200: 457,534: [GC (Allocation Failure) 2017-07-04T14:35:56.002+0200: 457,534: [ParNew
Desired survivor size 20112992 bytes, new threshold 8 (max 8)
- age   1:    8809920 bytes,    8809920 total
- age   2:    2075736 bytes,   10885656 total
- age   3:    2100216 bytes,   12985872 total
- age   4:    1102144 bytes,   14088016 total
- age   5:     465080 bytes,   14553096 total
- age   6:     111632 bytes,   14664728 total
- age   7:      51168 bytes,   14715896 total
- age   8:     862088 bytes,   15577984 total
: 109248K->19688K(109248K), 0,0892089 secs] 178750K->89929K(502464K), 0,0897935 secs] [Times: user=0,04 sys=0,00, real=0,09 secs] 
Heap after GC invocations=52 (full 2):
 par new generation   total 109248K, used 19688K [0x00000000e0000000, 0x00000000e8000000, 0x00000000e8000000)
  eden space 87424K,   0% used [0x00000000e0000000, 0x00000000e0000000, 0x00000000e5560000)
  from space 21824K,  90% used [0x00000000e5560000, 0x00000000e689a2d8, 0x00000000e6ab0000)
  to   space 21824K,   0% used [0x00000000e6ab0000, 0x00000000e6ab0000, 0x00000000e8000000)
 concurrent mark-sweep generation total 393216K, used 70240K [0x00000000e8000000, 0x0000000100000000, 0x0000000100000000)
 Metaspace       used 62929K, capacity 64378K, committed 64624K, reserved 1105920K
  class space    used 6861K, capacity 7218K, committed 7284K, reserved 1048576K
}
2017-07-04T14:35:56.091+0200: 457,624: Total time for which application threads were stopped: 0,1013847 seconds, Stopping threads took: 0,0103324 seconds
2017-07-04T14:35:56.094+0200: 457,627: Total time for which application threads were stopped: 0,0005848 seconds, Stopping threads took: 0,0000974 seconds
2017-07-04T14:35:56.101+0200: 457,634: Total time for which application threads were stopped: 0,0058111 seconds, Stopping threads took: 0,0000551 seconds
2017-07-04T14:35:56.826+0200: 458,358: Total time for which application threads were stopped: 0,0135081 seconds, Stopping threads took: 0,0128801 seconds
2017-07-04T14:35:56.865+0200: 458,397: Total time for which application threads were stopped: 0,0068698 seconds, Stopping threads took: 0,0061922 seconds
2017-07-04T14:35:56.961+0200: 458,494: Total time for which application threads were stopped: 0,0007094 seconds, Stopping threads took: 0,0001759 seconds
2017-07-04T14:35:57.009+0200: 458,542: Total time for which application threads were stopped: 0,0198045 seconds, Stopping threads took: 0,0192421 seconds
2017-07-04T14:35:57.020+0200: 458,553: Total time for which application threads were stopped: 0,0006976 seconds, Stopping threads took: 0,0001621 seconds
2017-07-04T14:35:57.286+0200: 458,819: Total time for which application threads were stopped: 0,0019303 seconds, Stopping threads took: 0,0013636 seconds
2017-07-04T14:35:57.301+0200: 458,834: Total time for which application threads were stopped: 0,0132414 seconds, Stopping threads took: 0,0125881 seconds
2017-07-04T14:35:57.302+0200: 458,835: Total time for which application threads were stopped: 0,0004286 seconds, Stopping threads took: 0,0000694 seconds
2017-07-04T14:35:57.303+0200: 458,835: Total time for which application threads were stopped: 0,0003050 seconds, Stopping threads took: 0,0000304 seconds
2017-07-04T14:35:57.306+0200: 458,839: Total time for which application threads were stopped: 0,0005040 seconds, Stopping threads took: 0,0000890 seconds
2017-07-04T14:35:57.320+0200: 458,853: Total time for which application threads were stopped: 0,0072120 seconds, Stopping threads took: 0,0065538 seconds
2017-07-04T14:35:57.324+0200: 458,857: Total time for which application threads were stopped: 0,0005129 seconds, Stopping threads took: 0,0000850 seconds
2017-07-04T14:35:57.325+0200: 458,857: Total time for which application threads were stopped: 0,0002745 seconds, Stopping threads took: 0,0000332 seconds
2017-07-04T14:35:57.325+0200: 458,858: Total time for which application threads were stopped: 0,0002682 seconds, Stopping threads took: 0,0000317 seconds
2017-07-04T14:36:12.337+0200: 473,869: Total time for which application threads were stopped: 0,0010455 seconds, Stopping threads took: 0,0002064 seconds
2017-07-04T14:36:41.576+0200: 503,108: Total time for which application threads were stopped: 0,0015373 seconds, Stopping threads took: 0,0003324 seconds
2017-07-04T14:36:41.578+0200: 503,110: Total time for which application threads were stopped: 0,0011885 seconds, Stopping threads took: 0,0001963 seconds
2017-07-04T14:37:17.586+0200: 539,119: Total time for which application threads were stopped: 0,0010230 seconds, Stopping threads took: 0,0002217 seconds
2017-07-04T14:40:09.622+0200: 711,154: Total time for which application threads were stopped: 0,0009355 seconds, Stopping threads took: 0,0001980 seconds
2017-07-04T14:41:45.645+0200: 807,177: Total time for which application threads were stopped: 0,0008158 seconds, Stopping threads took: 0,0001734 seconds
2017-07-04T14:45:35.704+0200: 1037,236: Total time for which application threads were stopped: 0,0007017 seconds, Stopping threads took: 0,0001587 seconds
2017-07-04T14:51:41.804+0200: 1403,336: Total time for which application threads were stopped: 0,0007004 seconds, Stopping threads took: 0,0001506 seconds
2017-07-04T14:55:01.837+0200: 1603,370: Total time for which application threads were stopped: 0,0005809 seconds, Stopping threads took: 0,0001117 seconds
2017-07-04T14:55:13.842+0200: 1615,375: Total time for which application threads were stopped: 0,0005973 seconds, Stopping threads took: 0,0001108 seconds
2017-07-04T14:55:15.843+0200: 1617,376: Total time for which application threads were stopped: 0,0006179 seconds, Stopping threads took: 0,0001147 seconds
2017-07-04T14:55:54.852+0200: 1656,384: Total time for which application threads were stopped: 0,0005245 seconds, Stopping threads took: 0,0000796 seconds
2017-07-04T14:56:07.855+0200: 1669,387: Total time for which application threads were stopped: 0,0005397 seconds, Stopping threads took: 0,0000968 seconds
2017-07-04T15:01:17.014+0200: 1978,546: Total time for which application threads were stopped: 0,0004591 seconds, Stopping threads took: 0,0000858 seconds
2017-07-04T15:03:38.004+0200: 2119,537: Total time for which application threads were stopped: 0,0003024 seconds, Stopping threads took: 0,0000506 seconds
2017-07-04T15:03:38.004+0200: 2119,537: Total time for which application threads were stopped: 0,0001274 seconds, Stopping threads took: 0,0000154 seconds
2017-07-04T15:03:38.014+0200: 2119,546: Total time for which application threads were stopped: 0,0003878 seconds, Stopping threads took: 0,0000898 seconds
2017-07-04T15:03:38.014+0200: 2119,546: Total time for which application threads were stopped: 0,0000906 seconds, Stopping threads took: 0,0000099 seconds
2017-07-04T15:03:39.015+0200: 2120,547: Total time for which application threads were stopped: 0,0004104 seconds, Stopping threads took: 0,0000695 seconds
2017-07-04T15:03:44.283+0200: 2125,816: Total time for which application threads were stopped: 0,0003288 seconds, Stopping threads took: 0,0000580 seconds
2017-07-04T15:03:44.292+0200: 2125,825: Total time for which application threads were stopped: 0,0003153 seconds, Stopping threads took: 0,0000865 seconds
2017-07-04T15:03:44.292+0200: 2125,825: Total time for which application threads were stopped: 0,0001080 seconds, Stopping threads took: 0,0000119 seconds
2017-07-04T15:03:44.293+0200: 2125,825: Total time for which application threads were stopped: 0,0000968 seconds, Stopping threads took: 0,0000097 seconds
2017-07-04T15:03:44.293+0200: 2125,826: Total time for which application threads were stopped: 0,0004938 seconds, Stopping threads took: 0,0000097 seconds
2017-07-04T15:03:44.323+0200: 2125,856: Total time for which application threads were stopped: 0,0003079 seconds, Stopping threads took: 0,0000449 seconds
2017-07-04T15:03:44.324+0200: 2125,856: Total time for which application threads were stopped: 0,0001725 seconds, Stopping threads took: 0,0000164 seconds
2017-07-04T15:03:44.337+0200: 2125,869: Total time for which application threads were stopped: 0,0002593 seconds, Stopping threads took: 0,0000433 seconds
2017-07-04T15:03:44.337+0200: 2125,869: Total time for which application threads were stopped: 0,0001563 seconds, Stopping threads took: 0,0000188 seconds
2017-07-04T15:03:45.337+0200: 2126,870: Total time for which application threads were stopped: 0,0003811 seconds, Stopping threads took: 0,0000735 seconds
2017-07-04T15:03:46.852+0200: 2128,385: Total time for which application threads were stopped: 0,0003037 seconds, Stopping threads took: 0,0000408 seconds
2017-07-04T15:03:46.871+0200: 2128,403: Total time for which application threads were stopped: 0,0003316 seconds, Stopping threads took: 0,0000515 seconds
2017-07-04T15:03:46.871+0200: 2128,404: Total time for which application threads were stopped: 0,0001935 seconds, Stopping threads took: 0,0000241 seconds
2017-07-04T15:03:46.871+0200: 2128,404: Total time for which application threads were stopped: 0,0001732 seconds, Stopping threads took: 0,0000212 seconds
2017-07-04T15:03:46.872+0200: 2128,404: Total time for which application threads were stopped: 0,0001433 seconds, Stopping threads took: 0,0000161 seconds
2017-07-04T15:03:46.872+0200: 2128,405: Total time for which application threads were stopped: 0,0001288 seconds, Stopping threads took: 0,0000134 seconds
2017-07-04T15:03:46.875+0200: 2128,408: Total time for which application threads were stopped: 0,0001778 seconds, Stopping threads took: 0,0000149 seconds
2017-07-04T15:03:46.876+0200: 2128,408: Total time for which application threads were stopped: 0,0001377 seconds, Stopping threads took: 0,0000113 seconds
2017-07-04T15:03:46.876+0200: 2128,409: Total time for which application threads were stopped: 0,0001482 seconds, Stopping threads took: 0,0000121 seconds
2017-07-04T15:03:46.878+0200: 2128,410: Total time for which application threads were stopped: 0,0001222 seconds, Stopping threads took: 0,0000126 seconds
2017-07-04T15:03:46.884+0200: 2128,417: Total time for which application threads were stopped: 0,0001572 seconds, Stopping threads took: 0,0000177 seconds
2017-07-04T15:03:46.893+0200: 2128,425: Total time for which application threads were stopped: 0,0002954 seconds, Stopping threads took: 0,0000376 seconds
2017-07-04T15:03:46.893+0200: 2128,425: Total time for which application threads were stopped: 0,0001828 seconds, Stopping threads took: 0,0000182 seconds
2017-07-04T15:03:46.909+0200: 2128,441: Total time for which application threads were stopped: 0,0002952 seconds, Stopping threads took: 0,0000422 seconds
2017-07-04T15:03:46.909+0200: 2128,442: Total time for which application threads were stopped: 0,0001570 seconds, Stopping threads took: 0,0000196 seconds
2017-07-04T15:03:51.862+0200: 2133,395: Total time for which application threads were stopped: 0,0002822 seconds, Stopping threads took: 0,0000478 seconds
2017-07-04T15:03:51.862+0200: 2133,395: Total time for which application threads were stopped: 0,0001187 seconds, Stopping threads took: 0,0000098 seconds
2017-07-04T15:03:51.862+0200: 2133,395: Total time for which application threads were stopped: 0,0000987 seconds, Stopping threads took: 0,0000095 seconds
2017-07-04T15:03:51.863+0200: 2133,395: Total time for which application threads were stopped: 0,0000958 seconds, Stopping threads took: 0,0000149 seconds
2017-07-04T15:03:51.863+0200: 2133,395: Total time for which application threads were stopped: 0,0000899 seconds, Stopping threads took: 0,0000139 seconds
2017-07-04T15:03:51.869+0200: 2133,402: Total time for which application threads were stopped: 0,0002703 seconds, Stopping threads took: 0,0000348 seconds
2017-07-04T15:03:51.869+0200: 2133,402: Total time for which application threads were stopped: 0,0000901 seconds, Stopping threads took: 0,0000108 seconds
2017-07-04T15:03:56.080+0200: 2137,612: Total time for which application threads were stopped: 0,0003251 seconds, Stopping threads took: 0,0000680 seconds
2017-07-04T15:03:56.081+0200: 2137,613: Total time for which application threads were stopped: 0,0001781 seconds, Stopping threads took: 0,0000164 seconds
2017-07-04T15:03:56.082+0200: 2137,615: Total time for which application threads were stopped: 0,0008363 seconds, Stopping threads took: 0,0000113 seconds
2017-07-04T15:03:56.089+0200: 2137,621: Total time for which application threads were stopped: 0,0002704 seconds, Stopping threads took: 0,0000531 seconds
2017-07-04T15:03:56.089+0200: 2137,622: Total time for which application threads were stopped: 0,0001390 seconds, Stopping threads took: 0,0000108 seconds
2017-07-04T15:03:56.098+0200: 2137,630: Total time for which application threads were stopped: 0,0002574 seconds, Stopping threads took: 0,0000471 seconds
2017-07-04T15:03:56.098+0200: 2137,630: Total time for which application threads were stopped: 0,0000921 seconds, Stopping threads took: 0,0000100 seconds
2017-07-04T15:03:57.098+0200: 2138,631: Total time for which application threads were stopped: 0,0002712 seconds, Stopping threads took: 0,0000492 seconds
2017-07-04T15:04:00.588+0200: 2142,121: Total time for which application threads were stopped: 0,0002956 seconds, Stopping threads took: 0,0000449 seconds
2017-07-04T15:04:00.589+0200: 2142,121: Total time for which application threads were stopped: 0,0001049 seconds, Stopping threads took: 0,0000096 seconds
2017-07-04T15:04:00.598+0200: 2142,131: Total time for which application threads were stopped: 0,0002594 seconds, Stopping threads took: 0,0000711 seconds
2017-07-04T15:04:00.598+0200: 2142,131: Total time for which application threads were stopped: 0,0000803 seconds, Stopping threads took: 0,0000087 seconds
2017-07-04T15:04:01.599+0200: 2143,131: Total time for which application threads were stopped: 0,0003817 seconds, Stopping threads took: 0,0000672 seconds
2017-07-04T15:04:04.016+0200: 2145,548: Total time for which application threads were stopped: 0,0002775 seconds, Stopping threads took: 0,0000411 seconds
2017-07-04T15:04:04.016+0200: 2145,548: Total time for which application threads were stopped: 0,0001015 seconds, Stopping threads took: 0,0000093 seconds
2017-07-04T15:04:04.034+0200: 2145,566: Total time for which application threads were stopped: 0,0005820 seconds, Stopping threads took: 0,0000430 seconds
2017-07-04T15:04:04.034+0200: 2145,567: Total time for which application threads were stopped: 0,0003032 seconds, Stopping threads took: 0,0000104 seconds
2017-07-04T15:04:04.036+0200: 2145,569: Total time for which application threads were stopped: 0,0004616 seconds, Stopping threads took: 0,0000196 seconds
2017-07-04T15:04:05.037+0200: 2146,569: Total time for which application threads were stopped: 0,0003154 seconds, Stopping threads took: 0,0000464 seconds
2017-07-04T15:04:06.037+0200: 2147,570: Total time for which application threads were stopped: 0,0003645 seconds, Stopping threads took: 0,0000669 seconds
2017-07-04T15:04:08.887+0200: 2150,420: Total time for which application threads were stopped: 0,0003158 seconds, Stopping threads took: 0,0000763 seconds
2017-07-04T15:04:08.887+0200: 2150,420: Total time for which application threads were stopped: 0,0001078 seconds, Stopping threads took: 0,0000101 seconds
2017-07-04T15:04:08.887+0200: 2150,420: Total time for which application threads were stopped: 0,0001476 seconds, Stopping threads took: 0,0000091 seconds
2017-07-04T15:04:08.888+0200: 2150,420: Total time for which application threads were stopped: 0,0001020 seconds, Stopping threads took: 0,0000154 seconds
2017-07-04T15:04:08.888+0200: 2150,420: Total time for which application threads were stopped: 0,0000951 seconds, Stopping threads took: 0,0000143 seconds
2017-07-04T15:04:08.929+0200: 2150,461: Total time for which application threads were stopped: 0,0002418 seconds, Stopping threads took: 0,0000527 seconds
2017-07-04T15:04:08.929+0200: 2150,461: Total time for which application threads were stopped: 0,0001103 seconds, Stopping threads took: 0,0000088 seconds
2017-07-04T15:04:09.929+0200: 2151,462: Total time for which application threads were stopped: 0,0003528 seconds, Stopping threads took: 0,0000622 seconds
2017-07-04T15:04:41.479+0200: 2183,012: Total time for which application threads were stopped: 0,0067979 seconds, Stopping threads took: 0,0065310 seconds
2017-07-04T15:04:41.488+0200: 2183,021: Total time for which application threads were stopped: 0,0056346 seconds, Stopping threads took: 0,0054193 seconds
2017-07-04T15:04:41.489+0200: 2183,021: Total time for which application threads were stopped: 0,0001398 seconds, Stopping threads took: 0,0000109 seconds
2017-07-04T15:04:41.489+0200: 2183,021: Total time for which application threads were stopped: 0,0000923 seconds, Stopping threads took: 0,0000102 seconds
2017-07-04T15:04:41.489+0200: 2183,022: Total time for which application threads were stopped: 0,0001033 seconds, Stopping threads took: 0,0000110 seconds
2017-07-04T15:04:41.492+0200: 2183,025: Total time for which application threads were stopped: 0,0001426 seconds, Stopping threads took: 0,0000222 seconds
2017-07-04T15:04:41.492+0200: 2183,025: Total time for which application threads were stopped: 0,0000816 seconds, Stopping threads took: 0,0000094 seconds
2017-07-04T15:11:04.588+0200: 2566,120: Total time for which application threads were stopped: 0,0002265 seconds, Stopping threads took: 0,0000399 seconds
2017-07-04T15:11:14.589+0200: 2576,122: Total time for which application threads were stopped: 0,0002287 seconds, Stopping threads took: 0,0000434 seconds
2017-07-04T15:12:12.602+0200: 2634,134: Total time for which application threads were stopped: 0,0002166 seconds, Stopping threads took: 0,0000413 seconds
2017-07-04T15:13:50.620+0200: 2732,152: Total time for which application threads were stopped: 0,0002187 seconds, Stopping threads took: 0,0000450 seconds
2017-07-04T15:28:24.870+0200: 3606,403: Total time for which application threads were stopped: 0,0002371 seconds, Stopping threads took: 0,0000406 seconds
2017-07-04T15:32:26.922+0200: 3848,454: Total time for which application threads were stopped: 0,0002169 seconds, Stopping threads took: 0,0000396 seconds
2017-07-04T15:32:34.924+0200: 3856,456: Total time for which application threads were stopped: 0,0002141 seconds, Stopping threads took: 0,0000381 seconds
{Heap before GC invocations=52 (full 2):
 par new generation   total 109248K, used 107112K [0x00000000e0000000, 0x00000000e8000000, 0x00000000e8000000)
  eden space 87424K, 100% used [0x00000000e0000000, 0x00000000e5560000, 0x00000000e5560000)
  from space 21824K,  90% used [0x00000000e5560000, 0x00000000e689a2d8, 0x00000000e6ab0000)
  to   space 21824K,   0% used [0x00000000e6ab0000, 0x00000000e6ab0000, 0x00000000e8000000)
 concurrent mark-sweep generation total 393216K, used 70240K [0x00000000e8000000, 0x0000000100000000, 0x0000000100000000)
 Metaspace       used 63178K, capacity 64606K, committed 64880K, reserved 1107968K
  class space    used 6869K, capacity 7224K, committed 7284K, reserved 1048576K
2017-07-04T15:54:31.131+0200: 5172,664: [GC (Allocation Failure) 2017-07-04T15:54:31.132+0200: 5172,664: [ParNew
Desired survivor size 20112992 bytes, new threshold 8 (max 8)
- age   1:    2757504 bytes,    2757504 total
- age   2:     493144 bytes,    3250648 total
- age   3:    1550832 bytes,    4801480 total
- age   4:    1769744 bytes,    6571224 total
- age   5:    1019696 bytes,    7590920 total
- age   6:     465080 bytes,    8056000 total
- age   7:     111632 bytes,    8167632 total
- age   8:      51168 bytes,    8218800 total
: 107112K->12053K(109248K), 0,0420448 secs] 177353K->83142K(502464K), 0,0421716 secs] [Times: user=0,04 sys=0,00, real=0,04 secs] 
Heap after GC invocations=53 (full 2):
 par new generation   total 109248K, used 12053K [0x00000000e0000000, 0x00000000e8000000, 0x00000000e8000000)
  eden space 87424K,   0% used [0x00000000e0000000, 0x00000000e0000000, 0x00000000e5560000)
  from space 21824K,  55% used [0x00000000e6ab0000, 0x00000000e76754f8, 0x00000000e8000000)
  to   space 21824K,   0% used [0x00000000e5560000, 0x00000000e5560000, 0x00000000e6ab0000)
 concurrent mark-sweep generation total 393216K, used 71089K [0x00000000e8000000, 0x0000000100000000, 0x0000000100000000)
 Metaspace       used 63178K, capacity 64606K, committed 64880K, reserved 1107968K
  class space    used 6869K, capacity 7224K, committed 7284K, reserved 1048576K
}
2017-07-04T15:54:31.174+0200: 5172,706: Total time for which application threads were stopped: 0,0424715 seconds, Stopping threads took: 0,0000297 seconds
2017-07-04T15:54:31.174+0200: 5172,707: Total time for which application threads were stopped: 0,0002074 seconds, Stopping threads took: 0,0000095 seconds
2017-07-04T15:54:31.174+0200: 5172,707: Total time for which application threads were stopped: 0,0000447 seconds, Stopping threads took: 0,0000059 seconds
2017-07-04T15:54:31.175+0200: 5172,707: Total time for which application threads were stopped: 0,0000395 seconds, Stopping threads took: 0,0000053 seconds
2017-07-04T15:57:38.209+0200: 5359,742: Total time for which application threads were stopped: 0,0002278 seconds, Stopping threads took: 0,0000397 seconds
2017-07-04T16:13:54.440+0200: 6335,973: Total time for which application threads were stopped: 0,0001792 seconds, Stopping threads took: 0,0000297 seconds
2017-07-04T16:13:54.933+0200: 6336,466: Total time for which application threads were stopped: 0,0001715 seconds, Stopping threads took: 0,0000241 seconds
2017-07-04T16:13:54.933+0200: 6336,466: Total time for which application threads were stopped: 0,0000962 seconds, Stopping threads took: 0,0000131 seconds
2017-07-04T16:13:54.945+0200: 6336,477: Total time for which application threads were stopped: 0,0001233 seconds, Stopping threads took: 0,0000164 seconds
2017-07-04T16:13:54.945+0200: 6336,477: Total time for which application threads were stopped: 0,0000663 seconds, Stopping threads took: 0,0000079 seconds
2017-07-04T16:13:55.945+0200: 6337,478: Total time for which application threads were stopped: 0,0002232 seconds, Stopping threads took: 0,0000391 seconds
2017-07-04T16:14:48.956+0200: 6390,489: Total time for which application threads were stopped: 0,0001461 seconds, Stopping threads took: 0,0000330 seconds
2017-07-04T16:14:49.773+0200: 6391,305: Total time for which application threads were stopped: 0,0001634 seconds, Stopping threads took: 0,0000181 seconds
2017-07-04T16:14:49.816+0200: 6391,348: Total time for which application threads were stopped: 0,0001525 seconds, Stopping threads took: 0,0000198 seconds
2017-07-04T16:14:49.816+0200: 6391,349: Total time for which application threads were stopped: 0,0001382 seconds, Stopping threads took: 0,0000103 seconds
2017-07-04T16:14:49.816+0200: 6391,349: Total time for which application threads were stopped: 0,0000745 seconds, Stopping threads took: 0,0000073 seconds
2017-07-04T16:14:49.816+0200: 6391,349: Total time for which application threads were stopped: 0,0000651 seconds, Stopping threads took: 0,0000071 seconds
2017-07-04T16:14:49.816+0200: 6391,349: Total time for which application threads were stopped: 0,0000619 seconds, Stopping threads took: 0,0000070 seconds
2017-07-04T16:14:49.818+0200: 6391,350: Total time for which application threads were stopped: 0,0000910 seconds, Stopping threads took: 0,0000266 seconds
2017-07-04T16:14:49.818+0200: 6391,350: Total time for which application threads were stopped: 0,0000603 seconds, Stopping threads took: 0,0000061 seconds
2017-07-04T16:14:49.818+0200: 6391,350: Total time for which application threads were stopped: 0,0000577 seconds, Stopping threads took: 0,0000060 seconds
2017-07-04T16:14:49.818+0200: 6391,351: Total time for which application threads were stopped: 0,0000577 seconds, Stopping threads took: 0,0000059 seconds
2017-07-04T16:14:49.818+0200: 6391,351: Total time for which application threads were stopped: 0,0000577 seconds, Stopping threads took: 0,0000063 seconds
2017-07-04T16:14:49.818+0200: 6391,351: Total time for which application threads were stopped: 0,0000728 seconds, Stopping threads took: 0,0000061 seconds
2017-07-04T16:14:49.818+0200: 6391,351: Total time for which application threads were stopped: 0,0000552 seconds, Stopping threads took: 0,0000055 seconds
2017-07-04T16:14:49.818+0200: 6391,351: Total time for which application threads were stopped: 0,0000529 seconds, Stopping threads took: 0,0000055 seconds
2017-07-04T16:14:49.819+0200: 6391,352: Total time for which application threads were stopped: 0,0000640 seconds, Stopping threads took: 0,0000119 seconds
2017-07-04T16:14:49.819+0200: 6391,352: Total time for which application threads were stopped: 0,0000559 seconds, Stopping threads took: 0,0000102 seconds
2017-07-04T16:14:49.821+0200: 6391,354: Total time for which application threads were stopped: 0,0000823 seconds, Stopping threads took: 0,0000083 seconds
2017-07-04T16:14:49.821+0200: 6391,354: Total time for which application threads were stopped: 0,0000639 seconds, Stopping threads took: 0,0000057 seconds
2017-07-04T16:14:49.829+0200: 6391,361: Total time for which application threads were stopped: 0,0001294 seconds, Stopping threads took: 0,0000174 seconds
2017-07-04T16:14:49.829+0200: 6391,361: Total time for which application threads were stopped: 0,0000677 seconds, Stopping threads took: 0,0000073 seconds
2017-07-04T16:14:49.865+0200: 6391,398: Total time for which application threads were stopped: 0,0001419 seconds, Stopping threads took: 0,0000186 seconds
2017-07-04T16:14:49.884+0200: 6391,417: Total time for which application threads were stopped: 0,0001473 seconds, Stopping threads took: 0,0000174 seconds
2017-07-04T16:14:49.884+0200: 6391,417: Total time for which application threads were stopped: 0,0001365 seconds, Stopping threads took: 0,0000088 seconds
2017-07-04T16:14:49.901+0200: 6391,433: Total time for which application threads were stopped: 0,0043557 seconds, Stopping threads took: 0,0042323 seconds
2017-07-04T16:14:49.901+0200: 6391,434: Total time for which application threads were stopped: 0,0000744 seconds, Stopping threads took: 0,0000093 seconds
2017-07-04T16:14:50.902+0200: 6392,434: Total time for which application threads were stopped: 0,0002220 seconds, Stopping threads took: 0,0000383 seconds
2017-07-04T16:16:37.925+0200: 6499,457: Total time for which application threads were stopped: 0,0002214 seconds, Stopping threads took: 0,0000399 seconds
2017-07-04T16:16:55.239+0200: 6516,772: Total time for which application threads were stopped: 0,0009195 seconds, Stopping threads took: 0,0000242 seconds
{Heap before GC invocations=53 (full 2):
 par new generation   total 109248K, used 99458K [0x00000000e0000000, 0x00000000e8000000, 0x00000000e8000000)
  eden space 87424K,  99% used [0x00000000e0000000, 0x00000000e555b508, 0x00000000e5560000)
  from space 21824K,  55% used [0x00000000e6ab0000, 0x00000000e76754f8, 0x00000000e8000000)
  to   space 21824K,   0% used [0x00000000e5560000, 0x00000000e5560000, 0x00000000e6ab0000)
 concurrent mark-sweep generation total 393216K, used 71089K [0x00000000e8000000, 0x0000000100000000, 0x0000000100000000)
 Metaspace       used 63356K, capacity 64830K, committed 64880K, reserved 1107968K
  class space    used 6886K, capacity 7256K, committed 7284K, reserved 1048576K
2017-07-04T16:16:55.591+0200: 6517,124: [GC (Allocation Failure) 2017-07-04T16:16:55.591+0200: 6517,124: [ParNew
Desired survivor size 20112992 bytes, new threshold 8 (max 8)
- age   1:    3936736 bytes,    3936736 total
- age   2:     810248 bytes,    4746984 total
- age   3:     328096 bytes,    5075080 total
- age   4:    1216888 bytes,    6291968 total
- age   5:    1575424 bytes,    7867392 total
- age   6:     425432 bytes,    8292824 total
- age   7:     464920 bytes,    8757744 total
- age   8:     111552 bytes,    8869296 total
: 99458K->11042K(109248K), 0,0537785 secs] 170548K->82184K(502464K), 0,0538756 secs] [Times: user=0,03 sys=0,00, real=0,06 secs] 
Heap after GC invocations=54 (full 2):
 par new generation   total 109248K, used 11042K [0x00000000e0000000, 0x00000000e8000000, 0x00000000e8000000)
  eden space 87424K,   0% used [0x00000000e0000000, 0x00000000e0000000, 0x00000000e5560000)
  from space 21824K,  50% used [0x00000000e5560000, 0x00000000e6028be0, 0x00000000e6ab0000)
  to   space 21824K,   0% used [0x00000000e6ab0000, 0x00000000e6ab0000, 0x00000000e8000000)
 concurrent mark-sweep generation total 393216K, used 71141K [0x00000000e8000000, 0x0000000100000000, 0x0000000100000000)
 Metaspace       used 63356K, capacity 64830K, committed 64880K, reserved 1107968K
  class space    used 6886K, capacity 7256K, committed 7284K, reserved 1048576K
}
2017-07-04T16:16:55.645+0200: 6517,178: Total time for which application threads were stopped: 0,0648885 seconds, Stopping threads took: 0,0107609 seconds
{Heap before GC invocations=54 (full 2):
 par new generation   total 109248K, used 98466K [0x00000000e0000000, 0x00000000e8000000, 0x00000000e8000000)
  eden space 87424K, 100% used [0x00000000e0000000, 0x00000000e5560000, 0x00000000e5560000)
  from space 21824K,  50% used [0x00000000e5560000, 0x00000000e6028be0, 0x00000000e6ab0000)
  to   space 21824K,   0% used [0x00000000e6ab0000, 0x00000000e6ab0000, 0x00000000e8000000)
 concurrent mark-sweep generation total 393216K, used 71141K [0x00000000e8000000, 0x0000000100000000, 0x0000000100000000)
 Metaspace       used 63356K, capacity 64830K, committed 64880K, reserved 1107968K
  class space    used 6886K, capacity 7256K, committed 7284K, reserved 1048576K
2017-07-04T16:16:55.748+0200: 6517,281: [GC (Allocation Failure) 2017-07-04T16:16:55.748+0200: 6517,281: [ParNew
Desired survivor size 20112992 bytes, new threshold 8 (max 8)
- age   1:     281192 bytes,     281192 total
- age   2:    3174776 bytes,    3455968 total
- age   3:     810056 bytes,    4266024 total
- age   4:     328096 bytes,    4594120 total
- age   5:    1216776 bytes,    5810896 total
- age   6:    1575424 bytes,    7386320 total
- age   7:     425432 bytes,    7811752 total
- age   8:     464920 bytes,    8276672 total
: 98466K->9500K(109248K), 0,0417707 secs] 169608K->80753K(502464K), 0,0418696 secs] [Times: user=0,03 sys=0,00, real=0,04 secs] 
Heap after GC invocations=55 (full 2):
 par new generation   total 109248K, used 9500K [0x00000000e0000000, 0x00000000e8000000, 0x00000000e8000000)
  eden space 87424K,   0% used [0x00000000e0000000, 0x00000000e0000000, 0x00000000e5560000)
  from space 21824K,  43% used [0x00000000e6ab0000, 0x00000000e73f71e0, 0x00000000e8000000)
  to   space 21824K,   0% used [0x00000000e5560000, 0x00000000e5560000, 0x00000000e6ab0000)
 concurrent mark-sweep generation total 393216K, used 71252K [0x00000000e8000000, 0x0000000100000000, 0x0000000100000000)
 Metaspace       used 63356K, capacity 64830K, committed 64880K, reserved 1107968K
  class space    used 6886K, capacity 7256K, committed 7284K, reserved 1048576K
}
2017-07-04T16:16:55.790+0200: 6517,323: Total time for which application threads were stopped: 0,0581244 seconds, Stopping threads took: 0,0160061 seconds
{Heap before GC invocations=55 (full 2):
 par new generation   total 109248K, used 96912K [0x00000000e0000000, 0x00000000e8000000, 0x00000000e8000000)
  eden space 87424K,  99% used [0x00000000e0000000, 0x00000000e555ce40, 0x00000000e5560000)
  from space 21824K,  43% used [0x00000000e6ab0000, 0x00000000e73f71e0, 0x00000000e8000000)
  to   space 21824K,   0% used [0x00000000e5560000, 0x00000000e5560000, 0x00000000e6ab0000)
 concurrent mark-sweep generation total 393216K, used 71252K [0x00000000e8000000, 0x0000000100000000, 0x0000000100000000)
 Metaspace       used 63356K, capacity 64830K, committed 64880K, reserved 1107968K
  class space    used 6886K, capacity 7256K, committed 7284K, reserved 1048576K
2017-07-04T16:16:56.048+0200: 6517,581: [GC (Allocation Failure) 2017-07-04T16:16:56.048+0200: 6517,581: [ParNew
Desired survivor size 20112992 bytes, new threshold 8 (max 8)
- age   1:     133336 bytes,     133336 total
- age   2:      59392 bytes,     192728 total
- age   3:    3173872 bytes,    3366600 total
- age   4:     809896 bytes,    4176496 total
- age   5:     328096 bytes,    4504592 total
- age   6:    1216776 bytes,    5721368 total
- age   7:    1575424 bytes,    7296792 total
- age   8:     425432 bytes,    7722224 total
: 96912K->9952K(109248K), 0,0364166 secs] 168165K->81663K(502464K), 0,0364991 secs] [Times: user=0,03 sys=0,00, real=0,04 secs] 
Heap after GC invocations=56 (full 2):
 par new generation   total 109248K, used 9952K [0x00000000e0000000, 0x00000000e8000000, 0x00000000e8000000)
  eden space 87424K,   0% used [0x00000000e0000000, 0x00000000e0000000, 0x00000000e5560000)
  from space 21824K,  45% used [0x00000000e5560000, 0x00000000e5f182c8, 0x00000000e6ab0000)
  to   space 21824K,   0% used [0x00000000e6ab0000, 0x00000000e6ab0000, 0x00000000e8000000)
 concurrent mark-sweep generation total 393216K, used 71710K [0x00000000e8000000, 0x0000000100000000, 0x0000000100000000)
 Metaspace       used 63356K, capacity 64830K, committed 64880K, reserved 1107968K
  class space    used 6886K, capacity 7256K, committed 7284K, reserved 1048576K
}
2017-07-04T16:16:56.085+0200: 6517,617: Total time for which application threads were stopped: 0,0367640 seconds, Stopping threads took: 0,0000355 seconds
{Heap before GC invocations=56 (full 2):
 par new generation   total 109248K, used 97376K [0x00000000e0000000, 0x00000000e8000000, 0x00000000e8000000)
  eden space 87424K, 100% used [0x00000000e0000000, 0x00000000e5560000, 0x00000000e5560000)
  from space 21824K,  45% used [0x00000000e5560000, 0x00000000e5f182c8, 0x00000000e6ab0000)
  to   space 21824K,   0% used [0x00000000e6ab0000, 0x00000000e6ab0000, 0x00000000e8000000)
 concurrent mark-sweep generation total 393216K, used 71710K [0x00000000e8000000, 0x0000000100000000, 0x0000000100000000)
 Metaspace       used 63357K, capacity 64830K, committed 64880K, reserved 1107968K
  class space    used 6886K, capacity 7256K, committed 7284K, reserved 1048576K
2017-07-04T16:16:56.368+0200: 6517,901: [GC (Allocation Failure) 2017-07-04T16:16:56.368+0200: 6517,901: [ParNew
Desired survivor size 20112992 bytes, new threshold 8 (max 8)
- age   1:    1034968 bytes,    1034968 total
- age   2:     110792 bytes,    1145760 total
- age   3:      57664 bytes,    1203424 total
- age   4:    2493296 bytes,    3696720 total
- age   5:     809896 bytes,    4506616 total
- age   6:     328096 bytes,    4834712 total
- age   7:    1216776 bytes,    6051488 total
- age   8:    1575424 bytes,    7626912 total
: 97376K->10841K(109248K), 0,0318563 secs] 169087K->82972K(502464K), 0,0319439 secs] [Times: user=0,02 sys=0,00, real=0,03 secs] 
Heap after GC invocations=57 (full 2):
 par new generation   total 109248K, used 10841K [0x00000000e0000000, 0x00000000e8000000, 0x00000000e8000000)
  eden space 87424K,   0% used [0x00000000e0000000, 0x00000000e0000000, 0x00000000e5560000)
  from space 21824K,  49% used [0x00000000e6ab0000, 0x00000000e7546680, 0x00000000e8000000)
  to   space 21824K,   0% used [0x00000000e5560000, 0x00000000e5560000, 0x00000000e6ab0000)
 concurrent mark-sweep generation total 393216K, used 72130K [0x00000000e8000000, 0x0000000100000000, 0x0000000100000000)
 Metaspace       used 63357K, capacity 64830K, committed 64880K, reserved 1107968K
  class space    used 6886K, capacity 7256K, committed 7284K, reserved 1048576K
}
2017-07-04T16:16:56.400+0200: 6517,933: Total time for which application threads were stopped: 0,0321966 seconds, Stopping threads took: 0,0000235 seconds
2017-07-04T16:16:56.849+0200: 6518,382: Total time for which application threads were stopped: 0,0051037 seconds, Stopping threads took: 0,0049162 seconds
2017-07-04T16:16:56.873+0200: 6518,406: Total time for which application threads were stopped: 0,0001886 seconds, Stopping threads took: 0,0000257 seconds
2017-07-04T16:16:56.899+0200: 6518,432: Total time for which application threads were stopped: 0,0169395 seconds, Stopping threads took: 0,0167758 seconds
2017-07-04T16:16:56.920+0200: 6518,453: Total time for which application threads were stopped: 0,0080829 seconds, Stopping threads took: 0,0079156 seconds
2017-07-04T16:16:57.159+0200: 6518,692: Total time for which application threads were stopped: 0,0148376 seconds, Stopping threads took: 0,0146698 seconds
2017-07-04T16:16:57.159+0200: 6518,692: Total time for which application threads were stopped: 0,0000655 seconds, Stopping threads took: 0,0000083 seconds
2017-07-04T16:16:57.161+0200: 6518,694: Total time for which application threads were stopped: 0,0001368 seconds, Stopping threads took: 0,0000462 seconds
2017-07-04T16:16:57.162+0200: 6518,694: Total time for which application threads were stopped: 0,0000736 seconds, Stopping threads took: 0,0000060 seconds
2017-07-04T16:16:57.178+0200: 6518,711: Total time for which application threads were stopped: 0,0001934 seconds, Stopping threads took: 0,0000283 seconds
2017-07-04T16:16:57.178+0200: 6518,711: Total time for which application threads were stopped: 0,0000761 seconds, Stopping threads took: 0,0000111 seconds
2017-07-04T16:16:57.178+0200: 6518,711: Total time for which application threads were stopped: 0,0000689 seconds, Stopping threads took: 0,0000102 seconds
2017-07-04T16:16:57.184+0200: 6518,717: Total time for which application threads were stopped: 0,0001607 seconds, Stopping threads took: 0,0000239 seconds
2017-07-04T16:16:57.211+0200: 6518,744: Total time for which application threads were stopped: 0,0002261 seconds, Stopping threads took: 0,0000270 seconds
2017-07-04T16:16:57.211+0200: 6518,744: Total time for which application threads were stopped: 0,0000549 seconds, Stopping threads took: 0,0000059 seconds
2017-07-04T16:16:57.211+0200: 6518,744: Total time for which application threads were stopped: 0,0000497 seconds, Stopping threads took: 0,0000052 seconds
2017-07-04T16:16:57.211+0200: 6518,744: Total time for which application threads were stopped: 0,0000491 seconds, Stopping threads took: 0,0000052 seconds
2017-07-04T16:16:58.212+0200: 6519,745: Total time for which application threads were stopped: 0,0002353 seconds, Stopping threads took: 0,0000359 seconds
2017-07-04T16:17:16.657+0200: 6538,189: Total time for which application threads were stopped: 0,0001783 seconds, Stopping threads took: 0,0000216 seconds
2017-07-04T16:17:16.709+0200: 6538,241: Total time for which application threads were stopped: 0,0001602 seconds, Stopping threads took: 0,0000231 seconds
2017-07-04T16:17:16.709+0200: 6538,241: Total time for which application threads were stopped: 0,0000667 seconds, Stopping threads took: 0,0000099 seconds
2017-07-04T16:17:16.718+0200: 6538,250: Total time for which application threads were stopped: 0,0001339 seconds, Stopping threads took: 0,0000196 seconds
2017-07-04T16:17:16.718+0200: 6538,251: Total time for which application threads were stopped: 0,0000509 seconds, Stopping threads took: 0,0000058 seconds
2017-07-04T16:17:16.748+0200: 6538,281: Total time for which application threads were stopped: 0,0001998 seconds, Stopping threads took: 0,0000349 seconds
2017-07-04T16:17:16.756+0200: 6538,288: Total time for which application threads were stopped: 0,0001643 seconds, Stopping threads took: 0,0000218 seconds
2017-07-04T16:17:16.756+0200: 6538,288: Total time for which application threads were stopped: 0,0000564 seconds, Stopping threads took: 0,0000065 seconds
2017-07-04T16:17:16.756+0200: 6538,288: Total time for which application threads were stopped: 0,0000501 seconds, Stopping threads took: 0,0000055 seconds
2017-07-04T16:17:16.756+0200: 6538,288: Total time for which application threads were stopped: 0,0000490 seconds, Stopping threads took: 0,0000053 seconds
2017-07-04T16:17:16.756+0200: 6538,289: Total time for which application threads were stopped: 0,0001699 seconds, Stopping threads took: 0,0000054 seconds
2017-07-04T16:17:16.759+0200: 6538,291: Total time for which application threads were stopped: 0,0001040 seconds, Stopping threads took: 0,0000108 seconds
2017-07-04T16:17:16.759+0200: 6538,291: Total time for which application threads were stopped: 0,0000639 seconds, Stopping threads took: 0,0000054 seconds
2017-07-04T16:17:16.767+0200: 6538,300: Total time for which application threads were stopped: 0,0001345 seconds, Stopping threads took: 0,0000208 seconds
2017-07-04T16:17:16.768+0200: 6538,300: Total time for which application threads were stopped: 0,0000507 seconds, Stopping threads took: 0,0000057 seconds
2017-07-04T16:17:17.768+0200: 6539,300: Total time for which application threads were stopped: 0,0002666 seconds, Stopping threads took: 0,0000408 seconds
2017-07-04T16:17:41.928+0200: 6563,461: Total time for which application threads were stopped: 0,0002750 seconds, Stopping threads took: 0,0000363 seconds
2017-07-04T16:17:41.932+0200: 6563,465: Total time for which application threads were stopped: 0,0001379 seconds, Stopping threads took: 0,0000172 seconds
2017-07-04T16:17:41.933+0200: 6563,465: Total time for which application threads were stopped: 0,0001604 seconds, Stopping threads took: 0,0000163 seconds
2017-07-04T16:17:41.933+0200: 6563,466: Total time for which application threads were stopped: 0,0001165 seconds, Stopping threads took: 0,0000138 seconds
2017-07-04T16:17:42.934+0200: 6564,466: Total time for which application threads were stopped: 0,0001721 seconds, Stopping threads took: 0,0000297 seconds
2017-07-04T16:18:01.645+0200: 6583,178: Total time for which application threads were stopped: 0,0001890 seconds, Stopping threads took: 0,0000281 seconds
2017-07-04T16:18:01.646+0200: 6583,178: Total time for which application threads were stopped: 0,0000519 seconds, Stopping threads took: 0,0000075 seconds
2017-07-04T16:18:16.650+0200: 6598,182: Total time for which application threads were stopped: 0,0001434 seconds, Stopping threads took: 0,0000273 seconds
2017-07-04T16:18:17.470+0200: 6599,003: Total time for which application threads were stopped: 0,0001407 seconds, Stopping threads took: 0,0000244 seconds
2017-07-04T16:18:17.471+0200: 6599,003: Total time for which application threads were stopped: 0,0000635 seconds, Stopping threads took: 0,0000119 seconds
2017-07-04T16:18:17.471+0200: 6599,003: Total time for which application threads were stopped: 0,0000542 seconds, Stopping threads took: 0,0000103 seconds
2017-07-04T16:18:17.471+0200: 6599,003: Total time for which application threads were stopped: 0,0000520 seconds, Stopping threads took: 0,0000101 seconds
2017-07-04T16:18:17.471+0200: 6599,003: Total time for which application threads were stopped: 0,0000513 seconds, Stopping threads took: 0,0000101 seconds
2017-07-04T16:18:17.471+0200: 6599,003: Total time for which application threads were stopped: 0,0000852 seconds, Stopping threads took: 0,0000400 seconds
2017-07-04T16:18:17.471+0200: 6599,004: Total time for which application threads were stopped: 0,0000515 seconds, Stopping threads took: 0,0000102 seconds
2017-07-04T16:18:17.471+0200: 6599,004: Total time for which application threads were stopped: 0,0000515 seconds, Stopping threads took: 0,0000101 seconds
2017-07-04T16:18:17.471+0200: 6599,004: Total time for which application threads were stopped: 0,0000502 seconds, Stopping threads took: 0,0000098 seconds
2017-07-04T16:18:17.472+0200: 6599,004: Total time for which application threads were stopped: 0,0000578 seconds, Stopping threads took: 0,0000112 seconds
2017-07-04T16:18:17.472+0200: 6599,004: Total time for which application threads were stopped: 0,0000511 seconds, Stopping threads took: 0,0000101 seconds
2017-07-04T16:18:17.483+0200: 6599,015: Total time for which application threads were stopped: 0,0001486 seconds, Stopping threads took: 0,0000230 seconds
2017-07-04T16:18:17.483+0200: 6599,015: Total time for which application threads were stopped: 0,0000674 seconds, Stopping threads took: 0,0000100 seconds
2017-07-04T16:18:17.492+0200: 6599,025: Total time for which application threads were stopped: 0,0001330 seconds, Stopping threads took: 0,0000265 seconds
2017-07-04T16:18:17.492+0200: 6599,025: Total time for which application threads were stopped: 0,0000483 seconds, Stopping threads took: 0,0000099 seconds
2017-07-04T16:18:18.493+0200: 6600,025: Total time for which application threads were stopped: 0,0001392 seconds, Stopping threads took: 0,0000249 seconds
2017-07-04T16:18:20.023+0200: 6601,556: Total time for which application threads were stopped: 0,0002102 seconds, Stopping threads took: 0,0000306 seconds
2017-07-04T16:18:20.023+0200: 6601,556: Total time for which application threads were stopped: 0,0000667 seconds, Stopping threads took: 0,0000062 seconds
2017-07-04T16:18:20.023+0200: 6601,556: Total time for which application threads were stopped: 0,0000613 seconds, Stopping threads took: 0,0000054 seconds
2017-07-04T16:18:20.024+0200: 6601,556: Total time for which application threads were stopped: 0,0000595 seconds, Stopping threads took: 0,0000106 seconds
2017-07-04T16:18:20.024+0200: 6601,556: Total time for which application threads were stopped: 0,0000784 seconds, Stopping threads took: 0,0000099 seconds
2017-07-04T16:18:20.041+0200: 6601,573: Total time for which application threads were stopped: 0,0001319 seconds, Stopping threads took: 0,0000204 seconds
2017-07-04T16:18:20.041+0200: 6601,573: Total time for which application threads were stopped: 0,0000453 seconds, Stopping threads took: 0,0000054 seconds
2017-07-04T16:18:21.042+0200: 6602,574: Total time for which application threads were stopped: 0,0001521 seconds, Stopping threads took: 0,0000281 seconds
2017-07-04T16:18:22.934+0200: 6604,467: Total time for which application threads were stopped: 0,0014396 seconds, Stopping threads took: 0,0012662 seconds
2017-07-04T16:18:22.934+0200: 6604,467: Total time for which application threads were stopped: 0,0000649 seconds, Stopping threads took: 0,0000064 seconds
2017-07-04T16:18:22.940+0200: 6604,473: Total time for which application threads were stopped: 0,0054870 seconds, Stopping threads took: 0,0051648 seconds
2017-07-04T16:18:22.941+0200: 6604,474: Total time for which application threads were stopped: 0,0001407 seconds, Stopping threads took: 0,0000104 seconds
2017-07-04T16:18:22.941+0200: 6604,474: Total time for which application threads were stopped: 0,0001069 seconds, Stopping threads took: 0,0000051 seconds
2017-07-04T16:18:24.900+0200: 6606,433: Total time for which application threads were stopped: 0,0076775 seconds, Stopping threads took: 0,0074884 seconds
2017-07-04T16:18:24.900+0200: 6606,433: Total time for which application threads were stopped: 0,0001142 seconds, Stopping threads took: 0,0000073 seconds
2017-07-04T16:18:24.917+0200: 6606,449: Total time for which application threads were stopped: 0,0001488 seconds, Stopping threads took: 0,0000212 seconds
2017-07-04T16:18:24.917+0200: 6606,449: Total time for which application threads were stopped: 0,0000571 seconds, Stopping threads took: 0,0000062 seconds
2017-07-04T16:18:27.401+0200: 6608,933: Total time for which application threads were stopped: 0,0001718 seconds, Stopping threads took: 0,0000180 seconds
2017-07-04T16:18:27.401+0200: 6608,934: Total time for which application threads were stopped: 0,0000605 seconds, Stopping threads took: 0,0000055 seconds
2017-07-04T16:18:27.405+0200: 6608,938: Total time for which application threads were stopped: 0,0001165 seconds, Stopping threads took: 0,0000170 seconds
2017-07-04T16:18:27.406+0200: 6608,938: Total time for which application threads were stopped: 0,0000462 seconds, Stopping threads took: 0,0000054 seconds
2017-07-04T16:18:28.406+0200: 6609,939: Total time for which application threads were stopped: 0,0002214 seconds, Stopping threads took: 0,0000402 seconds
2017-07-04T16:18:31.806+0200: 6613,339: Total time for which application threads were stopped: 0,0001725 seconds, Stopping threads took: 0,0000390 seconds
2017-07-04T16:19:00.812+0200: 6642,345: Total time for which application threads were stopped: 0,0002322 seconds, Stopping threads took: 0,0000411 seconds
2017-07-04T16:19:02.562+0200: 6644,094: Total time for which application threads were stopped: 0,0002831 seconds, Stopping threads took: 0,0000757 seconds
2017-07-04T16:25:01.316+0200: 7002,848: Total time for which application threads were stopped: 0,0029772 seconds, Stopping threads took: 0,0027623 seconds
2017-07-04T16:25:01.332+0200: 7002,865: Total time for which application threads were stopped: 0,0003417 seconds, Stopping threads took: 0,0000237 seconds
2017-07-04T16:25:01.348+0200: 7002,881: Total time for which application threads were stopped: 0,0036940 seconds, Stopping threads took: 0,0035389 seconds
2017-07-04T16:25:01.596+0200: 7003,129: Total time for which application threads were stopped: 0,0001700 seconds, Stopping threads took: 0,0000290 seconds
2017-07-04T16:25:01.596+0200: 7003,129: Total time for which application threads were stopped: 0,0001459 seconds, Stopping threads took: 0,0000740 seconds
2017-07-04T16:25:01.596+0200: 7003,129: Total time for which application threads were stopped: 0,0000730 seconds, Stopping threads took: 0,0000108 seconds
2017-07-04T16:25:01.600+0200: 7003,132: Total time for which application threads were stopped: 0,0001213 seconds, Stopping threads took: 0,0000134 seconds
2017-07-04T16:25:01.600+0200: 7003,133: Total time for which application threads were stopped: 0,0000658 seconds, Stopping threads took: 0,0000066 seconds
2017-07-04T16:25:01.600+0200: 7003,133: Total time for which application threads were stopped: 0,0000618 seconds, Stopping threads took: 0,0000061 seconds
2017-07-04T16:25:01.600+0200: 7003,133: Total time for which application threads were stopped: 0,0001177 seconds, Stopping threads took: 0,0000583 seconds
2017-07-04T16:25:14.738+0200: 7016,271: Total time for which application threads were stopped: 0,0022235 seconds, Stopping threads took: 0,0020243 seconds
2017-07-04T16:25:14.809+0200: 7016,342: Total time for which application threads were stopped: 0,0001991 seconds, Stopping threads took: 0,0000257 seconds
2017-07-04T16:25:14.809+0200: 7016,342: Total time for which application threads were stopped: 0,0001110 seconds, Stopping threads took: 0,0000136 seconds
2017-07-04T16:25:14.816+0200: 7016,349: Total time for which application threads were stopped: 0,0001402 seconds, Stopping threads took: 0,0000160 seconds
2017-07-04T16:25:14.816+0200: 7016,349: Total time for which application threads were stopped: 0,0000785 seconds, Stopping threads took: 0,0000090 seconds
2017-07-04T16:25:14.893+0200: 7016,425: Total time for which application threads were stopped: 0,0001735 seconds, Stopping threads took: 0,0000202 seconds
2017-07-04T16:25:14.893+0200: 7016,425: Total time for which application threads were stopped: 0,0001022 seconds, Stopping threads took: 0,0000095 seconds
2017-07-04T16:25:14.910+0200: 7016,442: Total time for which application threads were stopped: 0,0001810 seconds, Stopping threads took: 0,0000204 seconds
2017-07-04T16:25:14.910+0200: 7016,443: Total time for which application threads were stopped: 0,0001038 seconds, Stopping threads took: 0,0000094 seconds
2017-07-04T16:25:41.955+0200: 7043,487: Total time for which application threads were stopped: 0,0002699 seconds, Stopping threads took: 0,0000624 seconds
2017-07-04T16:25:41.955+0200: 7043,488: Total time for which application threads were stopped: 0,0001199 seconds, Stopping threads took: 0,0000144 seconds
2017-07-04T16:25:56.676+0200: 7058,208: Total time for which application threads were stopped: 0,0002225 seconds, Stopping threads took: 0,0000364 seconds
2017-07-04T16:25:56.677+0200: 7058,209: Total time for which application threads were stopped: 0,0001145 seconds, Stopping threads took: 0,0000157 seconds
2017-07-04T16:26:30.689+0200: 7092,221: Total time for which application threads were stopped: 0,0001451 seconds, Stopping threads took: 0,0000268 seconds
2017-07-04T16:26:34.661+0200: 7096,194: Total time for which application threads were stopped: 0,0053917 seconds, Stopping threads took: 0,0051010 seconds
2017-07-04T16:26:35.661+0200: 7097,194: Total time for which application threads were stopped: 0,0002288 seconds, Stopping threads took: 0,0000391 seconds
2017-07-04T16:26:48.512+0200: 7110,045: Total time for which application threads were stopped: 0,0083338 seconds, Stopping threads took: 0,0081899 seconds
2017-07-04T16:26:48.573+0200: 7110,105: Total time for which application threads were stopped: 0,0001712 seconds, Stopping threads took: 0,0000206 seconds
2017-07-04T16:26:49.573+0200: 7111,106: Total time for which application threads were stopped: 0,0002151 seconds, Stopping threads took: 0,0000378 seconds
2017-07-04T16:27:16.680+0200: 7138,213: Total time for which application threads were stopped: 0,0002265 seconds, Stopping threads took: 0,0000333 seconds
2017-07-04T16:27:30.683+0200: 7152,216: Total time for which application threads were stopped: 0,0002114 seconds, Stopping threads took: 0,0000372 seconds
2017-07-04T16:28:26.692+0200: 7208,225: Total time for which application threads were stopped: 0,0002130 seconds, Stopping threads took: 0,0000377 seconds
2017-07-04T17:05:57.164+0200: 9458,697: Total time for which application threads were stopped: 0,0002604 seconds, Stopping threads took: 0,0000390 seconds
2017-07-04T17:10:13.220+0200: 9714,753: Total time for which application threads were stopped: 0,0001580 seconds, Stopping threads took: 0,0000353 seconds
2017-07-04T17:10:15.221+0200: 9716,754: Total time for which application threads were stopped: 0,0002160 seconds, Stopping threads took: 0,0000385 seconds
2017-07-04T17:49:57.863+0200: 12099,396: Total time for which application threads were stopped: 0,0002701 seconds, Stopping threads took: 0,0000430 seconds
2017-07-04T17:54:48.904+0200: 12390,436: Total time for which application threads were stopped: 0,9251234 seconds, Stopping threads took: 0,0180229 seconds
2017-07-04T17:54:49.307+0200: 12390,840: Total time for which application threads were stopped: 0,0001354 seconds, Stopping threads took: 0,0000189 seconds
2017-07-04T17:54:49.308+0200: 12390,840: Total time for which application threads were stopped: 0,0000479 seconds, Stopping threads took: 0,0000067 seconds
2017-07-04T17:54:49.308+0200: 12390,840: Total time for which application threads were stopped: 0,0000418 seconds, Stopping threads took: 0,0000054 seconds
2017-07-04T17:54:49.327+0200: 12390,859: Total time for which application threads were stopped: 0,0041511 seconds, Stopping threads took: 0,0040162 seconds
2017-07-04T17:54:49.341+0200: 12390,874: Total time for which application threads were stopped: 0,0001558 seconds, Stopping threads took: 0,0000230 seconds
2017-07-04T17:54:49.350+0200: 12390,882: Total time for which application threads were stopped: 0,0012749 seconds, Stopping threads took: 0,0011661 seconds
2017-07-04T17:54:49.350+0200: 12390,882: Total time for which application threads were stopped: 0,0000490 seconds, Stopping threads took: 0,0000065 seconds
2017-07-04T17:54:49.350+0200: 12390,882: Total time for which application threads were stopped: 0,0000615 seconds, Stopping threads took: 0,0000052 seconds
2017-07-04T17:54:49.350+0200: 12390,883: Total time for which application threads were stopped: 0,0000544 seconds, Stopping threads took: 0,0000065 seconds
2017-07-04T17:54:49.351+0200: 12390,884: Total time for which application threads were stopped: 0,0000595 seconds, Stopping threads took: 0,0000081 seconds
2017-07-04T17:54:49.352+0200: 12390,885: Total time for which application threads were stopped: 0,0000571 seconds, Stopping threads took: 0,0000078 seconds
2017-07-04T17:54:49.352+0200: 12390,885: Total time for which application threads were stopped: 0,0000509 seconds, Stopping threads took: 0,0000058 seconds
2017-07-04T17:54:49.352+0200: 12390,885: Total time for which application threads were stopped: 0,0000468 seconds, Stopping threads took: 0,0000055 seconds
2017-07-04T17:54:49.352+0200: 12390,885: Total time for which application threads were stopped: 0,0000467 seconds, Stopping threads took: 0,0000053 seconds
2017-07-04T17:54:49.352+0200: 12390,885: Total time for which application threads were stopped: 0,0000432 seconds, Stopping threads took: 0,0000052 seconds
2017-07-04T17:54:49.352+0200: 12390,885: Total time for which application threads were stopped: 0,0000431 seconds, Stopping threads took: 0,0000051 seconds
2017-07-04T17:54:49.352+0200: 12390,885: Total time for which application threads were stopped: 0,0000550 seconds, Stopping threads took: 0,0000062 seconds
2017-07-04T17:54:49.352+0200: 12390,885: Total time for which application threads were stopped: 0,0000423 seconds, Stopping threads took: 0,0000051 seconds
2017-07-04T17:54:49.353+0200: 12390,885: Total time for which application threads were stopped: 0,0000426 seconds, Stopping threads took: 0,0000053 seconds
2017-07-04T17:54:49.353+0200: 12390,885: Total time for which application threads were stopped: 0,0000464 seconds, Stopping threads took: 0,0000053 seconds
2017-07-04T17:54:49.353+0200: 12390,885: Total time for which application threads were stopped: 0,0000446 seconds, Stopping threads took: 0,0000050 seconds
2017-07-04T17:54:49.353+0200: 12390,886: Total time for which application threads were stopped: 0,0001693 seconds, Stopping threads took: 0,0000066 seconds
2017-07-04T17:54:49.354+0200: 12390,887: Total time for which application threads were stopped: 0,0001386 seconds, Stopping threads took: 0,0000073 seconds
2017-07-04T17:54:49.373+0200: 12390,905: Total time for which application threads were stopped: 0,0001303 seconds, Stopping threads took: 0,0000197 seconds
2017-07-04T17:54:49.379+0200: 12390,912: Total time for which application threads were stopped: 0,0055005 seconds, Stopping threads took: 0,0053670 seconds
2017-07-04T17:54:49.380+0200: 12390,913: Total time for which application threads were stopped: 0,0000698 seconds, Stopping threads took: 0,0000130 seconds
2017-07-04T17:54:49.381+0200: 12390,914: Total time for which application threads were stopped: 0,0001848 seconds, Stopping threads took: 0,0000143 seconds
2017-07-04T17:54:49.396+0200: 12390,929: Total time for which application threads were stopped: 0,0091533 seconds, Stopping threads took: 0,0090174 seconds
2017-07-04T17:54:49.400+0200: 12390,933: Total time for which application threads were stopped: 0,0000749 seconds, Stopping threads took: 0,0000109 seconds
2017-07-04T17:54:49.400+0200: 12390,933: Total time for which application threads were stopped: 0,0001729 seconds, Stopping threads took: 0,0000058 seconds
2017-07-04T17:54:49.487+0200: 12391,019: Total time for which application threads were stopped: 0,0004485 seconds, Stopping threads took: 0,0000386 seconds
2017-07-04T17:54:49.561+0200: 12391,094: Total time for which application threads were stopped: 0,0001770 seconds, Stopping threads took: 0,0000575 seconds
2017-07-04T17:54:49.562+0200: 12391,095: Total time for which application threads were stopped: 0,0000713 seconds, Stopping threads took: 0,0000063 seconds
2017-07-04T17:54:49.563+0200: 12391,095: Total time for which application threads were stopped: 0,0000481 seconds, Stopping threads took: 0,0000062 seconds
2017-07-04T17:54:49.566+0200: 12391,099: Total time for which application threads were stopped: 0,0020770 seconds, Stopping threads took: 0,0020176 seconds
2017-07-04T17:54:49.573+0200: 12391,106: Total time for which application threads were stopped: 0,0001060 seconds, Stopping threads took: 0,0000246 seconds
2017-07-04T17:54:49.573+0200: 12391,106: Total time for which application threads were stopped: 0,0000491 seconds, Stopping threads took: 0,0000108 seconds
Heap
 par new generation   total 109248K, used 89681K [0x00000000e0000000, 0x00000000e8000000, 0x00000000e8000000)
  eden space 87424K,  90% used [0x00000000e0000000, 0x00000000e4cfdee0, 0x00000000e5560000)
  from space 21824K,  49% used [0x00000000e6ab0000, 0x00000000e7546680, 0x00000000e8000000)
  to   space 21824K,   0% used [0x00000000e5560000, 0x00000000e5560000, 0x00000000e6ab0000)
 concurrent mark-sweep generation total 393216K, used 72130K [0x00000000e8000000, 0x0000000100000000, 0x0000000100000000)
 Metaspace       used 63794K, capacity 65196K, committed 65520K, reserved 1107968K
  class space    used 6929K, capacity 7291K, committed 7412K, reserved 1048576K
